0.305: [GC [PSYoungGen: 3072K->482K(3584K)] 3072K->602K(8896K), 0.0046580 secs] [Times: user=0.01 sys=0.00, real=0.00 secs] 
0.480: [GC [PSYoungGen: 3554K->504K(6656K)] 3674K->1000K(11968K), 0.0035970 secs] [Times: user=0.00 sys=0.01, real=0.00 secs] 
0.756: [GC [PSYoungGen: 6648K->490K(6656K)] 7144K->1810K(11968K), 0.0046660 secs] [Times: user=0.01 sys=0.01, real=0.00 secs] 
0.876: [GC [PSYoungGen: 6634K->488K(12800K)] 7954K->2592K(18112K), 0.0059440 secs] [Times: user=0.01 sys=0.00, real=0.00 secs] 
0.963: [GC [PSYoungGen: 12776K->492K(12800K)] 14880K->4084K(18112K), 0.0066340 secs] [Times: user=0.02 sys=0.01, real=0.01 secs] 
1.051: [GC [PSYoungGen: 12780K->2098K(26432K)] 16372K->5690K(31744K), 0.0054400 secs] [Times: user=0.01 sys=0.01, real=0.01 secs] 
1.222: [GC [PSYoungGen: 26354K->2475K(26752K)] 29946K->8707K(33216K), 0.0114690 secs] [Times: user=0.05 sys=0.00, real=0.01 secs] 
1.233: [Full GC [PSYoungGen: 2475K->2441K(26752K)] [PSOldGen: 6232K->6264K(13376K)] 8707K->8705K(40128K) [PSPermGen: 3444K->3444K(21248K)], 0.0671850 secs] [Times: user=0.07 sys=0.00, real=0.07 secs] 
1.465: [GC [PSYoungGen: 24256K->4209K(40256K)] 30520K->11569K(53632K), 0.0124730 secs] [Times: user=0.07 sys=0.01, real=0.01 secs] 
1.719: [GC [PSYoungGen: 40241K->5418K(51520K)] 47601K->16242K(64896K), 0.0153330 secs] [Times: user=0.10 sys=0.01, real=0.02 secs] 
1.734: [Full GC [PSYoungGen: 5418K->2803K(51520K)] [PSOldGen: 10824K->13375K(24576K)] 16242K->16179K(76096K) [PSPermGen: 3444K->3444K(21248K)], 0.0934750 secs] [Times: user=0.09 sys=0.01, real=0.09 secs] 
2.153: [GC [PSYoungGen: 46080K->7808K(53248K)] 59455K->21503K(77824K), 0.0630090 secs] [Times: user=0.46 sys=0.02, real=0.07 secs] 
2.502: [GC [PSYoungGen: 53248K->6959K(54656K)] 66943K->28495K(79232K), 0.0355300 secs] [Times: user=0.17 sys=0.01, real=0.04 secs] 
2.537: [Full GC [PSYoungGen: 6959K->2682K(54656K)] [PSOldGen: 21535K->24575K(40960K)] 28495K->27258K(95616K) [PSPermGen: 3444K->3444K(21248K)], 0.1424350 secs] [Times: user=0.14 sys=0.00, real=0.14 secs] 
2.984: [GC [PSYoungGen: 45440K->8160K(65728K)] 70015K->32735K(106688K), 0.0628220 secs] [Times: user=0.39 sys=0.01, real=0.06 secs] 
3.434: [GC [PSYoungGen: 63968K->10871K(66688K)] 88543K->41351K(107648K), 0.0323400 secs] [Times: user=0.21 sys=0.01, real=0.04 secs] 
3.825: [GC [PSYoungGen: 66679K->14839K(80512K)] 97159K->48119K(121472K), 0.0711230 secs] [Times: user=0.08 sys=0.01, real=0.07 secs] 
4.656: [GC [PSYoungGen: 80503K->11170K(84096K)] 113783K->57114K(132544K), 0.0381120 secs] [Times: user=0.26 sys=0.02, real=0.04 secs] 
4.694: [Full GC [PSYoungGen: 11170K->6361K(84096K)] [PSOldGen: 45943K->48447K(73152K)] 57114K->54809K(157248K) [PSPermGen: 3444K->3443K(21248K)], 0.3266270 secs] [Times: user=0.31 sys=0.02, real=0.32 secs] 
5.443: [GC [PSYoungGen: 65664K->13888K(99520K)] 114111K->62335K(172672K), 0.1038950 secs] [Times: user=0.62 sys=0.02, real=0.11 secs] 
6.166: [GC [PSYoungGen: 94528K->20160K(100800K)] 142975K->71887K(173952K), 0.1744360 secs] [Times: user=1.27 sys=0.02, real=0.17 secs] 
6.942: [GC [PSYoungGen: 100800K->24308K(117312K)] 152527K->86499K(190464K), 0.0560750 secs] [Times: user=0.35 sys=0.04, real=0.06 secs] 
6.998: [Full GC [PSYoungGen: 24308K->13164K(117312K)] [PSOldGen: 62191K->73151K(102464K)] 86499K->86316K(219776K) [PSPermGen: 3443K->3443K(21248K)], 0.4038010 secs] [Times: user=0.40 sys=0.00, real=0.40 secs] 
8.022: [GC [PSYoungGen: 92608K->23072K(121280K)] 165759K->96223K(223744K), 0.1981280 secs] [Times: user=1.42 sys=0.02, real=0.20 secs] 
8.919: [GC [PSYoungGen: 115680K->31424K(135488K)] 188831K->107343K(237952K), 0.2563480 secs] [Times: user=1.83 sys=0.04, real=0.25 secs] 
9.899: [GC [PSYoungGen: 128645K->37632K(141696K)] 204565K->118991K(244160K), 0.3365340 secs] [Times: user=2.53 sys=0.04, real=0.34 secs] 
11.027: [GC [PSYoungGen: 141696K->31469K(172032K)] 223055K->139037K(279872K), 0.1058050 secs] [Times: user=0.69 sys=0.05, real=0.10 secs] 
11.133: [Full GC [PSYoungGen: 31469K->31110K(172032K)] [PSOldGen: 107567K->101952K(141312K)] 139037K->133063K(313344K) [PSPermGen: 3443K->3443K(21248K)], 0.5988920 secs] [Times: user=0.59 sys=0.00, real=0.60 secs] 
12.464: [GC [PSYoungGen: 126080K->42829K(174464K)] 228032K->144782K(315776K), 0.0885860 secs] [Times: user=0.48 sys=0.02, real=0.09 secs] 
13.550: [GC [PSYoungGen: 168909K->15456K(199104K)] 270862K->160318K(345792K), 0.0981020 secs] [Times: user=0.62 sys=0.07, real=0.10 secs] 
13.648: [Full GC [PSYoungGen: 15456K->13479K(199104K)] [PSOldGen: 144862K->146687K(201792K)] 160318K->160167K(400896K) [PSPermGen: 3443K->3443K(21248K)], 0.6616370 secs] [Times: user=0.66 sys=0.00, real=0.66 secs] 
15.640: [GC [PSYoungGen: 150848K->30368K(202816K)] 297535K->177055K(404608K), 0.2725890 secs] [Times: user=1.90 sys=0.02, real=0.27 secs] 
16.979: [GC [PSYoungGen: 181216K->52452K(212416K)] 327903K->205524K(414208K), 0.0912950 secs] [Times: user=0.62 sys=0.07, real=0.09 secs] 
18.301: [GC [PSYoungGen: 212388K->19584K(223168K)] 365460K->225284K(430912K), 0.1110690 secs] [Times: user=0.81 sys=0.04, real=0.11 secs] 
18.412: [Full GC [PSYoungGen: 19584K->5206K(223168K)] [PSOldGen: 205700K->207743K(279360K)] 225284K->212950K(502528K) [PSPermGen: 3446K->3446K(21248K)], 0.9708480 secs] [Times: user=0.96 sys=0.01, real=0.97 secs] 
20.653: [GC [PSYoungGen: 159936K->24288K(230656K)] 367679K->232031K(510016K), 0.2327960 secs] [Times: user=1.76 sys=0.02, real=0.23 secs] 
22.328: [GC [PSYoungGen: 202336K->45920K(234880K)] 410079K->253663K(514240K), 0.3989190 secs] [Times: user=3.01 sys=0.05, real=0.40 secs] 
23.958: [GC [PSYoungGen: 223968K->61479K(245312K)] 431711K->290735K(524672K), 0.1293830 secs] [Times: user=0.91 sys=0.09, real=0.13 secs] 
25.376: [GC [PSYoungGen: 245287K->78823K(262656K)] 474543K->313143K(542016K), 0.1156460 secs] [Times: user=0.84 sys=0.02, real=0.12 secs] 
26.781: [GC [PSYoungGen: 262631K->44896K(292480K)] 496951K->335903K(584896K), 0.1476810 secs] [Times: user=0.97 sys=0.08, real=0.15 secs] 
26.928: [Full GC [PSYoungGen: 44896K->43222K(292480K)] [PSOldGen: 291007K->292415K(379840K)] 335903K->335638K(672320K) [PSPermGen: 3447K->3447K(21248K)], 1.3832150 secs] [Times: user=1.35 sys=0.01, real=1.38 secs] 
29.515: [GC [PSYoungGen: 205184K->63200K(295616K)] 497599K->355615K(675456K), 0.5527250 secs] [Times: user=4.22 sys=0.05, real=0.55 secs] 
31.605: [GC [PSYoungGen: 268384K->88160K(309440K)] 560799K->380575K(689280K), 0.8451330 secs] [Times: user=6.48 sys=0.12, real=0.85 secs] 
33.837: [GC [PSYoungGen: 303136K->106603K(321600K)] 595551K->429971K(701440K), 0.1822310 secs] [Times: user=1.43 sys=0.05, real=0.19 secs] 
35.633: [GC [PSYoungGen: 321579K->100747K(367168K)] 644947K->456547K(747008K), 0.1957980 secs] [Times: user=1.36 sys=0.08, real=0.20 secs] 
35.829: [Full GC [PSYoungGen: 100747K->57931K(367168K)] [PSOldGen: 355799K->379840K(474944K)] 456547K->437771K(842112K) [PSPermGen: 3451K->3451K(21248K)], 1.8407980 secs] [Times: user=1.81 sys=0.03, real=1.84 secs] 
38.999: [GC [PSYoungGen: 232576K->79552K(376192K)] 612416K->459392K(851136K), 0.7590800 secs] [Times: user=6.00 sys=0.06, real=0.76 secs] 
41.487: [GC [PSYoungGen: 312128K->107808K(394048K)] 691968K->487648K(868992K), 0.9485500 secs] [Times: user=7.27 sys=0.13, real=0.95 secs] 
44.282: [GC [PSYoungGen: 359200K->138368K(403136K)] 739040K->518208K(878080K), 1.2912190 secs] [Times: user=10.42 sys=0.15, real=1.29 secs] 
47.402: [GC [PSYoungGen: 389760K->61408K(448064K)] 769600K->549240K(936064K), 1.3890990 secs] [Times: user=10.68 sys=0.27, real=1.39 secs] 
48.792: [Full GC [PSYoungGen: 61408K->60894K(448064K)] [PSOldGen: 487832K->488000K(613568K)] 549240K->548894K(1061632K) [PSPermGen: 3451K->3451K(21248K)], 2.1580240 secs] [Times: user=2.13 sys=0.02, real=2.15 secs] 
52.621: [GC [PSYoungGen: 291136K->89184K(453440K)] 779136K->577184K(1067008K), 0.8139480 secs] [Times: user=6.21 sys=0.07, real=0.81 secs] 
55.305: [GC [PSYoungGen: 380320K->70608K(469120K)] 868320K->647984K(1082688K), 0.2580230 secs] [Times: user=1.82 sys=0.16, real=0.26 secs] 
55.563: [Full GC [PSYoungGen: 70608K->0K(469120K)] [PSOldGen: 577376K->608005K(755712K)] 647984K->608005K(1224832K) [PSPermGen: 3452K->3452K(21248K)], 2.6546670 secs] [Times: user=2.64 sys=0.01, real=2.65 secs] 
60.765: [GC [PSYoungGen: 327936K->40128K(479488K)] 935941K->648133K(1235200K), 0.3734850 secs] [Times: user=2.76 sys=0.07, real=0.37 secs] 
63.576: [GC [PSYoungGen: 368064K->80000K(503936K)] 976069K->688005K(1259648K), 0.7161380 secs] [Times: user=5.37 sys=0.13, real=0.71 secs] 
67.077: [GC [PSYoungGen: 442304K->124000K(507456K)] 1050309K->732005K(1263168K), 1.0244730 secs] [Times: user=7.94 sys=0.14, real=1.02 secs] 
70.775: [GC [PSYoungGen: 486304K->128192K(548160K)] 1094309K->776277K(1303872K), 1.5761390 secs] [Times: user=12.14 sys=0.27, real=1.57 secs] 
75.234: [GC [PSYoungGen: 519040K->93216K(559232K)] 1167125K->825605K(1314944K), 1.5901330 secs] [Times: user=12.37 sys=0.20, real=1.59 secs] 
76.825: [Full GC [PSYoungGen: 93216K->69512K(559232K)] [PSOldGen: 732389K->755712K(916800K)] 825605K->825224K(1476032K) [PSPermGen: 3452K->3452K(21248K)], 3.2789540 secs] [Times: user=3.24 sys=0.04, real=3.28 secs] 
82.498: [GC [PSYoungGen: 390848K->109824K(601088K)] 1146560K->865536K(1517888K), 1.0176230 secs] [Times: user=7.85 sys=0.10, real=1.01 secs] 
86.342: [GC [PSYoungGen: 546880K->107129K(603008K)] 1302592K->972881K(1519808K), 0.3348760 secs] [Times: user=2.48 sys=0.15, real=0.33 secs] 
86.677: [Full GC [PSYoungGen: 107129K->106945K(603008K)] [PSOldGen: 865752K->865752K(1053056K)] 972881K->972697K(1656064K) [PSPermGen: 3452K->3452K(21248K)], 3.5755780 secs] [Times: user=3.54 sys=0.03, real=3.57 secs] 
92.317: [GC [PSYoungGen: 437056K->148601K(635200K)] 1302808K->1014353K(1688256K), 0.3800000 secs] [Times: user=2.39 sys=0.24, real=0.38 secs] 
95.670: [GC [PSYoungGen: 617913K->180665K(649984K)] 1483665K->1073329K(1703040K), 0.3033230 secs] [Times: user=2.17 sys=0.21, real=0.30 secs] 
98.799: [GC [PSYoungGen: 649977K->59168K(713664K)] 1542641K->1133017K(1789568K), 0.4071810 secs] [Times: user=2.66 sys=0.32, real=0.40 secs] 
99.207: [Full GC [PSYoungGen: 59168K->56826K(713664K)] [PSOldGen: 1073849K->1075903K(1305024K)] 1133017K->1132730K(2018688K) [PSPermGen: 3452K->3452K(21248K)], 4.1122610 secs] [Times: user=4.08 sys=0.03, real=4.11 secs] 
106.692: [GC [PSYoungGen: 506816K->113728K(717824K)] 1582719K->1189631K(2022848K), 1.0760720 secs] [Times: user=8.15 sys=0.12, real=1.07 secs] 
111.572: [GC [PSYoungGen: 620544K->177408K(731712K)] 1696447K->1253311K(2036736K), 1.6926480 secs] [Times: user=12.93 sys=0.33, real=1.69 secs] 
117.055: [GC [PSYoungGen: 704256K->222528K(749376K)] 1780159K->1319471K(2054400K), 2.0393910 secs] [Times: user=15.73 sys=0.25, real=2.04 secs] 
122.325: [GC [PSYoungGen: 663922K->185280K(829888K)] 1760866K->1375199K(2134912K), 2.4236600 secs] [Times: user=18.77 sys=0.41, real=2.42 secs] 
124.749: [Full GC [PSYoungGen: 185280K->26811K(829888K)] [PSOldGen: 1189919K->1305023K(1532544K)] 1375199K->1331835K(2362432K) [PSPermGen: 3453K->3453K(21248K)], 5.7766910 secs] [Times: user=5.68 sys=0.09, real=5.78 secs] 
134.010: [GC [PSYoungGen: 569024K->173461K(839168K)] 1874047K->1478485K(2371712K), 0.4380480 secs] [Times: user=3.36 sys=0.08, real=0.44 secs] 
138.669: [GC [PSYoungGen: 742485K->245077K(867520K)] 2047509K->1550101K(2400064K), 0.3801180 secs] [Times: user=2.73 sys=0.24, real=0.38 secs] 
143.521: [GC [PSYoungGen: 840085K->299893K(894912K)] 2145109K->1624765K(2427456K), 0.4175500 secs] [Times: user=3.49 sys=0.09, real=0.42 secs] 
148.188: [GC [PSYoungGen: 894901K->349109K(930752K)] 2219773K->1699829K(2463296K), 0.4482750 secs] [Times: user=3.55 sys=0.31, real=0.44 secs] 
153.006: [GC [PSYoungGen: 930741K->223104K(990848K)] 2281461K->1773661K(2542976K), 0.5452340 secs] [Times: user=4.44 sys=0.21, real=0.55 secs] 
153.551: [Full GC [PSYoungGen: 223104K->221053K(990848K)] [PSOldGen: 1550557K->1552127K(1814016K)] 1773661K->1773181K(2804864K) [PSPermGen: 3453K->3453K(21248K)], 6.9383230 secs] [Times: user=6.84 sys=0.09, real=6.94 secs] 
163.314: [GC [PSYoungGen: 581632K->266976K(1016000K)] 2133759K->1819103K(2830016K), 2.3152390 secs] [Times: user=18.20 sys=0.16, real=2.32 secs] 
170.401: [GC [PSYoungGen: 881696K->344224K(1024064K)] 2433823K->1896351K(2838080K), 3.1380210 secs] [Times: user=27.27 sys=0.29, real=3.13 secs] 
178.197: [GC [PSYoungGen: 958944K->421504K(1059968K)] 2511071K->1973631K(2873984K), 3.6020090 secs] [Times: user=28.10 sys=0.57, real=3.60 secs] 
186.514: [GC [PSYoungGen: 1038464K->497920K(1114880K)] 2590591K->2051143K(2928896K), 3.9850680 secs] [Times: user=31.03 sys=0.47, real=3.98 secs] 
194.109: [GC [PSYoungGen: 1114880K->570288K(1127104K)] 2668103K->2246600K(2941120K), 0.8352430 secs] [Times: user=7.01 sys=0.41, real=0.84 secs] 
194.945: [Full GC [PSYoungGen: 570288K->341122K(1127104K)] [PSOldGen: 1676311K->1814015K(2083008K)] 2246600K->2155138K(3210112K) [PSPermGen: 3453K->3453K(21248K)], 8.6206070 secs] [Times: user=8.47 sys=0.15, real=8.62 secs] 
205.170: [GC [PSYoungGen: 556800K->368960K(1256896K)] 2370815K->2182975K(3339904K), 3.4144080 secs] [Times: user=26.83 sys=0.28, real=3.41 secs] 
212.539: [GC [PSYoungGen: 925760K->438912K(1291712K)] 2739775K->2252927K(3374720K), 3.9609140 secs] [Times: user=31.01 sys=0.33, real=3.96 secs] 
221.191: [GC [PSYoungGen: 1045440K->146624K(1302336K)] 2859455K->2330847K(3486720K), 4.2685010 secs] [Times: user=33.14 sys=0.70, real=4.27 secs] 
225.459: [Full GC [PSYoungGen: 146624K->146000K(1302336K)] [PSOldGen: 2184223K->2184383K(2563072K)] 2330847K->2330384K(3865408K) [PSPermGen: 3453K->3453K(21248K)], 8.5736290 secs] [Times: user=8.48 sys=0.08, real=8.57 secs] 
237.458: [GC [PSYoungGen: 606528K->204448K(1313024K)] 2790911K->2388831K(3876096K), 1.9376670 secs] [Times: user=15.04 sys=0.17, real=1.94 secs] 
245.053: [GC [PSYoungGen: 878880K->85216K(1340992K)] 3063263K->2474607K(3904064K), 2.4132640 secs] [Times: user=18.41 sys=0.50, real=2.41 secs] 
247.466: [Full GC [PSYoungGen: 85216K->0K(1340992K)] [PSOldGen: 2389391K->2411121K(2823936K)] 2474607K->2411121K(4164928K) [PSPermGen: 3453K->3453K(21248K)], 10.1131230 secs] [Times: user=9.97 sys=0.10, real=10.11 secs] 
262.294: [GC [PSYoungGen: 674432K->85216K(1373056K)] 3085553K->2496337K(4196992K), 0.8930120 secs] [Times: user=6.46 sys=0.26, real=0.89 secs] 
268.434: [GC [PSYoungGen: 821344K->177920K(1393728K)] 3232465K->2589041K(4217664K), 1.7181300 secs] [Times: user=12.98 sys=0.37, real=1.72 secs] 
275.555: [GC [PSYoungGen: 914048K->270624K(1377984K)] 3325169K->2681745K(4201920K), 2.2031960 secs] [Times: user=16.97 sys=0.32, real=2.21 secs] 
283.101: [GC [PSYoungGen: 1075744K->371968K(1405888K)] 3486865K->2783089K(4229824K), 3.1675890 secs] [Times: user=24.57 sys=0.41, real=3.17 secs] 
292.226: [GC [PSYoungGen: 1177088K->388512K(1483840K)] 3588209K->2884985K(4307776K), 4.0935150 secs] [Times: user=35.98 sys=0.52, real=4.10 secs] 
303.118: [GC [PSYoungGen: 1261280K->405760K(1495936K)] 3757753K->2995361K(4319872K), 4.4648860 secs] [Times: user=35.01 sys=0.48, real=4.47 secs] 
307.583: [Full GC [PSYoungGen: 405760K->170589K(1495936K)] [PSOldGen: 2589601K->2823935K(3202688K)] 2995361K->2994525K(4698624K) [PSPermGen: 3453K->3453K(21248K)], 12.0961720 secs] [Times: user=11.80 sys=0.27, real=12.09 secs] 
323.992: [GC [PSYoungGen: 872768K->435432K(1583488K)] 3696703K->3259368K(4786176K), 1.0959570 secs] [Times: user=9.98 sys=0.34, real=1.10 secs] 
332.239: [GC [PSYoungGen: 1381928K->554696K(1603328K)] 4205864K->3378632K(4806016K), 0.8833280 secs] [Times: user=6.78 sys=0.27, real=0.88 secs] 
339.571: [GC [PSYoungGen: 1501192K->674056K(1659072K)] 4325128K->3497992K(4861760K), 0.9513940 secs] [Times: user=7.70 sys=0.51, real=0.95 secs] 
347.129: [GC [PSYoungGen: 1618312K->793064K(1748608K)] 4442248K->3617000K(4951296K), 0.9596600 secs] [Times: user=8.03 sys=0.23, real=0.96 secs] 
354.746: [GC [PSYoungGen: 1737320K->912040K(1804864K)] 4561256K->3735976K(5007552K), 1.0426190 secs] [Times: user=8.73 sys=0.49, real=1.05 secs] 
361.852: [GC [PSYoungGen: 1797288K->1023592K(1940992K)] 4621224K->3847528K(5143680K), 1.0954800 secs] [Times: user=9.58 sys=0.23, real=1.09 secs] 
369.523: [GC [PSYoungGen: 1908840K->1135240K(1998208K)] 4732776K->3959176K(5200896K), 1.1518620 secs] [Times: user=9.25 sys=0.54, real=1.15 secs] 
376.403: [GC [PSYoungGen: 1927624K->1235112K(2159296K)] 4751560K->4059048K(5361984K), 1.1792670 secs] [Times: user=10.78 sys=0.25, real=1.18 secs] 
383.318: [GC [PSYoungGen: 2027496K->1334952K(2217152K)] 4851432K->4158888K(5419840K), 1.2321870 secs] [Times: user=10.80 sys=0.55, real=1.23 secs] 
389.777: [GC [PSYoungGen: 2020136K->1421320K(2384896K)] 4844072K->4245256K(5587584K), 1.2892980 secs] [Times: user=11.29 sys=0.30, real=1.29 secs] 
396.051: [GC [PSYoungGen: 2106504K->1507688K(2442816K)] 4930440K->4331624K(5645504K), 1.3362470 secs] [Times: user=12.18 sys=0.53, real=1.34 secs] 
401.781: [GC [PSYoungGen: 2086696K->1580776K(2603328K)] 4910632K->4404712K(5806016K), 1.3803580 secs] [Times: user=13.31 sys=0.22, real=1.38 secs] 
407.344: [GC [PSYoungGen: 2159784K->1653768K(2660480K)] 4983720K->4477704K(5863168K), 1.4118950 secs] [Times: user=13.24 sys=0.49, real=1.41 secs] 
412.212: [GC [PSYoungGen: 2138056K->1714888K(2804544K)] 4961992K->4538824K(6007232K), 1.3990340 secs] [Times: user=14.23 sys=0.24, real=1.40 secs] 
417.075: [GC [PSYoungGen: 2199176K->1340736K(2859328K)] 5023112K->4600872K(6120960K), 1.7914800 secs] [Times: user=16.91 sys=0.45, real=1.79 secs] 
418.866: [Full GC [PSYoungGen: 1340736K->1337262K(2859328K)] [PSOldGen: 3260136K->3261631K(3742848K)] 4600872K->4598894K(6602176K) [PSPermGen: 3453K->3453K(21248K)], 17.7344900 secs] [Times: user=17.51 sys=0.21, real=17.74 secs] 
436.601: [GC [PSYoungGen: 1337262K->1339232K(2859328K)] 4598894K->4600863K(6602176K), 10.3744070 secs] [Times: user=81.98 sys=1.00, real=10.37 secs] 
451.219: [GC [PSYoungGen: 1868448K->1406016K(2917120K)] 5130079K->4667647K(6659968K), 11.1293220 secs] [Times: user=87.06 sys=1.36, real=11.13 secs] 
472.210: [Full GC [PSYoungGen: 1993024K->1096009K(2917120K)] [PSOldGen: 3563565K->3742848K(4223488K)] 5556589K->4838857K(7140608K) [PSPermGen: 3453K->3453K(21248K)], 20.3924050 secs] [Times: user=20.09 sys=0.28, real=20.39 secs] 
492.602: [GC [PSYoungGen: 1096009K->1097696K(1684736K)] 4838857K->4840544K(5908224K), 9.2871040 secs] [Times: user=74.00 sys=0.95, real=9.28 secs] 
506.396: [GC [PSYoungGen: 1684704K->1171872K(2707200K)] 5427552K->4914720K(6930688K), 9.7945220 secs] [Times: user=77.55 sys=1.05, real=9.79 secs] 
521.392: [GC [PSYoungGen: 1831584K->1255328K(2801024K)] 5574432K->4998176K(7024512K), 10.0385760 secs] [Times: user=78.10 sys=1.06, real=10.04 secs] 
536.512: [GC [PSYoungGen: 1915040K->1338688K(2780672K)] 5657888K->5081536K(7004160K), 10.3332820 secs] [Times: user=81.37 sys=1.01, real=10.33 secs] 
552.363: [GC [PSYoungGen: 2086336K->1433280K(2803712K)] 5829184K->5176128K(7027200K), 10.9509590 secs] [Times: user=85.59 sys=1.18, real=10.95 secs] 
568.813: [GC [PSYoungGen: 2180928K->1527872K(2877888K)] 5923776K->5270720K(7101376K), 11.7581100 secs] [Times: user=91.94 sys=1.28, real=11.75 secs] 
586.931: [GC [PSYoungGen: 2342656K->459424K(2912256K)] 6085504K->5378448K(7831360K), 13.9332700 secs] [Times: user=108.15 sys=2.51, real=13.93 secs] 
600.864: [Full GC [PSYoungGen: 459424K->317065K(2912256K)] [PSOldGen: 4919024K->4919104K(5687168K)] 5378448K->5236169K(8599424K) [PSPermGen: 3453K->3453K(21248K)], 22.9256440 secs] [Times: user=22.71 sys=0.21, real=22.93 secs] 
628.033: [GC [PSYoungGen: 814784K->380704K(3037952K)] 5733888K->5299808K(8725120K), 3.5415790 secs] [Times: user=27.37 sys=0.58, real=3.54 secs] 
637.791: [GC [PSYoungGen: 1275616K->493984K(3071424K)] 6194720K->5413088K(8758592K), 4.3179750 secs] [Times: user=33.85 sys=0.56, real=4.31 secs] 
648.101: [GC [PSYoungGen: 1388896K->313191K(3173184K)] 6308000K->5614319K(8860352K), 5.3380520 secs] [Times: user=42.36 sys=0.80, real=5.34 secs] 
653.439: [Full GC [PSYoungGen: 313191K->0K(3173184K)] [PSOldGen: 5301128K->5613654K(6401408K)] 5614319K->5613654K(9574592K) [PSPermGen: 3456K->3456K(21248K)], 22.1878840 secs] [Times: user=21.85 sys=0.33, real=22.19 secs] 
682.430: [GC [PSYoungGen: 936189K->854241K(3179008K)] 6549843K->6467895K(9580416K), 1.0707300 secs] [Times: user=10.09 sys=0.18, real=1.07 secs] 
690.100: [GC [PSYoungGen: 1861089K->806509K(2997632K)] 7474743K->7007235K(9399040K), 2.2409190 secs] [Times: user=19.90 sys=0.99, real=2.24 secs] 
692.342: [Full GC [PSYoungGen: 806509K->805557K(2997632K)] [PSOldGen: 6200726K->6200726K(7109056K)] 7007235K->7006284K(10106688K) [PSPermGen: 3456K->3456K(21248K)], 24.8916730 secs] [Times: user=24.63 sys=0.20, real=24.89 secs] 
718.481: [GC [PSYoungGen: 1114688K->1129558K(3091264K)] 7315414K->7330284K(10200320K), 2.1939700 secs] [Times: user=18.25 sys=0.39, real=2.20 secs] 
722.954: [GC [PSYoungGen: 2244246K->1946483K(2830016K)] 8444972K->8298697K(9939072K), 1.7093020 secs] [Times: user=16.49 sys=0.74, real=1.70 secs] 
726.548: [GC-- [PSYoungGen: 2830003K->2830003K(2830016K)] 9182217K->10998339K(10999104K), 4.8403080 secs] [Times: user=22.24 sys=3.26, real=4.84 secs] 
731.389: [Full GC [PSYoungGen: 2830003K->905243K(2830016K)] [PSOldGen: 8168335K->8169087K(9018496K)] 10998339K->9074331K(11848512K) [PSPermGen: 3477K->3477K(21248K)], 34.1615700 secs] [Times: user=33.93 sys=0.23, real=34.16 secs] 
765.551: [GC [PSYoungGen: 905244K->909312K(1792896K)] 9074331K->9078399K(10811392K), 1.3359100 secs] [Times: user=13.33 sys=0.29, real=1.33 secs] 
768.832: [GC [PSYoungGen: 1792832K->1741936K(2989888K)] 9961919K->9911023K(12008384K), 1.1391750 secs] [Times: user=10.54 sys=0.02, real=1.14 secs] 
853.603: [GC [PSYoungGen: 2554480K->1807930K(3133952K)] 10723567K->9977018K(12152448K), 1.0963260 secs] [Times: user=10.85 sys=0.03, real=1.10 secs] 
914.565: [GC-- [PSYoungGen: 2620474K->2620474K(3133952K)] 10789562K->12508722K(13022208K), 3.5108470 secs] [Times: user=17.69 sys=1.80, real=3.51 secs] 
918.076: [Full GC [PSYoungGen: 2620474K->0K(3133952K)] [PSOldGen: 9888247K->2889192K(3688192K)] 12508722K->2889192K(6822144K) [PSPermGen: 8195K->8191K(21248K)], 15.3007330 secs] [Times: user=14.91 sys=0.38, real=15.30 secs] 
1005.615: [GC [PSYoungGen: 812544K->2848K(3180800K)] 3701736K->2892040K(6868992K), 0.0381430 secs] [Times: user=0.21 sys=0.00, real=0.04 secs] 
1080.269: [GC [PSYoungGen: 863520K->2208K(3190784K)] 3752712K->2893320K(6878976K), 0.0580270 secs] [Times: user=0.34 sys=0.02, real=0.05 secs] 
1145.715: [GC [PSYoungGen: 862880K->9578K(3215616K)] 3753992K->2902091K(6903808K), 0.0575110 secs] [Times: user=0.36 sys=0.03, real=0.06 secs] 
1221.437: [GC [PSYoungGen: 903338K->2752K(3223872K)] 3795851K->2903435K(6912064K), 0.0545330 secs] [Times: user=0.33 sys=0.02, real=0.06 secs] 
1296.881: [GC [PSYoungGen: 896512K->2144K(3239104K)] 3797195K->2904163K(6927296K), 0.0426650 secs] [Times: user=0.28 sys=0.01, real=0.05 secs] 
1374.678: [GC [PSYoungGen: 917088K->1920K(3245056K)] 3819107K->2904875K(6933248K), 0.0366600 secs] [Times: user=0.27 sys=0.01, real=0.04 secs] 
1452.293: [GC [PSYoungGen: 916864K->1824K(3254208K)] 3819819K->2905507K(6942400K), 0.0351830 secs] [Times: user=0.24 sys=0.01, real=0.04 secs] 
1531.925: [GC [PSYoungGen: 929760K->1824K(929792K)] 3833443K->2906147K(4617984K), 0.0330140 secs] [Times: user=0.20 sys=0.04, real=0.04 secs] 
1598.895: [GC [PSYoungGen: 929760K->1440K(3034624K)] 3834083K->2905763K(6722816K), 0.0314780 secs] [Times: user=0.20 sys=0.01, real=0.04 secs] 
1663.604: [GC [PSYoungGen: 937120K->9738K(945472K)] 3841443K->2914061K(4633664K), 0.0377700 secs] [Times: user=0.22 sys=0.00, real=0.04 secs] 
1751.379: [GC [PSYoungGen: 945418K->10282K(2836160K)] 3849741K->2914605K(6524352K), 0.0474520 secs] [Times: user=0.29 sys=0.03, real=0.05 secs] 
1837.296: [GC [PSYoungGen: 950570K->10314K(950656K)] 3854893K->2914637K(4638848K), 0.0486890 secs] [Times: user=0.33 sys=0.03, real=0.05 secs] 
1913.866: [GC [PSYoungGen: 950602K->10378K(2638656K)] 3854925K->2914701K(6326848K), 0.0530830 secs] [Times: user=0.34 sys=0.04, real=0.05 secs] 
1997.747: [GC [PSYoungGen: 953418K->11690K(954752K)] 3857741K->2916013K(4642944K), 0.0575910 secs] [Times: user=0.40 sys=0.03, real=0.06 secs] 
2081.684: [GC [PSYoungGen: 954730K->11274K(2447552K)] 3859053K->2915597K(6135744K), 0.0558240 secs] [Times: user=0.42 sys=0.03, real=0.05 secs] 
2163.655: [GC [PSYoungGen: 955978K->11498K(956224K)] 3860301K->2915821K(4644416K), 0.0574450 secs] [Times: user=0.45 sys=0.04, real=0.06 secs] 
2247.442: [GC [PSYoungGen: 956202K->11690K(2268352K)] 3860525K->2916013K(5956544K), 0.0479160 secs] [Times: user=0.32 sys=0.01, real=0.05 secs] 
2335.447: [GC [PSYoungGen: 957482K->10383K(956224K)] 3861805K->2914706K(4644416K), 0.0810780 secs] [Times: user=0.35 sys=0.03, real=0.09 secs] 
2405.181: [GC [PSYoungGen: 956175K->12042K(2103680K)] 3860498K->2916365K(5791872K), 0.0845040 secs] [Times: user=0.36 sys=0.03, real=0.08 secs] 
2495.415: [GC [PSYoungGen: 958666K->12778K(959424K)] 3862989K->2917101K(4647616K), 0.0719830 secs] [Times: user=0.42 sys=0.04, real=0.07 secs] 
2585.137: [GC [PSYoungGen: 959402K->12426K(1953984K)] 3863725K->2916749K(5642176K), 0.0631950 secs] [Times: user=0.34 sys=0.02, real=0.06 secs] 
2674.352: [GC [PSYoungGen: 959690K->12586K(959872K)] 3864013K->2916909K(4648064K), 0.0641980 secs] [Times: user=0.39 sys=0.02, real=0.06 secs] 
2776.515: [GC [PSYoungGen: 959850K->12778K(1819840K)] 3864173K->2917661K(5508032K), 0.0729710 secs] [Times: user=0.35 sys=0.02, real=0.08 secs] 
2878.384: [GC [PSYoungGen: 960554K->12010K(959808K)] 3865437K->2917389K(4648000K), 0.0604190 secs] [Times: user=0.28 sys=0.02, real=0.06 secs] 
2980.690: [GC [PSYoungGen: 959786K->11818K(1701248K)] 3865165K->2917701K(5389440K), 0.0585250 secs] [Times: user=0.39 sys=0.02, real=0.06 secs] 
3082.981: [GC [PSYoungGen: 959978K->9039K(957248K)] 3865861K->2915386K(4645440K), 0.0571200 secs] [Times: user=0.39 sys=0.01, real=0.06 secs] 
3163.309: [GC [PSYoungGen: 957199K->6837K(1598784K)] 3863546K->2913584K(5286976K), 0.0622390 secs] [Times: user=0.36 sys=0.02, real=0.06 secs] 
3239.538: [GC [PSYoungGen: 955381K->6741K(955328K)] 3862128K->2913824K(4643520K), 0.0612600 secs] [Times: user=0.33 sys=0.02, real=0.06 secs] 
3305.995: [GC [PSYoungGen: 955285K->11850K(1506240K)] 3862368K->2919261K(5194432K), 0.0652060 secs] [Times: user=0.28 sys=0.04, real=0.07 secs] 
3387.914: [GC [PSYoungGen: 960778K->11946K(960896K)] 3868189K->2919637K(4649088K), 0.0497960 secs] [Times: user=0.31 sys=0.01, real=0.05 secs] 
3469.643: [GC [PSYoungGen: 960874K->10794K(1426432K)] 3868565K->2918741K(5114624K), 0.0521360 secs] [Times: user=0.32 sys=0.03, real=0.05 secs] 
3551.212: [GC [PSYoungGen: 960106K->11722K(961088K)] 3868053K->2919909K(4649280K), 0.0444690 secs] [Times: user=0.24 sys=0.01, real=0.05 secs] 
3633.873: [GC [PSYoungGen: 961034K->11050K(1357120K)] 3869221K->2919437K(5045312K), 0.0367120 secs] [Times: user=0.22 sys=0.01, real=0.04 secs] 
3716.174: [GC [PSYoungGen: 960682K->10794K(960448K)] 3869069K->2919389K(4648640K), 0.0427240 secs] [Times: user=0.23 sys=0.01, real=0.04 secs] 
3797.818: [GC [PSYoungGen: 960426K->11114K(1297536K)] 3869021K->2920037K(4985728K), 0.0494400 secs] [Times: user=0.26 sys=0.02, real=0.05 secs] 
3880.611: [GC [PSYoungGen: 961066K->10794K(960768K)] 3869989K->2919949K(4648960K), 0.0409450 secs] [Times: user=0.23 sys=0.02, real=0.04 secs] 
3963.004: [GC [PSYoungGen: 960746K->10442K(1246720K)] 3869901K->2919821K(4934912K), 0.0439950 secs] [Times: user=0.25 sys=0.02, real=0.05 secs] 
4044.707: [GC [PSYoungGen: 960714K->8399K(958720K)] 3870093K->2917986K(4646912K), 0.0395370 secs] [Times: user=0.22 sys=0.02, real=0.04 secs] 
4113.471: [GC [PSYoungGen: 958671K->3546K(1205696K)] 3868258K->2913309K(4893888K), 0.0384000 secs] [Times: user=0.22 sys=0.01, real=0.04 secs] 
4172.775: [GC [PSYoungGen: 954138K->3994K(954624K)] 3863901K->2913949K(4642816K), 0.0531500 secs] [Times: user=0.23 sys=0.03, real=0.05 secs] 
4255.874: [GC [PSYoungGen: 954586K->10506K(1166656K)] 3864541K->2920605K(4854848K), 0.0383860 secs] [Times: user=0.21 sys=0.01, real=0.04 secs] 
4357.827: [GC [PSYoungGen: 961418K->10378K(961344K)] 3871517K->2920605K(4649536K), 0.0391750 secs] [Times: user=0.20 sys=0.01, real=0.04 secs] 
4439.640: [GC [PSYoungGen: 961290K->9994K(1134208K)] 3871517K->2920349K(4822400K), 0.0410440 secs] [Times: user=0.18 sys=0.02, real=0.04 secs] 
4517.340: [GC [PSYoungGen: 961162K->10378K(961600K)] 3871517K->2920877K(4649792K), 0.0387810 secs] [Times: user=0.18 sys=0.01, real=0.04 secs] 
4597.311: [GC [PSYoungGen: 961546K->9898K(1106944K)] 3872045K->2920533K(4795136K), 0.0381540 secs] [Times: user=0.18 sys=0.01, real=0.04 secs] 
4677.571: [GC [PSYoungGen: 961322K->10698K(962176K)] 3871957K->2921469K(4650368K), 0.0427850 secs] [Times: user=0.19 sys=0.01, real=0.04 secs] 
4747.976: [GC [PSYoungGen: 962122K->10634K(1083520K)] 3872893K->2921533K(4771712K), 0.0370470 secs] [Times: user=0.18 sys=0.02, real=0.03 secs] 
4816.415: [GC [PSYoungGen: 962314K->9610K(961344K)] 3873213K->2920637K(4649536K), 0.0344640 secs] [Times: user=0.19 sys=0.01, real=0.04 secs] 
4884.499: [GC [PSYoungGen: 961290K->10666K(1064064K)] 3872317K->2921813K(4752256K), 0.0337490 secs] [Times: user=0.21 sys=0.03, real=0.03 secs] 
4963.801: [GC [PSYoungGen: 962602K->10410K(962368K)] 3873749K->2921685K(4650560K), 0.0341230 secs] [Times: user=0.22 sys=0.02, real=0.03 secs] 
5040.942: [GC [PSYoungGen: 962346K->8047K(1048448K)] 3873621K->2919474K(4736640K), 0.0423910 secs] [Times: user=0.23 sys=0.02, real=0.04 secs] 
5108.615: [GC [PSYoungGen: 960239K->3514K(955712K)] 3871666K->2915053K(4643904K), 0.0418190 secs] [Times: user=0.21 sys=0.02, real=0.04 secs] 
5178.383: [GC [PSYoungGen: 955706K->10314K(1034688K)] 3867245K->2921965K(4722880K), 0.0327060 secs] [Times: user=0.19 sys=0.01, real=0.03 secs] 
5258.377: [GC [PSYoungGen: 962826K->9578K(962112K)] 3874477K->2921333K(4650304K), 0.0297920 secs] [Times: user=0.17 sys=0.01, real=0.03 secs] 
5337.418: [GC [PSYoungGen: 962090K->9802K(1022976K)] 3873845K->2921661K(4711168K), 0.0299910 secs] [Times: user=0.19 sys=0.02, real=0.03 secs] 
5415.540: [GC [PSYoungGen: 962570K->9738K(962560K)] 3874429K->2921725K(4650752K), 0.0313540 secs] [Times: user=0.18 sys=0.01, real=0.03 secs] 
5493.646: [GC [PSYoungGen: 962506K->10218K(1012928K)] 3874493K->2922349K(4701120K), 0.0298770 secs] [Times: user=0.17 sys=0.02, real=0.03 secs] 
5571.966: [GC [PSYoungGen: 963242K->10474K(963520K)] 3875373K->2922733K(4651712K), 0.0434050 secs] [Times: user=0.18 sys=0.01, real=0.04 secs] 
5635.882: [GC [PSYoungGen: 963498K->9290K(1005056K)] 3875757K->2921637K(4693248K), 0.0320470 secs] [Times: user=0.16 sys=0.02, real=0.03 secs] 
5699.479: [GC [PSYoungGen: 962570K->9962K(963264K)] 3874917K->2922397K(4651456K), 0.0297820 secs] [Times: user=0.15 sys=0.00, real=0.03 secs] 
5763.318: [GC [PSYoungGen: 963242K->9130K(998336K)] 3875677K->2921645K(4686528K), 0.0287520 secs] [Times: user=0.17 sys=0.01, real=0.03 secs] 
5827.313: [GC [PSYoungGen: 962666K->9546K(963136K)] 3875181K->2922133K(4651328K), 0.0310280 secs] [Times: user=0.15 sys=0.00, real=0.03 secs] 
5891.532: [GC [PSYoungGen: 963082K->9834K(992512K)] 3875669K->2922493K(4680704K), 0.0326510 secs] [Times: user=0.14 sys=0.00, real=0.03 secs] 
5951.642: [GC [PSYoungGen: 963626K->7951K(961792K)] 3876285K->2920698K(4649984K), 0.0325040 secs] [Times: user=0.16 sys=0.01, real=0.03 secs] 
6004.837: [GC [PSYoungGen: 961743K->3162K(990400K)] 3874490K->2915981K(4678592K), 0.0286720 secs] [Times: user=0.14 sys=0.01, real=0.02 secs] 
6077.838: [GC [PSYoungGen: 957274K->10058K(964224K)] 3870093K->2922941K(4652416K), 0.0269700 secs] [Times: user=0.15 sys=0.01, real=0.02 secs] 
6157.155: [GC [PSYoungGen: 964170K->9706K(984512K)] 3877053K->2922677K(4672704K), 0.0286510 secs] [Times: user=0.16 sys=0.01, real=0.03 secs] 
6236.466: [GC [PSYoungGen: 964074K->9834K(964224K)] 3877045K->2922941K(4652416K), 0.0293240 secs] [Times: user=0.17 sys=0.02, real=0.03 secs] 
6315.430: [GC [PSYoungGen: 964202K->9578K(980992K)] 3877309K->2922757K(4669184K), 0.0288020 secs] [Times: user=0.16 sys=0.01, real=0.03 secs] 
6394.746: [GC [PSYoungGen: 964202K->9866K(964544K)] 3877381K->2923109K(4652736K), 0.0271870 secs] [Times: user=0.18 sys=0.01, real=0.02 secs] 
6474.441: [GC [PSYoungGen: 964490K->10186K(978240K)] 3877733K->2923501K(4666432K), 0.0274050 secs] [Times: user=0.18 sys=0.01, real=0.03 secs] 
6551.613: [GC [PSYoungGen: 965066K->9834K(964736K)] 3878381K->2923229K(4652928K), 0.0257070 secs] [Times: user=0.19 sys=0.02, real=0.02 secs] 
6619.152: [GC [PSYoungGen: 964714K->9546K(976000K)] 3878109K->2923045K(4664192K), 0.0179790 secs] [Times: user=0.19 sys=0.00, real=0.01 secs] 
6687.652: [GC [PSYoungGen: 964618K->9146K(964224K)] 3878117K->2922741K(4652416K), 0.0247050 secs] [Times: user=0.19 sys=0.03, real=0.02 secs] 
6756.531: [GC [PSYoungGen: 964218K->9546K(974208K)] 3877813K->2923269K(4662400K), 0.0254550 secs] [Times: user=0.20 sys=0.02, real=0.02 secs] 
6836.483: [GC [PSYoungGen: 964810K->9130K(964416K)] 3878533K->2922901K(4652608K), 0.1510990 secs] [Times: user=0.12 sys=0.00, real=0.15 secs] 
6918.082: [GC [PSYoungGen: 964394K->7247K(973568K)] 3878165K->2921122K(4661760K), 0.0185150 secs] [Times: user=0.17 sys=0.01, real=0.02 secs] 
6978.541: [GC [PSYoungGen: 962831K->3098K(974208K)] 3876706K->2917085K(4662400K), 0.0192100 secs] [Times: user=0.17 sys=0.01, real=0.02 secs] 
7041.833: [GC [PSYoungGen: 958682K->9738K(973184K)] 3872669K->2923797K(4661376K), 0.0215360 secs] [Times: user=0.16 sys=0.00, real=0.03 secs] 
7129.322: [GC [PSYoungGen: 965578K->9290K(965184K)] 3879637K->2923413K(4653376K), 0.0254530 secs] [Times: user=0.14 sys=0.01, real=0.02 secs] 
7220.327: [GC [PSYoungGen: 965130K->9002K(972032K)] 3879253K->2923189K(4660224K), 0.1285470 secs] [Times: user=0.12 sys=0.00, real=0.13 secs] 
7318.360: [GC [PSYoungGen: 965226K->9290K(965568K)] 3879413K->2923581K(4653760K), 0.0343870 secs] [Times: user=0.15 sys=0.01, real=0.03 secs] 
7409.790: [GC [PSYoungGen: 965514K->9386K(971392K)] 3879805K->2923789K(4659584K), 0.0426900 secs] [Times: user=0.14 sys=0.01, real=0.04 secs] 
7489.436: [GC [PSYoungGen: 965930K->9706K(966272K)] 3880333K->2924157K(4654464K), 0.0265300 secs] [Times: user=0.14 sys=0.01, real=0.03 secs] 
7567.442: [GC [PSYoungGen: 966250K->9578K(970816K)] 3880701K->2924077K(4659008K), 0.0305570 secs] [Times: user=0.12 sys=0.01, real=0.03 secs] 
7634.782: [GC [PSYoungGen: 966378K->9962K(971328K)] 3880877K->2924541K(4659520K), 0.0248510 secs] [Times: user=0.15 sys=0.01, real=0.03 secs] 
7712.899: [GC [PSYoungGen: 966762K->9578K(970624K)] 3881341K->2924213K(4658816K), 0.0241650 secs] [Times: user=0.15 sys=0.00, real=0.02 secs] 
7792.196: [GC [PSYoungGen: 966634K->10442K(971008K)] 3881269K->2925157K(4659200K), 0.0383170 secs] [Times: user=0.15 sys=0.01, real=0.04 secs] 
7871.957: [GC [PSYoungGen: 967498K->9674K(970560K)] 3882213K->2924453K(4658752K), 0.0235380 secs] [Times: user=0.13 sys=0.00, real=0.03 secs] 
7949.982: [GC [PSYoungGen: 966986K->9930K(970880K)] 3881765K->2924773K(4659072K), 0.0239110 secs] [Times: user=0.13 sys=0.00, real=0.03 secs] 
8014.002: [GC [PSYoungGen: 967242K->5557K(970560K)] 3882085K->2920440K(4658752K), 0.0316750 secs] [Times: user=0.12 sys=0.00, real=0.03 secs] 
8072.375: [GC [PSYoungGen: 962805K->3002K(970880K)] 3877688K->2917949K(4659072K), 0.0249790 secs] [Times: user=0.13 sys=0.02, real=0.03 secs] 
8136.681: [GC [PSYoungGen: 960250K->10122K(971648K)] 3875197K->2925157K(4659840K), 0.1997580 secs] [Times: user=0.12 sys=0.00, real=0.20 secs] 
8204.594: [GC [PSYoungGen: 967562K->9642K(971712K)] 3882597K->2924733K(4659904K), 0.0274860 secs] [Times: user=0.15 sys=0.01, real=0.03 secs] 
8276.774: [GC [PSYoungGen: 967082K->9098K(971136K)] 3882173K->2924253K(4659328K), 0.0292100 secs] [Times: user=0.12 sys=0.00, real=0.03 secs] 
8358.604: [GC [PSYoungGen: 966986K->9802K(971584K)] 3882141K->2925021K(4659776K), 0.0250620 secs] [Times: user=0.14 sys=0.00, real=0.03 secs] 
8440.998: [GC [PSYoungGen: 967690K->10698K(971648K)] 3882909K->2925989K(4659840K), 0.0189710 secs] [Times: user=0.15 sys=0.00, real=0.02 secs] 
8512.820: [GC [PSYoungGen: 968778K->9322K(967424K)] 3884069K->2924685K(4655616K), 0.0187000 secs] [Times: user=0.14 sys=0.00, real=0.02 secs] 
8590.032: [GC [PSYoungGen: 967402K->8810K(970944K)] 3882765K->2924221K(4659136K), 0.0237060 secs] [Times: user=0.12 sys=0.00, real=0.02 secs] 
8667.576: [GC [PSYoungGen: 967146K->9802K(971328K)] 3882557K->2925261K(4659520K), 0.0283650 secs] [Times: user=0.13 sys=0.00, real=0.03 secs] 
8745.437: [GC [PSYoungGen: 968138K->9386K(970880K)] 3883597K->2924885K(4659072K), 0.0292980 secs] [Times: user=0.14 sys=0.00, real=0.03 secs] 
8811.032: [GC [PSYoungGen: 967978K->10026K(971200K)] 3883477K->2925573K(4659392K), 0.0247830 secs] [Times: user=0.14 sys=0.00, real=0.03 secs] 
8876.553: [GC [PSYoungGen: 968618K->9898K(971200K)] 3884165K->2925493K(4659392K), 0.0237070 secs] [Times: user=0.14 sys=0.00, real=0.03 secs] 
8942.010: [GC [PSYoungGen: 968746K->9738K(971328K)] 3884341K->2925397K(4659520K), 0.0303410 secs] [Times: user=0.13 sys=0.01, real=0.03 secs] 
9007.955: [GC [PSYoungGen: 968586K->9802K(971200K)] 3884245K->2925501K(4659392K), 0.0286090 secs] [Times: user=0.12 sys=0.00, real=0.03 secs] 
9067.395: [GC [PSYoungGen: 968906K->5621K(971328K)] 3884605K->2921384K(4659520K), 0.0282430 secs] [Times: user=0.15 sys=0.02, real=0.03 secs] 
9132.153: [GC [PSYoungGen: 964725K->9994K(971968K)] 3880488K->2925797K(4660160K), 0.0326750 secs] [Times: user=0.13 sys=0.01, real=0.03 secs] 
9197.995: [GC [PSYoungGen: 969354K->9002K(968384K)] 3885157K->2924877K(4656576K), 0.0252700 secs] [Times: user=0.14 sys=0.01, real=0.02 secs] 
9264.492: [GC [PSYoungGen: 968362K->10154K(971840K)] 3884237K->2926077K(4660032K), 0.0264430 secs] [Times: user=0.13 sys=0.01, real=0.02 secs] 
9330.983: [GC [PSYoungGen: 969706K->9514K(971904K)] 3885629K->2925485K(4660096K), 0.0252730 secs] [Times: user=0.13 sys=0.00, real=0.02 secs] 
9409.401: [GC [PSYoungGen: 969066K->9642K(971712K)] 3885037K->2925653K(4659904K), 0.0265590 secs] [Times: user=0.13 sys=0.00, real=0.03 secs] 
9486.205: [GC [PSYoungGen: 969450K->9610K(971840K)] 3885461K->2925669K(4660032K), 0.0248040 secs] [Times: user=0.12 sys=0.00, real=0.03 secs] 
9559.784: [GC [PSYoungGen: 969418K->9930K(971904K)] 3885477K->2926053K(4660096K), 0.0246970 secs] [Times: user=0.13 sys=0.01, real=0.03 secs] 
9624.955: [GC [PSYoungGen: 969994K->9802K(971904K)] 3886117K->2925981K(4660096K), 0.0239330 secs] [Times: user=0.13 sys=0.01, real=0.03 secs] 
9699.715: [GC [PSYoungGen: 969866K->9194K(971584K)] 3886045K->2925429K(4659776K), 0.0234160 secs] [Times: user=0.12 sys=0.00, real=0.03 secs] 
9765.387: [GC [PSYoungGen: 969450K->9418K(969728K)] 3885685K->2925701K(4657920K), 0.0243150 secs] [Times: user=0.11 sys=0.00, real=0.03 secs] 
9830.949: [GC [PSYoungGen: 969674K->10218K(971648K)] 3885957K->2926549K(4659840K), 0.0280380 secs] [Times: user=0.12 sys=0.01, real=0.02 secs] 
9896.575: [GC [PSYoungGen: 970538K->10026K(971776K)] 3886869K->2926421K(4659968K), 0.0228230 secs] [Times: user=0.12 sys=0.00, real=0.02 secs] 
9961.520: [GC [PSYoungGen: 970346K->10218K(971968K)] 3886741K->2926653K(4660160K), 0.0337950 secs] [Times: user=0.13 sys=0.00, real=0.03 secs] 
10027.103: [GC [PSYoungGen: 970730K->4581K(972032K)] 3887165K->2921064K(4660224K), 0.0254070 secs] [Times: user=0.11 sys=0.02, real=0.03 secs] 
10083.107: [GC [PSYoungGen: 965093K->10282K(972864K)] 3881576K->2926821K(4661056K), 0.0222080 secs] [Times: user=0.14 sys=0.00, real=0.02 secs] 
10161.493: [GC [PSYoungGen: 970922K->9898K(972992K)] 3887461K->2926477K(4661184K), 0.1189490 secs] [Times: user=0.11 sys=0.00, real=0.12 secs] 
10240.884: [GC [PSYoungGen: 970538K->9418K(972928K)] 3887117K->2926045K(4661120K), 0.0688870 secs] [Times: user=0.10 sys=0.00, real=0.07 secs] 
10320.227: [GC [PSYoungGen: 970506K->9322K(973120K)] 3887133K->2925997K(4661312K), 0.0221890 secs] [Times: user=0.12 sys=0.00, real=0.02 secs] 
10391.535: [GC [PSYoungGen: 970410K->9610K(972864K)] 3887085K->2926325K(4661056K), 0.0259030 secs] [Times: user=0.11 sys=0.00, real=0.02 secs] 
10462.650: [GC [PSYoungGen: 971018K->9610K(973056K)] 3887733K->2926357K(4661248K), 0.0313150 secs] [Times: user=0.10 sys=0.00, real=0.03 secs] 
10539.845: [GC [PSYoungGen: 971018K->10058K(973184K)] 3887765K->2926853K(4661376K), 0.0246340 secs] [Times: user=0.12 sys=0.00, real=0.03 secs] 
10611.334: [GC [PSYoungGen: 971722K->9802K(973248K)] 3888517K->2926637K(4661440K), 0.0294110 secs] [Times: user=0.11 sys=0.00, real=0.03 secs] 
10690.800: [GC [PSYoungGen: 971466K->9322K(973120K)] 3888301K->2926213K(4661312K), 0.0311050 secs] [Times: user=0.11 sys=0.01, real=0.03 secs] 
10771.225: [GC [PSYoungGen: 971242K->9578K(973248K)] 3888133K->2926517K(4661440K), 0.0239050 secs] [Times: user=0.13 sys=0.00, real=0.02 secs] 
10868.047: [GC [PSYoungGen: 971498K->10058K(973376K)] 3888437K->2927037K(4661568K), 0.0268790 secs] [Times: user=0.12 sys=0.00, real=0.02 secs] 
10943.783: [GC [PSYoungGen: 972234K->9514K(973376K)] 3889213K->2926525K(4661568K), 0.0299970 secs] [Times: user=0.11 sys=0.00, real=0.03 secs] 
11019.712: [GC [PSYoungGen: 971690K->9674K(973248K)] 3888701K->2926717K(4661440K), 0.0311500 secs] [Times: user=0.11 sys=0.01, real=0.03 secs] 
11092.671: [GC [PSYoungGen: 972106K->7503K(973376K)] 3889149K->2924586K(4661568K), 0.0286520 secs] [Times: user=0.11 sys=0.00, real=0.03 secs] 
11148.187: [GC [PSYoungGen: 969935K->2906K(972992K)] 3887018K->2920045K(4661184K), 0.0245660 secs] [Times: user=0.13 sys=0.01, real=0.03 secs] 
11214.904: [GC [PSYoungGen: 964698K->9802K(973888K)] 3881837K->2926997K(4662080K), 0.0235200 secs] [Times: user=0.13 sys=0.01, real=0.02 secs] 
11291.656: [GC [PSYoungGen: 971594K->9562K(974080K)] 3888789K->2926797K(4662272K), 0.0256580 secs] [Times: user=0.12 sys=0.00, real=0.03 secs] 
11362.895: [GC [PSYoungGen: 971610K->9626K(974144K)] 3888845K->2926901K(4662336K), 0.0239350 secs] [Times: user=0.10 sys=0.00, real=0.02 secs] 
11439.176: [GC [PSYoungGen: 971674K->9642K(974144K)] 3888949K->2926965K(4662336K), 0.0223780 secs] [Times: user=0.11 sys=0.00, real=0.02 secs] 
11517.070: [GC [PSYoungGen: 971882K->8970K(971264K)] 3889205K->2926357K(4659456K), 0.0193940 secs] [Times: user=0.12 sys=0.00, real=0.02 secs] 
11594.968: [GC [PSYoungGen: 971210K->10058K(974016K)] 3888597K->2927517K(4662208K), 0.0191140 secs] [Times: user=0.14 sys=0.00, real=0.02 secs] 
11673.635: [GC [PSYoungGen: 972362K->10538K(974144K)] 3889821K->2928053K(4662336K), 0.0272780 secs] [Times: user=0.14 sys=0.01, real=0.03 secs] 
11751.643: [GC [PSYoungGen: 972842K->9354K(974080K)] 3890357K->2926925K(4662272K), 0.0210700 secs] [Times: user=0.13 sys=0.00, real=0.02 secs] 
11830.015: [GC [PSYoungGen: 971850K->9418K(974336K)] 3889421K->2927069K(4662528K), 0.0214440 secs] [Times: user=0.14 sys=0.01, real=0.02 secs] 
11908.344: [GC [PSYoungGen: 971914K->9514K(974080K)] 3889565K->2927229K(4662272K), 0.0222900 secs] [Times: user=0.14 sys=0.01, real=0.03 secs] 
11986.806: [GC [PSYoungGen: 972202K->9418K(974208K)] 3889917K->2927197K(4662400K), 0.0212060 secs] [Times: user=0.14 sys=0.00, real=0.02 secs] 
12065.445: [GC [PSYoungGen: 972106K->10090K(974144K)] 3889885K->2927957K(4662336K), 0.0190420 secs] [Times: user=0.17 sys=0.01, real=0.02 secs] 
12163.653: [GC [PSYoungGen: 972906K->9706K(974208K)] 3890773K->2927637K(4662400K), 0.0207410 secs] [Times: user=0.14 sys=0.00, real=0.02 secs] 
12251.617: [GC [PSYoungGen: 972522K->2490K(973312K)] 3890453K->2920469K(4661504K), 0.0243070 secs] [Times: user=0.11 sys=0.00, real=0.02 secs] 
12304.955: [GC [PSYoungGen: 964474K->2938K(974336K)] 3882453K->2920957K(4662528K), 0.0300520 secs] [Times: user=0.11 sys=0.02, real=0.03 secs] 
12377.673: [GC [PSYoungGen: 964922K->9386K(975104K)] 3882941K->2927469K(4663296K), 0.0301290 secs] [Times: user=0.12 sys=0.00, real=0.03 secs] 
12454.207: [GC [PSYoungGen: 971562K->9898K(975104K)] 3889645K->2928045K(4663296K), 0.0593060 secs] [Times: user=0.13 sys=0.00, real=0.05 secs] 
12539.059: [GC [PSYoungGen: 972074K->10634K(975104K)] 3890221K->2928813K(4663296K), 0.0571850 secs] [Times: user=0.11 sys=0.00, real=0.05 secs] 
12635.221: [GC [PSYoungGen: 972682K->10570K(975488K)] 3890861K->2928789K(4663680K), 0.0308180 secs] [Times: user=0.12 sys=0.00, real=0.03 secs] 
12711.556: [GC [PSYoungGen: 972618K->9770K(975680K)] 3890837K->2928037K(4663872K), 0.0251270 secs] [Times: user=0.11 sys=0.00, real=0.03 secs] 
12780.130: [GC [PSYoungGen: 972074K->10538K(975808K)] 3890341K->2928829K(4664000K), 0.0378320 secs] [Times: user=0.10 sys=0.00, real=0.04 secs] 
12857.120: [GC [PSYoungGen: 972842K->10250K(976192K)] 3891133K->2928573K(4664384K), 0.0301910 secs] [Times: user=0.12 sys=0.00, real=0.03 secs] 
12934.849: [GC [PSYoungGen: 972810K->9674K(976192K)] 3891133K->2928045K(4664384K), 0.0256010 secs] [Times: user=0.12 sys=0.00, real=0.03 secs] 
13003.441: [GC [PSYoungGen: 972234K->10058K(976256K)] 3890605K->2928461K(4664448K), 0.1351270 secs] [Times: user=0.13 sys=0.00, real=0.13 secs] 
13076.417: [GC [PSYoungGen: 973002K->10090K(976192K)] 3891405K->2928533K(4664384K), 0.0339140 secs] [Times: user=0.12 sys=0.00, real=0.04 secs] 
13144.834: [GC [PSYoungGen: 973034K->9898K(976064K)] 3891477K->2928389K(4664256K), 0.0233180 secs] [Times: user=0.12 sys=0.01, real=0.02 secs] 
13209.415: [GC [PSYoungGen: 973226K->9498K(976256K)] 3891717K->2928029K(4664448K), 0.0261640 secs] [Times: user=0.12 sys=0.00, real=0.03 secs] 
13276.354: [GC [PSYoungGen: 972826K->9642K(975744K)] 3891357K->2928221K(4663936K), 0.0228510 secs] [Times: user=0.11 sys=0.01, real=0.02 secs] 
13344.134: [GC [PSYoungGen: 973290K->10026K(976000K)] 3891869K->2928653K(4664192K), 0.0242160 secs] [Times: user=0.12 sys=0.00, real=0.02 secs] 
13411.877: [GC [PSYoungGen: 973674K->9994K(975936K)] 3892301K->2928669K(4664128K), 0.0236340 secs] [Times: user=0.13 sys=0.00, real=0.02 secs] 
13479.877: [GC [PSYoungGen: 973898K->2528K(976064K)] 3892573K->2928133K(4664256K), 0.0234870 secs] [Times: user=0.11 sys=0.00, real=0.02 secs] 
13547.195: [GC [PSYoungGen: 966432K->1792K(976512K)] 3892037K->2927445K(4664704K), 0.0290070 secs] [Times: user=0.13 sys=0.02, real=0.03 secs] 
13611.167: [GC [PSYoungGen: 965184K->9034K(977280K)] 3890837K->2934751K(4665472K), 0.0219090 secs] [Times: user=0.11 sys=0.00, real=0.02 secs] 
13687.851: [GC [PSYoungGen: 972426K->9866K(977216K)] 3898143K->2935623K(4665408K), 0.0246720 secs] [Times: user=0.11 sys=0.00, real=0.03 secs] 
13765.083: [GC [PSYoungGen: 973450K->9578K(977280K)] 3899207K->2935391K(4665472K), 0.0268490 secs] [Times: user=0.10 sys=0.00, real=0.03 secs] 
13843.035: [GC [PSYoungGen: 973162K->9946K(977344K)] 3898975K->2935807K(4665536K), 0.0216560 secs] [Times: user=0.11 sys=0.00, real=0.02 secs] 
13920.386: [GC [PSYoungGen: 973722K->9546K(977408K)] 3899583K->2935447K(4665600K), 0.0217590 secs] [Times: user=0.10 sys=0.00, real=0.02 secs] 
14018.044: [GC [PSYoungGen: 973322K->10538K(977216K)] 3899223K->2936471K(4665408K), 0.0983650 secs] [Times: user=0.11 sys=0.00, real=0.09 secs] 
14095.332: [GC [PSYoungGen: 974314K->9866K(977408K)] 3900247K->2935847K(4665600K), 0.0621520 secs] [Times: user=0.11 sys=0.00, real=0.06 secs] 
14171.748: [GC [PSYoungGen: 973642K->10410K(977536K)] 3899623K->2936439K(4665728K), 0.0272550 secs] [Times: user=0.12 sys=0.00, real=0.02 secs] 
14245.858: [GC [PSYoungGen: 974442K->10698K(977600K)] 3900471K->2936759K(4665792K), 0.0353130 secs] [Times: user=0.10 sys=0.00, real=0.04 secs] 
14314.664: [GC [PSYoungGen: 974730K->9706K(977536K)] 3900791K->2935815K(4665728K), 0.0283360 secs] [Times: user=0.11 sys=0.00, real=0.03 secs] 
14383.733: [GC [PSYoungGen: 974058K->9610K(977792K)] 3900167K->2935743K(4665984K), 0.0429590 secs] [Times: user=0.11 sys=0.00, real=0.04 secs] 
14462.324: [GC [PSYoungGen: 973962K->10090K(977408K)] 3900095K->2936271K(4665600K), 0.0229690 secs] [Times: user=0.12 sys=0.00, real=0.02 secs] 
14555.573: [GC [PSYoungGen: 974698K->10218K(977600K)] 3900879K->2936455K(4665792K), 0.0334360 secs] [Times: user=0.12 sys=0.00, real=0.04 secs] 
14653.835: [GC [PSYoungGen: 974826K->9354K(977152K)] 3901063K->2935647K(4665344K), 0.0425180 secs] [Times: user=0.12 sys=0.00, real=0.04 secs] 
14747.494: [GC [PSYoungGen: 974218K->10090K(977472K)] 3900511K->2936423K(4665664K), 0.0293540 secs] [Times: user=0.12 sys=0.00, real=0.03 secs] 
14839.059: [GC [PSYoungGen: 974954K->1664K(976640K)] 3901287K->2933213K(4664832K), 0.0248840 secs] [Times: user=0.12 sys=0.00, real=0.03 secs] 
14929.770: [GC [PSYoungGen: 965760K->1216K(977664K)] 3897309K->2932813K(4665856K), 0.0282720 secs] [Times: user=0.11 sys=0.00, real=0.03 secs] 
14987.122: [GC [PSYoungGen: 965312K->640K(978048K)] 3896909K->2932277K(4666240K), 0.0303930 secs] [Times: user=0.09 sys=0.01, real=0.03 secs] 
15062.190: [GC [PSYoungGen: 964288K->9994K(978688K)] 3895925K->2941679K(4666880K), 0.0246660 secs] [Times: user=0.11 sys=0.01, real=0.03 secs] 
15138.011: [GC [PSYoungGen: 973642K->10282K(978880K)] 3905327K->2941999K(4667072K), 0.0315170 secs] [Times: user=0.11 sys=0.01, real=0.03 secs] 
15214.818: [GC [PSYoungGen: 973930K->9770K(979136K)] 3905647K->2941527K(4667328K), 0.0257380 secs] [Times: user=0.12 sys=0.00, real=0.02 secs] 
15291.031: [GC [PSYoungGen: 973418K->10282K(979200K)] 3905175K->2942071K(4667392K), 0.0339470 secs] [Times: user=0.10 sys=0.00, real=0.03 secs] 
15367.535: [GC [PSYoungGen: 974058K->9578K(979328K)] 3905847K->2941423K(4667520K), 0.0220250 secs] [Times: user=0.12 sys=0.00, real=0.02 secs] 
15444.424: [GC [PSYoungGen: 973354K->9482K(978816K)] 3905199K->2941359K(4667008K), 0.0303280 secs] [Times: user=0.10 sys=0.00, real=0.03 secs] 
15521.500: [GC [PSYoungGen: 973514K->9738K(979072K)] 3905391K->2941655K(4667264K), 0.0289390 secs] [Times: user=0.11 sys=0.00, real=0.03 secs] 
15598.327: [GC [PSYoungGen: 973770K->11082K(978880K)] 3905687K->2943031K(4667072K), 0.0289930 secs] [Times: user=0.11 sys=0.00, real=0.03 secs] 
15675.185: [GC [PSYoungGen: 975114K->10282K(979136K)] 3907063K->2942279K(4667328K), 0.0293530 secs] [Times: user=0.13 sys=0.01, real=0.03 secs] 
15752.424: [GC [PSYoungGen: 974314K->9610K(978560K)] 3906311K->2941655K(4666752K), 0.0272790 secs] [Times: user=0.11 sys=0.00, real=0.03 secs] 
15829.060: [GC [PSYoungGen: 973898K->9802K(974144K)] 3905943K->2941903K(4662336K), 0.0248350 secs] [Times: user=0.10 sys=0.01, real=0.02 secs] 
15910.412: [GC [PSYoungGen: 974090K->10090K(978496K)] 3906191K->2942247K(4666688K), 0.0297880 secs] [Times: user=0.11 sys=0.00, real=0.03 secs] 
15981.547: [GC [PSYoungGen: 974570K->10570K(978688K)] 3906727K->2942767K(4666880K), 0.0276560 secs] [Times: user=0.13 sys=0.00, real=0.03 secs] 
16049.770: [GC [PSYoungGen: 975050K->10538K(978816K)] 3907247K->2942767K(4667008K), 0.0347890 secs] [Times: user=0.12 sys=0.00, real=0.04 secs] 
16129.172: [GC [PSYoungGen: 975274K->10378K(978880K)] 3907503K->2942663K(4667072K), 0.0246720 secs] [Times: user=0.13 sys=0.00, real=0.03 secs] 
16200.481: [GC [PSYoungGen: 975114K->448K(977920K)] 3907399K->2934511K(4666112K), 0.0219300 secs] [Times: user=0.10 sys=0.01, real=0.02 secs] 
16261.981: [GC [PSYoungGen: 964352K->1120K(979008K)] 3898415K->2935231K(4667200K), 0.0288410 secs] [Times: user=0.12 sys=0.00, real=0.03 secs] 
16328.680: [GC [PSYoungGen: 965024K->9546K(979648K)] 3899135K->2943698K(4667840K), 0.0368580 secs] [Times: user=0.10 sys=0.01, real=0.04 secs] 
16413.279: [GC [PSYoungGen: 973706K->10186K(979776K)] 3907858K->2944378K(4667968K), 0.0277760 secs] [Times: user=0.11 sys=0.00, real=0.02 secs] 
16486.481: [GC [PSYoungGen: 974346K->10250K(980032K)] 3908538K->2944482K(4668224K), 0.0288500 secs] [Times: user=0.12 sys=0.00, real=0.03 secs] 
16584.419: [GC [PSYoungGen: 974666K->9930K(980032K)] 3908898K->2944210K(4668224K), 0.0213050 secs] [Times: user=0.12 sys=0.00, real=0.02 secs] 
16664.467: [GC [PSYoungGen: 974346K->9802K(979648K)] 3908626K->2944138K(4667840K), 0.0223210 secs] [Times: user=0.13 sys=0.01, real=0.02 secs] 
16743.606: [GC [PSYoungGen: 974410K->10314K(979840K)] 3908746K->2944714K(4668032K), 0.0231670 secs] [Times: user=0.12 sys=0.00, real=0.03 secs] 
16823.228: [GC [PSYoungGen: 974922K->9834K(979328K)] 3909322K->2944290K(4667520K), 0.0221830 secs] [Times: user=0.11 sys=0.00, real=0.02 secs] 
16903.456: [GC [PSYoungGen: 974634K->10026K(979648K)] 3909090K->2944546K(4667840K), 0.0211710 secs] [Times: user=0.14 sys=0.01, real=0.02 secs] 
16981.309: [GC [PSYoungGen: 974826K->10954K(979520K)] 3909346K->2945530K(4667712K), 0.0249190 secs] [Times: user=0.14 sys=0.01, real=0.02 secs] 
17062.229: [GC [PSYoungGen: 975818K->10538K(979648K)] 3910394K->2945202K(4667840K), 0.0202970 secs] [Times: user=0.16 sys=0.00, real=0.02 secs] 
17162.225: [GC [PSYoungGen: 975402K->9578K(979136K)] 3910066K->2944258K(4667328K), 0.1395500 secs] [Times: user=0.10 sys=0.00, real=0.14 secs] 
17250.256: [GC [PSYoungGen: 974762K->10186K(979456K)] 3909442K->2944930K(4667648K), 0.0189820 secs] [Times: user=0.12 sys=0.00, real=0.01 secs] 
17334.543: [GC [PSYoungGen: 975370K->8874K(978752K)] 3910114K->2943674K(4666944K), 0.0224650 secs] [Times: user=0.12 sys=0.00, real=0.02 secs] 
17404.355: [GC [PSYoungGen: 974314K->10090K(979136K)] 3909114K->2944922K(4667328K), 0.0328260 secs] [Times: user=0.11 sys=0.00, real=0.03 secs] 
17488.355: [GC [PSYoungGen: 975530K->9450K(978432K)] 3910362K->2944322K(4666624K), 0.0253720 secs] [Times: user=0.12 sys=0.00, real=0.02 secs] 
17586.650: [GC [PSYoungGen: 975146K->2912K(978816K)] 3910018K->2944706K(4667008K), 0.1996230 secs] [Times: user=0.11 sys=0.00, real=0.20 secs] 
17677.341: [GC [PSYoungGen: 968608K->1664K(979328K)] 3910402K->2943490K(4667520K), 0.1208470 secs] [Times: user=0.09 sys=0.00, real=0.12 secs] 
17750.881: [GC [PSYoungGen: 967104K->2336K(980032K)] 3908930K->2944202K(4668224K), 0.0231170 secs] [Times: user=0.11 sys=0.00, real=0.03 secs] 
17820.178: [GC [PSYoungGen: 967776K->9322K(980480K)] 3909642K->2951228K(4668672K), 0.0258430 secs] [Times: user=0.12 sys=0.01, real=0.03 secs] 
17926.720: [GC [PSYoungGen: 975146K->10442K(980672K)] 3917052K->2952396K(4668864K), 0.0306510 secs] [Times: user=0.13 sys=0.01, real=0.03 secs] 
18031.693: [GC [PSYoungGen: 976266K->9354K(980928K)] 3918220K->2951340K(4669120K), 0.0346310 secs] [Times: user=0.12 sys=0.00, real=0.04 secs] 
18119.872: [GC [PSYoungGen: 975498K->10282K(981120K)] 3917484K->2952308K(4669312K), 0.0299890 secs] [Times: user=0.13 sys=0.00, real=0.03 secs] 
18220.262: [GC [PSYoungGen: 976426K->9738K(981120K)] 3918452K->2951804K(4669312K), 0.0295060 secs] [Times: user=0.13 sys=0.00, real=0.03 secs] 
18320.592: [GC [PSYoungGen: 976138K->9802K(981312K)] 3918204K->2951908K(4669504K), 0.0270630 secs] [Times: user=0.12 sys=0.00, real=0.03 secs] 
18420.208: [GC [PSYoungGen: 976202K->9962K(981056K)] 3918308K->2952116K(4669248K), 0.0242930 secs] [Times: user=0.12 sys=0.00, real=0.02 secs] 
18520.297: [GC [PSYoungGen: 976554K->9322K(975936K)] 3918708K->2951516K(4664128K), 0.0261360 secs] [Times: user=0.12 sys=0.00, real=0.03 secs] 
18620.199: [GC [PSYoungGen: 975914K->9578K(980544K)] 3918108K->2951812K(4668736K), 0.0254840 secs] [Times: user=0.12 sys=0.00, real=0.03 secs] 
18720.415: [GC [PSYoungGen: 976362K->9738K(980800K)] 3918596K->2952004K(4668992K), 0.0340110 secs] [Times: user=0.12 sys=0.00, real=0.04 secs] 
18820.691: [GC [PSYoungGen: 976522K->10282K(980800K)] 3918788K->2952596K(4668992K), 0.0311270 secs] [Times: user=0.13 sys=0.01, real=0.03 secs] 
18920.525: [GC [PSYoungGen: 977258K->10570K(980800K)] 3919572K->2952956K(4668992K), 0.0430330 secs] [Times: user=0.13 sys=0.01, real=0.04 secs] 
19018.282: [GC [PSYoungGen: 977546K->8239K(980544K)] 3919932K->2950665K(4668736K), 0.0279080 secs] [Times: user=0.12 sys=0.00, real=0.03 secs] 
19113.960: [GC [PSYoungGen: 975407K->7343K(980800K)] 3917833K->2949817K(4668992K), 0.0337470 secs] [Times: user=0.12 sys=0.01, real=0.03 secs] 
19200.841: [GC [PSYoungGen: 974511K->5941K(980800K)] 3916985K->2948447K(4668992K), 0.0357010 secs] [Times: user=0.13 sys=0.00, real=0.04 secs] 
19273.368: [GC [PSYoungGen: 973237K->1504K(980864K)] 3915743K->2947487K(4669056K), 0.0286090 secs] [Times: user=0.11 sys=0.00, real=0.03 secs] 
19343.687: [GC [PSYoungGen: 968800K->2208K(981504K)] 3914783K->2948239K(4669696K), 0.0297500 secs] [Times: user=0.13 sys=0.01, real=0.03 secs] 
19409.230: [GC [PSYoungGen: 969440K->1632K(981824K)] 3915471K->2947695K(4670016K), 0.0364640 secs] [Times: user=0.12 sys=0.01, real=0.04 secs] 
19474.766: [GC [PSYoungGen: 968864K->1056K(982144K)] 3914927K->2947151K(4670336K), 0.0448680 secs] [Times: user=0.13 sys=0.01, real=0.04 secs] 
19549.463: [GC [PSYoungGen: 968352K->10058K(982336K)] 3914447K->2956209K(4670528K), 0.0215690 secs] [Times: user=0.12 sys=0.00, real=0.02 secs] 
19627.746: [GC [PSYoungGen: 977354K->10250K(982720K)] 3923505K->2956441K(4670912K), 0.0276810 secs] [Times: user=0.13 sys=0.00, real=0.03 secs] 
19706.368: [GC [PSYoungGen: 977354K->9706K(983168K)] 3923545K->2955929K(4671360K), 0.0368410 secs] [Times: user=0.11 sys=0.00, real=0.04 secs] 
19785.080: [GC [PSYoungGen: 976810K->10410K(983168K)] 3923033K->2956673K(4671360K), 0.0358050 secs] [Times: user=0.13 sys=0.00, real=0.04 secs] 
19864.029: [GC [PSYoungGen: 977450K->9130K(976192K)] 3923713K->2955433K(4664384K), 0.0262160 secs] [Times: user=0.11 sys=0.01, real=0.03 secs] 
19941.375: [GC [PSYoungGen: 976170K->10730K(983168K)] 3922473K->2957065K(4671360K), 0.0300640 secs] [Times: user=0.11 sys=0.01, real=0.03 secs] 
20018.465: [GC [PSYoungGen: 977770K->10538K(983424K)] 3924105K->2956913K(4671616K), 0.0249600 secs] [Times: user=0.11 sys=0.00, real=0.03 secs] 
20095.932: [GC [PSYoungGen: 977578K->10474K(983808K)] 3923953K->2956881K(4672000K), 0.0352700 secs] [Times: user=0.11 sys=0.00, real=0.03 secs] 
20190.850: [GC [PSYoungGen: 977770K->10122K(983808K)] 3924177K->2956577K(4672000K), 0.0248720 secs] [Times: user=0.13 sys=0.00, real=0.03 secs] 
20306.592: [GC [PSYoungGen: 977418K->9930K(983104K)] 3923873K->2956425K(4671296K), 0.0266860 secs] [Times: user=0.11 sys=0.00, real=0.02 secs] 
20422.476: [GC [PSYoungGen: 977418K->9866K(977408K)] 3923913K->2956417K(4665600K), 0.0313810 secs] [Times: user=0.12 sys=0.01, real=0.03 secs] 
20538.557: [GC [PSYoungGen: 977354K->10698K(983360K)] 3923905K->2957297K(4671552K), 0.0245950 secs] [Times: user=0.12 sys=0.00, real=0.02 secs] 
20654.218: [GC [PSYoungGen: 978378K->7535K(975232K)] 3924977K->2954167K(4663424K), 0.0341960 secs] [Times: user=0.11 sys=0.00, real=0.03 secs] 
20753.977: [GC [PSYoungGen: 975215K->8335K(982144K)] 3921847K->2955007K(4670336K), 0.0269100 secs] [Times: user=0.12 sys=0.00, real=0.03 secs] 
20848.743: [GC [PSYoungGen: 976207K->8175K(976064K)] 3922879K->2954887K(4664256K), 0.0317250 secs] [Times: user=0.12 sys=0.01, real=0.03 secs] 
20942.993: [GC [PSYoungGen: 976047K->2496K(981824K)] 3922759K->2954415K(4670016K), 0.0315550 secs] [Times: user=0.12 sys=0.00, real=0.03 secs] 
21037.504: [GC [PSYoungGen: 970048K->2400K(982336K)] 3921967K->2954359K(4670528K), 0.0273050 secs] [Times: user=0.10 sys=0.01, real=0.02 secs] 
21125.992: [GC [PSYoungGen: 969952K->1824K(982592K)] 3921911K->2953823K(4670784K), 0.0297340 secs] [Times: user=0.11 sys=0.00, real=0.03 secs] 
21193.112: [GC [PSYoungGen: 969312K->9098K(982848K)] 3921311K->2961153K(4671040K), 0.0213670 secs] [Times: user=0.12 sys=0.00, real=0.02 secs] 
21270.660: [GC [PSYoungGen: 976586K->10250K(982656K)] 3928641K->2962393K(4670848K), 0.0246710 secs] [Times: user=0.14 sys=0.01, real=0.02 secs] 
21337.989: [GC [PSYoungGen: 977610K->10218K(982976K)] 3929753K->2962425K(4671168K), 0.0198880 secs] [Times: user=0.13 sys=0.00, real=0.02 secs] 
21405.248: [GC [PSYoungGen: 977578K->9354K(982976K)] 3929785K->2961617K(4671168K), 0.0203850 secs] [Times: user=0.12 sys=0.01, real=0.02 secs] 
21472.638: [GC [PSYoungGen: 976906K->9162K(976768K)] 3929169K->2961481K(4664960K), 0.0223370 secs] [Times: user=0.12 sys=0.00, real=0.02 secs] 
21539.886: [GC [PSYoungGen: 976714K->10826K(982784K)] 3929033K->2963217K(4670976K), 0.0202540 secs] [Times: user=0.15 sys=0.01, real=0.02 secs] 
21606.825: [GC [PSYoungGen: 978314K->9866K(983040K)] 3930705K->2962321K(4671232K), 0.0199380 secs] [Times: user=0.12 sys=0.00, real=0.02 secs] 
21673.350: [GC [PSYoungGen: 977354K->9962K(982848K)] 3929809K->2962489K(4671040K), 0.0201940 secs] [Times: user=0.14 sys=0.00, real=0.02 secs] 
21740.377: [GC [PSYoungGen: 977642K->9610K(977344K)] 3930169K->2962201K(4665536K), 0.0217510 secs] [Times: user=0.14 sys=0.01, real=0.03 secs] 
21807.007: [GC [PSYoungGen: 977290K->10186K(982720K)] 3929881K->2962865K(4670912K), 0.0221930 secs] [Times: user=0.14 sys=0.01, real=0.03 secs] 
21874.797: [GC [PSYoungGen: 978058K->9834K(977728K)] 3930737K->2962585K(4665920K), 0.0210940 secs] [Times: user=0.13 sys=0.00, real=0.02 secs] 
21942.011: [GC [PSYoungGen: 977706K->10506K(982720K)] 3930457K->2963297K(4670912K), 0.0265620 secs] [Times: user=0.11 sys=0.00, real=0.02 secs] 
22009.176: [GC [PSYoungGen: 978570K->9866K(977984K)] 3931361K->2962697K(4666176K), 0.0250980 secs] [Times: user=0.12 sys=0.00, real=0.03 secs] 
22076.491: [GC [PSYoungGen: 977930K->9610K(982080K)] 3930761K->2962473K(4670272K), 0.0310720 secs] [Times: user=0.11 sys=0.00, real=0.03 secs] 
22143.690: [GC [PSYoungGen: 977930K->9578K(977920K)] 3930793K->2962481K(4666112K), 0.0268330 secs] [Times: user=0.12 sys=0.00, real=0.02 secs] 
22211.061: [GC [PSYoungGen: 977898K->3584K(981632K)] 3930801K->2963425K(4669824K), 0.0277180 secs] [Times: user=0.12 sys=0.01, real=0.02 secs] 
22278.864: [GC [PSYoungGen: 971584K->3776K(982208K)] 3931425K->2963649K(4670400K), 0.0290290 secs] [Times: user=0.11 sys=0.00, real=0.03 secs] 
22354.772: [GC [PSYoungGen: 971776K->3488K(982528K)] 3931649K->2963409K(4670720K), 0.0277710 secs] [Times: user=0.12 sys=0.00, real=0.02 secs] 
22431.633: [GC [PSYoungGen: 971552K->1152K(982720K)] 3931473K->2961113K(4670912K), 0.0211900 secs] [Times: user=0.09 sys=0.00, real=0.03 secs] 
22536.665: [GC [PSYoungGen: 969216K->11018K(982784K)] 3929177K->2971043K(4670976K), 0.0233440 secs] [Times: user=0.14 sys=0.00, real=0.02 secs] 
22660.881: [GC [PSYoungGen: 978698K->9610K(983424K)] 3938723K->2969683K(4671616K), 0.0252380 secs] [Times: user=0.12 sys=0.00, real=0.02 secs] 
22783.531: [GC [PSYoungGen: 977290K->10090K(983552K)] 3937363K->2970203K(4671744K), 0.0283990 secs] [Times: user=0.11 sys=0.00, real=0.03 secs] 
22907.013: [GC [PSYoungGen: 977898K->10122K(983616K)] 3938011K->2970275K(4671808K), 0.0233910 secs] [Times: user=0.10 sys=0.00, real=0.03 secs] 
23026.000: [GC [PSYoungGen: 977930K->9738K(983552K)] 3938083K->2969931K(4671744K), 0.0251410 secs] [Times: user=0.11 sys=0.00, real=0.03 secs] 
23145.747: [GC [PSYoungGen: 977738K->11242K(983680K)] 3937931K->2971475K(4671872K), 0.0279710 secs] [Times: user=0.13 sys=0.00, real=0.03 secs] 
23241.553: [GC [PSYoungGen: 979242K->11114K(984000K)] 3939475K->2971395K(4672192K), 0.0298980 secs] [Times: user=0.11 sys=0.02, real=0.03 secs] 
23361.473: [GC [PSYoungGen: 979114K->11434K(984192K)] 3939395K->2971763K(4672384K), 0.0263630 secs] [Times: user=0.12 sys=0.00, real=0.03 secs] 
23480.934: [GC [PSYoungGen: 979434K->10410K(984128K)] 3939763K->2970779K(4672320K), 0.0296660 secs] [Times: user=0.11 sys=0.00, real=0.03 secs] 
23599.729: [GC [PSYoungGen: 978602K->7759K(976000K)] 3938971K->2968161K(4664192K), 0.0296310 secs] [Times: user=0.11 sys=0.00, real=0.03 secs] 
23713.015: [GC [PSYoungGen: 975951K->6863K(983488K)] 3936353K->2967297K(4671680K), 0.0333240 secs] [Times: user=0.11 sys=0.00, real=0.03 secs] 
23826.519: [GC [PSYoungGen: 975247K->7471K(975872K)] 3935681K->2967953K(4664064K), 0.0289470 secs] [Times: user=0.13 sys=0.01, real=0.03 secs] 
23925.255: [GC [PSYoungGen: 975855K->7855K(982592K)] 3936337K->2968385K(4670784K), 0.0307000 secs] [Times: user=0.13 sys=0.02, real=0.03 secs] 
24021.395: [GC [PSYoungGen: 976431K->7983K(976576K)] 3936961K->2968553K(4664768K), 0.0304430 secs] [Times: user=0.12 sys=0.00, real=0.03 secs] 
24115.763: [GC [PSYoungGen: 976559K->6735K(982336K)] 3937129K->2967353K(4670528K), 0.0201910 secs] [Times: user=0.11 sys=0.00, real=0.02 secs] 
24210.037: [GC [PSYoungGen: 975503K->3168K(982592K)] 3936121K->2968985K(4670784K), 0.0306580 secs] [Times: user=0.11 sys=0.00, real=0.03 secs] 
24292.968: [GC [PSYoungGen: 971936K->2272K(982848K)] 3937753K->2968137K(4671040K), 0.0303720 secs] [Times: user=0.13 sys=0.00, real=0.03 secs] 
24365.144: [GC [PSYoungGen: 970912K->2272K(983168K)] 3936777K->2968169K(4671360K), 0.0327670 secs] [Times: user=0.12 sys=0.00, real=0.04 secs] 
24437.292: [GC [PSYoungGen: 970912K->2240K(983488K)] 3936809K->2968185K(4671680K), 0.0337590 secs] [Times: user=0.14 sys=0.01, real=0.03 secs] 
24530.711: [GC [PSYoungGen: 971072K->9962K(983488K)] 3937017K->2975947K(4671680K), 0.0253220 secs] [Times: user=0.12 sys=0.00, real=0.03 secs] 
24609.182: [GC [PSYoungGen: 978794K->10186K(983744K)] 3944779K->2976227K(4671936K), 0.0202740 secs] [Times: user=0.12 sys=0.00, real=0.02 secs] 
24707.935: [GC [PSYoungGen: 978762K->9674K(984192K)] 3944803K->2975755K(4672384K), 0.0252100 secs] [Times: user=0.11 sys=0.00, real=0.03 secs] 
24806.905: [GC [PSYoungGen: 978250K->10474K(984192K)] 3944331K->2976595K(4672384K), 0.0286310 secs] [Times: user=0.12 sys=0.00, real=0.02 secs] 
24906.249: [GC [PSYoungGen: 978922K->10410K(984512K)] 3945043K->2976571K(4672704K), 0.0285520 secs] [Times: user=0.12 sys=0.00, real=0.02 secs] 
25005.449: [GC [PSYoungGen: 978858K->9450K(984384K)] 3945019K->2975643K(4672576K), 0.0305820 secs] [Times: user=0.11 sys=0.00, real=0.03 secs] 
25104.593: [GC [PSYoungGen: 978090K->10730K(984640K)] 3944283K->2976963K(4672832K), 0.0326180 secs] [Times: user=0.13 sys=0.01, real=0.03 secs] 
25203.823: [GC [PSYoungGen: 979370K->9930K(984640K)] 3945603K->2976211K(4672832K), 0.0232630 secs] [Times: user=0.12 sys=0.00, real=0.03 secs] 
25302.678: [GC [PSYoungGen: 978762K->9674K(978560K)] 3945043K->2975995K(4666752K), 0.0295930 secs] [Times: user=0.11 sys=0.00, real=0.03 secs] 
25401.342: [GC [PSYoungGen: 978506K->10890K(984576K)] 3944827K->2977251K(4672768K), 0.0277560 secs] [Times: user=0.13 sys=0.00, real=0.03 secs] 
25500.468: [GC [PSYoungGen: 979786K->10378K(984704K)] 3946147K->2976779K(4672896K), 0.0243680 secs] [Times: user=0.12 sys=0.00, real=0.03 secs] 
25598.894: [GC [PSYoungGen: 979274K->10186K(984384K)] 3945675K->2976619K(4672576K), 0.0306220 secs] [Times: user=0.12 sys=0.00, real=0.04 secs] 
25697.794: [GC [PSYoungGen: 979274K->7119K(976256K)] 3945707K->2973584K(4664448K), 0.0318020 secs] [Times: user=0.11 sys=0.00, real=0.03 secs] 
25770.270: [GC [PSYoungGen: 976207K->5173K(984448K)] 3942672K->2971678K(4672640K), 0.0360490 secs] [Times: user=0.13 sys=0.01, real=0.04 secs] 
25833.826: [GC [PSYoungGen: 974453K->5589K(984448K)] 3940958K->2972150K(4672640K), 0.0346860 secs] [Times: user=0.12 sys=0.01, real=0.04 secs] 
25898.327: [GC [PSYoungGen: 974869K->1600K(984128K)] 3941430K->2971662K(4672320K), 0.0216640 secs] [Times: user=0.12 sys=0.00, real=0.02 secs] 
25961.693: [GC [PSYoungGen: 970688K->1792K(984576K)] 3940750K->2971894K(4672768K), 0.0258690 secs] [Times: user=0.10 sys=0.01, real=0.02 secs] 
26024.988: [GC [PSYoungGen: 970880K->1824K(985024K)] 3940982K->2971982K(4673216K), 0.0313130 secs] [Times: user=0.18 sys=0.01, real=0.04 secs] 
26088.678: [GC [PSYoungGen: 971168K->1600K(985024K)] 3941326K->2971838K(4673216K), 0.0219020 secs] [Times: user=0.15 sys=0.01, real=0.03 secs] 
26157.940: [GC [PSYoungGen: 970944K->10762K(984448K)] 3941182K->2981080K(4672640K), 0.0196610 secs] [Times: user=0.16 sys=0.01, real=0.02 secs] 
26224.651: [GC [PSYoungGen: 979594K->10794K(985216K)] 3949912K->2981192K(4673408K), 0.0197080 secs] [Times: user=0.15 sys=0.01, real=0.02 secs] 
26298.604: [GC [PSYoungGen: 979626K->10634K(985664K)] 3950024K->2981128K(4673856K), 0.0163970 secs] [Times: user=0.18 sys=0.00, real=0.01 secs] 
26376.941: [GC [PSYoungGen: 979274K->10890K(986048K)] 3949768K->2981472K(4674240K), 0.0218510 secs] [Times: user=0.17 sys=0.01, real=0.03 secs] 
26455.811: [GC [PSYoungGen: 979530K->11498K(986112K)] 3950112K->2982168K(4674304K), 0.0174850 secs] [Times: user=0.17 sys=0.00, real=0.02 secs] 
26532.793: [GC [PSYoungGen: 979882K->10442K(986560K)] 3950552K->2981184K(4674752K), 0.0207080 secs] [Times: user=0.15 sys=0.00, real=0.02 secs] 
26608.565: [GC [PSYoungGen: 978826K->9578K(985600K)] 3949568K->2980360K(4673792K), 0.0251130 secs] [Times: user=0.12 sys=0.00, real=0.03 secs] 
26685.028: [GC [PSYoungGen: 978154K->9290K(977920K)] 3948936K->2980104K(4666112K), 0.0331020 secs] [Times: user=0.11 sys=0.01, real=0.04 secs] 
26761.189: [GC [PSYoungGen: 977866K->11466K(985472K)] 3948680K->2982312K(4673664K), 0.0348290 secs] [Times: user=0.13 sys=0.00, real=0.04 secs] 
26837.851: [GC [PSYoungGen: 979978K->9578K(978112K)] 3950824K->2980464K(4666304K), 0.0309780 secs] [Times: user=0.12 sys=0.01, real=0.03 secs] 
26913.872: [GC [PSYoungGen: 978090K->10474K(985088K)] 3948976K->2981400K(4673280K), 0.0313930 secs] [Times: user=0.13 sys=0.01, real=0.03 secs] 
26990.508: [GC [PSYoungGen: 979242K->10602K(985280K)] 3950168K->2981568K(4673472K), 0.0293400 secs] [Times: user=0.13 sys=0.00, real=0.03 secs] 
27066.578: [GC [PSYoungGen: 979370K->9738K(984320K)] 3950336K->2980752K(4672512K), 0.0312480 secs] [Times: user=0.13 sys=0.01, real=0.04 secs] 
27142.906: [GC [PSYoungGen: 978762K->10090K(979136K)] 3949776K->2981144K(4667328K), 0.0250730 secs] [Times: user=0.12 sys=0.00, real=0.03 secs] 
27218.620: [GC [PSYoungGen: 979114K->11274K(984640K)] 3950168K->2982376K(4672832K), 0.0306310 secs] [Times: user=0.14 sys=0.01, real=0.03 secs] 
27294.909: [GC [PSYoungGen: 980426K->2720K(984768K)] 3951528K->2980752K(4672960K), 0.0324650 secs] [Times: user=0.12 sys=0.01, real=0.03 secs] 
27368.069: [GC [PSYoungGen: 971872K->2272K(985152K)] 3949904K->2980344K(4673344K), 0.0323710 secs] [Times: user=0.13 sys=0.00, real=0.03 secs] 
27433.362: [GC [PSYoungGen: 971296K->1376K(985536K)] 3949368K->2979488K(4673728K), 0.0290690 secs] [Times: user=0.14 sys=0.00, real=0.03 secs] 
27493.131: [GC [PSYoungGen: 970400K->640K(985856K)] 3948512K->2978792K(4674048K), 0.0387210 secs] [Times: user=0.13 sys=0.01, real=0.04 secs] 
27551.478: [GC [PSYoungGen: 969664K->3477K(972544K)] 3947816K->2981677K(4660736K), 0.0358520 secs] [Times: user=0.11 sys=0.00, real=0.04 secs] 
27627.553: [GC [PSYoungGen: 972501K->10634K(985472K)] 3950701K->2988875K(4673664K), 0.0307490 secs] [Times: user=0.13 sys=0.00, real=0.04 secs] 
27703.779: [GC [PSYoungGen: 979466K->10314K(985984K)] 3957707K->2988611K(4674176K), 0.0260740 secs] [Times: user=0.12 sys=0.00, real=0.03 secs] 
27781.467: [GC [PSYoungGen: 979146K->10634K(986240K)] 3957443K->2988995K(4674432K), 0.0198800 secs] [Times: user=0.13 sys=0.01, real=0.02 secs] 
27859.915: [GC [PSYoungGen: 979466K->10282K(986496K)] 3957827K->2988683K(4674688K), 0.0313100 secs] [Times: user=0.12 sys=0.00, real=0.03 secs] 
27938.317: [GC [PSYoungGen: 979114K->9770K(986240K)] 3957515K->2988243K(4674432K), 0.0391280 secs] [Times: user=0.12 sys=0.02, real=0.04 secs] 
28016.304: [GC [PSYoungGen: 978858K->10826K(986496K)] 3957331K->2989347K(4674688K), 0.0311210 secs] [Times: user=0.12 sys=0.01, real=0.03 secs] 
28094.739: [GC [PSYoungGen: 979914K->10122K(986304K)] 3958435K->2988699K(4674496K), 0.0307290 secs] [Times: user=0.12 sys=0.00, real=0.03 secs] 
28173.563: [GC [PSYoungGen: 979466K->10890K(986560K)] 3958043K->2989523K(4674752K), 0.0287350 secs] [Times: user=0.13 sys=0.00, real=0.03 secs] 
28251.924: [GC [PSYoungGen: 980234K->10890K(986816K)] 3958867K->2989563K(4675008K), 0.0277410 secs] [Times: user=0.12 sys=0.00, real=0.03 secs] 
28330.203: [GC [PSYoungGen: 980490K->10058K(979712K)] 3959163K->2988771K(4667904K), 0.0296120 secs] [Times: user=0.12 sys=0.01, real=0.03 secs] 
28407.868: [GC [PSYoungGen: 979658K->10890K(986496K)] 3958371K->2989643K(4674688K), 0.0282200 secs] [Times: user=0.13 sys=0.00, real=0.03 secs] 
28485.942: [GC [PSYoungGen: 980746K->11242K(986560K)] 3959499K->2990027K(4674752K), 0.0376580 secs] [Times: user=0.13 sys=0.00, real=0.04 secs] 
28564.074: [GC [PSYoungGen: 981098K->9930K(985664K)] 3959883K->2988747K(4673856K), 0.0318030 secs] [Times: user=0.12 sys=0.00, real=0.04 secs] 
28642.162: [GC [PSYoungGen: 980042K->9354K(979520K)] 3958859K->2988219K(4667712K), 0.0299520 secs] [Times: user=0.11 sys=0.00, real=0.03 secs] 
28720.403: [GC [PSYoungGen: 979466K->7861K(985216K)] 3958331K->2989947K(4673408K), 0.0324800 secs] [Times: user=0.12 sys=0.00, real=0.03 secs] 
28798.362: [GC [PSYoungGen: 978229K->3840K(985536K)] 3960315K->2989659K(4673728K), 0.0345610 secs] [Times: user=0.12 sys=0.00, real=0.03 secs] 
28873.727: [GC [PSYoungGen: 974208K->2752K(985856K)] 3960027K->2988611K(4674048K), 0.0277970 secs] [Times: user=0.11 sys=0.00, real=0.03 secs] 
28934.072: [GC [PSYoungGen: 973056K->1408K(986176K)] 3958915K->2987306K(4674368K), 0.0461020 secs] [Times: user=0.12 sys=0.01, real=0.04 secs] 
28991.870: [GC [PSYoungGen: 971712K->1056K(986624K)] 3957610K->2986978K(4674816K), 0.0451070 secs] [Times: user=0.12 sys=0.00, real=0.04 secs] 
29049.234: [GC [PSYoungGen: 971424K->11114K(986880K)] 3957346K->2997085K(4675072K), 0.0266050 secs] [Times: user=0.12 sys=0.00, real=0.03 secs] 
29148.061: [GC [PSYoungGen: 981482K->9738K(987648K)] 3967453K->2995749K(4675840K), 0.0308070 secs] [Times: user=0.13 sys=0.00, real=0.03 secs] 
29246.924: [GC [PSYoungGen: 980426K->10954K(987712K)] 3966437K->2996997K(4675904K), 0.0353090 secs] [Times: user=0.14 sys=0.00, real=0.04 secs] 
29326.695: [GC [PSYoungGen: 981642K->9738K(987776K)] 3967685K->2995821K(4675968K), 0.0268080 secs] [Times: user=0.12 sys=0.00, real=0.03 secs] 
29405.910: [GC [PSYoungGen: 980682K->10506K(988032K)] 3966765K->2996629K(4676224K), 0.0303080 secs] [Times: user=0.13 sys=0.01, real=0.03 secs] 
29485.212: [GC [PSYoungGen: 981450K->10666K(988288K)] 3967573K->2996837K(4676480K), 0.0297750 secs] [Times: user=0.12 sys=0.00, real=0.03 secs] 
29565.021: [GC [PSYoungGen: 981866K->10890K(988288K)] 3968037K->2997101K(4676480K), 0.0298780 secs] [Times: user=0.13 sys=0.01, real=0.03 secs] 
29644.386: [GC [PSYoungGen: 982090K->10858K(988480K)] 3968301K->2997109K(4676672K), 0.0278070 secs] [Times: user=0.13 sys=0.00, real=0.03 secs] 
29723.587: [GC [PSYoungGen: 982314K->10954K(988544K)] 3968565K->2997245K(4676736K), 0.0335690 secs] [Times: user=0.13 sys=0.00, real=0.03 secs] 
29802.761: [GC [PSYoungGen: 982410K->10186K(987904K)] 3968701K->2996517K(4676096K), 0.0319660 secs] [Times: user=0.12 sys=0.00, real=0.03 secs] 
29869.957: [GC [PSYoungGen: 981898K->9386K(981120K)] 3968229K->2995765K(4669312K), 0.0217510 secs] [Times: user=0.11 sys=0.00, real=0.02 secs] 
29937.032: [GC [PSYoungGen: 981098K->11050K(987840K)] 3967477K->2997477K(4676032K), 0.0266070 secs] [Times: user=0.13 sys=0.00, real=0.03 secs] 
30004.768: [GC [PSYoungGen: 983018K->10314K(982336K)] 3969445K->2996773K(4670528K), 0.0293480 secs] [Times: user=0.12 sys=0.00, real=0.03 secs] 
30072.268: [GC [PSYoungGen: 982282K->10378K(987264K)] 3968741K->2996877K(4675456K), 0.0287360 secs] [Times: user=0.12 sys=0.00, real=0.03 secs] 
30139.495: [GC [PSYoungGen: 982602K->10058K(982336K)] 3969101K->2996597K(4670528K), 0.0282590 secs] [Times: user=0.11 sys=0.00, real=0.03 secs] 
30206.763: [GC [PSYoungGen: 982282K->2432K(986560K)] 3968821K->2995901K(4674752K), 0.0285080 secs] [Times: user=0.12 sys=0.01, real=0.03 secs] 
30274.053: [GC [PSYoungGen: 974144K->4192K(987328K)] 3967613K->2997701K(4675520K), 0.0288830 secs] [Times: user=0.13 sys=0.01, real=0.03 secs] 
30341.503: [GC [PSYoungGen: 975904K->4512K(987584K)] 3969413K->2998061K(4675776K), 0.0297190 secs] [Times: user=0.13 sys=0.01, real=0.03 secs] 
30408.766: [GC [PSYoungGen: 976480K->2320K(987648K)] 3970029K->2995909K(4675840K), 0.0342990 secs] [Times: user=0.12 sys=0.01, real=0.04 secs] 
30473.704: [GC [PSYoungGen: 974288K->1856K(988096K)] 3967877K->2995485K(4676288K), 0.0337760 secs] [Times: user=0.14 sys=0.00, real=0.04 secs] 
30536.137: [GC [PSYoungGen: 974016K->1376K(988160K)] 3967645K->2995045K(4676352K), 0.0434080 secs] [Times: user=0.13 sys=0.01, real=0.04 secs] 
30605.259: [GC [PSYoungGen: 973536K->10602K(987968K)] 3967205K->3004311K(4676160K), 0.0325540 secs] [Times: user=0.14 sys=0.01, real=0.03 secs] 
30686.114: [GC [PSYoungGen: 982506K->10570K(988544K)] 3976215K->3004343K(4676736K), 0.0311330 secs] [Times: user=0.14 sys=0.02, real=0.03 secs] 
30766.233: [GC [PSYoungGen: 982474K->10794K(988928K)] 3976247K->3004615K(4677120K), 0.0252860 secs] [Times: user=0.13 sys=0.00, real=0.02 secs] 
30845.829: [GC [PSYoungGen: 982634K->10186K(989248K)] 3976455K->3004063K(4677440K), 0.0263050 secs] [Times: user=0.13 sys=0.00, real=0.03 secs] 
30925.842: [GC [PSYoungGen: 982026K->10442K(989504K)] 3975903K->3004375K(4677696K), 0.0244850 secs] [Times: user=0.13 sys=0.00, real=0.03 secs] 
31006.212: [GC [PSYoungGen: 982538K->11434K(989504K)] 3976471K->3005439K(4677696K), 0.0268400 secs] [Times: user=0.16 sys=0.00, real=0.03 secs] 
31086.704: [GC [PSYoungGen: 983530K->11114K(990016K)] 3977535K->3005175K(4678208K), 0.0243740 secs] [Times: user=0.16 sys=0.00, real=0.02 secs] 
31166.915: [GC [PSYoungGen: 983402K->10218K(982528K)] 3977463K->3004343K(4670720K), 0.0208710 secs] [Times: user=0.14 sys=0.00, real=0.02 secs] 
31246.961: [GC [PSYoungGen: 982506K->9802K(988928K)] 3976631K->3003991K(4677120K), 0.0237740 secs] [Times: user=0.14 sys=0.00, real=0.03 secs] 
31327.642: [GC [PSYoungGen: 982282K->10154K(982656K)] 3976471K->3004399K(4670848K), 0.0247620 secs] [Times: user=0.14 sys=0.00, real=0.03 secs] 
31407.722: [GC [PSYoungGen: 982634K->9962K(988416K)] 3976879K->3004287K(4676608K), 0.0205160 secs] [Times: user=0.15 sys=0.00, real=0.02 secs] 
31485.338: [GC [PSYoungGen: 982634K->11818K(988864K)] 3976959K->3006215K(4677056K), 0.0209250 secs] [Times: user=0.16 sys=0.00, real=0.02 secs] 
31563.986: [GC [PSYoungGen: 984490K->11594K(989312K)] 3978887K->3006031K(4677504K), 0.0300040 secs] [Times: user=0.13 sys=0.00, real=0.03 secs] 
31642.516: [GC [PSYoungGen: 984394K->9898K(982720K)] 3978831K->3004391K(4670912K), 0.0237610 secs] [Times: user=0.12 sys=0.00, real=0.02 secs] 
31720.531: [GC [PSYoungGen: 982698K->11370K(988992K)] 3977191K->3005895K(4677184K), 0.0324550 secs] [Times: user=0.12 sys=0.01, real=0.03 secs] 
31799.555: [GC [PSYoungGen: 984362K->4096K(988992K)] 3978887K->3005543K(4677184K), 0.0319110 secs] [Times: user=0.12 sys=0.00, real=0.03 secs] 
31878.648: [GC [PSYoungGen: 977088K->4224K(989440K)] 3978535K->3005703K(4677632K), 0.0297380 secs] [Times: user=0.11 sys=0.00, real=0.03 secs] 
31954.679: [GC [PSYoungGen: 977280K->3072K(989568K)] 3978759K->3004591K(4677760K), 0.0345600 secs] [Times: user=0.13 sys=0.00, real=0.04 secs] 
32019.600: [GC [PSYoungGen: 976128K->1152K(989696K)] 3977647K->3002711K(4677888K), 0.0292810 secs] [Times: user=0.12 sys=0.01, real=0.03 secs] 
32074.057: [GC [PSYoungGen: 974144K->1248K(990016K)] 3975703K->3002855K(4678208K), 0.0365990 secs] [Times: user=0.12 sys=0.00, real=0.04 secs] 
32128.463: [GC [PSYoungGen: 974240K->1216K(990400K)] 3975847K->3002855K(4678592K), 0.0396570 secs] [Times: user=0.10 sys=0.02, real=0.04 secs] 
32190.688: [GC [PSYoungGen: 974528K->10922K(990400K)] 3976167K->3012618K(4678592K), 0.0228410 secs] [Times: user=0.12 sys=0.00, real=0.02 secs] 
32256.008: [GC [PSYoungGen: 984234K->9322K(990976K)] 3985930K->3011082K(4679168K), 0.0216670 secs] [Times: user=0.11 sys=0.01, real=0.02 secs] 
32320.926: [GC [PSYoungGen: 982890K->11146K(991168K)] 3984650K->3012946K(4679360K), 0.0267480 secs] [Times: user=0.13 sys=0.00, real=0.02 secs] 
32386.077: [GC [PSYoungGen: 984714K->10442K(991808K)] 3986514K->3012282K(4680000K), 0.0300160 secs] [Times: user=0.11 sys=0.00, real=0.03 secs] 
32451.145: [GC [PSYoungGen: 984202K->9578K(983360K)] 3986042K->3011450K(4671552K), 0.0280840 secs] [Times: user=0.10 sys=0.00, real=0.03 secs] 
32516.434: [GC [PSYoungGen: 983338K->11018K(991680K)] 3985210K->3012930K(4679872K), 0.0257730 secs] [Times: user=0.12 sys=0.00, real=0.03 secs] 
32581.973: [GC [PSYoungGen: 984906K->10762K(991808K)] 3986818K->3012714K(4680000K), 0.0254890 secs] [Times: user=0.11 sys=0.00, real=0.03 secs] 
32647.155: [GC [PSYoungGen: 984650K->9578K(990912K)] 3986602K->3011578K(4679104K), 0.0246510 secs] [Times: user=0.11 sys=0.00, real=0.03 secs] 
32712.505: [GC [PSYoungGen: 983722K->11114K(991488K)] 3985722K->3013162K(4679680K), 0.0206010 secs] [Times: user=0.12 sys=0.00, real=0.02 secs] 
32777.630: [GC [PSYoungGen: 985258K->10410K(991296K)] 3987306K->3012514K(4679488K), 0.0274330 secs] [Times: user=0.12 sys=0.01, real=0.03 secs] 
32843.050: [GC [PSYoungGen: 984810K->11146K(991552K)] 3986914K->3013306K(4679744K), 0.0285780 secs] [Times: user=0.13 sys=0.01, real=0.03 secs] 
32920.523: [GC [PSYoungGen: 985546K->11146K(991680K)] 3987706K->3013354K(4679872K), 0.0199850 secs] [Times: user=0.11 sys=0.00, real=0.02 secs] 
32985.622: [GC [PSYoungGen: 985802K->10506K(985216K)] 3988010K->3012762K(4673408K), 0.0223990 secs] [Times: user=0.11 sys=0.00, real=0.02 secs] 
33050.764: [GC [PSYoungGen: 985162K->11178K(991488K)] 3987418K->3013482K(4679680K), 0.0228980 secs] [Times: user=0.13 sys=0.00, real=0.02 secs] 
33115.946: [GC [PSYoungGen: 986090K->11338K(946112K)] 3988394K->3013706K(4634304K), 0.0223620 secs] [Times: user=0.13 sys=0.01, real=0.03 secs] 
33179.175: [GC [PSYoungGen: 946058K->2304K(898816K)] 3948426K->3011618K(4587008K), 0.0210270 secs] [Times: user=0.11 sys=0.00, real=0.02 secs] 
33246.844: [GC [PSYoungGen: 898752K->5088K(865152K)] 3908066K->3014442K(4553344K), 0.0263390 secs] [Times: user=0.12 sys=0.01, real=0.03 secs] 
33306.244: [GC [PSYoungGen: 865120K->3424K(828800K)] 3874474K->3012826K(4516992K), 0.0239650 secs] [Times: user=0.11 sys=0.01, real=0.03 secs] 
33361.541: [GC [PSYoungGen: 828768K->3360K(795712K)] 3838170K->3012802K(4483904K), 0.0262420 secs] [Times: user=0.11 sys=0.00, real=0.03 secs] 
33414.806: [GC [PSYoungGen: 795680K->3584K(764544K)] 3805122K->3013098K(4452736K), 0.0325970 secs] [Times: user=0.12 sys=0.02, real=0.03 secs] 
33465.710: [GC [PSYoungGen: 764480K->4768K(735808K)] 3773994K->3014330K(4424000K), 0.0222360 secs] [Times: user=0.12 sys=0.01, real=0.02 secs] 
33513.286: [GC [PSYoungGen: 735776K->3136K(705728K)] 3745338K->3012754K(4393920K), 0.0281150 secs] [Times: user=0.12 sys=0.01, real=0.03 secs] 
33556.326: [GC [PSYoungGen: 705664K->960K(703808K)] 3715282K->3010633K(4392000K), 0.0259230 secs] [Times: user=0.12 sys=0.01, real=0.02 secs] 
33626.056: [GC [PSYoungGen: 703744K->11018K(686720K)] 3713417K->3020772K(4374912K), 0.0223170 secs] [Times: user=0.14 sys=0.00, real=0.02 secs] 
33685.877: [GC [PSYoungGen: 686666K->10666K(660480K)] 3696420K->3020468K(4348672K), 0.0262370 secs] [Times: user=0.14 sys=0.00, real=0.02 secs] 
33739.167: [GC [PSYoungGen: 660458K->10762K(635968K)] 3670260K->3020620K(4324160K), 0.0230400 secs] [Times: user=0.14 sys=0.00, real=0.02 secs] 
33789.894: [GC [PSYoungGen: 635914K->11018K(612736K)] 3645772K->3020932K(4300928K), 0.0229560 secs] [Times: user=0.14 sys=0.00, real=0.02 secs] 
33839.191: [GC [PSYoungGen: 612682K->11242K(590528K)] 3622596K->3021212K(4278720K), 0.0249710 secs] [Times: user=0.14 sys=0.00, real=0.02 secs] 
33886.769: [GC [PSYoungGen: 590506K->11018K(569024K)] 3600476K->3021044K(4257216K), 0.0230580 secs] [Times: user=0.13 sys=0.00, real=0.02 secs] 
33932.445: [GC [PSYoungGen: 568970K->10026K(547648K)] 3578996K->3020108K(4235840K), 0.0237090 secs] [Times: user=0.14 sys=0.00, real=0.02 secs] 
33976.381: [GC [PSYoungGen: 547626K->11466K(529728K)] 3557708K->3021596K(4217920K), 0.0281460 secs] [Times: user=0.14 sys=0.00, real=0.03 secs] 
34018.771: [GC [PSYoungGen: 529674K->11114K(510848K)] 3539804K->3021292K(4199040K), 0.0266580 secs] [Times: user=0.14 sys=0.01, real=0.03 secs] 
34059.683: [GC [PSYoungGen: 510826K->9290K(491392K)] 3521004K->3019524K(4179584K), 0.0226270 secs] [Times: user=0.12 sys=0.00, real=0.02 secs] 
34098.804: [GC [PSYoungGen: 491338K->11018K(476288K)] 3501572K->3021300K(4164480K), 0.0251180 secs] [Times: user=0.13 sys=0.00, real=0.03 secs] 
34137.204: [GC [PSYoungGen: 476234K->9802K(459008K)] 3486516K->3020140K(4147200K), 0.0228870 secs] [Times: user=0.12 sys=0.01, real=0.02 secs] 
34173.866: [GC [PSYoungGen: 458954K->9610K(443456K)] 3469292K->3019988K(4131648K), 0.0292890 secs] [Times: user=0.14 sys=0.00, real=0.03 secs] 
34209.467: [GC [PSYoungGen: 443402K->10250K(429440K)] 3453780K->3020684K(4117632K), 0.0245470 secs] [Times: user=0.12 sys=0.00, real=0.02 secs] 
34243.679: [GC [PSYoungGen: 429386K->11178K(416320K)] 3439820K->3021668K(4104512K), 0.0261770 secs] [Times: user=0.14 sys=0.00, real=0.02 secs] 
34276.894: [GC [PSYoungGen: 416298K->4224K(409600K)] 3426788K->3021668K(4097792K), 0.0279210 secs] [Times: user=0.15 sys=0.00, real=0.03 secs] 
34310.296: [GC [PSYoungGen: 409536K->3552K(409088K)] 3426980K->3021044K(4097280K), 0.0298070 secs] [Times: user=0.14 sys=0.00, real=0.03 secs] 
34343.553: [GC [PSYoungGen: 409056K->4608K(410368K)] 3426548K->3022140K(4098560K), 0.0292430 secs] [Times: user=0.15 sys=0.00, real=0.03 secs] 
34376.804: [GC [PSYoungGen: 410304K->2400K(408320K)] 3427836K->3019980K(4096512K), 0.0254660 secs] [Times: user=0.14 sys=0.01, real=0.03 secs] 
34409.641: [GC [PSYoungGen: 408288K->4576K(410688K)] 3425868K->3022204K(4098880K), 0.0214140 secs] [Times: user=0.14 sys=0.00, real=0.02 secs] 
34442.234: [GC [PSYoungGen: 410656K->3296K(409600K)] 3428284K->3020964K(4097792K), 0.0290780 secs] [Times: user=0.16 sys=0.01, real=0.03 secs] 
34474.843: [GC [PSYoungGen: 409568K->4992K(411520K)] 3427236K->3022716K(4099712K), 0.0250160 secs] [Times: user=0.16 sys=0.00, real=0.03 secs] 
34507.485: [GC [PSYoungGen: 411456K->3584K(410304K)] 3429180K->3021340K(4098496K), 0.0270190 secs] [Times: user=0.14 sys=0.01, real=0.03 secs] 
34540.099: [GC [PSYoungGen: 410240K->4736K(411648K)] 3427996K->3022532K(4099840K), 0.0281800 secs] [Times: user=0.15 sys=0.01, real=0.03 secs] 
34572.918: [GC [PSYoungGen: 411584K->3744K(410816K)] 3429380K->3021580K(4099008K), 0.0291860 secs] [Times: user=0.14 sys=0.01, real=0.03 secs] 
34605.406: [GC [PSYoungGen: 410784K->3840K(411136K)] 3428620K->3021724K(4099328K), 0.0244970 secs] [Times: user=0.12 sys=0.00, real=0.02 secs] 
34638.379: [GC [PSYoungGen: 411072K->4192K(411648K)] 3428956K->3022116K(4099840K), 0.0278710 secs] [Times: user=0.13 sys=0.00, real=0.02 secs] 
34671.241: [GC [PSYoungGen: 411616K->3520K(397504K)] 3429540K->3021492K(4085696K), 0.0251950 secs] [Times: user=0.13 sys=0.01, real=0.03 secs] 
34702.713: [GC [PSYoungGen: 397440K->4672K(398848K)] 3415412K->3022684K(4087040K), 0.0318570 secs] [Times: user=0.16 sys=0.01, real=0.03 secs] 
34734.440: [GC [PSYoungGen: 398784K->4160K(398528K)] 3416796K->3022212K(4086720K), 0.0244470 secs] [Times: user=0.13 sys=0.00, real=0.03 secs] 
34766.274: [GC [PSYoungGen: 398464K->3584K(385024K)] 3416516K->3021684K(4073216K), 0.0272190 secs] [Times: user=0.14 sys=0.01, real=0.03 secs] 
34796.897: [GC [PSYoungGen: 384960K->3680K(385280K)] 3403060K->3021820K(4073472K), 0.0291550 secs] [Times: user=0.14 sys=0.00, real=0.03 secs] 
34827.827: [GC [PSYoungGen: 385248K->3680K(385472K)] 3403388K->3021868K(4073664K), 0.0281350 secs] [Times: user=0.15 sys=0.01, real=0.02 secs] 
34858.480: [GC [PSYoungGen: 385440K->5056K(374528K)] 3403628K->3023292K(4062720K), 0.0243630 secs] [Times: user=0.16 sys=0.00, real=0.03 secs] 
34888.271: [GC [PSYoungGen: 374464K->3968K(361600K)] 3392700K->3022236K(4049792K), 0.0224770 secs] [Times: user=0.15 sys=0.00, real=0.02 secs] 
34916.982: [GC [PSYoungGen: 361536K->3104K(349376K)] 3379804K->3021420K(4037568K), 0.0211070 secs] [Times: user=0.14 sys=0.00, real=0.02 secs] 
34944.226: [GC [PSYoungGen: 349344K->1760K(337216K)] 3367660K->3020116K(4025408K), 0.0242490 secs] [Times: user=0.12 sys=0.01, real=0.02 secs] 
34970.559: [GC [PSYoungGen: 337184K->3808K(328896K)] 3355540K->3022204K(4017088K), 0.0288750 secs] [Times: user=0.16 sys=0.00, real=0.03 secs] 
34994.013: [GC [PSYoungGen: 328864K->2400K(327680K)] 3347260K->3020844K(4015872K), 0.0272930 secs] [Times: user=0.14 sys=0.01, real=0.03 secs] 
35014.254: [GC [PSYoungGen: 327648K->1536K(327040K)] 3346092K->3020028K(4015232K), 0.0271440 secs] [Times: user=0.14 sys=0.02, real=0.03 secs] 
35033.614: [GC [PSYoungGen: 326976K->896K(326656K)] 3345468K->3019436K(4014848K), 0.0295770 secs] [Times: user=0.14 sys=0.01, real=0.03 secs] 
35052.936: [GC [PSYoungGen: 326592K->928K(326912K)] 3345132K->3019500K(4015104K), 0.0325150 secs] [Times: user=0.12 sys=0.01, real=0.03 secs] 
35072.185: [GC [PSYoungGen: 326880K->416K(326656K)] 3345452K->3019020K(4014848K), 0.0267610 secs] [Times: user=0.12 sys=0.02, real=0.02 secs] 
35091.449: [GC [PSYoungGen: 326624K->1120K(327616K)] 3345228K->3019772K(4015808K), 0.0267120 secs] [Times: user=0.14 sys=0.00, real=0.02 secs] 
35110.736: [GC [PSYoungGen: 327584K->1248K(328064K)] 3346236K->3019924K(4016256K), 0.0355740 secs] [Times: user=0.14 sys=0.02, real=0.04 secs] 
35129.944: [GC [PSYoungGen: 328032K->1632K(328768K)] 3346708K->3020348K(4016960K), 0.0298700 secs] [Times: user=0.14 sys=0.00, real=0.03 secs] 
35149.361: [GC [PSYoungGen: 328736K->1408K(328896K)] 3347452K->3020172K(4017088K), 0.0289510 secs] [Times: user=0.13 sys=0.01, real=0.03 secs] 
35168.679: [GC [PSYoungGen: 328832K->1280K(329088K)] 3347596K->3020092K(4017280K), 0.0290590 secs] [Times: user=0.14 sys=0.01, real=0.03 secs] 
35187.774: [GC [PSYoungGen: 329024K->7093K(335104K)] 3347836K->3029718K(4023296K), 0.0239000 secs] [Times: user=0.13 sys=0.00, real=0.02 secs] 
35214.342: [GC [PSYoungGen: 335093K->7733K(336000K)] 3357718K->3030398K(4024192K), 0.0244910 secs] [Times: user=0.13 sys=0.01, real=0.03 secs] 
35241.064: [GC [PSYoungGen: 335989K->4794K(333312K)] 3358654K->3029174K(4021504K), 0.0233170 secs] [Times: user=0.12 sys=0.00, real=0.02 secs] 
35267.735: [GC [PSYoungGen: 333306K->5466K(334272K)] 3357686K->3029878K(4022464K), 0.0222090 secs] [Times: user=0.12 sys=0.01, real=0.02 secs] 
35294.486: [GC [PSYoungGen: 334234K->6810K(335872K)] 3358646K->3031222K(4024064K), 0.0269860 secs] [Times: user=0.14 sys=0.01, real=0.03 secs] 
35321.323: [GC [PSYoungGen: 335834K->5274K(334528K)] 3360246K->3029718K(4022720K), 0.0243940 secs] [Times: user=0.12 sys=0.00, real=0.02 secs] 
35348.100: [GC [PSYoungGen: 334490K->5818K(324928K)] 3358934K->3030302K(4013120K), 0.0229950 secs] [Times: user=0.13 sys=0.01, real=0.02 secs] 
35374.079: [GC [PSYoungGen: 324922K->5658K(324992K)] 3349406K->3030174K(4013184K), 0.0365780 secs] [Times: user=0.14 sys=0.01, real=0.04 secs] 
35400.128: [GC [PSYoungGen: 324954K->5402K(324928K)] 3349470K->3029950K(4013120K), 0.0239280 secs] [Times: user=0.13 sys=0.00, real=0.02 secs] 
35426.092: [GC [PSYoungGen: 324890K->5114K(324800K)] 3349438K->3029702K(4012992K), 0.0311870 secs] [Times: user=0.14 sys=0.00, real=0.03 secs] 
35451.899: [GC [PSYoungGen: 324794K->6266K(326144K)] 3349382K->3030902K(4014336K), 0.0234770 secs] [Times: user=0.14 sys=0.00, real=0.03 secs] 
35478.114: [GC [PSYoungGen: 326138K->5530K(325632K)] 3350774K->3030198K(4013824K), 0.0289400 secs] [Times: user=0.13 sys=0.00, real=0.03 secs] 
35504.284: [GC [PSYoungGen: 325594K->4314K(314688K)] 3350262K->3029022K(4002880K), 0.0224620 secs] [Times: user=0.13 sys=0.00, real=0.02 secs] 
35529.288: [GC [PSYoungGen: 314650K->6490K(307584K)] 3339358K->3031246K(3995776K), 0.0263220 secs] [Times: user=0.14 sys=0.00, real=0.03 secs] 
35553.909: [GC [PSYoungGen: 307546K->6074K(298240K)] 3332302K->3030862K(3986432K), 0.0263930 secs] [Times: user=0.15 sys=0.01, real=0.02 secs] 
35577.671: [GC [PSYoungGen: 298234K->4288K(288000K)] 3323022K->3031086K(3976192K), 0.0254410 secs] [Times: user=0.14 sys=0.01, real=0.03 secs] 
35600.999: [GC [PSYoungGen: 287936K->2592K(278080K)] 3314734K->3029422K(3966272K), 0.0223430 secs] [Times: user=0.14 sys=0.01, real=0.02 secs] 
35623.572: [GC [PSYoungGen: 278048K->3168K(270784K)] 3304878K->3030022K(3958976K), 0.0226170 secs] [Times: user=0.15 sys=0.01, real=0.02 secs] 
35645.790: [GC [PSYoungGen: 270752K->4256K(272064K)] 3297606K->3031150K(3960256K), 0.0287810 secs] [Times: user=0.21 sys=0.01, real=0.03 secs] 
35674.134: [GC [PSYoungGen: 272032K->2176K(262464K)] 3298926K->3029102K(3950656K), 0.0228290 secs] [Times: user=0.17 sys=0.01, real=0.03 secs] 
35701.484: [GC [PSYoungGen: 262400K->4160K(257216K)] 3289326K->3031102K(3945408K), 0.0252010 secs] [Times: user=0.21 sys=0.00, real=0.02 secs] 
35728.180: [GC [PSYoungGen: 257152K->3280K(249408K)] 3284094K->3030246K(3937600K), 0.0239260 secs] [Times: user=0.17 sys=0.01, real=0.02 secs] 
35753.971: [GC [PSYoungGen: 249360K->3840K(243328K)] 3276326K->3030814K(3931520K), 0.0266920 secs] [Times: user=0.20 sys=0.01, real=0.02 secs] 
35779.051: [GC [PSYoungGen: 243264K->4608K(237696K)] 3270238K->3031622K(3925888K), 0.0333540 secs] [Times: user=0.19 sys=0.01, real=0.04 secs] 
35799.619: [GC [PSYoungGen: 237632K->3744K(236992K)] 3264646K->3030790K(3925184K), 0.0259610 secs] [Times: user=0.19 sys=0.01, real=0.02 secs] 
35818.911: [GC [PSYoungGen: 236960K->4064K(237504K)] 3264006K->3031142K(3925696K), 0.0235500 secs] [Times: user=0.16 sys=0.01, real=0.02 secs] 
35838.145: [GC [PSYoungGen: 237472K->4192K(237824K)] 3264550K->3031302K(3926016K), 0.0240140 secs] [Times: user=0.19 sys=0.00, real=0.02 secs] 
35857.506: [GC [PSYoungGen: 237792K->4704K(238528K)] 3264902K->3031838K(3926720K), 0.0263750 secs] [Times: user=0.23 sys=0.00, real=0.02 secs] 
35876.733: [GC [PSYoungGen: 238496K->4032K(238080K)] 3265630K->3031454K(3926272K), 0.0241950 secs] [Times: user=0.18 sys=0.00, real=0.03 secs] 
35895.848: [GC [PSYoungGen: 238016K->4224K(238464K)] 3265438K->3031670K(3926656K), 0.0250950 secs] [Times: user=0.24 sys=0.00, real=0.03 secs] 
35914.757: [GC [PSYoungGen: 238400K->3616K(238016K)] 3265846K->3031086K(3926208K), 0.0249610 secs] [Times: user=0.18 sys=0.01, real=0.02 secs] 
35933.715: [GC [PSYoungGen: 237984K->4256K(238848K)] 3265454K->3031758K(3927040K), 0.0250440 secs] [Times: user=0.20 sys=0.01, real=0.03 secs] 
35952.734: [GC [PSYoungGen: 238816K->3616K(238400K)] 3266318K->3031134K(3926592K), 0.0208400 secs] [Times: user=0.23 sys=0.00, real=0.02 secs] 
35971.771: [GC [PSYoungGen: 238368K->2208K(237184K)] 3265886K->3029750K(3925376K), 0.0212970 secs] [Times: user=0.19 sys=0.00, real=0.03 secs] 
35990.711: [GC [PSYoungGen: 237152K->3232K(232000K)] 3264694K->3030822K(3920192K), 0.0195590 secs] [Times: user=0.16 sys=0.01, real=0.02 secs] 
36007.296: [GC [PSYoungGen: 231968K->2592K(225344K)] 3259558K->3030214K(3913536K), 0.0161670 secs] [Times: user=0.16 sys=0.00, real=0.02 secs] 
36022.743: [GC [PSYoungGen: 225312K->3936K(220928K)] 3252934K->3031582K(3909120K), 0.0192990 secs] [Times: user=0.18 sys=0.01, real=0.02 secs] 
36037.729: [GC [PSYoungGen: 220896K->3616K(220800K)] 3248542K->3031294K(3908992K), 0.0254170 secs] [Times: user=0.25 sys=0.00, real=0.03 secs] 
36052.897: [GC [PSYoungGen: 220768K->3424K(220800K)] 3248446K->3031134K(3908992K), 0.0213090 secs] [Times: user=0.25 sys=0.00, real=0.02 secs] 
36068.012: [GC [PSYoungGen: 220768K->3904K(221504K)] 3248478K->3031654K(3909696K), 0.0224600 secs] [Times: user=0.21 sys=0.00, real=0.02 secs] 
36083.091: [GC [PSYoungGen: 221440K->3616K(221376K)] 3249190K->3032326K(3909568K), 0.0272940 secs] [Times: user=0.31 sys=0.00, real=0.03 secs] 
36098.315: [GC [PSYoungGen: 221344K->3264K(221248K)] 3250054K->3032006K(3909440K), 0.0200210 secs] [Times: user=0.21 sys=0.00, real=0.02 secs] 
36113.392: [GC [PSYoungGen: 221184K->4192K(222336K)] 3249926K->3033022K(3910528K), 0.0184980 secs] [Times: user=0.22 sys=0.00, real=0.02 secs] 
36128.669: [GC [PSYoungGen: 222304K->2816K(221184K)] 3251134K->3031678K(3909376K), 0.0229360 secs] [Times: user=0.24 sys=0.01, real=0.02 secs] 
36143.734: [GC [PSYoungGen: 221120K->3744K(222272K)] 3249982K->3032606K(3910464K), 0.0192950 secs] [Times: user=0.23 sys=0.00, real=0.02 secs] 
36159.102: [GC [PSYoungGen: 222240K->4032K(222784K)] 3251102K->3032934K(3910976K), 0.0297080 secs] [Times: user=0.30 sys=0.00, real=0.03 secs] 
36174.229: [GC [PSYoungGen: 222720K->2912K(221824K)] 3251622K->3032430K(3910016K), 0.0189060 secs] [Times: user=0.24 sys=0.00, real=0.02 secs] 
36189.507: [GC [PSYoungGen: 221792K->3424K(222528K)] 3251310K->3032998K(3910720K), 0.0220590 secs] [Times: user=0.23 sys=0.01, real=0.02 secs] 
36204.648: [GC [PSYoungGen: 222496K->4000K(223296K)] 3252070K->3033606K(3911488K), 0.0190520 secs] [Times: user=0.21 sys=0.00, real=0.02 secs] 
36220.009: [GC [PSYoungGen: 223264K->2688K(222208K)] 3252870K->3032318K(3910400K), 0.0182330 secs] [Times: user=0.19 sys=0.00, real=0.01 secs] 
36235.069: [GC [PSYoungGen: 222144K->3360K(223040K)] 3251774K->3034214K(3911232K), 0.0267080 secs] [Times: user=0.30 sys=0.00, real=0.03 secs] 
36250.270: [GC [PSYoungGen: 223008K->3520K(223424K)] 3253862K->3034414K(3911616K), 0.0222500 secs] [Times: user=0.26 sys=0.01, real=0.02 secs] 
36265.531: [GC [PSYoungGen: 223360K->3680K(223744K)] 3254254K->3035446K(3911936K), 0.0211590 secs] [Times: user=0.24 sys=0.00, real=0.02 secs] 
36280.740: [GC [PSYoungGen: 223712K->3808K(224064K)] 3255478K->3035606K(3912256K), 0.0213430 secs] [Times: user=0.16 sys=0.01, real=0.02 secs] 
36295.950: [GC [PSYoungGen: 224032K->3168K(223616K)] 3255830K->3034966K(3911808K), 0.0287610 secs] [Times: user=0.14 sys=0.01, real=0.03 secs] 
36311.071: [GC [PSYoungGen: 223584K->3776K(224448K)] 3255382K->3035614K(3912640K), 0.0218160 secs] [Times: user=0.14 sys=0.00, real=0.02 secs] 
36326.197: [GC [PSYoungGen: 224384K->3360K(224192K)] 3256222K->3036030K(3912384K), 0.0272390 secs] [Times: user=0.17 sys=0.01, real=0.02 secs] 
36341.390: [GC [PSYoungGen: 224160K->3936K(225024K)] 3256830K->3036638K(3913216K), 0.0258070 secs] [Times: user=0.16 sys=0.00, real=0.02 secs] 
36356.655: [GC [PSYoungGen: 224992K->2912K(224256K)] 3257694K->3036342K(3912448K), 0.0234290 secs] [Times: user=0.15 sys=0.00, real=0.02 secs] 
36371.806: [GC [PSYoungGen: 224224K->4288K(225920K)] 3257654K->3037758K(3914112K), 0.0248020 secs] [Times: user=0.16 sys=0.01, real=0.02 secs] 
36387.095: [GC [PSYoungGen: 225856K->2592K(224448K)] 3259326K->3037118K(3912640K), 0.0258600 secs] [Times: user=0.15 sys=0.00, real=0.02 secs] 
36402.409: [GC [PSYoungGen: 224416K->4128K(226240K)] 3258942K->3038686K(3914432K), 0.0236480 secs] [Times: user=0.14 sys=0.00, real=0.02 secs] 
36419.762: [GC [PSYoungGen: 226208K->3104K(225408K)] 3260766K->3038398K(3913600K), 0.0258550 secs] [Times: user=0.13 sys=0.00, real=0.02 secs] 
36437.656: [GC [PSYoungGen: 225376K->2048K(224576K)] 3260670K->3037374K(3912768K), 0.0232840 secs] [Times: user=0.12 sys=0.01, real=0.02 secs] 
36455.177: [GC [PSYoungGen: 224512K->4512K(227200K)] 3259838K->3039886K(3915392K), 0.0240840 secs] [Times: user=0.15 sys=0.00, real=0.02 secs] 
36472.925: [GC [PSYoungGen: 227168K->3808K(226752K)] 3262542K->3039222K(3914944K), 0.0354960 secs] [Times: user=0.17 sys=0.01, real=0.04 secs] 
36490.587: [GC [PSYoungGen: 226720K->2144K(225344K)] 3262134K->3039190K(3913536K), 0.0277760 secs] [Times: user=0.17 sys=0.00, real=0.03 secs] 
36508.293: [GC [PSYoungGen: 225312K->4000K(227392K)] 3262358K->3041070K(3915584K), 0.0251010 secs] [Times: user=0.16 sys=0.00, real=0.02 secs] 
36525.920: [GC [PSYoungGen: 227360K->3808K(227392K)] 3264430K->3041598K(3915584K), 0.0284060 secs] [Times: user=0.17 sys=0.00, real=0.03 secs] 
36543.810: [GC [PSYoungGen: 227360K->3072K(226880K)] 3265150K->3040870K(3915072K), 0.0283310 secs] [Times: user=0.14 sys=0.01, real=0.03 secs] 
36560.250: [GC [PSYoungGen: 226816K->2368K(226432K)] 3264614K->3040166K(3914624K), 0.0274930 secs] [Times: user=0.15 sys=0.01, real=0.03 secs] 
36576.701: [GC [PSYoungGen: 226368K->2752K(227008K)] 3264166K->3040574K(3915200K), 0.0225310 secs] [Times: user=0.14 sys=0.00, real=0.03 secs] 
36593.302: [GC [PSYoungGen: 226944K->2080K(226496K)] 3264766K->3039910K(3914688K), 0.0265940 secs] [Times: user=0.14 sys=0.01, real=0.03 secs] 
36609.775: [GC [PSYoungGen: 226464K->2848K(227520K)] 3264294K->3040694K(3915712K), 0.0297200 secs] [Times: user=0.13 sys=0.00, real=0.03 secs] 
36626.437: [GC [PSYoungGen: 227488K->1600K(226560K)] 3265334K->3039462K(3914752K), 0.0261950 secs] [Times: user=0.13 sys=0.01, real=0.03 secs] 
36641.587: [GC [PSYoungGen: 226496K->2368K(227584K)] 3264358K->3040246K(3915776K), 0.0353740 secs] [Times: user=0.18 sys=0.01, real=0.03 secs] 
36656.246: [GC [PSYoungGen: 227520K->1344K(226816K)] 3265398K->3039238K(3915008K), 0.0297130 secs] [Times: user=0.13 sys=0.00, real=0.03 secs] 
36670.880: [GC [PSYoungGen: 226752K->1280K(227008K)] 3264646K->3039198K(3915200K), 0.0299700 secs] [Times: user=0.15 sys=0.01, real=0.03 secs] 
36685.489: [GC [PSYoungGen: 226944K->1472K(227456K)] 3264862K->3039398K(3915648K), 0.0279530 secs] [Times: user=0.14 sys=0.02, real=0.03 secs] 
36700.163: [GC [PSYoungGen: 227392K->2592K(228800K)] 3265318K->3040542K(3916992K), 0.0301760 secs] [Times: user=0.16 sys=0.01, real=0.03 secs] 
36714.819: [GC [PSYoungGen: 228768K->2560K(229056K)] 3266718K->3040526K(3917248K), 0.0339650 secs] [Times: user=0.17 sys=0.01, real=0.03 secs] 
36729.568: [GC [PSYoungGen: 228992K->2048K(228800K)] 3266958K->3040054K(3916992K), 0.0301840 secs] [Times: user=0.15 sys=0.01, real=0.03 secs] 
36743.508: [GC [PSYoungGen: 228736K->1984K(228992K)] 3266742K->3040014K(3917184K), 0.0234520 secs] [Times: user=0.16 sys=0.00, real=0.03 secs] 
36757.174: [GC [PSYoungGen: 228928K->672K(227904K)] 3266958K->3038734K(3916096K), 0.0339870 secs] [Times: user=0.12 sys=0.00, real=0.03 secs] 
36770.836: [GC [PSYoungGen: 227872K->2528K(230080K)] 3265934K->3040622K(3918272K), 0.0308240 secs] [Times: user=0.16 sys=0.02, real=0.03 secs] 
36784.626: [GC [PSYoungGen: 230048K->640K(228544K)] 3268142K->3038758K(3916736K), 0.0277710 secs] [Times: user=0.14 sys=0.01, real=0.02 secs] 
36800.062: [GC [PSYoungGen: 228480K->4597K(232704K)] 3266598K->3046913K(3920896K), 0.0229810 secs] [Times: user=0.13 sys=0.00, real=0.02 secs] 
36818.480: [GC [PSYoungGen: 232693K->6837K(235200K)] 3275009K->3049489K(3923392K), 0.0275670 secs] [Times: user=0.14 sys=0.00, real=0.03 secs] 
36836.984: [GC [PSYoungGen: 235189K->2272K(230912K)] 3277841K->3049585K(3919104K), 0.0256040 secs] [Times: user=0.15 sys=0.00, real=0.02 secs] 
36855.516: [GC [PSYoungGen: 230880K->4256K(233152K)] 3278193K->3051609K(3921344K), 0.0220890 secs] [Times: user=0.13 sys=0.00, real=0.02 secs] 
36874.140: [GC [PSYoungGen: 233120K->3456K(232640K)] 3280473K->3050809K(3920832K), 0.0286680 secs] [Times: user=0.12 sys=0.00, real=0.03 secs] 
36892.915: [GC [PSYoungGen: 232576K->4096K(233472K)] 3279929K->3051449K(3921664K), 0.0224540 secs] [Times: user=0.14 sys=0.01, real=0.02 secs] 
36911.395: [GC [PSYoungGen: 233408K->5664K(235200K)] 3280761K->3053017K(3923392K), 0.0255700 secs] [Times: user=0.16 sys=0.00, real=0.02 secs] 
36930.240: [GC [PSYoungGen: 235168K->4096K(233856K)] 3282521K->3051481K(3922048K), 0.0247340 secs] [Times: user=0.13 sys=0.00, real=0.02 secs] 
36948.952: [GC [PSYoungGen: 233792K->4192K(234112K)] 3281177K->3051601K(3922304K), 0.0259470 secs] [Times: user=0.14 sys=0.00, real=0.02 secs] 
36967.626: [GC [PSYoungGen: 234080K->3296K(233408K)] 3281489K->3050737K(3921600K), 0.0268080 secs] [Times: user=0.13 sys=0.00, real=0.02 secs] 
36985.779: [GC [PSYoungGen: 233376K->5152K(235456K)] 3280817K->3052625K(3923648K), 0.0252730 secs] [Times: user=0.15 sys=0.00, real=0.02 secs] 
37004.192: [GC [PSYoungGen: 235424K->4384K(234880K)] 3282897K->3051865K(3923072K), 0.0281120 secs] [Times: user=0.15 sys=0.01, real=0.03 secs] 
37022.498: [GC [PSYoungGen: 234848K->4096K(228544K)] 3282329K->3051601K(3916736K), 0.0234430 secs] [Times: user=0.14 sys=0.01, real=0.03 secs] 
37040.369: [GC [PSYoungGen: 228480K->4256K(228864K)] 3275985K->3051785K(3917056K), 0.0281320 secs] [Times: user=0.14 sys=0.00, real=0.03 secs] 
37058.318: [GC [PSYoungGen: 228832K->2976K(227776K)] 3276361K->3050537K(3915968K), 0.0291210 secs] [Times: user=0.12 sys=0.01, real=0.03 secs] 
37076.132: [GC [PSYoungGen: 227744K->3168K(228160K)] 3275305K->3051281K(3916352K), 0.0288370 secs] [Times: user=0.14 sys=0.01, real=0.03 secs] 
37094.032: [GC [PSYoungGen: 228128K->3968K(229184K)] 3276241K->3052113K(3917376K), 0.0236840 secs] [Times: user=0.13 sys=0.00, real=0.02 secs] 
37112.020: [GC [PSYoungGen: 229120K->3904K(229312K)] 3277265K->3052089K(3917504K), 0.0245490 secs] [Times: user=0.15 sys=0.00, real=0.03 secs] 
37129.794: [GC [PSYoungGen: 229248K->4576K(224064K)] 3277433K->3053217K(3912256K), 0.0235420 secs] [Times: user=0.16 sys=0.00, real=0.03 secs] 
37147.268: [GC [PSYoungGen: 224032K->4192K(218048K)] 3272673K->3052873K(3906240K), 0.0250040 secs] [Times: user=0.15 sys=0.00, real=0.03 secs] 
37164.388: [GC [PSYoungGen: 218016K->3744K(212160K)] 3266697K->3052433K(3900352K), 0.0235500 secs] [Times: user=0.14 sys=0.00, real=0.02 secs] 
37180.951: [GC [PSYoungGen: 212128K->4736K(213376K)] 3260817K->3053457K(3901568K), 0.0286960 secs] [Times: user=0.14 sys=0.00, real=0.03 secs] 
37197.801: [GC [PSYoungGen: 213312K->3008K(206400K)] 3262033K->3051729K(3894592K), 0.0216320 secs] [Times: user=0.12 sys=0.00, real=0.02 secs] 
37214.216: [GC [PSYoungGen: 206336K->4416K(202816K)] 3255057K->3053153K(3891008K), 0.0230620 secs] [Times: user=0.14 sys=0.00, real=0.02 secs] 
37230.404: [GC [PSYoungGen: 202752K->4512K(203072K)] 3251489K->3053793K(3891264K), 0.0317850 secs] [Times: user=0.17 sys=0.00, real=0.03 secs] 
37246.645: [GC [PSYoungGen: 203040K->4512K(203264K)] 3252321K->3053825K(3891456K), 0.0221590 secs] [Times: user=0.14 sys=0.00, real=0.03 secs] 
37262.743: [GC [PSYoungGen: 203232K->3360K(202304K)] 3252545K->3054401K(3890496K), 0.0235010 secs] [Times: user=0.16 sys=0.01, real=0.02 secs] 
37279.065: [GC [PSYoungGen: 202272K->3392K(197504K)] 3253313K->3054737K(3885696K), 0.0228060 secs] [Times: user=0.12 sys=0.00, real=0.02 secs] 
37295.001: [GC [PSYoungGen: 197440K->3776K(198080K)] 3248785K->3055121K(3886272K), 0.0268970 secs] [Times: user=0.13 sys=0.00, real=0.03 secs] 
37310.674: [GC [PSYoungGen: 198016K->4160K(198656K)] 3249361K->3055553K(3886848K), 0.0268980 secs] [Times: user=0.14 sys=0.00, real=0.03 secs] 
37326.709: [GC [PSYoungGen: 198592K->4096K(198784K)] 3249985K->3055537K(3886976K), 0.0268770 secs] [Times: user=0.15 sys=0.01, real=0.02 secs] 
37342.598: [GC [PSYoungGen: 198720K->5536K(200384K)] 3250161K->3057273K(3888576K), 0.0274700 secs] [Times: user=0.15 sys=0.00, real=0.03 secs] 
37358.621: [GC [PSYoungGen: 200352K->1824K(196864K)] 3252089K->3055657K(3885056K), 0.0275960 secs] [Times: user=0.17 sys=0.01, real=0.03 secs] 
37374.697: [GC [PSYoungGen: 196832K->2816K(198080K)] 3250665K->3056953K(3886272K), 0.0221680 secs] [Times: user=0.15 sys=0.00, real=0.02 secs] 
37390.576: [GC [PSYoungGen: 198016K->4032K(199488K)] 3252153K->3058169K(3887680K), 0.0277730 secs] [Times: user=0.22 sys=0.00, real=0.03 secs] 
37406.535: [GC [PSYoungGen: 199424K->4160K(199808K)] 3253561K->3058313K(3888000K), 0.0262120 secs] [Times: user=0.16 sys=0.00, real=0.03 secs] 
37422.626: [GC [PSYoungGen: 199744K->3296K(199104K)] 3253897K->3057481K(3887296K), 0.0242640 secs] [Times: user=0.13 sys=0.00, real=0.02 secs] 
37438.422: [GC [PSYoungGen: 199072K->3712K(199744K)] 3253257K->3057929K(3887936K), 0.0291160 secs] [Times: user=0.14 sys=0.00, real=0.03 secs] 
37454.480: [GC [PSYoungGen: 199680K->3104K(199296K)] 3253897K->3057361K(3887488K), 0.0352530 secs] [Times: user=0.15 sys=0.00, real=0.03 secs] 
37470.620: [GC [PSYoungGen: 199264K->3456K(199872K)] 3253521K->3057737K(3888064K), 0.0243660 secs] [Times: user=0.16 sys=0.00, real=0.02 secs] 
37486.540: [GC [PSYoungGen: 199808K->4352K(200960K)] 3254089K->3058673K(3889152K), 0.0299860 secs] [Times: user=0.13 sys=0.01, real=0.03 secs] 
37502.596: [GC [PSYoungGen: 200896K->4928K(201728K)] 3255217K->3059353K(3889920K), 0.0298570 secs] [Times: user=0.16 sys=0.00, real=0.03 secs] 
37518.751: [GC [PSYoungGen: 201664K->1664K(198656K)] 3256089K->3059121K(3886848K), 0.0326980 secs] [Times: user=0.20 sys=0.00, real=0.03 secs] 
37534.865: [GC [PSYoungGen: 198656K->3968K(201280K)] 3256113K->3061433K(3889472K), 0.0350280 secs] [Times: user=0.16 sys=0.01, real=0.04 secs] 
37551.115: [GC [PSYoungGen: 201216K->3744K(201280K)] 3258681K->3061209K(3889472K), 0.0297030 secs] [Times: user=0.18 sys=0.00, real=0.03 secs] 
37567.277: [GC [PSYoungGen: 201248K->4032K(201856K)] 3258713K->3061513K(3890048K), 0.0291900 secs] [Times: user=0.15 sys=0.01, real=0.03 secs] 
37583.379: [GC [PSYoungGen: 201792K->3296K(201344K)] 3259273K->3061897K(3889536K), 0.0344710 secs] [Times: user=0.21 sys=0.00, real=0.03 secs] 
37599.781: [GC [PSYoungGen: 201312K->3136K(201472K)] 3259913K->3061793K(3889664K), 0.0342710 secs] [Times: user=0.15 sys=0.01, real=0.03 secs] 
37615.685: [GC [PSYoungGen: 201408K->3936K(202496K)] 3260065K->3062593K(3890688K), 0.0299430 secs] [Times: user=0.14 sys=0.01, real=0.03 secs] 
37631.945: [GC [PSYoungGen: 202464K->3136K(201984K)] 3261121K->3061801K(3890176K), 0.0265800 secs] [Times: user=0.15 sys=0.00, real=0.02 secs] 
37648.194: [GC [PSYoungGen: 201920K->3488K(202560K)] 3260585K->3062745K(3890752K), 0.0274990 secs] [Times: user=0.18 sys=0.00, real=0.03 secs] 
37664.599: [GC [PSYoungGen: 202528K->3168K(202432K)] 3261785K->3062441K(3890624K), 0.0255080 secs] [Times: user=0.14 sys=0.00, real=0.02 secs] 
37680.718: [GC [PSYoungGen: 202400K->3808K(203328K)] 3261673K->3063521K(3891520K), 0.0321470 secs] [Times: user=0.18 sys=0.01, real=0.03 secs] 
37697.210: [GC [PSYoungGen: 203296K->2688K(202496K)] 3263009K->3062425K(3890688K), 0.0270150 secs] [Times: user=0.13 sys=0.01, real=0.03 secs] 
37713.452: [GC [PSYoungGen: 202432K->3936K(203968K)] 3262169K->3063769K(3892160K), 0.0294520 secs] [Times: user=0.17 sys=0.00, real=0.03 secs] 
37729.856: [GC [PSYoungGen: 203936K->2816K(203136K)] 3263769K->3062673K(3891328K), 0.0300600 secs] [Times: user=0.14 sys=0.01, real=0.03 secs] 
37746.101: [GC [PSYoungGen: 203072K->3680K(204224K)] 3262929K->3064185K(3892416K), 0.0284470 secs] [Times: user=0.18 sys=0.00, real=0.03 secs] 
37762.500: [GC [PSYoungGen: 204192K->4288K(205056K)] 3264697K->3064817K(3893248K), 0.0239220 secs] [Times: user=0.16 sys=0.00, real=0.03 secs] 
37778.827: [GC [PSYoungGen: 204992K->2720K(203648K)] 3265521K->3064729K(3891840K), 0.0270640 secs] [Times: user=0.15 sys=0.00, real=0.02 secs] 
37795.337: [GC [PSYoungGen: 203616K->3328K(204480K)] 3265625K->3065393K(3892672K), 0.0278970 secs] [Times: user=0.24 sys=0.01, real=0.03 secs] 
37811.732: [GC [PSYoungGen: 204416K->2816K(204160K)] 3266481K->3064881K(3892352K), 0.0220860 secs] [Times: user=0.14 sys=0.00, real=0.02 secs] 
37828.005: [GC [PSYoungGen: 204096K->4256K(205760K)] 3266161K->3066361K(3893952K), 0.0275900 secs] [Times: user=0.16 sys=0.00, real=0.02 secs] 
37844.297: [GC [PSYoungGen: 205728K->3616K(205312K)] 3267833K->3066793K(3893504K), 0.0283410 secs] [Times: user=0.16 sys=0.00, real=0.02 secs] 
37860.844: [GC [PSYoungGen: 205280K->3456K(205376K)] 3268457K->3066689K(3893568K), 0.0258500 secs] [Times: user=0.15 sys=0.01, real=0.03 secs] 
37877.281: [GC [PSYoungGen: 205312K->3296K(205376K)] 3268545K->3066529K(3893568K), 0.0281270 secs] [Times: user=0.16 sys=0.00, real=0.03 secs] 
37893.652: [GC [PSYoungGen: 205344K->4288K(206656K)] 3268577K->3067561K(3894848K), 0.0349980 secs] [Times: user=0.18 sys=0.01, real=0.04 secs] 
37910.297: [GC [PSYoungGen: 206592K->3104K(205696K)] 3269865K->3066649K(3893888K), 0.0279050 secs] [Times: user=0.16 sys=0.01, real=0.02 secs] 
37926.737: [GC [PSYoungGen: 205664K->3680K(206528K)] 3269209K->3067273K(3894720K), 0.0335440 secs] [Times: user=0.14 sys=0.01, real=0.04 secs] 
37943.338: [GC [PSYoungGen: 206496K->3296K(206400K)] 3270089K->3066889K(3894592K), 0.0295990 secs] [Times: user=0.17 sys=0.01, real=0.03 secs] 
37959.914: [GC [PSYoungGen: 206368K->3264K(206656K)] 3269961K->3066905K(3894848K), 0.0301210 secs] [Times: user=0.16 sys=0.01, real=0.03 secs] 
37976.598: [GC [PSYoungGen: 206592K->3616K(207232K)] 3270233K->3067473K(3895424K), 0.0294470 secs] [Times: user=0.16 sys=0.00, real=0.03 secs] 
37993.094: [GC [PSYoungGen: 207200K->4064K(207872K)] 3271057K->3067977K(3896064K), 0.0238710 secs] [Times: user=0.18 sys=0.01, real=0.02 secs] 
38009.633: [GC [PSYoungGen: 207840K->2272K(206272K)] 3271753K->3067633K(3894464K), 0.0272750 secs] [Times: user=0.16 sys=0.00, real=0.02 secs] 
38026.321: [GC [PSYoungGen: 206240K->2464K(201408K)] 3271601K->3067929K(3889600K), 0.0248210 secs] [Times: user=0.13 sys=0.01, real=0.03 secs] 
38042.417: [GC [PSYoungGen: 201376K->3904K(203072K)] 3266841K->3069369K(3891264K), 0.0285190 secs] [Times: user=0.17 sys=0.00, real=0.02 secs] 
38058.646: [GC [PSYoungGen: 203008K->3360K(202688K)] 3268473K->3068833K(3890880K), 0.0274220 secs] [Times: user=0.16 sys=0.00, real=0.03 secs] 
38074.740: [GC [PSYoungGen: 202656K->2656K(202240K)] 3268129K->3070073K(3890432K), 0.0351880 secs] [Times: user=0.19 sys=0.01, real=0.04 secs] 
38091.101: [GC [PSYoungGen: 202208K->3424K(203200K)] 3269625K->3070881K(3891392K), 0.0260700 secs] [Times: user=0.17 sys=0.00, real=0.03 secs] 
38107.364: [GC [PSYoungGen: 203168K->3776K(203776K)] 3270625K->3071233K(3891968K), 0.0264130 secs] [Times: user=0.18 sys=0.00, real=0.03 secs] 
38123.652: [GC [PSYoungGen: 203712K->3680K(203840K)] 3271169K->3071153K(3892032K), 0.0287010 secs] [Times: user=0.16 sys=0.00, real=0.03 secs] 
38139.921: [GC [PSYoungGen: 203808K->2336K(202688K)] 3271281K->3071081K(3890880K), 0.0279120 secs] [Times: user=0.16 sys=0.00, real=0.03 secs] 
38156.265: [GC [PSYoungGen: 202656K->3680K(204288K)] 3271401K->3072465K(3892480K), 0.0318200 secs] [Times: user=0.17 sys=0.01, real=0.03 secs] 
38172.653: [GC [PSYoungGen: 204256K->3232K(204032K)] 3273041K->3072017K(3892224K), 0.0261470 secs] [Times: user=0.14 sys=0.01, real=0.03 secs] 
38188.406: [GC [PSYoungGen: 204000K->3040K(204096K)] 3272785K->3071841K(3892288K), 0.0293910 secs] [Times: user=0.17 sys=0.01, real=0.03 secs] 
38204.119: [GC [PSYoungGen: 204064K->2016K(203328K)] 3272865K->3070841K(3891520K), 0.0321430 secs] [Times: user=0.18 sys=0.00, real=0.04 secs] 
38219.765: [GC [PSYoungGen: 203296K->3072K(204672K)] 3272121K->3071937K(3892864K), 0.0410670 secs] [Times: user=0.16 sys=0.02, real=0.04 secs] 
38235.414: [GC [PSYoungGen: 204608K->3008K(204864K)] 3273473K->3071897K(3893056K), 0.0331720 secs] [Times: user=0.13 sys=0.01, real=0.04 secs] 
38248.894: [GC [PSYoungGen: 204800K->2560K(204672K)] 3273689K->3071481K(3892864K), 0.0391720 secs] [Times: user=0.18 sys=0.01, real=0.04 secs] 
38262.045: [GC [PSYoungGen: 204608K->1952K(204352K)] 3273529K->3070921K(3892544K), 0.0458220 secs] [Times: user=0.15 sys=0.01, real=0.05 secs] 
38275.338: [GC [PSYoungGen: 204320K->2240K(204992K)] 3273289K->3071225K(3893184K), 0.0353730 secs] [Times: user=0.18 sys=0.02, real=0.04 secs] 
38287.390: [GC [PSYoungGen: 204928K->2144K(205568K)] 3273913K->3071145K(3893760K), 0.0261220 secs] [Times: user=0.16 sys=0.00, real=0.03 secs] 
38299.442: [GC [PSYoungGen: 205152K->2112K(207744K)] 3274153K->3071129K(3895936K), 0.0319210 secs] [Times: user=0.16 sys=0.01, real=0.03 secs] 
38311.347: [GC [PSYoungGen: 205120K->2976K(207744K)] 3274137K->3072025K(3895936K), 0.0337180 secs] [Times: user=0.16 sys=0.02, real=0.04 secs] 
38323.298: [GC [PSYoungGen: 206304K->2720K(207872K)] 3275353K->3071801K(3896064K), 0.0339510 secs] [Times: user=0.18 sys=0.02, real=0.04 secs] 
38335.331: [GC [PSYoungGen: 206048K->2464K(207936K)] 3275129K->3071569K(3896128K), 0.0278810 secs] [Times: user=0.17 sys=0.00, real=0.02 secs] 
38347.316: [GC [PSYoungGen: 206112K->2464K(208000K)] 3275217K->3071673K(3896192K), 0.0306980 secs] [Times: user=0.14 sys=0.00, real=0.03 secs] 
38359.215: [GC [PSYoungGen: 206112K->1056K(208000K)] 3275321K->3070297K(3896192K), 0.0291770 secs] [Times: user=0.13 sys=0.01, real=0.03 secs] 
38370.659: [GC [PSYoungGen: 204832K->1536K(208192K)] 3274073K->3070785K(3896384K), 0.0380280 secs] [Times: user=0.13 sys=0.01, real=0.04 secs] 
38382.196: [GC [PSYoungGen: 205312K->736K(208384K)] 3274561K->3070017K(3896576K), 0.0302030 secs] [Times: user=0.14 sys=0.02, real=0.03 secs] 
38393.677: [GC [PSYoungGen: 204704K->1248K(208512K)] 3273985K->3070553K(3896704K), 0.0311610 secs] [Times: user=0.14 sys=0.01, real=0.03 secs] 
38405.235: [GC [PSYoungGen: 205216K->128K(208640K)] 3274521K->3069441K(3896832K), 0.0280510 secs] [Times: user=0.12 sys=0.01, real=0.03 secs] 
38416.670: [GC [PSYoungGen: 204288K->1408K(208768K)] 3273601K->3070737K(3896960K), 0.0302150 secs] [Times: user=0.13 sys=0.00, real=0.03 secs] 
38428.254: [GC [PSYoungGen: 205568K->576K(208960K)] 3274897K->3069921K(3897152K), 0.0278760 secs] [Times: user=0.13 sys=0.01, real=0.03 secs] 
38441.775: [GC [PSYoungGen: 205056K->4474K(208960K)] 3274401K->3080355K(3897152K), 0.0298030 secs] [Times: user=0.15 sys=0.01, real=0.03 secs] 
38458.086: [GC [PSYoungGen: 208954K->6138K(211648K)] 3284835K->3082051K(3899840K), 0.0244940 secs] [Times: user=0.15 sys=0.00, real=0.03 secs] 
38474.593: [GC [PSYoungGen: 210170K->6074K(212416K)] 3286083K->3081987K(3900608K), 0.0210640 secs] [Times: user=0.14 sys=0.00, real=0.02 secs] 
38491.156: [GC [PSYoungGen: 210106K->5498K(212992K)] 3286019K->3081427K(3901184K), 0.0285070 secs] [Times: user=0.12 sys=0.00, real=0.03 secs] 
38507.769: [GC [PSYoungGen: 209530K->4762K(213248K)] 3285459K->3080715K(3901440K), 0.0217270 secs] [Times: user=0.14 sys=0.01, real=0.02 secs] 
38524.188: [GC [PSYoungGen: 208794K->6842K(205824K)] 3284747K->3082827K(3894016K), 0.0217690 secs] [Times: user=0.14 sys=0.00, real=0.03 secs] 
38540.601: [GC [PSYoungGen: 205818K->4378K(198528K)] 3281803K->3080387K(3886720K), 0.0265120 secs] [Times: user=0.13 sys=0.01, real=0.03 secs] 
38556.413: [GC [PSYoungGen: 198490K->4730K(194176K)] 3274499K->3080763K(3882368K), 0.0229860 secs] [Times: user=0.13 sys=0.00, real=0.03 secs] 
38571.645: [GC [PSYoungGen: 194170K->6298K(191296K)] 3270203K->3082355K(3879488K), 0.0255860 secs] [Times: user=0.14 sys=0.00, real=0.03 secs] 
38586.615: [GC [PSYoungGen: 191258K->5722K(186368K)] 3267315K->3081803K(3874560K), 0.0257610 secs] [Times: user=0.12 sys=0.00, real=0.03 secs] 
38601.184: [GC [PSYoungGen: 186330K->7514K(184000K)] 3262411K->3083619K(3872192K), 0.0302290 secs] [Times: user=0.15 sys=0.00, real=0.03 secs] 
38615.532: [GC [PSYoungGen: 183962K->4986K(181632K)] 3260067K->3081123K(3869824K), 0.0275800 secs] [Times: user=0.11 sys=0.00, real=0.03 secs] 
38629.988: [GC [PSYoungGen: 181626K->4986K(181824K)] 3257763K->3081155K(3870016K), 0.0273830 secs] [Times: user=0.14 sys=0.01, real=0.02 secs] 
38644.269: [GC [PSYoungGen: 181818K->6458K(185856K)] 3257987K->3082651K(3874048K), 0.0256620 secs] [Times: user=0.15 sys=0.00, real=0.02 secs] 
38658.347: [GC [PSYoungGen: 183162K->6650K(185984K)] 3259355K->3082851K(3874176K), 0.0267990 secs] [Times: user=0.15 sys=0.00, real=0.03 secs] 
38672.712: [GC [PSYoungGen: 183354K->4576K(185728K)] 3259555K->3082675K(3873920K), 0.0260100 secs] [Times: user=0.13 sys=0.01, real=0.03 secs] 
38687.176: [GC [PSYoungGen: 181472K->3648K(176576K)] 3259571K->3081787K(3864768K), 0.0238810 secs] [Times: user=0.13 sys=0.00, real=0.02 secs] 
38700.957: [GC [PSYoungGen: 176512K->5216K(181632K)] 3254651K->3083387K(3869824K), 0.0316110 secs] [Times: user=0.16 sys=0.00, real=0.03 secs] 
38715.168: [GC [PSYoungGen: 178272K->3136K(181760K)] 3256443K->3081603K(3869952K), 0.0247760 secs] [Times: user=0.14 sys=0.00, real=0.03 secs] 
38729.159: [GC [PSYoungGen: 176192K->4128K(181376K)] 3254659K->3082627K(3869568K), 0.0261090 secs] [Times: user=0.13 sys=0.00, real=0.03 secs] 
38743.215: [GC [PSYoungGen: 177376K->3328K(181632K)] 3255875K->3081859K(3869824K), 0.0255230 secs] [Times: user=0.12 sys=0.00, real=0.02 secs] 
38757.141: [GC [PSYoungGen: 176576K->4864K(181184K)] 3255107K->3083427K(3869376K), 0.0237870 secs] [Times: user=0.14 sys=0.00, real=0.02 secs] 
38771.167: [GC [PSYoungGen: 178304K->3712K(181440K)] 3256867K->3082315K(3869632K), 0.0278160 secs] [Times: user=0.15 sys=0.01, real=0.03 secs] 
38785.092: [GC [PSYoungGen: 177152K->3744K(181056K)] 3255755K->3082627K(3869248K), 0.0255630 secs] [Times: user=0.14 sys=0.01, real=0.02 secs] 
38799.292: [GC [PSYoungGen: 177376K->3424K(181248K)] 3256259K->3082323K(3869440K), 0.0280270 secs] [Times: user=0.14 sys=0.01, real=0.02 secs] 
38813.356: [GC [PSYoungGen: 177056K->4736K(180928K)] 3255955K->3083667K(3869120K), 0.0275690 secs] [Times: user=0.16 sys=0.00, real=0.03 secs] 
38827.409: [GC [PSYoungGen: 178560K->3936K(181120K)] 3257491K->3082891K(3869312K), 0.0317270 secs] [Times: user=0.13 sys=0.01, real=0.03 secs] 
38841.463: [GC [PSYoungGen: 177760K->4672K(180864K)] 3256715K->3083643K(3869056K), 0.0282500 secs] [Times: user=0.14 sys=0.00, real=0.03 secs] 
38855.602: [GC [PSYoungGen: 178688K->5056K(180992K)] 3257659K->3084067K(3869184K), 0.0269280 secs] [Times: user=0.14 sys=0.00, real=0.02 secs] 
38869.810: [GC [PSYoungGen: 179072K->3712K(180928K)] 3258083K->3082739K(3869120K), 0.0207790 secs] [Times: user=0.13 sys=0.00, real=0.02 secs] 
38883.818: [GC [PSYoungGen: 177920K->3776K(181056K)] 3256947K->3082835K(3869248K), 0.0288640 secs] [Times: user=0.14 sys=0.01, real=0.03 secs] 
38898.097: [GC [PSYoungGen: 177984K->3776K(180800K)] 3257043K->3082867K(3868992K), 0.0269420 secs] [Times: user=0.13 sys=0.00, real=0.02 secs] 
38912.287: [GC [PSYoungGen: 178176K->4928K(180928K)] 3257267K->3084299K(3869120K), 0.0266710 secs] [Times: user=0.14 sys=0.00, real=0.03 secs] 
38926.526: [GC [PSYoungGen: 179328K->4128K(180800K)] 3258699K->3083531K(3868992K), 0.0316020 secs] [Times: user=0.18 sys=0.00, real=0.03 secs] 
38940.797: [GC [PSYoungGen: 178720K->2848K(180992K)] 3258123K->3082275K(3869184K), 0.0257810 secs] [Times: user=0.16 sys=0.01, real=0.03 secs] 
38954.896: [GC [PSYoungGen: 177440K->5088K(181056K)] 3256867K->3084531K(3869248K), 0.0278400 secs] [Times: user=0.15 sys=0.00, real=0.02 secs] 
38969.188: [GC [PSYoungGen: 179744K->4096K(181184K)] 3259187K->3083563K(3869376K), 0.0292660 secs] [Times: user=0.16 sys=0.02, real=0.03 secs] 
38983.394: [GC [PSYoungGen: 178752K->3584K(181056K)] 3258219K->3083075K(3869248K), 0.0252360 secs] [Times: user=0.16 sys=0.00, real=0.02 secs] 
38997.713: [GC [PSYoungGen: 178432K->2176K(181120K)] 3257923K->3081691K(3869312K), 0.0275000 secs] [Times: user=0.14 sys=0.01, real=0.02 secs] 
39011.918: [GC [PSYoungGen: 177024K->2688K(173632K)] 3256539K->3082211K(3861824K), 0.0228450 secs] [Times: user=0.15 sys=0.01, real=0.02 secs] 
39025.842: [GC [PSYoungGen: 173568K->4480K(175616K)] 3253091K->3084035K(3863808K), 0.0301880 secs] [Times: user=0.16 sys=0.00, real=0.03 secs] 
39039.739: [GC [PSYoungGen: 175552K->3936K(177408K)] 3255107K->3083507K(3865600K), 0.0272630 secs] [Times: user=0.18 sys=0.00, real=0.02 secs] 
39053.723: [GC [PSYoungGen: 175200K->3968K(177408K)] 3254771K->3083563K(3865600K), 0.0303010 secs] [Times: user=0.16 sys=0.01, real=0.03 secs] 
39067.753: [GC [PSYoungGen: 175232K->4128K(177152K)] 3254827K->3083739K(3865344K), 0.0307210 secs] [Times: user=0.18 sys=0.01, real=0.03 secs] 
39081.783: [GC [PSYoungGen: 175584K->3232K(177280K)] 3255195K->3082867K(3865472K), 0.0327390 secs] [Times: user=0.15 sys=0.00, real=0.04 secs] 
39095.773: [GC [PSYoungGen: 174688K->3680K(177088K)] 3254323K->3083347K(3865280K), 0.0271170 secs] [Times: user=0.13 sys=0.01, real=0.03 secs] 
39109.992: [GC [PSYoungGen: 175392K->2560K(177280K)] 3255059K->3082251K(3865472K), 0.0231210 secs] [Times: user=0.14 sys=0.01, real=0.02 secs] 
39123.881: [GC [PSYoungGen: 174272K->3520K(177280K)] 3253963K->3083243K(3865472K), 0.0250970 secs] [Times: user=0.13 sys=0.00, real=0.02 secs] 
39137.909: [GC [PSYoungGen: 175424K->3936K(177408K)] 3255147K->3083683K(3865600K), 0.0308110 secs] [Times: user=0.18 sys=0.00, real=0.03 secs] 
39152.083: [GC [PSYoungGen: 175840K->3872K(177344K)] 3255587K->3083635K(3865536K), 0.0300960 secs] [Times: user=0.18 sys=0.01, real=0.03 secs] 
39166.141: [GC [PSYoungGen: 175968K->3808K(177408K)] 3255731K->3083587K(3865600K), 0.0357190 secs] [Times: user=0.16 sys=0.00, real=0.04 secs] 
39180.373: [GC [PSYoungGen: 175904K->3392K(177280K)] 3255683K->3083195K(3865472K), 0.0246640 secs] [Times: user=0.17 sys=0.00, real=0.02 secs] 
39194.249: [GC [PSYoungGen: 175744K->4352K(177408K)] 3255547K->3084179K(3865600K), 0.0294310 secs] [Times: user=0.18 sys=0.01, real=0.03 secs] 
39208.478: [GC [PSYoungGen: 176704K->4640K(177600K)] 3256531K->3084491K(3865792K), 0.0361660 secs] [Times: user=0.18 sys=0.00, real=0.04 secs] 
39222.631: [GC [PSYoungGen: 177056K->3872K(177792K)] 3256907K->3083763K(3865984K), 0.0294880 secs] [Times: user=0.16 sys=0.00, real=0.03 secs] 
39236.738: [GC [PSYoungGen: 176288K->4256K(177920K)] 3256179K->3084163K(3866112K), 0.0458560 secs] [Times: user=0.17 sys=0.02, real=0.04 secs] 
39254.966: [GC [PSYoungGen: 176928K->3616K(177920K)] 3256835K->3083539K(3866112K), 0.0314600 secs] [Times: user=0.12 sys=0.00, real=0.03 secs] 
39269.754: [GC [PSYoungGen: 176288K->4608K(177984K)] 3256211K->3084563K(3866176K), 0.0330500 secs] [Times: user=0.15 sys=0.00, real=0.03 secs] 
39283.788: [GC [PSYoungGen: 177408K->4352K(178112K)] 3257363K->3084331K(3866304K), 0.0294330 secs] [Times: user=0.13 sys=0.01, real=0.03 secs] 
39297.700: [GC [PSYoungGen: 177152K->5280K(177984K)] 3257131K->3085283K(3866176K), 0.0342030 secs] [Times: user=0.17 sys=0.00, real=0.03 secs] 
39311.743: [GC [PSYoungGen: 177952K->4128K(178368K)] 3257955K->3084155K(3866560K), 0.0327430 secs] [Times: user=0.20 sys=0.00, real=0.03 secs] 
39325.875: [GC [PSYoungGen: 176800K->2880K(178304K)] 3256827K->3082907K(3866496K), 0.0328880 secs] [Times: user=0.14 sys=0.01, real=0.03 secs] 
39339.785: [GC [PSYoungGen: 175680K->3488K(178432K)] 3255707K->3083531K(3866624K), 0.0272590 secs] [Times: user=0.16 sys=0.00, real=0.02 secs] 
39353.727: [GC [PSYoungGen: 176288K->4192K(178432K)] 3256331K->3084267K(3866624K), 0.0328670 secs] [Times: user=0.18 sys=0.01, real=0.03 secs] 
39367.808: [GC [PSYoungGen: 177248K->4032K(178496K)] 3257323K->3084131K(3866688K), 0.0277240 secs] [Times: user=0.15 sys=0.01, real=0.02 secs] 
39381.855: [GC [PSYoungGen: 177088K->4352K(178560K)] 3257187K->3084491K(3866752K), 0.0249540 secs] [Times: user=0.16 sys=0.01, real=0.02 secs] 
39395.899: [GC [PSYoungGen: 177600K->4768K(178624K)] 3257739K->3084931K(3866816K), 0.0338260 secs] [Times: user=0.16 sys=0.00, real=0.04 secs] 
39410.076: [GC [PSYoungGen: 178016K->2592K(178880K)] 3258179K->3082779K(3867072K), 0.0265300 secs] [Times: user=0.15 sys=0.00, real=0.02 secs] 
39424.141: [GC [PSYoungGen: 175968K->3232K(179008K)] 3256155K->3083443K(3867200K), 0.0257590 secs] [Times: user=0.15 sys=0.01, real=0.03 secs] 
39438.229: [GC [PSYoungGen: 176608K->3456K(179072K)] 3256819K->3083939K(3867264K), 0.0312520 secs] [Times: user=0.19 sys=0.00, real=0.03 secs] 
39452.399: [GC [PSYoungGen: 177088K->4096K(179136K)] 3257571K->3084595K(3867328K), 0.0313170 secs] [Times: user=0.18 sys=0.01, real=0.04 secs] 
39466.539: [GC [PSYoungGen: 177728K->2976K(179200K)] 3258227K->3083491K(3867392K), 0.0238960 secs] [Times: user=0.13 sys=0.01, real=0.03 secs] 
39480.403: [GC [PSYoungGen: 176800K->4448K(179264K)] 3257315K->3084979K(3867456K), 0.0325880 secs] [Times: user=0.18 sys=0.01, real=0.04 secs] 
39494.312: [GC [PSYoungGen: 178272K->4512K(179520K)] 3258803K->3085059K(3867712K), 0.0337960 secs] [Times: user=0.16 sys=0.02, real=0.03 secs] 
39508.361: [GC [PSYoungGen: 178528K->2944K(179584K)] 3259075K->3083507K(3867776K), 0.0240170 secs] [Times: user=0.14 sys=0.00, real=0.02 secs] 
39522.236: [GC [PSYoungGen: 176960K->3392K(179712K)] 3257523K->3084003K(3867904K), 0.0293560 secs] [Times: user=0.14 sys=0.01, real=0.03 secs] 
39536.000: [GC [PSYoungGen: 177664K->4896K(179776K)] 3258275K->3085523K(3867968K), 0.0284050 secs] [Times: user=0.17 sys=0.00, real=0.03 secs] 
39550.090: [GC [PSYoungGen: 179168K->3520K(179904K)] 3259795K->3084163K(3868096K), 0.0250900 secs] [Times: user=0.16 sys=0.00, real=0.03 secs] 
39564.080: [GC [PSYoungGen: 177984K->3424K(180096K)] 3258627K->3084075K(3868288K), 0.0282670 secs] [Times: user=0.18 sys=0.00, real=0.03 secs] 
39577.944: [GC [PSYoungGen: 177888K->4992K(179904K)] 3258539K->3085691K(3868096K), 0.0292590 secs] [Times: user=0.18 sys=0.01, real=0.03 secs] 
39591.991: [GC [PSYoungGen: 179392K->3264K(173760K)] 3260091K->3083979K(3861952K), 0.0254530 secs] [Times: user=0.13 sys=0.01, real=0.03 secs] 
39605.432: [GC [PSYoungGen: 173696K->4064K(174720K)] 3254411K->3085235K(3862912K), 0.0291900 secs] [Times: user=0.16 sys=0.00, real=0.03 secs] 
39619.214: [GC [PSYoungGen: 174688K->4352K(176384K)] 3255859K->3085539K(3864576K), 0.0317940 secs] [Times: user=0.15 sys=0.01, real=0.03 secs] 
39632.820: [GC [PSYoungGen: 174976K->3200K(176512K)] 3256163K->3084387K(3864704K), 0.0310100 secs] [Times: user=0.16 sys=0.00, real=0.03 secs] 
39646.459: [GC [PSYoungGen: 174080K->3936K(176576K)] 3255267K->3085155K(3864768K), 0.0308760 secs] [Times: user=0.15 sys=0.00, real=0.03 secs] 
39660.134: [GC [PSYoungGen: 174816K->3424K(176448K)] 3256035K->3084675K(3864640K), 0.0314910 secs] [Times: user=0.18 sys=0.01, real=0.03 secs] 
39673.895: [GC [PSYoungGen: 174560K->4384K(176576K)] 3255811K->3085643K(3864768K), 0.0273100 secs] [Times: user=0.16 sys=0.00, real=0.02 secs] 
39687.640: [GC [PSYoungGen: 175520K->3488K(176768K)] 3256779K->3084779K(3864960K), 0.0264580 secs] [Times: user=0.16 sys=0.00, real=0.03 secs] 
39701.336: [GC [PSYoungGen: 174880K->4608K(176832K)] 3256171K->3085931K(3865024K), 0.0290390 secs] [Times: user=0.17 sys=0.00, real=0.03 secs] 
39715.093: [GC [PSYoungGen: 176000K->4064K(176960K)] 3257323K->3085395K(3865152K), 0.0259430 secs] [Times: user=0.14 sys=0.00, real=0.02 secs] 
39728.915: [GC [PSYoungGen: 175712K->2784K(177088K)] 3257043K->3084139K(3865280K), 0.0265590 secs] [Times: user=0.12 sys=0.01, real=0.02 secs] 
39742.490: [GC [PSYoungGen: 174432K->3872K(177088K)] 3255787K->3085251K(3865280K), 0.0305900 secs] [Times: user=0.19 sys=0.00, real=0.03 secs] 
39756.290: [GC [PSYoungGen: 175776K->3200K(177216K)] 3257155K->3084595K(3865408K), 0.0268240 secs] [Times: user=0.11 sys=0.01, real=0.03 secs] 
39769.941: [GC [PSYoungGen: 175104K->3072K(177344K)] 3256499K->3084491K(3865536K), 0.0286830 secs] [Times: user=0.14 sys=0.00, real=0.03 secs] 
39783.727: [GC [PSYoungGen: 175232K->2304K(177408K)] 3256651K->3083747K(3865600K), 0.0269540 secs] [Times: user=0.12 sys=0.01, real=0.03 secs] 
39797.339: [GC [PSYoungGen: 174445K->4064K(177728K)] 3255889K->3085523K(3865920K), 0.0322780 secs] [Times: user=0.17 sys=0.00, real=0.03 secs] 
39811.202: [GC [PSYoungGen: 176416K->4192K(177728K)] 3257875K->3085691K(3865920K), 0.0318080 secs] [Times: user=0.18 sys=0.01, real=0.03 secs] 
39824.490: [GC [PSYoungGen: 176544K->3264K(177856K)] 3258043K->3084787K(3866048K), 0.0259180 secs] [Times: user=0.19 sys=0.00, real=0.02 secs] 
39837.710: [GC [PSYoungGen: 175872K->2976K(177920K)] 3257395K->3084507K(3866112K), 0.0242340 secs] [Times: user=0.14 sys=0.01, real=0.02 secs] 
39850.549: [GC [PSYoungGen: 175584K->1600K(177920K)] 3257115K->3083147K(3866112K), 0.0326440 secs] [Times: user=0.17 sys=0.01, real=0.04 secs] 
39861.854: [GC [PSYoungGen: 174272K->1696K(178112K)] 3255819K->3083259K(3866304K), 0.0351640 secs] [Times: user=0.15 sys=0.00, real=0.03 secs] 
39873.124: [GC [PSYoungGen: 174368K->2560K(178176K)] 3255931K->3084155K(3866368K), 0.0279460 secs] [Times: user=0.16 sys=0.00, real=0.03 secs] 
39884.532: [GC [PSYoungGen: 175488K->2016K(178304K)] 3257083K->3083619K(3866496K), 0.0276880 secs] [Times: user=0.15 sys=0.02, real=0.03 secs] 
39895.783: [GC [PSYoungGen: 174944K->2368K(178304K)] 3256547K->3083995K(3866496K), 0.0377070 secs] [Times: user=0.14 sys=0.00, real=0.04 secs] 
39907.201: [GC [PSYoungGen: 175552K->1504K(178432K)] 3257179K->3083147K(3866624K), 0.0238610 secs] [Times: user=0.12 sys=0.01, real=0.02 secs] 
39918.430: [GC [PSYoungGen: 174688K->2432K(178304K)] 3256331K->3084083K(3866496K), 0.0302390 secs] [Times: user=0.18 sys=0.00, real=0.03 secs] 
39929.934: [GC [PSYoungGen: 175872K->1120K(178496K)] 3257523K->3082803K(3866688K), 0.0317480 secs] [Times: user=0.13 sys=0.00, real=0.03 secs] 
39941.169: [GC [PSYoungGen: 174560K->2784K(178432K)] 3256243K->3084475K(3866624K), 0.0257240 secs] [Times: user=0.18 sys=0.00, real=0.02 secs] 
39952.688: [GC [PSYoungGen: 176480K->896K(178624K)] 3258171K->3082619K(3866816K), 0.0290510 secs] [Times: user=0.15 sys=0.02, real=0.03 secs] 
39963.975: [GC [PSYoungGen: 174592K->2080K(178560K)] 3256315K->3083811K(3866752K), 0.0347530 secs] [Times: user=0.20 sys=0.02, real=0.04 secs] 
39975.275: [GC [PSYoungGen: 176032K->2368K(178752K)] 3257763K->3084115K(3866944K), 0.0343270 secs] [Times: user=0.17 sys=0.01, real=0.03 secs] 
39986.698: [GC [PSYoungGen: 176320K->2816K(178752K)] 3258067K->3084587K(3866944K), 0.0354400 secs] [Times: user=0.19 sys=0.01, real=0.04 secs] 
39998.070: [GC [PSYoungGen: 177088K->2208K(178816K)] 3258859K->3083995K(3867008K), 0.0298270 secs] [Times: user=0.19 sys=0.00, real=0.03 secs] 
40009.504: [GC [PSYoungGen: 176480K->1888K(178816K)] 3258267K->3083707K(3867008K), 0.0328870 secs] [Times: user=0.17 sys=0.02, real=0.04 secs] 
40020.939: [GC [PSYoungGen: 176480K->1984K(178880K)] 3258299K->3083819K(3867072K), 0.0345820 secs] [Times: user=0.15 sys=0.01, real=0.03 secs] 
40032.418: [GC [PSYoungGen: 176576K->2272K(178688K)] 3258411K->3084123K(3866880K), 0.0313330 secs] [Times: user=0.15 sys=0.02, real=0.04 secs] 
40043.870: [GC [PSYoungGen: 177184K->1824K(178880K)] 3259035K->3083683K(3867072K), 0.0345700 secs] [Times: user=0.17 sys=0.00, real=0.04 secs] 
40055.296: [GC [PSYoungGen: 176736K->2240K(178880K)] 3258595K->3084123K(3867072K), 0.0300010 secs] [Times: user=0.16 sys=0.01, real=0.03 secs] 
40066.825: [GC [PSYoungGen: 177472K->640K(179008K)] 3259355K->3082531K(3867200K), 0.0302840 secs] [Times: user=0.14 sys=0.02, real=0.03 secs] 
40078.185: [GC [PSYoungGen: 175872K->2080K(179072K)] 3257763K->3083995K(3867264K), 0.0345890 secs] [Times: user=0.19 sys=0.02, real=0.04 secs] 
40089.317: [GC [PSYoungGen: 177632K->1440K(179264K)] 3259547K->3083363K(3867456K), 0.0299700 secs] [Times: user=0.17 sys=0.02, real=0.03 secs] 
40100.288: [GC [PSYoungGen: 176992K->544K(179392K)] 3258915K->3082475K(3867584K), 0.0311480 secs] [Times: user=0.14 sys=0.01, real=0.04 secs] 
40116.257: [GC [PSYoungGen: 176288K->3770K(179520K)] 3258219K->3092750K(3867712K), 0.0263470 secs] [Times: user=0.15 sys=0.01, real=0.03 secs] 
40133.665: [GC [PSYoungGen: 179514K->6778K(181888K)] 3268494K->3095774K(3870080K), 0.0338990 secs] [Times: user=0.16 sys=0.00, real=0.03 secs] 
40148.137: [GC [PSYoungGen: 181754K->5402K(182912K)] 3270750K->3094398K(3871104K), 0.0277870 secs] [Times: user=0.14 sys=0.00, real=0.02 secs] 
40162.126: [GC [PSYoungGen: 180378K->7002K(182720K)] 3269374K->3096006K(3870912K), 0.0308160 secs] [Times: user=0.16 sys=0.02, real=0.03 secs] 
40176.411: [GC [PSYoungGen: 181402K->5850K(183552K)] 3270406K->3094870K(3871744K), 0.0264890 secs] [Times: user=0.15 sys=0.00, real=0.02 secs] 
40190.485: [GC [PSYoungGen: 180250K->6586K(183680K)] 3269270K->3095630K(3871872K), 0.0308360 secs] [Times: user=0.15 sys=0.01, real=0.03 secs] 
40204.827: [GC [PSYoungGen: 180858K->6106K(184064K)] 3269902K->3095174K(3872256K), 0.0278780 secs] [Times: user=0.15 sys=0.00, real=0.02 secs] 
40218.856: [GC [PSYoungGen: 180378K->6266K(184256K)] 3269446K->3095358K(3872448K), 0.0312710 secs] [Times: user=0.15 sys=0.00, real=0.04 secs] 
40232.889: [GC [PSYoungGen: 180602K->6938K(177344K)] 3269694K->3096046K(3865536K), 0.0266470 secs] [Times: user=0.16 sys=0.01, real=0.03 secs] 
40246.822: [GC [PSYoungGen: 177306K->5530K(172096K)] 3266414K->3094662K(3860288K), 0.0278560 secs] [Times: user=0.14 sys=0.01, real=0.02 secs] 
40260.335: [GC [PSYoungGen: 172058K->6650K(169472K)] 3261190K->3095798K(3857664K), 0.0297110 secs] [Times: user=0.15 sys=0.00, real=0.03 secs] 
40273.514: [GC [PSYoungGen: 169466K->6394K(172992K)] 3258614K->3095558K(3861184K), 0.0303930 secs] [Times: user=0.15 sys=0.01, real=0.03 secs] 
40286.751: [GC [PSYoungGen: 169402K->6650K(173184K)] 3258566K->3095838K(3861376K), 0.0281930 secs] [Times: user=0.15 sys=0.00, real=0.03 secs] 
40300.130: [GC [PSYoungGen: 169658K->6362K(165824K)] 3258846K->3095574K(3854016K), 0.0253680 secs] [Times: user=0.16 sys=0.00, real=0.02 secs] 
40313.250: [GC [PSYoungGen: 165786K->5690K(161664K)] 3254998K->3094918K(3849856K), 0.0303860 secs] [Times: user=0.15 sys=0.01, real=0.03 secs] 
40325.859: [GC [PSYoungGen: 161658K->4256K(158656K)] 3250886K->3095902K(3846848K), 0.0247630 secs] [Times: user=0.16 sys=0.00, real=0.03 secs] 
40338.361: [GC [PSYoungGen: 156896K->4256K(156928K)] 3248542K->3095926K(3845120K), 0.0314350 secs] [Times: user=0.15 sys=0.01, real=0.03 secs] 
40350.960: [GC [PSYoungGen: 156896K->4128K(154944K)] 3248566K->3095814K(3843136K), 0.0252050 secs] [Times: user=0.16 sys=0.00, real=0.02 secs] 
40363.162: [GC [PSYoungGen: 153568K->4672K(151040K)] 3245254K->3096390K(3839232K), 0.0239880 secs] [Times: user=0.17 sys=0.00, real=0.02 secs] 
40375.008: [GC [PSYoungGen: 150976K->4992K(154816K)] 3242694K->3096726K(3843008K), 0.0286210 secs] [Times: user=0.17 sys=0.00, real=0.03 secs] 
40387.138: [GC [PSYoungGen: 151488K->5216K(148736K)] 3243222K->3096966K(3836928K), 0.0226400 secs] [Times: user=0.17 sys=0.00, real=0.02 secs] 
40398.787: [GC [PSYoungGen: 148704K->5312K(151488K)] 3240454K->3097078K(3839680K), 0.0295390 secs] [Times: user=0.21 sys=0.01, real=0.03 secs] 
40410.622: [GC [PSYoungGen: 148992K->3616K(151616K)] 3240758K->3095662K(3839808K), 0.0242720 secs] [Times: user=0.19 sys=0.01, real=0.03 secs] 
40422.193: [GC [PSYoungGen: 147296K->5248K(146048K)] 3239342K->3097310K(3834240K), 0.0237710 secs] [Times: user=0.18 sys=0.00, real=0.02 secs] 
40433.867: [GC [PSYoungGen: 145984K->2432K(143424K)] 3238046K->3094526K(3831616K), 0.0294710 secs] [Times: user=0.15 sys=0.01, real=0.03 secs] 
40445.200: [GC [PSYoungGen: 143360K->4416K(148672K)] 3235454K->3096526K(3836864K), 0.0280720 secs] [Times: user=0.18 sys=0.00, real=0.03 secs] 
40457.010: [GC [PSYoungGen: 145536K->3968K(148736K)] 3237646K->3096102K(3836928K), 0.0264550 secs] [Times: user=0.17 sys=0.01, real=0.03 secs] 
40468.476: [GC [PSYoungGen: 145088K->3520K(148544K)] 3237222K->3095670K(3836736K), 0.0294580 secs] [Times: user=0.21 sys=0.00, real=0.03 secs] 
40480.013: [GC [PSYoungGen: 144832K->4448K(145792K)] 3236982K->3096646K(3833984K), 0.0251150 secs] [Times: user=0.16 sys=0.01, real=0.03 secs] 
40491.681: [GC [PSYoungGen: 145760K->4192K(148224K)] 3237958K->3096414K(3836416K), 0.0282410 secs] [Times: user=0.21 sys=0.00, real=0.03 secs] 
40503.160: [GC [PSYoungGen: 145696K->4512K(146048K)] 3237918K->3096742K(3834240K), 0.0287890 secs] [Times: user=0.19 sys=0.01, real=0.03 secs] 
40514.778: [GC [PSYoungGen: 146016K->4608K(148096K)] 3238246K->3096886K(3836288K), 0.0272610 secs] [Times: user=0.16 sys=0.01, real=0.03 secs] 
40526.355: [GC [PSYoungGen: 146304K->4192K(148224K)] 3238582K->3096486K(3836416K), 0.0253780 secs] [Times: user=0.16 sys=0.00, real=0.02 secs] 
40537.993: [GC [PSYoungGen: 145888K->2720K(148096K)] 3238182K->3095022K(3836288K), 0.0268310 secs] [Times: user=0.14 sys=0.01, real=0.03 secs] 
40549.500: [GC [PSYoungGen: 144480K->4224K(148224K)] 3236782K->3096566K(3836416K), 0.0288590 secs] [Times: user=0.18 sys=0.00, real=0.03 secs] 
40561.304: [GC [PSYoungGen: 145984K->3616K(148096K)] 3238326K->3095982K(3836288K), 0.0254670 secs] [Times: user=0.15 sys=0.01, real=0.03 secs] 
40572.900: [GC [PSYoungGen: 145568K->4256K(148160K)] 3237934K->3096646K(3836352K), 0.0215640 secs] [Times: user=0.15 sys=0.00, real=0.03 secs] 
40584.610: [GC [PSYoungGen: 146208K->4704K(148160K)] 3238598K->3097118K(3836352K), 0.0251940 secs] [Times: user=0.19 sys=0.01, real=0.03 secs] 
40596.162: [GC [PSYoungGen: 146848K->4480K(143808K)] 3239262K->3097158K(3832000K), 0.0233940 secs] [Times: user=0.18 sys=0.01, real=0.03 secs] 
40607.389: [GC [PSYoungGen: 143744K->4032K(143808K)] 3236422K->3096726K(3832000K), 0.0297230 secs] [Times: user=0.30 sys=0.00, real=0.03 secs] 
40618.628: [GC [PSYoungGen: 143488K->3712K(145280K)] 3236182K->3096422K(3833472K), 0.0239230 secs] [Times: user=0.28 sys=0.01, real=0.02 secs] 
40629.808: [GC [PSYoungGen: 143168K->4096K(145152K)] 3235878K->3096838K(3833344K), 0.0244020 secs] [Times: user=0.27 sys=0.00, real=0.03 secs] 
40641.167: [GC [PSYoungGen: 143744K->4608K(145280K)] 3236486K->3097382K(3833472K), 0.0302960 secs] [Times: user=0.32 sys=0.00, real=0.03 secs] 
40652.466: [GC [PSYoungGen: 144256K->3296K(145472K)] 3237030K->3096102K(3833664K), 0.0249580 secs] [Times: user=0.19 sys=0.01, real=0.02 secs] 
40663.767: [GC [PSYoungGen: 143136K->3264K(145472K)] 3235942K->3096078K(3833664K), 0.0290250 secs] [Times: user=0.27 sys=0.01, real=0.03 secs] 
40674.918: [GC [PSYoungGen: 143104K->5152K(145408K)] 3235918K->3098014K(3833600K), 0.0215550 secs] [Times: user=0.23 sys=0.00, real=0.02 secs] 
40686.110: [GC [PSYoungGen: 144928K->4064K(145664K)] 3237790K->3096950K(3833856K), 0.0316460 secs] [Times: user=0.33 sys=0.00, real=0.03 secs] 
40697.467: [GC [PSYoungGen: 143840K->3488K(145600K)] 3236726K->3096390K(3833792K), 0.0259910 secs] [Times: user=0.27 sys=0.00, real=0.03 secs] 
40708.682: [GC [PSYoungGen: 143456K->4320K(145664K)] 3236358K->3097246K(3833856K), 0.0265280 secs] [Times: user=0.28 sys=0.00, real=0.02 secs] 
40720.034: [GC [PSYoungGen: 144288K->3616K(145664K)] 3237214K->3096566K(3833856K), 0.0308010 secs] [Times: user=0.28 sys=0.01, real=0.03 secs] 
40731.492: [GC [PSYoungGen: 143776K->2912K(145728K)] 3236726K->3095886K(3833920K), 0.0203990 secs] [Times: user=0.22 sys=0.00, real=0.02 secs] 
40742.675: [GC [PSYoungGen: 143072K->4992K(145792K)] 3236046K->3097998K(3833984K), 0.0263500 secs] [Times: user=0.30 sys=0.00, real=0.03 secs] 
40753.925: [GC [PSYoungGen: 145152K->4960K(145984K)] 3238158K->3097998K(3834176K), 0.0323170 secs] [Times: user=0.35 sys=0.01, real=0.03 secs] 
40765.276: [GC [PSYoungGen: 145120K->3168K(146240K)] 3238158K->3096230K(3834432K), 0.0213050 secs] [Times: user=0.25 sys=0.00, real=0.02 secs] 
40776.331: [GC [PSYoungGen: 143520K->4128K(146304K)] 3236582K->3097214K(3834496K), 0.0264190 secs] [Times: user=0.31 sys=0.00, real=0.02 secs] 
40787.584: [GC [PSYoungGen: 144480K->3936K(146112K)] 3237566K->3097054K(3834304K), 0.0320650 secs] [Times: user=0.34 sys=0.01, real=0.03 secs] 
40798.857: [GC [PSYoungGen: 144480K->5088K(146240K)] 3237598K->3098230K(3834432K), 0.0330370 secs] [Times: user=0.40 sys=0.00, real=0.03 secs] 
40810.285: [GC [PSYoungGen: 145632K->2656K(146624K)] 3238774K->3095814K(3834816K), 0.0207860 secs] [Times: user=0.22 sys=0.00, real=0.02 secs] 
40821.351: [GC [PSYoungGen: 143392K->4160K(146688K)] 3236550K->3097350K(3834880K), 0.0270610 secs] [Times: user=0.29 sys=0.01, real=0.02 secs] 
40832.851: [GC [PSYoungGen: 144896K->2336K(146624K)] 3238086K->3095534K(3834816K), 0.0273740 secs] [Times: user=0.22 sys=0.01, real=0.02 secs] 
40844.094: [GC [PSYoungGen: 143136K->3648K(146752K)] 3236334K->3096878K(3834944K), 0.0262150 secs] [Times: user=0.31 sys=0.01, real=0.02 secs] 
40855.345: [GC [PSYoungGen: 144448K->4192K(146624K)] 3237678K->3097430K(3834816K), 0.0245580 secs] [Times: user=0.29 sys=0.00, real=0.02 secs] 
40866.862: [GC [PSYoungGen: 145184K->2400K(140608K)] 3238422K->3095654K(3828800K), 0.0206270 secs] [Times: user=0.22 sys=0.01, real=0.02 secs] 
40878.054: [GC [PSYoungGen: 140576K->3072K(144000K)] 3233830K->3096342K(3832192K), 0.0281490 secs] [Times: user=0.28 sys=0.00, real=0.03 secs] 
40889.166: [GC [PSYoungGen: 141312K->3968K(139520K)] 3234582K->3097254K(3827712K), 0.0246670 secs] [Times: user=0.32 sys=0.00, real=0.03 secs] 
40900.159: [GC [PSYoungGen: 139456K->4448K(140160K)] 3232742K->3097934K(3828352K), 0.0313770 secs] [Times: user=0.39 sys=0.00, real=0.03 secs] 
40911.157: [GC [PSYoungGen: 140128K->4320K(141440K)] 3233614K->3097846K(3829632K), 0.0258960 secs] [Times: user=0.31 sys=0.00, real=0.03 secs] 
40921.880: [GC [PSYoungGen: 140000K->4352K(141632K)] 3233526K->3097878K(3829824K), 0.0287900 secs] [Times: user=0.36 sys=0.00, real=0.03 secs] 
40932.804: [GC [PSYoungGen: 140224K->3296K(141632K)] 3233750K->3096838K(3829824K), 0.0278410 secs] [Times: user=0.20 sys=0.02, real=0.03 secs] 
40941.843: [GC [PSYoungGen: 139168K->4928K(141568K)] 3232710K->3098486K(3829760K), 0.0224360 secs] [Times: user=0.20 sys=0.00, real=0.02 secs] 
40950.982: [GC [PSYoungGen: 140800K->3616K(141760K)] 3234358K->3097190K(3829952K), 0.0264100 secs] [Times: user=0.15 sys=0.01, real=0.03 secs] 
40959.915: [GC [PSYoungGen: 139488K->4864K(141632K)] 3233062K->3098462K(3829824K), 0.0275820 secs] [Times: user=0.16 sys=0.00, real=0.03 secs] 
40969.235: [GC [PSYoungGen: 140736K->3616K(141824K)] 3234334K->3097238K(3830016K), 0.0263550 secs] [Times: user=0.14 sys=0.01, real=0.03 secs] 
40978.464: [GC [PSYoungGen: 139488K->4128K(141696K)] 3233110K->3097774K(3829888K), 0.0262600 secs] [Times: user=0.15 sys=0.00, real=0.02 secs] 
40987.710: [GC [PSYoungGen: 140256K->3264K(141824K)] 3233902K->3096926K(3830016K), 0.0342510 secs] [Times: user=0.16 sys=0.01, real=0.04 secs] 
40997.008: [GC [PSYoungGen: 139392K->4960K(141760K)] 3233054K->3098646K(3829952K), 0.0304360 secs] [Times: user=0.18 sys=0.01, real=0.03 secs] 
41006.426: [GC [PSYoungGen: 141088K->2464K(142016K)] 3234774K->3096166K(3830208K), 0.0254180 secs] [Times: user=0.14 sys=0.01, real=0.02 secs] 
41015.622: [GC [PSYoungGen: 138592K->3616K(141952K)] 3232294K->3097342K(3830144K), 0.0266580 secs] [Times: user=0.18 sys=0.00, real=0.03 secs] 
41024.834: [GC [PSYoungGen: 140000K->3744K(142144K)] 3233726K->3097478K(3830336K), 0.0244090 secs] [Times: user=0.15 sys=0.00, real=0.02 secs] 
41034.179: [GC [PSYoungGen: 140128K->4064K(142016K)] 3233862K->3097806K(3830208K), 0.0272930 secs] [Times: user=0.18 sys=0.00, real=0.03 secs] 
41043.496: [GC [PSYoungGen: 140704K->4768K(142144K)] 3234446K->3098542K(3830336K), 0.0335200 secs] [Times: user=0.17 sys=0.02, real=0.03 secs] 
41052.877: [GC [PSYoungGen: 141408K->4288K(142464K)] 3235182K->3098070K(3830656K), 0.0271910 secs] [Times: user=0.16 sys=0.00, real=0.03 secs] 
41062.242: [GC [PSYoungGen: 141184K->3296K(142528K)] 3234966K->3097102K(3830720K), 0.0277300 secs] [Times: user=0.16 sys=0.00, real=0.03 secs] 
41071.575: [GC [PSYoungGen: 140192K->3744K(142400K)] 3233998K->3097558K(3830592K), 0.0287650 secs] [Times: user=0.16 sys=0.00, real=0.03 secs] 
41080.967: [GC [PSYoungGen: 140896K->3808K(142592K)] 3234710K->3097638K(3830784K), 0.0296640 secs] [Times: user=0.17 sys=0.00, real=0.03 secs] 
41090.280: [GC [PSYoungGen: 140960K->4256K(142720K)] 3234790K->3098094K(3830912K), 0.0294530 secs] [Times: user=0.17 sys=0.00, real=0.03 secs] 
41099.668: [GC [PSYoungGen: 141664K->3744K(142720K)] 3235502K->3097606K(3830912K), 0.0299680 secs] [Times: user=0.14 sys=0.01, real=0.03 secs] 
41109.022: [GC [PSYoungGen: 141152K->3904K(142656K)] 3235014K->3097790K(3830848K), 0.0271820 secs] [Times: user=0.18 sys=0.00, real=0.03 secs] 
41118.351: [GC [PSYoungGen: 141568K->4704K(142784K)] 3235454K->3098614K(3830976K), 0.0287760 secs] [Times: user=0.15 sys=0.00, real=0.03 secs] 
41127.747: [GC [PSYoungGen: 142368K->3200K(143168K)] 3236278K->3097142K(3831360K), 0.0312830 secs] [Times: user=0.16 sys=0.01, real=0.03 secs] 
41137.131: [GC [PSYoungGen: 141120K->3840K(143168K)] 3235062K->3097806K(3831360K), 0.0356410 secs] [Times: user=0.17 sys=0.01, real=0.04 secs] 
41146.541: [GC [PSYoungGen: 141760K->3872K(143104K)] 3235726K->3097854K(3831296K), 0.0288630 secs] [Times: user=0.16 sys=0.01, real=0.03 secs] 
41155.988: [GC [PSYoungGen: 142048K->2752K(143232K)] 3236030K->3096758K(3831424K), 0.0300550 secs] [Times: user=0.14 sys=0.01, real=0.03 secs] 
41165.234: [GC [PSYoungGen: 140928K->4224K(143488K)] 3234934K->3098254K(3831680K), 0.0333680 secs] [Times: user=0.17 sys=0.00, real=0.03 secs] 
41174.796: [GC [PSYoungGen: 142592K->2976K(143552K)] 3236622K->3097030K(3831744K), 0.0238840 secs] [Times: user=0.15 sys=0.01, real=0.02 secs] 
41184.177: [GC [PSYoungGen: 141344K->3968K(143680K)] 3235398K->3098030K(3831872K), 0.0286890 secs] [Times: user=0.16 sys=0.00, real=0.03 secs] 
41193.694: [GC [PSYoungGen: 142592K->3488K(143744K)] 3236654K->3097566K(3831936K), 0.0374730 secs] [Times: user=0.17 sys=0.01, real=0.04 secs] 
41203.095: [GC [PSYoungGen: 142112K->5024K(143616K)] 3236190K->3099126K(3831808K), 0.0298830 secs] [Times: user=0.18 sys=0.01, real=0.03 secs] 
41212.806: [GC [PSYoungGen: 143584K->2400K(143936K)] 3237686K->3096526K(3832128K), 0.0219860 secs] [Times: user=0.15 sys=0.00, real=0.02 secs] 
41222.122: [GC [PSYoungGen: 140960K->4992K(144064K)] 3235086K->3099126K(3832256K), 0.0268730 secs] [Times: user=0.17 sys=0.00, real=0.02 secs] 
41231.546: [GC [PSYoungGen: 143552K->4992K(144320K)] 3237686K->3099150K(3832512K), 0.0294370 secs] [Times: user=0.18 sys=0.00, real=0.03 secs] 
41241.144: [GC [PSYoungGen: 143552K->3712K(144448K)] 3237710K->3097886K(3832640K), 0.0281440 secs] [Times: user=0.17 sys=0.00, real=0.03 secs] 
41250.592: [GC [PSYoungGen: 142528K->3616K(144640K)] 3236702K->3097806K(3832832K), 0.0287880 secs] [Times: user=0.17 sys=0.00, real=0.03 secs] 
41260.071: [GC [PSYoungGen: 142432K->4736K(144640K)] 3236622K->3098934K(3832832K), 0.0297010 secs] [Times: user=0.19 sys=0.00, real=0.03 secs] 
41269.621: [GC [PSYoungGen: 143680K->4256K(144768K)] 3237878K->3098478K(3832960K), 0.0263700 secs] [Times: user=0.16 sys=0.00, real=0.03 secs] 
41279.053: [GC [PSYoungGen: 143200K->3968K(144704K)] 3237422K->3098206K(3832896K), 0.0312450 secs] [Times: user=0.13 sys=0.00, real=0.03 secs] 
41288.654: [GC [PSYoungGen: 143168K->3168K(144832K)] 3237406K->3097414K(3833024K), 0.0329750 secs] [Times: user=0.16 sys=0.01, real=0.03 secs] 
41298.120: [GC [PSYoungGen: 142368K->4512K(144960K)] 3236614K->3098790K(3833152K), 0.0378250 secs] [Times: user=0.17 sys=0.00, real=0.04 secs] 
41307.592: [GC [PSYoungGen: 143904K->4608K(145024K)] 3238182K->3098894K(3833216K), 0.0291190 secs] [Times: user=0.18 sys=0.00, real=0.03 secs] 
41317.215: [GC [PSYoungGen: 144000K->4160K(145088K)] 3238286K->3098470K(3833280K), 0.0338490 secs] [Times: user=0.16 sys=0.02, real=0.03 secs] 
41326.852: [GC [PSYoungGen: 143808K->2880K(145216K)] 3238118K->3097214K(3833408K), 0.0253470 secs] [Times: user=0.14 sys=0.00, real=0.03 secs] 
41336.320: [GC [PSYoungGen: 142528K->4512K(145472K)] 3236862K->3098854K(3833664K), 0.0289830 secs] [Times: user=0.18 sys=0.00, real=0.03 secs] 
41345.811: [GC [PSYoungGen: 144352K->3840K(145536K)] 3238694K->3098206K(3833728K), 0.0381200 secs] [Times: user=0.20 sys=0.02, real=0.04 secs] 
41355.265: [GC [PSYoungGen: 143680K->3808K(145472K)] 3238046K->3098198K(3833664K), 0.0501510 secs] [Times: user=0.18 sys=0.01, real=0.05 secs] 
41364.990: [GC [PSYoungGen: 143968K->3200K(145600K)] 3238358K->3097614K(3833792K), 0.0265620 secs] [Times: user=0.13 sys=0.00, real=0.03 secs] 
41374.463: [GC [PSYoungGen: 143360K->3872K(145536K)] 3237774K->3098294K(3833728K), 0.0294850 secs] [Times: user=0.16 sys=0.01, real=0.03 secs] 
41384.108: [GC [PSYoungGen: 144352K->2400K(145728K)] 3238774K->3096838K(3833920K), 0.0294240 secs] [Times: user=0.14 sys=0.00, real=0.03 secs] 
41393.290: [GC [PSYoungGen: 142880K->4608K(145984K)] 3237318K->3099054K(3834176K), 0.0308530 secs] [Times: user=0.13 sys=0.01, real=0.03 secs] 
41402.791: [GC [PSYoungGen: 145216K->3008K(146176K)] 3239662K->3097478K(3834368K), 0.0275140 secs] [Times: user=0.12 sys=0.00, real=0.03 secs] 
41412.092: [GC [PSYoungGen: 143616K->4320K(146304K)] 3238086K->3098798K(3834496K), 0.0266170 secs] [Times: user=0.14 sys=0.01, real=0.03 secs] 
41421.514: [GC [PSYoungGen: 145120K->4288K(146368K)] 3239598K->3098782K(3834560K), 0.0320330 secs] [Times: user=0.17 sys=0.00, real=0.03 secs] 
41430.957: [GC [PSYoungGen: 145088K->3808K(146240K)] 3239582K->3098310K(3834432K), 0.0266110 secs] [Times: user=0.14 sys=0.01, real=0.03 secs] 
41440.402: [GC [PSYoungGen: 144864K->3680K(146432K)] 3239366K->3098190K(3834624K), 0.0270490 secs] [Times: user=0.17 sys=0.00, real=0.02 secs] 
41449.780: [GC [PSYoungGen: 144736K->3264K(146560K)] 3239246K->3097798K(3834752K), 0.0295160 secs] [Times: user=0.18 sys=0.00, real=0.03 secs] 
41459.162: [GC [PSYoungGen: 144576K->4928K(146560K)] 3239110K->3099478K(3834752K), 0.0275830 secs] [Times: user=0.17 sys=0.00, real=0.03 secs] 
41468.678: [GC [PSYoungGen: 146240K->4288K(147072K)] 3240790K->3098854K(3835264K), 0.0262230 secs] [Times: user=0.16 sys=0.00, real=0.02 secs] 
41478.140: [GC [PSYoungGen: 145856K->3328K(147072K)] 3240422K->3097918K(3835264K), 0.0284310 secs] [Times: user=0.17 sys=0.00, real=0.03 secs] 
41487.652: [GC [PSYoungGen: 144896K->3488K(147136K)] 3239486K->3098086K(3835328K), 0.0271200 secs] [Times: user=0.11 sys=0.01, real=0.02 secs] 
41497.144: [GC [PSYoungGen: 145312K->3744K(147200K)] 3239910K->3098366K(3835392K), 0.0268140 secs] [Times: user=0.15 sys=0.00, real=0.02 secs] 
41506.681: [GC [PSYoungGen: 145568K->2816K(147328K)] 3240190K->3097446K(3835520K), 0.0214300 secs] [Times: user=0.14 sys=0.01, real=0.02 secs] 
41516.029: [GC [PSYoungGen: 144896K->2432K(147328K)] 3239526K->3097070K(3835520K), 0.0263630 secs] [Times: user=0.13 sys=0.00, real=0.03 secs] 
41525.070: [GC [PSYoungGen: 144512K->3200K(147520K)] 3239150K->3097862K(3835712K), 0.0339250 secs] [Times: user=0.15 sys=0.00, real=0.03 secs] 
41534.125: [GC [PSYoungGen: 145536K->3200K(147584K)] 3240198K->3097894K(3835776K), 0.0230830 secs] [Times: user=0.23 sys=0.00, real=0.03 secs] 
41543.231: [GC [PSYoungGen: 145536K->2784K(147584K)] 3240230K->3097518K(3835776K), 0.0161620 secs] [Times: user=0.15 sys=0.00, real=0.01 secs] 
41552.244: [GC [PSYoungGen: 145376K->3040K(147648K)] 3240110K->3097798K(3835840K), 0.0222780 secs] [Times: user=0.15 sys=0.00, real=0.02 secs] 
41561.621: [GC [PSYoungGen: 145632K->3616K(147712K)] 3240390K->3098382K(3835904K), 0.0228580 secs] [Times: user=0.15 sys=0.01, real=0.03 secs] 
41571.166: [GC [PSYoungGen: 146464K->2784K(147776K)] 3241230K->3097558K(3835968K), 0.0224910 secs] [Times: user=0.15 sys=0.00, real=0.02 secs] 
41580.613: [GC [PSYoungGen: 145632K->2624K(147968K)] 3240406K->3097430K(3836160K), 0.0260260 secs] [Times: user=0.14 sys=0.00, real=0.03 secs] 
41589.896: [GC [PSYoungGen: 145728K->2208K(147968K)] 3240534K->3097030K(3836160K), 0.0222710 secs] [Times: user=0.15 sys=0.00, real=0.02 secs] 
41598.277: [GC [PSYoungGen: 145312K->1408K(148096K)] 3240134K->3096238K(3836288K), 0.0341790 secs] [Times: user=0.17 sys=0.01, real=0.03 secs] 
41606.634: [GC [PSYoungGen: 144640K->1376K(148224K)] 3239470K->3096230K(3836416K), 0.0363410 secs] [Times: user=0.17 sys=0.03, real=0.04 secs] 
41614.957: [GC [PSYoungGen: 144608K->672K(148480K)] 3239462K->3095534K(3836672K), 0.0330680 secs] [Times: user=0.13 sys=0.01, real=0.04 secs] 
41623.269: [GC [PSYoungGen: 144032K->1152K(148608K)] 3238894K->3096022K(3836800K), 0.0307290 secs] [Times: user=0.16 sys=0.02, real=0.04 secs] 
41631.663: [GC [PSYoungGen: 144512K->704K(148928K)] 3239382K->3095582K(3837120K), 0.0287860 secs] [Times: user=0.14 sys=0.02, real=0.03 secs] 
41640.015: [GC [PSYoungGen: 144384K->864K(148928K)] 3239262K->3095758K(3837120K), 0.0382710 secs] [Times: user=0.13 sys=0.01, real=0.04 secs] 
41648.347: [GC [PSYoungGen: 144544K->1536K(148800K)] 3239438K->3096438K(3836992K), 0.0302440 secs] [Times: user=0.15 sys=0.00, real=0.03 secs] 
41656.742: [GC [PSYoungGen: 145536K->544K(148992K)] 3240438K->3095470K(3837184K), 0.0340480 secs] [Times: user=0.14 sys=0.01, real=0.04 secs] 
41665.088: [GC [PSYoungGen: 144544K->1312K(148928K)] 3239470K->3096254K(3837120K), 0.0348730 secs] [Times: user=0.15 sys=0.01, real=0.03 secs] 
41673.408: [GC [PSYoungGen: 145632K->1056K(149120K)] 3240574K->3096022K(3837312K), 0.0284260 secs] [Times: user=0.12 sys=0.01, real=0.02 secs] 
41681.800: [GC [PSYoungGen: 145376K->960K(148928K)] 3240342K->3095934K(3837120K), 0.0329150 secs] [Times: user=0.14 sys=0.01, real=0.03 secs] 
41694.262: [GC [PSYoungGen: 145600K->4469K(149120K)] 3240574K->3104264K(3837312K), 0.0242970 secs] [Times: user=0.13 sys=0.01, real=0.02 secs] 
41705.448: [GC [PSYoungGen: 149109K->7029K(150208K)] 3248904K->3108320K(3838400K), 0.0257260 secs] [Times: user=0.15 sys=0.01, real=0.03 secs] 
41715.706: [GC [PSYoungGen: 150197K->7701K(152000K)] 3251488K->3109024K(3840192K), 0.0290700 secs] [Times: user=0.14 sys=0.01, real=0.03 secs] 
41725.383: [GC [PSYoungGen: 150869K->7477K(152640K)] 3252192K->3108800K(3840832K), 0.0315070 secs] [Times: user=0.15 sys=0.01, real=0.03 secs] 
41735.146: [GC [PSYoungGen: 150133K->9109K(153408K)] 3251456K->3110432K(3841600K), 0.0260550 secs] [Times: user=0.15 sys=0.00, real=0.03 secs] 
41744.957: [GC [PSYoungGen: 151765K->9109K(153984K)] 3253088K->3110464K(3842176K), 0.0265170 secs] [Times: user=0.16 sys=0.00, real=0.03 secs] 
41754.721: [GC [PSYoungGen: 151061K->8341K(154944K)] 3252416K->3109720K(3843136K), 0.0322400 secs] [Times: user=0.15 sys=0.01, real=0.03 secs] 
41764.528: [GC [PSYoungGen: 150293K->8533K(155264K)] 3251672K->3109936K(3843456K), 0.0256350 secs] [Times: user=0.16 sys=0.00, real=0.03 secs] 
41774.313: [GC [PSYoungGen: 150357K->6901K(148736K)] 3251760K->3108328K(3836928K), 0.0273360 secs] [Times: user=0.13 sys=0.00, real=0.02 secs] 
41784.066: [GC [PSYoungGen: 148725K->7989K(155520K)] 3250152K->3109432K(3843712K), 0.0309500 secs] [Times: user=0.15 sys=0.01, real=0.03 secs] 
41793.841: [GC [PSYoungGen: 150005K->7029K(149056K)] 3251448K->3108496K(3837248K), 0.0281450 secs] [Times: user=0.13 sys=0.00, real=0.03 secs] 
41803.558: [GC [PSYoungGen: 149045K->7765K(155264K)] 3250512K->3109248K(3843456K), 0.0323430 secs] [Times: user=0.15 sys=0.01, real=0.04 secs] 
41813.302: [GC [PSYoungGen: 150037K->8917K(155392K)] 3251520K->3110424K(3843584K), 0.0257430 secs] [Times: user=0.15 sys=0.01, real=0.02 secs] 
41823.001: [GC [PSYoungGen: 151189K->9301K(155584K)] 3252696K->3110832K(3843776K), 0.0281920 secs] [Times: user=0.16 sys=0.01, real=0.03 secs] 
41832.658: [GC [PSYoungGen: 151445K->8341K(155968K)] 3252976K->3109888K(3844160K), 0.0223980 secs] [Times: user=0.15 sys=0.00, real=0.02 secs] 
41842.369: [GC [PSYoungGen: 150485K->5120K(155328K)] 3252032K->3109912K(3843520K), 0.0251590 secs] [Times: user=0.16 sys=0.00, real=0.03 secs] 
41852.162: [GC [PSYoungGen: 147520K->4704K(147136K)] 3252312K->3109576K(3835328K), 0.0280750 secs] [Times: user=0.15 sys=0.00, real=0.03 secs] 
41861.900: [GC [PSYoungGen: 147104K->4224K(155136K)] 3251976K->3109880K(3843328K), 0.0325550 secs] [Times: user=0.14 sys=0.00, real=0.03 secs] 
41871.656: [GC [PSYoungGen: 146880K->3840K(155392K)] 3252536K->3109528K(3843584K), 0.0237790 secs] [Times: user=0.14 sys=0.00, real=0.03 secs] 
41881.404: [GC [PSYoungGen: 146496K->4480K(154688K)] 3252184K->3110448K(3842880K), 0.0259490 secs] [Times: user=0.15 sys=0.01, real=0.03 secs] 
41891.232: [GC [PSYoungGen: 147392K->4416K(147392K)] 3253360K->3110408K(3835584K), 0.0252940 secs] [Times: user=0.16 sys=0.00, real=0.02 secs] 
41900.973: [GC [PSYoungGen: 147328K->3808K(154432K)] 3253320K->3109808K(3842624K), 0.0266610 secs] [Times: user=0.16 sys=0.00, real=0.02 secs] 
41910.812: [GC [PSYoungGen: 146976K->3840K(147072K)] 3252976K->3109864K(3835264K), 0.0238430 secs] [Times: user=0.19 sys=0.00, real=0.03 secs] 
41920.837: [GC [PSYoungGen: 147008K->4544K(153856K)] 3253032K->3110600K(3842048K), 0.0286770 secs] [Times: user=0.17 sys=0.00, real=0.03 secs] 
41930.773: [GC [PSYoungGen: 147968K->2784K(154240K)] 3254024K->3108856K(3842432K), 0.0301210 secs] [Times: user=0.14 sys=0.01, real=0.03 secs] 
41940.658: [GC [PSYoungGen: 146208K->3776K(153600K)] 3252280K->3109864K(3841792K), 0.0331700 secs] [Times: user=0.18 sys=0.00, real=0.03 secs] 
41950.541: [GC [PSYoungGen: 147456K->4512K(148224K)] 3253544K->3110616K(3836416K), 0.0268110 secs] [Times: user=0.14 sys=0.00, real=0.02 secs] 
41960.394: [GC [PSYoungGen: 148192K->3648K(153280K)] 3254296K->3109768K(3841472K), 0.0317800 secs] [Times: user=0.15 sys=0.00, real=0.03 secs] 
41970.329: [GC [PSYoungGen: 147584K->4160K(148160K)] 3253704K->3110304K(3836352K), 0.0298490 secs] [Times: user=0.13 sys=0.00, real=0.03 secs] 
41980.305: [GC [PSYoungGen: 148096K->4256K(152640K)] 3254240K->3110424K(3840832K), 0.0305210 secs] [Times: user=0.14 sys=0.00, real=0.03 secs] 
41990.418: [GC [PSYoungGen: 148448K->3168K(153024K)] 3254616K->3109352K(3841216K), 0.0297330 secs] [Times: user=0.14 sys=0.01, real=0.03 secs] 
42000.424: [GC [PSYoungGen: 147360K->3744K(152576K)] 3253544K->3109944K(3840768K), 0.0329780 secs] [Times: user=0.16 sys=0.00, real=0.03 secs] 
42010.393: [GC [PSYoungGen: 148192K->4864K(152832K)] 3254392K->3111104K(3841024K), 0.0278700 secs] [Times: user=0.18 sys=0.00, real=0.03 secs] 
42020.420: [GC [PSYoungGen: 149312K->3424K(152576K)] 3255552K->3109688K(3840768K), 0.0368070 secs] [Times: user=0.14 sys=0.01, real=0.04 secs] 
42030.337: [GC [PSYoungGen: 148128K->4000K(148736K)] 3254392K->3110280K(3836928K), 0.0309380 secs] [Times: user=0.14 sys=0.00, real=0.03 secs] 
42040.445: [GC [PSYoungGen: 148704K->3168K(152384K)] 3254984K->3109464K(3840576K), 0.0263260 secs] [Times: user=0.14 sys=0.00, real=0.02 secs] 
42050.387: [GC [PSYoungGen: 148128K->3264K(152512K)] 3254424K->3109576K(3840704K), 0.0315480 secs] [Times: user=0.16 sys=0.00, real=0.03 secs] 
42060.291: [GC [PSYoungGen: 148224K->3520K(152192K)] 3254536K->3109856K(3840384K), 0.0264510 secs] [Times: user=0.15 sys=0.00, real=0.03 secs] 
42070.179: [GC [PSYoungGen: 148736K->3808K(152384K)] 3255072K->3110152K(3840576K), 0.0289160 secs] [Times: user=0.17 sys=0.00, real=0.02 secs] 
42080.101: [GC [PSYoungGen: 149024K->5408K(152192K)] 3255368K->3111768K(3840384K), 0.0351790 secs] [Times: user=0.19 sys=0.01, real=0.03 secs] 
42090.032: [GC [PSYoungGen: 150688K->3712K(152384K)] 3257048K->3110080K(3840576K), 0.0242420 secs] [Times: user=0.14 sys=0.00, real=0.02 secs] 
42099.923: [GC [PSYoungGen: 148992K->3584K(152064K)] 3255360K->3109960K(3840256K), 0.0286950 secs] [Times: user=0.14 sys=0.01, real=0.03 secs] 
42109.875: [GC [PSYoungGen: 149120K->3584K(152256K)] 3255496K->3109984K(3840448K), 0.0206190 secs] [Times: user=0.13 sys=0.00, real=0.02 secs] 
42119.855: [GC [PSYoungGen: 149120K->3520K(152064K)] 3255520K->3109928K(3840256K), 0.0236680 secs] [Times: user=0.14 sys=0.00, real=0.03 secs] 
42129.844: [GC [PSYoungGen: 149312K->4096K(152192K)] 3255720K->3110520K(3840384K), 0.0303690 secs] [Times: user=0.14 sys=0.00, real=0.03 secs] 
42139.819: [GC [PSYoungGen: 149888K->3808K(151872K)] 3256312K->3110240K(3840064K), 0.0296820 secs] [Times: user=0.17 sys=0.00, real=0.03 secs] 
42149.882: [GC [PSYoungGen: 149856K->4224K(152064K)] 3256288K->3110672K(3840256K), 0.0286330 secs] [Times: user=0.15 sys=0.01, real=0.03 secs] 
42159.890: [GC [PSYoungGen: 150272K->3584K(151936K)] 3256720K->3110056K(3840128K), 0.0279360 secs] [Times: user=0.12 sys=0.00, real=0.03 secs] 
42170.099: [GC [PSYoungGen: 149888K->2016K(152064K)] 3256360K->3108504K(3840256K), 0.0303560 secs] [Times: user=0.13 sys=0.01, real=0.03 secs] 
42180.075: [GC [PSYoungGen: 148320K->2912K(152384K)] 3254808K->3109416K(3840576K), 0.0297810 secs] [Times: user=0.15 sys=0.01, real=0.02 secs] 
42190.076: [GC [PSYoungGen: 149472K->3424K(152448K)] 3255976K->3109952K(3840640K), 0.0312460 secs] [Times: user=0.14 sys=0.00, real=0.03 secs] 
42200.072: [GC [PSYoungGen: 149984K->4128K(152384K)] 3256512K->3110680K(3840576K), 0.0307900 secs] [Times: user=0.16 sys=0.00, real=0.03 secs] 
42210.169: [GC [PSYoungGen: 150944K->4096K(152448K)] 3257496K->3110672K(3840640K), 0.0305080 secs] [Times: user=0.13 sys=0.00, real=0.04 secs] 
42220.376: [GC [PSYoungGen: 150912K->3808K(152320K)] 3257488K->3110400K(3840512K), 0.0296190 secs] [Times: user=0.15 sys=0.01, real=0.03 secs] 
42230.430: [GC [PSYoungGen: 150880K->4288K(152512K)] 3257472K->3110896K(3840704K), 0.0308520 secs] [Times: user=0.16 sys=0.01, real=0.03 secs] 
42240.486: [GC [PSYoungGen: 151360K->4320K(152832K)] 3257968K->3110960K(3841024K), 0.0311920 secs] [Times: user=0.16 sys=0.00, real=0.03 secs] 
42250.555: [GC [PSYoungGen: 151648K->4416K(152832K)] 3258288K->3111064K(3841024K), 0.0279690 secs] [Times: user=0.15 sys=0.00, real=0.03 secs] 
42260.686: [GC [PSYoungGen: 151744K->3936K(152896K)] 3258392K->3110592K(3841088K), 0.0257530 secs] [Times: user=0.16 sys=0.00, real=0.03 secs] 
42270.814: [GC [PSYoungGen: 151520K->4032K(153024K)] 3258176K->3110704K(3841216K), 0.0250960 secs] [Times: user=0.15 sys=0.00, real=0.03 secs] 
42280.821: [GC [PSYoungGen: 151616K->4096K(153024K)] 3258288K->3110784K(3841216K), 0.0294060 secs] [Times: user=0.18 sys=0.01, real=0.03 secs] 
42291.123: [GC [PSYoungGen: 151936K->4352K(153088K)] 3258624K->3111056K(3841280K), 0.0339000 secs] [Times: user=0.19 sys=0.00, real=0.03 secs] 
42301.337: [GC [PSYoungGen: 152192K->2464K(153216K)] 3258896K->3109192K(3841408K), 0.0228300 secs] [Times: user=0.12 sys=0.01, real=0.02 secs] 
42311.383: [GC [PSYoungGen: 150432K->4224K(153344K)] 3257160K->3110968K(3841536K), 0.0228900 secs] [Times: user=0.16 sys=0.00, real=0.03 secs] 
42321.371: [GC [PSYoungGen: 152192K->3872K(153344K)] 3258936K->3110632K(3841536K), 0.0218560 secs] [Times: user=0.14 sys=0.00, real=0.02 secs] 
42331.554: [GC [PSYoungGen: 152096K->4096K(153472K)] 3258856K->3110872K(3841664K), 0.0353610 secs] [Times: user=0.19 sys=0.01, real=0.04 secs] 
42341.782: [GC [PSYoungGen: 152320K->3168K(153664K)] 3259096K->3109968K(3841856K), 0.0257070 secs] [Times: user=0.14 sys=0.01, real=0.02 secs] 
42352.012: [GC [PSYoungGen: 151648K->3328K(153664K)] 3258448K->3110168K(3841856K), 0.0259110 secs] [Times: user=0.17 sys=0.00, real=0.02 secs] 
42362.129: [GC [PSYoungGen: 151808K->5056K(153472K)] 3258648K->3111904K(3841664K), 0.0252430 secs] [Times: user=0.17 sys=0.00, real=0.03 secs] 
42372.402: [GC [PSYoungGen: 153408K->4192K(153856K)] 3260256K->3111056K(3842048K), 0.0305390 secs] [Times: user=0.15 sys=0.00, real=0.03 secs] 
42382.615: [GC [PSYoungGen: 152544K->2848K(154048K)] 3259408K->3109736K(3842240K), 0.0297110 secs] [Times: user=0.13 sys=0.01, real=0.03 secs] 
42392.859: [GC [PSYoungGen: 151456K->3392K(154048K)] 3258344K->3110304K(3842240K), 0.0268970 secs] [Times: user=0.15 sys=0.00, real=0.02 secs] 
42403.017: [GC [PSYoungGen: 152000K->4576K(154112K)] 3258912K->3111512K(3842304K), 0.0304380 secs] [Times: user=0.16 sys=0.01, real=0.03 secs] 
42413.258: [GC [PSYoungGen: 153312K->3808K(154240K)] 3260248K->3110760K(3842432K), 0.0261770 secs] [Times: user=0.16 sys=0.00, real=0.03 secs] 
42423.432: [GC [PSYoungGen: 152544K->5088K(154048K)] 3259496K->3112056K(3842240K), 0.0299140 secs] [Times: user=0.15 sys=0.00, real=0.03 secs] 
42433.742: [GC [PSYoungGen: 153760K->3104K(154368K)] 3260728K->3110096K(3842560K), 0.0285180 secs] [Times: user=0.14 sys=0.00, real=0.03 secs] 
42443.932: [GC [PSYoungGen: 151776K->3392K(154432K)] 3258768K->3110408K(3842624K), 0.0310770 secs] [Times: user=0.18 sys=0.00, real=0.03 secs] 
42454.071: [GC [PSYoungGen: 152320K->4096K(154496K)] 3259336K->3111136K(3842688K), 0.0379010 secs] [Times: user=0.18 sys=0.00, real=0.04 secs] 
42464.571: [GC [PSYoungGen: 153024K->3232K(154560K)] 3260064K->3110288K(3842752K), 0.0256910 secs] [Times: user=0.15 sys=0.01, real=0.02 secs] 
42474.802: [GC [PSYoungGen: 152416K->3488K(154624K)] 3259472K->3110560K(3842816K), 0.0286930 secs] [Times: user=0.18 sys=0.01, real=0.03 secs] 
42485.047: [GC [PSYoungGen: 152672K->4384K(154688K)] 3259744K->3111472K(3842880K), 0.0347150 secs] [Times: user=0.17 sys=0.00, real=0.04 secs] 
42495.397: [GC [PSYoungGen: 153760K->3360K(154752K)] 3260848K->3110472K(3842944K), 0.0298760 secs] [Times: user=0.17 sys=0.01, real=0.03 secs] 
42505.676: [GC [PSYoungGen: 152736K->3424K(154816K)] 3259848K->3110560K(3843008K), 0.0263200 secs] [Times: user=0.16 sys=0.00, real=0.02 secs] 
42515.746: [GC [PSYoungGen: 153056K->5120K(154880K)] 3260192K->3112272K(3843072K), 0.0292960 secs] [Times: user=0.18 sys=0.00, real=0.03 secs] 
42526.128: [GC [PSYoungGen: 154752K->5088K(155264K)] 3261904K->3112248K(3843456K), 0.0243050 secs] [Times: user=0.16 sys=0.01, real=0.02 secs] 
42536.427: [GC [PSYoungGen: 154720K->3136K(155520K)] 3261880K->3110312K(3843712K), 0.0329200 secs] [Times: user=0.17 sys=0.01, real=0.04 secs] 
42546.613: [GC [PSYoungGen: 152768K->3584K(155456K)] 3259944K->3110792K(3843648K), 0.0219640 secs] [Times: user=0.14 sys=0.00, real=0.02 secs] 
42556.818: [GC [PSYoungGen: 153472K->4064K(155584K)] 3260680K->3111288K(3843776K), 0.0255990 secs] [Times: user=0.13 sys=0.00, real=0.03 secs] 
42567.140: [GC [PSYoungGen: 153952K->3648K(155584K)] 3261176K->3110896K(3843776K), 0.0301680 secs] [Times: user=0.17 sys=0.01, real=0.03 secs] 
42577.392: [GC [PSYoungGen: 153792K->4256K(155648K)] 3261040K->3111520K(3843840K), 0.0276650 secs] [Times: user=0.16 sys=0.00, real=0.03 secs] 
42587.701: [GC [PSYoungGen: 154400K->4672K(155712K)] 3261664K->3111960K(3843904K), 0.0336720 secs] [Times: user=0.17 sys=0.00, real=0.03 secs] 
42598.081: [GC [PSYoungGen: 154944K->3328K(155840K)] 3262232K->3110656K(3844032K), 0.0278250 secs] [Times: user=0.16 sys=0.00, real=0.03 secs] 
42608.288: [GC [PSYoungGen: 153600K->2976K(156096K)] 3260928K->3110320K(3844288K), 0.0254230 secs] [Times: user=0.16 sys=0.01, real=0.03 secs] 
42618.538: [GC [PSYoungGen: 153504K->4928K(156096K)] 3260848K->3112288K(3844288K), 0.0325310 secs] [Times: user=0.15 sys=0.00, real=0.03 secs] 
42629.014: [GC [PSYoungGen: 155456K->2912K(156544K)] 3262816K->3110288K(3844736K), 0.0281660 secs] [Times: user=0.14 sys=0.01, real=0.02 secs] 
42639.247: [GC [PSYoungGen: 153696K->5248K(156544K)] 3261072K->3112632K(3844736K), 0.0270480 secs] [Times: user=0.15 sys=0.00, real=0.02 secs] 
42649.710: [GC [PSYoungGen: 156032K->4384K(157120K)] 3263416K->3111792K(3845312K), 0.0294950 secs] [Times: user=0.16 sys=0.01, real=0.03 secs] 
42660.024: [GC [PSYoungGen: 155424K->4288K(157120K)] 3262832K->3111704K(3845312K), 0.0267080 secs] [Times: user=0.16 sys=0.00, real=0.03 secs] 
42670.470: [GC [PSYoungGen: 155328K->2784K(157248K)] 3262744K->3110216K(3845440K), 0.0233800 secs] [Times: user=0.13 sys=0.00, real=0.02 secs] 
42680.780: [GC [PSYoungGen: 154080K->4352K(157248K)] 3261512K->3111808K(3845440K), 0.0270490 secs] [Times: user=0.16 sys=0.00, real=0.03 secs] 
42691.205: [GC [PSYoungGen: 155648K->4384K(157376K)] 3263104K->3111872K(3845568K), 0.0284730 secs] [Times: user=0.15 sys=0.01, real=0.03 secs] 
42701.553: [GC [PSYoungGen: 155936K->3744K(157440K)] 3263424K->3111264K(3845632K), 0.0331330 secs] [Times: user=0.15 sys=0.01, real=0.04 secs] 
42711.894: [GC [PSYoungGen: 155296K->3456K(157440K)] 3262816K->3111008K(3845632K), 0.0292870 secs] [Times: user=0.16 sys=0.00, real=0.03 secs] 
42722.403: [GC [PSYoungGen: 155264K->3232K(157504K)] 3262816K->3110824K(3845696K), 0.0432930 secs] [Times: user=0.14 sys=0.03, real=0.04 secs] 
42732.695: [GC [PSYoungGen: 155040K->3424K(157504K)] 3262632K->3111032K(3845696K), 0.0323890 secs] [Times: user=0.15 sys=0.00, real=0.03 secs] 
42743.130: [GC [PSYoungGen: 155552K->4384K(157632K)] 3263160K->3112008K(3845824K), 0.0256430 secs] [Times: user=0.18 sys=0.00, real=0.03 secs] 
42753.309: [GC [PSYoungGen: 156512K->4256K(157952K)] 3264136K->3111896K(3846144K), 0.0291160 secs] [Times: user=0.17 sys=0.00, real=0.03 secs] 
42763.415: [GC [PSYoungGen: 156640K->4128K(157952K)] 3264280K->3111784K(3846144K), 0.0246540 secs] [Times: user=0.14 sys=0.00, real=0.02 secs] 
42773.682: [GC [PSYoungGen: 156512K->3264K(158080K)] 3264168K->3110928K(3846272K), 0.0275310 secs] [Times: user=0.16 sys=0.01, real=0.03 secs] 
42783.726: [GC [PSYoungGen: 155904K->3648K(158080K)] 3263568K->3111336K(3846272K), 0.0285440 secs] [Times: user=0.19 sys=0.00, real=0.03 secs] 
42794.031: [GC [PSYoungGen: 156288K->3840K(157952K)] 3263976K->3111552K(3846144K), 0.0256080 secs] [Times: user=0.15 sys=0.00, real=0.02 secs] 
42804.221: [GC [PSYoungGen: 156736K->3616K(158080K)] 3264448K->3111344K(3846272K), 0.0229070 secs] [Times: user=0.13 sys=0.01, real=0.02 secs] 
42814.305: [GC [PSYoungGen: 156512K->4256K(153984K)] 3264240K->3112000K(3842176K), 0.0253980 secs] [Times: user=0.16 sys=0.00, real=0.02 secs] 
42824.266: [GC [PSYoungGen: 153952K->3968K(150592K)] 3261696K->3111728K(3838784K), 0.0265580 secs] [Times: user=0.13 sys=0.00, real=0.02 secs] 
42834.157: [GC [PSYoungGen: 150528K->1952K(148800K)] 3258288K->3110688K(3836992K), 0.0287050 secs] [Times: user=0.14 sys=0.01, real=0.03 secs] 
42843.999: [GC [PSYoungGen: 148768K->3072K(150208K)] 3257504K->3111816K(3838400K), 0.0293880 secs] [Times: user=0.14 sys=0.00, real=0.03 secs] 
42853.700: [GC [PSYoungGen: 150144K->3328K(152192K)] 3258888K->3112072K(3840384K), 0.0333640 secs] [Times: user=0.16 sys=0.00, real=0.03 secs] 
42863.461: [GC [PSYoungGen: 150464K->3936K(152128K)] 3259208K->3112680K(3840320K), 0.0291850 secs] [Times: user=0.17 sys=0.00, real=0.03 secs] 
42873.179: [GC [PSYoungGen: 151072K->3776K(152128K)] 3259816K->3112528K(3840320K), 0.0289740 secs] [Times: user=0.19 sys=0.00, real=0.03 secs] 
42883.041: [GC [PSYoungGen: 151168K->4160K(152256K)] 3259920K->3112920K(3840448K), 0.0303460 secs] [Times: user=0.15 sys=0.01, real=0.03 secs] 
42892.785: [GC [PSYoungGen: 151552K->3520K(152448K)] 3260312K->3112280K(3840640K), 0.0263210 secs] [Times: user=0.13 sys=0.00, real=0.02 secs] 
42902.682: [GC [PSYoungGen: 151168K->4256K(152512K)] 3259928K->3113016K(3840704K), 0.0219340 secs] [Times: user=0.14 sys=0.00, real=0.02 secs] 
42912.477: [GC [PSYoungGen: 151904K->4064K(152832K)] 3260664K->3112840K(3841024K), 0.0267790 secs] [Times: user=0.13 sys=0.00, real=0.02 secs] 
42922.378: [GC [PSYoungGen: 151968K->4032K(152832K)] 3260744K->3112816K(3841024K), 0.0290330 secs] [Times: user=0.19 sys=0.00, real=0.03 secs] 
42932.187: [GC [PSYoungGen: 151936K->4672K(152896K)] 3260720K->3113456K(3841088K), 0.0327790 secs] [Times: user=0.18 sys=0.01, real=0.04 secs] 
42941.881: [GC [PSYoungGen: 152640K->5024K(153088K)] 3261424K->3113816K(3841280K), 0.0246290 secs] [Times: user=0.17 sys=0.00, real=0.03 secs] 
42949.228: [GC [PSYoungGen: 152992K->4768K(153408K)] 3261784K->3113568K(3841600K), 0.0260330 secs] [Times: user=0.17 sys=0.01, real=0.03 secs] 
42959.049: [GC [PSYoungGen: 152800K->4224K(153600K)] 3261600K->3113032K(3841792K), 0.0310380 secs] [Times: user=0.13 sys=0.01, real=0.03 secs] 
42968.973: [GC [PSYoungGen: 152256K->3328K(153728K)] 3261064K->3112144K(3841920K), 0.0284870 secs] [Times: user=0.14 sys=0.01, real=0.03 secs] 
42978.902: [GC [PSYoungGen: 151616K->3040K(153728K)] 3260432K->3111880K(3841920K), 0.0266820 secs] [Times: user=0.16 sys=0.00, real=0.03 secs] 
42988.771: [GC [PSYoungGen: 151328K->4000K(153792K)] 3260168K->3112888K(3841984K), 0.0295790 secs] [Times: user=0.17 sys=0.01, real=0.03 secs] 
42998.631: [GC [PSYoungGen: 152338K->3744K(153920K)] 3261226K->3112648K(3842112K), 0.0270540 secs] [Times: user=0.16 sys=0.00, real=0.03 secs] 
43008.475: [GC [PSYoungGen: 152288K->3552K(153920K)] 3261192K->3112472K(3842112K), 0.0290410 secs] [Times: user=0.14 sys=0.01, real=0.03 secs] 
43018.308: [GC [PSYoungGen: 152352K->4160K(153984K)] 3261272K->3113096K(3842176K), 0.0266000 secs] [Times: user=0.15 sys=0.00, real=0.03 secs] 
43028.309: [GC [PSYoungGen: 152960K->4384K(154240K)] 3261896K->3113336K(3842432K), 0.0320670 secs] [Times: user=0.14 sys=0.00, real=0.04 secs] 
43038.306: [GC [PSYoungGen: 153440K->3072K(154240K)] 3262392K->3112040K(3842432K), 0.0266210 secs] [Times: user=0.16 sys=0.01, real=0.02 secs] 
43048.247: [GC [PSYoungGen: 152128K->3360K(154432K)] 3261096K->3112344K(3842624K), 0.0238590 secs] [Times: user=0.16 sys=0.01, real=0.02 secs] 
43058.115: [GC [PSYoungGen: 152672K->3776K(154496K)] 3261656K->3112776K(3842688K), 0.0258800 secs] [Times: user=0.14 sys=0.00, real=0.03 secs] 
43068.082: [GC [PSYoungGen: 153088K->3584K(154496K)] 3262088K->3112600K(3842688K), 0.0301570 secs] [Times: user=0.16 sys=0.01, real=0.03 secs] 
43078.022: [GC [PSYoungGen: 153152K->3328K(154560K)] 3262168K->3112368K(3842752K), 0.0278670 secs] [Times: user=0.15 sys=0.00, real=0.03 secs] 
43087.714: [GC [PSYoungGen: 152896K->3392K(154624K)] 3261936K->3112440K(3842816K), 0.0307840 secs] [Times: user=0.20 sys=0.00, real=0.03 secs] 
43097.241: [GC [PSYoungGen: 153216K->2144K(154688K)] 3262264K->3111208K(3842880K), 0.0266070 secs] [Times: user=0.16 sys=0.00, real=0.03 secs] 
43106.764: [GC [PSYoungGen: 151968K->2496K(155136K)] 3261032K->3111584K(3843328K), 0.0257450 secs] [Times: user=0.14 sys=0.01, real=0.02 secs] 
43116.193: [GC [PSYoungGen: 152576K->3328K(155136K)] 3261664K->3112432K(3843328K), 0.0292850 secs] [Times: user=0.16 sys=0.00, real=0.03 secs] 
43125.848: [GC [PSYoungGen: 153408K->2656K(155264K)] 3262512K->3111784K(3843456K), 0.0243910 secs] [Times: user=0.17 sys=0.00, real=0.02 secs] 
43135.377: [GC [PSYoungGen: 152992K->2592K(155264K)] 3262120K->3111752K(3843456K), 0.0298950 secs] [Times: user=0.15 sys=0.00, real=0.03 secs] 
43145.009: [GC [PSYoungGen: 152928K->3360K(155264K)] 3262088K->3112536K(3843456K), 0.0295690 secs] [Times: user=0.15 sys=0.02, real=0.02 secs] 
43154.003: [GC [PSYoungGen: 153952K->2304K(155392K)] 3263128K->3111512K(3843584K), 0.0259430 secs] [Times: user=0.16 sys=0.00, real=0.02 secs] 
43162.446: [GC [PSYoungGen: 152896K->4789K(153984K)] 3262104K->3117411K(3842176K), 0.0203970 secs] [Times: user=0.12 sys=0.01, real=0.02 secs] 
43174.077: [GC [PSYoungGen: 153973K->6458K(152576K)] 3266595K->3121059K(3840768K), 0.0262160 secs] [Times: user=0.15 sys=0.00, real=0.03 secs] 
43185.715: [GC [PSYoungGen: 152570K->6266K(149376K)] 3267171K->3120883K(3837568K), 0.0264510 secs] [Times: user=0.14 sys=0.01, real=0.02 secs] 
43197.160: [GC [PSYoungGen: 149370K->6426K(146688K)] 3263987K->3121043K(3834880K), 0.0230770 secs] [Times: user=0.14 sys=0.00, real=0.02 secs] 
43208.296: [GC [PSYoungGen: 146650K->6010K(143424K)] 3261267K->3121579K(3831616K), 0.0241280 secs] [Times: user=0.17 sys=0.00, real=0.03 secs] 
43219.174: [GC [PSYoungGen: 143418K->5978K(140736K)] 3258987K->3121555K(3828928K), 0.0302390 secs] [Times: user=0.11 sys=0.00, real=0.03 secs] 
43229.894: [GC [PSYoungGen: 140698K->6234K(138368K)] 3256275K->3121811K(3826560K), 0.0239840 secs] [Times: user=0.15 sys=0.01, real=0.02 secs] 
43240.301: [GC [PSYoungGen: 138330K->6746K(136320K)] 3253907K->3122355K(3824512K), 0.0348640 secs] [Times: user=0.15 sys=0.00, real=0.04 secs] 
43250.783: [GC [PSYoungGen: 136282K->5530K(132672K)] 3251891K->3121155K(3820864K), 0.0253290 secs] [Times: user=0.12 sys=0.00, real=0.03 secs] 
43261.768: [GC [PSYoungGen: 132570K->7706K(132416K)] 3248195K->3123355K(3820608K), 0.0251630 secs] [Times: user=0.15 sys=0.00, real=0.02 secs] 
43274.659: [GC [PSYoungGen: 132378K->6746K(129408K)] 3248027K->3122411K(3817600K), 0.0348210 secs] [Times: user=0.14 sys=0.00, real=0.04 secs] 
43287.554: [GC [PSYoungGen: 129114K->6938K(127104K)] 3244779K->3122619K(3815296K), 0.0219540 secs] [Times: user=0.16 sys=0.00, real=0.02 secs] 
43300.199: [GC [PSYoungGen: 127066K->7738K(126208K)] 3242747K->3123427K(3814400K), 0.0259440 secs] [Times: user=0.16 sys=0.00, real=0.03 secs] 
43312.595: [GC [PSYoungGen: 125690K->7322K(123200K)] 3241379K->3123019K(3811392K), 0.0270940 secs] [Times: user=0.16 sys=0.00, real=0.02 secs] 
43324.618: [GC [PSYoungGen: 123162K->6010K(121088K)] 3238859K->3121739K(3809280K), 0.0257310 secs] [Times: user=0.15 sys=0.00, real=0.02 secs] 
43336.402: [GC [PSYoungGen: 119802K->5504K(117376K)] 3235531K->3122875K(3805568K), 0.0257830 secs] [Times: user=0.16 sys=0.00, real=0.03 secs] 
43347.774: [GC [PSYoungGen: 117312K->4608K(117376K)] 3234683K->3122515K(3805568K), 0.0254780 secs] [Times: user=0.15 sys=0.00, real=0.03 secs] 
43359.483: [GC [PSYoungGen: 114496K->4000K(112064K)] 3232403K->3122179K(3800256K), 0.0260940 secs] [Times: user=0.15 sys=0.00, real=0.02 secs] 
43370.557: [GC [PSYoungGen: 112032K->3968K(113600K)] 3230211K->3122155K(3801792K), 0.0276160 secs] [Times: user=0.16 sys=0.01, real=0.03 secs] 
43381.577: [GC [PSYoungGen: 110144K->2848K(107264K)] 3228331K->3121307K(3795456K), 0.0299780 secs] [Times: user=0.14 sys=0.02, real=0.03 secs] 
43392.180: [GC [PSYoungGen: 107232K->4256K(109824K)] 3225691K->3122731K(3798016K), 0.0322190 secs] [Times: user=0.17 sys=0.00, real=0.03 secs] 
43403.033: [GC [PSYoungGen: 106912K->3488K(104512K)] 3225387K->3121979K(3792704K), 0.0282790 secs] [Times: user=0.14 sys=0.01, real=0.03 secs] 
43413.420: [GC [PSYoungGen: 104480K->4192K(106240K)] 3222971K->3122699K(3794432K), 0.0257320 secs] [Times: user=0.17 sys=0.00, real=0.02 secs] 
43423.911: [GC [PSYoungGen: 103584K->2400K(100224K)] 3222091K->3120923K(3788416K), 0.0286090 secs] [Times: user=0.14 sys=0.01, real=0.02 secs] 
43433.904: [GC [PSYoungGen: 100192K->4192K(102912K)] 3218715K->3122747K(3791104K), 0.0254410 secs] [Times: user=0.14 sys=0.00, real=0.02 secs] 
43443.776: [GC [PSYoungGen: 100448K->4256K(99072K)] 3219003K->3122819K(3787264K), 0.0250970 secs] [Times: user=0.16 sys=0.00, real=0.02 secs] 
43453.721: [GC [PSYoungGen: 99040K->4256K(99392K)] 3217603K->3122835K(3787584K), 0.0295510 secs] [Times: user=0.16 sys=0.01, real=0.03 secs] 
43463.593: [GC [PSYoungGen: 97568K->3168K(101184K)] 3216147K->3121755K(3789376K), 0.0285040 secs] [Times: user=0.17 sys=0.00, real=0.03 secs] 
43472.990: [GC [PSYoungGen: 96480K->4512K(100736K)] 3215067K->3123131K(3788928K), 0.0308490 secs] [Times: user=0.17 sys=0.00, real=0.03 secs] 
43482.571: [GC [PSYoungGen: 98016K->4608K(98176K)] 3216635K->3123243K(3786368K), 0.0305280 secs] [Times: user=0.16 sys=0.00, real=0.03 secs] 
43492.432: [GC [PSYoungGen: 98112K->4544K(100544K)] 3216747K->3123195K(3788736K), 0.0296470 secs] [Times: user=0.17 sys=0.00, real=0.03 secs] 
43502.149: [GC [PSYoungGen: 98240K->3680K(100736K)] 3216891K->3122339K(3788928K), 0.0269310 secs] [Times: user=0.15 sys=0.00, real=0.03 secs] 
43511.826: [GC [PSYoungGen: 97376K->3648K(100544K)] 3216035K->3122331K(3788736K), 0.0260400 secs] [Times: user=0.14 sys=0.01, real=0.02 secs] 
43520.723: [GC [PSYoungGen: 97536K->3904K(100672K)] 3216219K->3122611K(3788864K), 0.0277390 secs] [Times: user=0.16 sys=0.00, real=0.03 secs] 
43528.403: [GC [PSYoungGen: 97792K->4672K(100544K)] 3216499K->3123387K(3788736K), 0.0312960 secs] [Times: user=0.18 sys=0.00, real=0.03 secs] 
43536.104: [GC [PSYoungGen: 98752K->3392K(100608K)] 3217467K->3122131K(3788800K), 0.0340500 secs] [Times: user=0.18 sys=0.02, real=0.04 secs] 
43543.719: [GC [PSYoungGen: 97472K->4032K(100352K)] 3216211K->3122779K(3788544K), 0.0248040 secs] [Times: user=0.16 sys=0.00, real=0.02 secs] 
43551.473: [GC [PSYoungGen: 98304K->2880K(100544K)] 3217051K->3121643K(3788736K), 0.0282090 secs] [Times: user=0.15 sys=0.00, real=0.03 secs] 
43559.132: [GC [PSYoungGen: 97152K->2592K(100672K)] 3215915K->3121363K(3788864K), 0.0272000 secs] [Times: user=0.14 sys=0.01, real=0.02 secs] 
43566.698: [GC [PSYoungGen: 96992K->3520K(100736K)] 3215763K->3122307K(3788928K), 0.0295270 secs] [Times: user=0.16 sys=0.00, real=0.03 secs] 
43574.421: [GC [PSYoungGen: 97920K->3200K(100480K)] 3216707K->3121995K(3788672K), 0.0262320 secs] [Times: user=0.16 sys=0.01, real=0.03 secs] 
43582.099: [GC [PSYoungGen: 97792K->3200K(100608K)] 3216587K->3122027K(3788800K), 0.0292770 secs] [Times: user=0.13 sys=0.00, real=0.03 secs] 
43589.714: [GC [PSYoungGen: 97792K->5248K(100288K)] 3216619K->3124083K(3788480K), 0.0333160 secs] [Times: user=0.15 sys=0.01, real=0.04 secs] 
43597.580: [GC [PSYoungGen: 99648K->4544K(100672K)] 3218483K->3123395K(3788864K), 0.0290070 secs] [Times: user=0.19 sys=0.01, real=0.03 secs] 
43605.213: [GC [PSYoungGen: 98944K->3456K(100672K)] 3217795K->3122315K(3788864K), 0.0275240 secs] [Times: user=0.15 sys=0.00, real=0.03 secs] 
43612.822: [GC [PSYoungGen: 98112K->4576K(100800K)] 3216971K->3123451K(3788992K), 0.0282860 secs] [Times: user=0.18 sys=0.01, real=0.03 secs] 
43620.463: [GC [PSYoungGen: 99232K->3776K(100544K)] 3218107K->3122659K(3788736K), 0.0237760 secs] [Times: user=0.16 sys=0.00, real=0.02 secs] 
43628.175: [GC [PSYoungGen: 98624K->3744K(100800K)] 3217507K->3122643K(3788992K), 0.0309180 secs] [Times: user=0.18 sys=0.00, real=0.03 secs] 
43635.829: [GC [PSYoungGen: 98592K->4672K(100800K)] 3217491K->3123579K(3788992K), 0.0359910 secs] [Times: user=0.22 sys=0.01, real=0.04 secs] 
43643.671: [GC [PSYoungGen: 99648K->4448K(100864K)] 3218555K->3123371K(3789056K), 0.0285880 secs] [Times: user=0.18 sys=0.00, real=0.03 secs] 
43651.461: [GC [PSYoungGen: 99424K->3904K(100736K)] 3218347K->3122843K(3788928K), 0.0282480 secs] [Times: user=0.18 sys=0.01, real=0.03 secs] 
43659.091: [GC [PSYoungGen: 99136K->4800K(100928K)] 3218075K->3123747K(3789120K), 0.0299210 secs] [Times: user=0.17 sys=0.01, real=0.03 secs] 
43666.684: [GC [PSYoungGen: 100032K->3200K(101312K)] 3218979K->3122163K(3789504K), 0.0321240 secs] [Times: user=0.14 sys=0.01, real=0.03 secs] 
43674.443: [GC [PSYoungGen: 98688K->3904K(101312K)] 3217651K->3122883K(3789504K), 0.0314720 secs] [Times: user=0.14 sys=0.01, real=0.03 secs] 
43682.204: [GC [PSYoungGen: 99392K->4832K(101312K)] 3218371K->3123835K(3789504K), 0.0293760 secs] [Times: user=0.13 sys=0.00, real=0.03 secs] 
43690.017: [GC [PSYoungGen: 100448K->3776K(101440K)] 3219451K->3122795K(3789632K), 0.0341090 secs] [Times: user=0.14 sys=0.01, real=0.03 secs] 
43697.910: [GC [PSYoungGen: 99392K->2784K(101504K)] 3218411K->3121811K(3789696K), 0.0250800 secs] [Times: user=0.14 sys=0.00, real=0.03 secs] 
43705.685: [GC [PSYoungGen: 98592K->4128K(101568K)] 3217619K->3123187K(3789760K), 0.0342210 secs] [Times: user=0.14 sys=0.01, real=0.03 secs] 
43713.498: [GC [PSYoungGen: 99936K->4096K(101440K)] 3218995K->3123163K(3789632K), 0.0343280 secs] [Times: user=0.17 sys=0.00, real=0.03 secs] 
43721.281: [GC [PSYoungGen: 100160K->4128K(101568K)] 3219227K->3123219K(3789760K), 0.0327400 secs] [Times: user=0.17 sys=0.01, real=0.03 secs] 
43729.190: [GC [PSYoungGen: 100192K->4512K(101696K)] 3219283K->3123603K(3789888K), 0.0243560 secs] [Times: user=0.15 sys=0.00, real=0.02 secs] 
43737.053: [GC [PSYoungGen: 100768K->2880K(101760K)] 3219859K->3121995K(3789952K), 0.0224740 secs] [Times: user=0.14 sys=0.00, real=0.02 secs] 
43744.781: [GC [PSYoungGen: 99136K->4256K(101888K)] 3218251K->3123379K(3790080K), 0.0217120 secs] [Times: user=0.14 sys=0.00, real=0.02 secs] 
43752.708: [GC [PSYoungGen: 100704K->3584K(101952K)] 3219827K->3122731K(3790144K), 0.0344870 secs] [Times: user=0.19 sys=0.01, real=0.04 secs] 
43760.518: [GC [PSYoungGen: 100032K->2912K(102080K)] 3219179K->3122067K(3790272K), 0.0250100 secs] [Times: user=0.16 sys=0.00, real=0.03 secs] 
43768.304: [GC [PSYoungGen: 99552K->4160K(102080K)] 3218707K->3123331K(3790272K), 0.0292560 secs] [Times: user=0.17 sys=0.00, real=0.03 secs] 
43776.148: [GC [PSYoungGen: 100800K->5344K(101888K)] 3219971K->3124523K(3790080K), 0.0271230 secs] [Times: user=0.17 sys=0.00, real=0.03 secs] 
43784.066: [GC [PSYoungGen: 101792K->3840K(102272K)] 3220971K->3123051K(3790464K), 0.0311270 secs] [Times: user=0.14 sys=0.01, real=0.03 secs] 
43791.670: [GC [PSYoungGen: 100288K->5024K(102080K)] 3219499K->3124275K(3790272K), 0.0379240 secs] [Times: user=0.19 sys=0.01, real=0.04 secs] 
43799.687: [GC [PSYoungGen: 101472K->3200K(102336K)] 3220723K->3122467K(3790528K), 0.0240600 secs] [Times: user=0.16 sys=0.00, real=0.03 secs] 
43807.412: [GC [PSYoungGen: 99648K->3104K(102528K)] 3218915K->3122387K(3790720K), 0.0313930 secs] [Times: user=0.16 sys=0.01, real=0.03 secs] 
43815.185: [GC [PSYoungGen: 99808K->3904K(102528K)] 3219091K->3123203K(3790720K), 0.0310830 secs] [Times: user=0.18 sys=0.00, real=0.03 secs] 
43822.947: [GC [PSYoungGen: 100608K->3616K(102336K)] 3219907K->3122939K(3790528K), 0.0263400 secs] [Times: user=0.15 sys=0.01, real=0.03 secs] 
43830.632: [GC [PSYoungGen: 100576K->3968K(102464K)] 3219899K->3123307K(3790656K), 0.0354410 secs] [Times: user=0.17 sys=0.00, real=0.04 secs] 
43838.595: [GC [PSYoungGen: 100928K->4704K(102400K)] 3220267K->3124059K(3790592K), 0.0336900 secs] [Times: user=0.19 sys=0.01, real=0.03 secs] 
43846.446: [GC [PSYoungGen: 101728K->3008K(102592K)] 3221083K->3122379K(3790784K), 0.0233020 secs] [Times: user=0.14 sys=0.00, real=0.02 secs] 
43854.174: [GC [PSYoungGen: 100032K->4096K(102592K)] 3219403K->3123483K(3790784K), 0.0371550 secs] [Times: user=0.18 sys=0.01, real=0.04 secs] 
43862.111: [GC [PSYoungGen: 101376K->4352K(102720K)] 3220763K->3123755K(3790912K), 0.0300030 secs] [Times: user=0.15 sys=0.01, real=0.03 secs] 
43870.161: [GC [PSYoungGen: 101632K->3936K(102656K)] 3221035K->3123355K(3790848K), 0.0249560 secs] [Times: user=0.16 sys=0.00, real=0.02 secs] 
43877.981: [GC [PSYoungGen: 101472K->3648K(102848K)] 3220891K->3123083K(3791040K), 0.0352840 secs] [Times: user=0.19 sys=0.01, real=0.03 secs] 
43885.926: [GC [PSYoungGen: 101184K->4384K(102976K)] 3220619K->3123827K(3791168K), 0.0289830 secs] [Times: user=0.19 sys=0.00, real=0.03 secs] 
43893.929: [GC [PSYoungGen: 102112K->2688K(103040K)] 3221555K->3122155K(3791232K), 0.0293390 secs] [Times: user=0.14 sys=0.00, real=0.03 secs] 
43901.849: [GC [PSYoungGen: 100416K->3296K(103232K)] 3219883K->3122779K(3791424K), 0.0294920 secs] [Times: user=0.17 sys=0.00, real=0.03 secs] 
43909.623: [GC [PSYoungGen: 101280K->3264K(103296K)] 3220763K->3122755K(3791488K), 0.0323410 secs] [Times: user=0.16 sys=0.01, real=0.04 secs] 
43917.529: [GC [PSYoungGen: 101248K->5088K(103104K)] 3220739K->3124595K(3791296K), 0.0410100 secs] [Times: user=0.22 sys=0.00, real=0.04 secs] 
43925.624: [GC [PSYoungGen: 102944K->2752K(103488K)] 3222451K->3122291K(3791680K), 0.0219490 secs] [Times: user=0.14 sys=0.01, real=0.02 secs] 
43933.370: [GC [PSYoungGen: 100608K->3840K(103488K)] 3220147K->3123395K(3791680K), 0.0287980 secs] [Times: user=0.16 sys=0.00, real=0.03 secs] 
43941.313: [GC [PSYoungGen: 101952K->3776K(103616K)] 3221507K->3123347K(3791808K), 0.0299220 secs] [Times: user=0.15 sys=0.01, real=0.03 secs] 
43949.304: [GC [PSYoungGen: 101888K->4640K(103488K)] 3221459K->3124227K(3791680K), 0.0343620 secs] [Times: user=0.15 sys=0.00, real=0.03 secs] 
43957.266: [GC [PSYoungGen: 102816K->4544K(103680K)] 3222403K->3124147K(3791872K), 0.0267380 secs] [Times: user=0.17 sys=0.00, real=0.03 secs] 
43965.339: [GC [PSYoungGen: 102720K->4096K(103872K)] 3222323K->3123723K(3792064K), 0.0263960 secs] [Times: user=0.16 sys=0.01, real=0.03 secs] 
43973.272: [GC [PSYoungGen: 102528K->3072K(103936K)] 3222155K->3122715K(3792128K), 0.0262460 secs] [Times: user=0.13 sys=0.00, real=0.03 secs] 
43981.180: [GC [PSYoungGen: 101504K->3712K(103872K)] 3221147K->3123379K(3792064K), 0.0313270 secs] [Times: user=0.13 sys=0.00, real=0.03 secs] 
43989.052: [GC [PSYoungGen: 102400K->3808K(104000K)] 3222067K->3123483K(3792192K), 0.0311850 secs] [Times: user=0.16 sys=0.00, real=0.03 secs] 
43997.224: [GC [PSYoungGen: 102496K->3360K(104000K)] 3222171K->3123051K(3792192K), 0.0326090 secs] [Times: user=0.17 sys=0.01, real=0.03 secs] 
44005.264: [GC [PSYoungGen: 102304K->4160K(104064K)] 3221995K->3123867K(3792256K), 0.0291910 secs] [Times: user=0.14 sys=0.00, real=0.03 secs] 
44013.235: [GC [PSYoungGen: 103104K->4480K(104320K)] 3222811K->3124195K(3792512K), 0.0277330 secs] [Times: user=0.18 sys=0.00, real=0.03 secs] 
44021.307: [GC [PSYoungGen: 103616K->4032K(104384K)] 3223331K->3123755K(3792576K), 0.0250970 secs] [Times: user=0.15 sys=0.01, real=0.03 secs] 
44029.329: [GC [PSYoungGen: 103168K->3680K(104512K)] 3222891K->3123419K(3792704K), 0.0362410 secs] [Times: user=0.16 sys=0.02, real=0.04 secs] 
44037.380: [GC [PSYoungGen: 103072K->4192K(104512K)] 3222811K->3123947K(3792704K), 0.0291890 secs] [Times: user=0.14 sys=0.01, real=0.03 secs] 
44045.377: [GC [PSYoungGen: 103584K->4512K(104704K)] 3223339K->3124283K(3792896K), 0.0273450 secs] [Times: user=0.15 sys=0.00, real=0.02 secs] 
44053.587: [GC [PSYoungGen: 104096K->3840K(104768K)] 3223867K->3123619K(3792960K), 0.0332890 secs] [Times: user=0.14 sys=0.01, real=0.03 secs] 
44061.579: [GC [PSYoungGen: 103424K->4480K(104896K)] 3223203K->3124275K(3793088K), 0.0251170 secs] [Times: user=0.16 sys=0.00, real=0.02 secs] 
44069.616: [GC [PSYoungGen: 104256K->4032K(104960K)] 3224051K->3123835K(3793152K), 0.0267130 secs] [Times: user=0.16 sys=0.00, real=0.03 secs] 
44077.789: [GC [PSYoungGen: 103808K->2944K(104960K)] 3223611K->3122771K(3793152K), 0.0301220 secs] [Times: user=0.16 sys=0.00, real=0.03 secs] 
44085.779: [GC [PSYoungGen: 102848K->4896K(105088K)] 3222675K->3124731K(3793280K), 0.0303620 secs] [Times: user=0.17 sys=0.00, real=0.03 secs] 
44094.119: [GC [PSYoungGen: 104800K->2304K(105344K)] 3224635K->3122155K(3793536K), 0.0284760 secs] [Times: user=0.16 sys=0.01, real=0.03 secs] 
44102.073: [GC [PSYoungGen: 102272K->3424K(105536K)] 3222123K->3123291K(3793728K), 0.0264210 secs] [Times: user=0.17 sys=0.00, real=0.03 secs] 
44110.372: [GC [PSYoungGen: 103392K->2784K(105600K)] 3223259K->3122667K(3793792K), 0.0267390 secs] [Times: user=0.14 sys=0.01, real=0.03 secs] 
44118.435: [GC [PSYoungGen: 102944K->4992K(105600K)] 3222827K->3124899K(3793792K), 0.0253210 secs] [Times: user=0.15 sys=0.00, real=0.03 secs] 
44126.655: [GC [PSYoungGen: 105152K->4800K(105920K)] 3225059K->3124723K(3794112K), 0.0259670 secs] [Times: user=0.17 sys=0.00, real=0.03 secs] 
44134.911: [GC [PSYoungGen: 104960K->3648K(106112K)] 3224883K->3123587K(3794304K), 0.0299350 secs] [Times: user=0.29 sys=0.00, real=0.03 secs] 
44142.974: [GC [PSYoungGen: 103808K->3552K(105856K)] 3223747K->3123515K(3794048K), 0.0210560 secs] [Times: user=0.20 sys=0.00, real=0.02 secs] 
44151.204: [GC [PSYoungGen: 103904K->4288K(105984K)] 3223867K->3124259K(3794176K), 0.0319460 secs] [Times: user=0.22 sys=0.01, real=0.03 secs] 
44159.581: [GC [PSYoungGen: 104640K->1984K(105984K)] 3224611K->3121971K(3794176K), 0.0223870 secs] [Times: user=0.14 sys=0.00, real=0.03 secs] 
44167.515: [GC [PSYoungGen: 102336K->4672K(106176K)] 3222323K->3124675K(3794368K), 0.0285930 secs] [Times: user=0.18 sys=0.01, real=0.03 secs] 
44175.937: [GC [PSYoungGen: 105024K->3168K(106240K)] 3225027K->3123203K(3794432K), 0.0316700 secs] [Times: user=0.18 sys=0.01, real=0.03 secs] 
44184.018: [GC [PSYoungGen: 103712K->3584K(106368K)] 3223747K->3123635K(3794560K), 0.0262420 secs] [Times: user=0.14 sys=0.01, real=0.02 secs] 
44192.128: [GC [PSYoungGen: 104128K->3968K(106176K)] 3224179K->3124035K(3794368K), 0.0284310 secs] [Times: user=0.18 sys=0.00, real=0.02 secs] 
44200.402: [GC [PSYoungGen: 104704K->3872K(106304K)] 3224771K->3123947K(3794496K), 0.0278400 secs] [Times: user=0.18 sys=0.01, real=0.03 secs] 
44208.583: [GC [PSYoungGen: 104608K->3712K(105984K)] 3224683K->3123795K(3794176K), 0.0308480 secs] [Times: user=0.15 sys=0.01, real=0.03 secs] 
44216.720: [GC [PSYoungGen: 104640K->4256K(106176K)] 3224723K->3124363K(3794368K), 0.0301160 secs] [Times: user=0.18 sys=0.00, real=0.03 secs] 
44225.174: [GC [PSYoungGen: 105180K->2080K(106368K)] 3225287K->3122203K(3794560K), 0.0231370 secs] [Times: user=0.13 sys=0.00, real=0.02 secs] 
44233.102: [GC [PSYoungGen: 103136K->4960K(106496K)] 3223259K->3125091K(3794688K), 0.0245470 secs] [Times: user=0.16 sys=0.01, real=0.03 secs] 
44241.520: [GC [PSYoungGen: 106016K->3648K(106624K)] 3226147K->3123787K(3794816K), 0.0282840 secs] [Times: user=0.20 sys=0.00, real=0.03 secs] 
44249.768: [GC [PSYoungGen: 104896K->3776K(106816K)] 3225035K->3123931K(3795008K), 0.0294060 secs] [Times: user=0.15 sys=0.01, real=0.03 secs] 
44258.021: [GC [PSYoungGen: 105024K->3744K(106624K)] 3225179K->3123907K(3794816K), 0.0332660 secs] [Times: user=0.17 sys=0.00, real=0.03 secs] 
44266.320: [GC [PSYoungGen: 105248K->3616K(106752K)] 3225411K->3123795K(3794944K), 0.0256820 secs] [Times: user=0.16 sys=0.01, real=0.02 secs] 
44274.636: [GC [PSYoungGen: 105120K->3968K(106816K)] 3225299K->3124163K(3795008K), 0.0298430 secs] [Times: user=0.15 sys=0.00, real=0.03 secs] 
44282.834: [GC [PSYoungGen: 105728K->3904K(106816K)] 3225923K->3124115K(3795008K), 0.0241030 secs] [Times: user=0.17 sys=0.01, real=0.02 secs] 
44291.177: [GC [PSYoungGen: 105664K->3488K(106816K)] 3225875K->3123715K(3795008K), 0.0265800 secs] [Times: user=0.15 sys=0.01, real=0.03 secs] 
44299.377: [GC [PSYoungGen: 105440K->4704K(106880K)] 3225667K->3124947K(3795072K), 0.0269350 secs] [Times: user=0.17 sys=0.00, real=0.03 secs] 
44307.843: [GC [PSYoungGen: 106656K->3712K(107072K)] 3226899K->3123963K(3795264K), 0.0277630 secs] [Times: user=0.15 sys=0.00, real=0.03 secs] 
44315.893: [GC [PSYoungGen: 105856K->4000K(107200K)] 3226107K->3124275K(3795392K), 0.0317400 secs] [Times: user=0.20 sys=0.01, real=0.03 secs] 
44324.352: [GC [PSYoungGen: 106144K->3392K(107264K)] 3226419K->3123691K(3795456K), 0.0262090 secs] [Times: user=0.16 sys=0.00, real=0.03 secs] 
44332.753: [GC [PSYoungGen: 105728K->2912K(107328K)] 3226027K->3123219K(3795520K), 0.0256210 secs] [Times: user=0.18 sys=0.00, real=0.03 secs] 
44340.936: [GC [PSYoungGen: 105248K->4480K(107328K)] 3225555K->3124795K(3795520K), 0.0253630 secs] [Times: user=0.15 sys=0.01, real=0.03 secs] 
44349.307: [GC [PSYoungGen: 106816K->4672K(107520K)] 3227131K->3125003K(3795712K), 0.0281580 secs] [Times: user=0.19 sys=0.01, real=0.03 secs] 
44357.693: [GC [PSYoungGen: 107008K->2784K(107904K)] 3227339K->3123139K(3796096K), 0.0290730 secs] [Times: user=0.14 sys=0.01, real=0.02 secs] 
44365.987: [GC [PSYoungGen: 105312K->5280K(107904K)] 3225667K->3125651K(3796096K), 0.0288840 secs] [Times: user=0.19 sys=0.00, real=0.03 secs] 
44374.310: [GC [PSYoungGen: 107808K->3552K(108288K)] 3228179K->3123931K(3796480K), 0.0282040 secs] [Times: user=0.16 sys=0.01, real=0.03 secs] 
44382.658: [GC [PSYoungGen: 106272K->4032K(108416K)] 3226651K->3124419K(3796608K), 0.0284450 secs] [Times: user=0.17 sys=0.01, real=0.03 secs] 
44390.814: [GC [PSYoungGen: 106752K->3584K(108224K)] 3227139K->3123987K(3796416K), 0.0279280 secs] [Times: user=0.14 sys=0.01, real=0.03 secs] 
44398.985: [GC [PSYoungGen: 106496K->4576K(108352K)] 3226899K->3124995K(3796544K), 0.0273210 secs] [Times: user=0.18 sys=0.00, real=0.03 secs] 
44407.211: [GC [PSYoungGen: 107488K->3872K(108288K)] 3227907K->3124315K(3796480K), 0.0285140 secs] [Times: user=0.20 sys=0.00, real=0.02 secs] 
44415.489: [GC [PSYoungGen: 106976K->3328K(108480K)] 3227419K->3123779K(3796672K), 0.0273720 secs] [Times: user=0.14 sys=0.00, real=0.03 secs] 
44423.751: [GC [PSYoungGen: 106432K->1856K(108480K)] 3226883K->3122323K(3796672K), 0.0255460 secs] [Times: user=0.12 sys=0.00, real=0.03 secs] 
44431.918: [GC [PSYoungGen: 104960K->3776K(108672K)] 3225427K->3124259K(3796864K), 0.0302400 secs] [Times: user=0.19 sys=0.01, real=0.03 secs] 
44440.038: [GC [PSYoungGen: 106880K->4064K(108608K)] 3227363K->3124555K(3796800K), 0.0265210 secs] [Times: user=0.16 sys=0.01, real=0.02 secs] 
44448.327: [GC [PSYoungGen: 107360K->4160K(108672K)] 3227851K->3124667K(3796864K), 0.0271540 secs] [Times: user=0.17 sys=0.00, real=0.02 secs] 
44456.618: [GC [PSYoungGen: 107456K->2912K(108864K)] 3227963K->3123451K(3797056K), 0.0377710 secs] [Times: user=0.22 sys=0.00, real=0.03 secs] 
44464.676: [GC [PSYoungGen: 106400K->4000K(108864K)] 3226939K->3124547K(3797056K), 0.0254880 secs] [Times: user=0.17 sys=0.00, real=0.03 secs] 
44472.774: [GC [PSYoungGen: 107488K->4960K(108736K)] 3228035K->3125523K(3796928K), 0.0295970 secs] [Times: user=0.18 sys=0.01, real=0.03 secs] 
44481.056: [GC [PSYoungGen: 108384K->5088K(109056K)] 3228947K->3125659K(3797248K), 0.0256090 secs] [Times: user=0.19 sys=0.00, real=0.03 secs] 
44489.238: [GC [PSYoungGen: 108512K->4192K(109312K)] 3229083K->3124779K(3797504K), 0.0232960 secs] [Times: user=0.15 sys=0.01, real=0.02 secs] 
44497.445: [GC [PSYoungGen: 107808K->4448K(109440K)] 3228395K->3125059K(3797632K), 0.0305940 secs] [Times: user=0.17 sys=0.00, real=0.03 secs] 
44505.704: [GC [PSYoungGen: 108064K->3552K(109312K)] 3228675K->3124179K(3797504K), 0.0271130 secs] [Times: user=0.19 sys=0.00, real=0.03 secs] 
44514.050: [GC [PSYoungGen: 107360K->3744K(109504K)] 3227987K->3124395K(3797696K), 0.0262080 secs] [Times: user=0.15 sys=0.01, real=0.02 secs] 
44522.353: [GC [PSYoungGen: 107552K->2896K(109504K)] 3228203K->3123563K(3797696K), 0.0258700 secs] [Times: user=0.15 sys=0.01, real=0.03 secs] 
44530.548: [GC [PSYoungGen: 106832K->3584K(109568K)] 3227499K->3124275K(3797760K), 0.0229880 secs] [Times: user=0.15 sys=0.00, real=0.03 secs] 
44538.816: [GC [PSYoungGen: 107520K->4512K(109568K)] 3228211K->3125235K(3797760K), 0.0257340 secs] [Times: user=0.19 sys=0.00, real=0.03 secs] 
44547.077: [GC [PSYoungGen: 108576K->4928K(109632K)] 3229299K->3125659K(3797824K), 0.0269080 secs] [Times: user=0.17 sys=0.00, real=0.03 secs] 
44555.154: [GC [PSYoungGen: 108992K->3968K(109760K)] 3229723K->3124715K(3797952K), 0.0280540 secs] [Times: user=0.22 sys=0.01, real=0.02 secs] 
44563.355: [GC [PSYoungGen: 108224K->2176K(109888K)] 3228971K->3122939K(3798080K), 0.0310470 secs] [Times: user=0.16 sys=0.02, real=0.03 secs] 
44571.329: [GC [PSYoungGen: 106432K->2528K(110208K)] 3227195K->3123323K(3798400K), 0.0264390 secs] [Times: user=0.17 sys=0.01, real=0.02 secs] 
44579.451: [GC [PSYoungGen: 106976K->1888K(110272K)] 3227771K->3122707K(3798464K), 0.0328470 secs] [Times: user=0.14 sys=0.02, real=0.03 secs] 
44587.319: [GC [PSYoungGen: 106336K->2656K(110464K)] 3227155K->3123483K(3798656K), 0.0283650 secs] [Times: user=0.16 sys=0.01, real=0.02 secs] 
44595.535: [GC [PSYoungGen: 107360K->1920K(110528K)] 3228187K->3122763K(3798720K), 0.0261790 secs] [Times: user=0.14 sys=0.00, real=0.03 secs] 
44603.502: [GC [PSYoungGen: 106624K->2368K(110528K)] 3227467K->3123227K(3798720K), 0.0309640 secs] [Times: user=0.19 sys=0.01, real=0.03 secs] 
44611.611: [GC [PSYoungGen: 107328K->2496K(110656K)] 3228187K->3123363K(3798848K), 0.0314080 secs] [Times: user=0.15 sys=0.01, real=0.04 secs] 
44619.615: [GC [PSYoungGen: 107456K->3360K(110528K)] 3228323K->3124243K(3798720K), 0.0266330 secs] [Times: user=0.18 sys=0.00, real=0.02 secs] 
44627.781: [GC [PSYoungGen: 108576K->2368K(110656K)] 3229459K->3123259K(3798848K), 0.0238800 secs] [Times: user=0.15 sys=0.00, real=0.03 secs] 
44635.817: [GC [PSYoungGen: 107584K->2944K(110400K)] 3228475K->3123851K(3798592K), 0.0301970 secs] [Times: user=0.17 sys=0.01, real=0.03 secs] 
44644.092: [GC [PSYoungGen: 108416K->2784K(110592K)] 3229323K->3123699K(3798784K), 0.0318670 secs] [Times: user=0.17 sys=0.02, real=0.03 secs] 
44652.273: [GC [PSYoungGen: 108256K->2304K(110592K)] 3229171K->3123227K(3798784K), 0.0310640 secs] [Times: user=0.16 sys=0.01, real=0.03 secs] 
44660.304: [GC [PSYoungGen: 108032K->2912K(110656K)] 3228955K->3123851K(3798848K), 0.0312870 secs] [Times: user=0.23 sys=0.00, real=0.03 secs] 
44668.287: [GC [PSYoungGen: 108640K->1824K(110720K)] 3229579K->3122771K(3798912K), 0.0259970 secs] [Times: user=0.16 sys=0.02, real=0.03 secs] 
44675.039: [GC [PSYoungGen: 107808K->2560K(110720K)] 3228755K->3123515K(3798912K), 0.0289130 secs] [Times: user=0.20 sys=0.00, real=0.03 secs] 
44681.864: [GC [PSYoungGen: 108544K->2432K(110592K)] 3229499K->3123395K(3798784K), 0.0235890 secs] [Times: user=0.17 sys=0.01, real=0.02 secs] 
44688.706: [GC [PSYoungGen: 108672K->2656K(110720K)] 3229635K->3123627K(3798912K), 0.0306550 secs] [Times: user=0.17 sys=0.01, real=0.03 secs] 
44695.564: [GC [PSYoungGen: 108896K->1760K(110848K)] 3229867K->3122747K(3799040K), 0.0264890 secs] [Times: user=0.18 sys=0.01, real=0.03 secs] 
44702.284: [GC [PSYoungGen: 108256K->3040K(110848K)] 3229243K->3124051K(3799040K), 0.0350310 secs] [Times: user=0.21 sys=0.00, real=0.04 secs] 
44709.151: [GC [PSYoungGen: 109536K->2080K(110976K)] 3230547K->3123107K(3799168K), 0.0291170 secs] [Times: user=0.18 sys=0.00, real=0.03 secs] 
44715.995: [GC [PSYoungGen: 108832K->1344K(111040K)] 3229859K->3122379K(3799232K), 0.0284480 secs] [Times: user=0.16 sys=0.00, real=0.03 secs] 
44722.710: [GC [PSYoungGen: 108096K->2656K(111104K)] 3229131K->3123699K(3799296K), 0.0316220 secs] [Times: user=0.17 sys=0.01, real=0.03 secs] 
44729.704: [GC [PSYoungGen: 109664K->1536K(111232K)] 3230707K->3122587K(3799424K), 0.0234600 secs] [Times: user=0.15 sys=0.01, real=0.02 secs] 
44736.498: [GC [PSYoungGen: 108544K->2560K(111360K)] 3229595K->3123627K(3799552K), 0.0398190 secs] [Times: user=0.20 sys=0.00, real=0.04 secs] 
44743.459: [GC [PSYoungGen: 109888K->704K(111424K)] 3230955K->3121786K(3799616K), 0.0256500 secs] [Times: user=0.16 sys=0.00, real=0.03 secs] 
44749.751: [GC [PSYoungGen: 108032K->1344K(111680K)] 3229114K->3122442K(3799872K), 0.0282130 secs] [Times: user=0.19 sys=0.00, real=0.03 secs] 
44756.115: [GC [PSYoungGen: 108928K->864K(111744K)] 3230026K->3121970K(3799936K), 0.0251790 secs] [Times: user=0.17 sys=0.00, real=0.02 secs] 
44762.484: [GC [PSYoungGen: 108448K->864K(112064K)] 3229554K->3121986K(3800256K), 0.0371770 secs] [Times: user=0.16 sys=0.01, real=0.04 secs] 
44768.818: [GC [PSYoungGen: 108768K->1312K(112064K)] 3229890K->3122450K(3800256K), 0.0253590 secs] [Times: user=0.17 sys=0.01, real=0.02 secs] 
44775.155: [GC [PSYoungGen: 109216K->1568K(111936K)] 3230354K->3122714K(3800128K), 0.0272300 secs] [Times: user=0.18 sys=0.00, real=0.03 secs] 
44781.523: [GC [PSYoungGen: 109792K->768K(112128K)] 3230938K->3121922K(3800320K), 0.0262820 secs] [Times: user=0.18 sys=0.01, real=0.03 secs] 
44787.930: [GC [PSYoungGen: 108992K->512K(112448K)] 3230146K->3121682K(3800640K), 0.0294680 secs] [Times: user=0.16 sys=0.01, real=0.03 secs] 
44794.337: [GC [PSYoungGen: 109056K->736K(112448K)] 3230226K->3121914K(3800640K), 0.0266790 secs] [Times: user=0.18 sys=0.01, real=0.03 secs] 
44800.688: [GC [PSYoungGen: 109280K->736K(112512K)] 3230458K->3121922K(3800704K), 0.0374440 secs] [Times: user=0.17 sys=0.00, real=0.04 secs] 
44807.080: [GC [PSYoungGen: 109600K->1024K(112576K)] 3230786K->3122226K(3800768K), 0.0254800 secs] [Times: user=0.17 sys=0.00, real=0.03 secs] 
44813.533: [GC [PSYoungGen: 109888K->608K(112512K)] 3231090K->3121818K(3800704K), 0.0338570 secs] [Times: user=0.17 sys=0.03, real=0.03 secs] 
44820.010: [GC [PSYoungGen: 109792K->512K(112640K)] 3231002K->3121738K(3800832K), 0.0338820 secs] [Times: user=0.16 sys=0.00, real=0.04 secs] 
44826.449: [GC [PSYoungGen: 109696K->864K(112640K)] 3230922K->3122106K(3800832K), 0.0291730 secs] [Times: user=0.17 sys=0.01, real=0.03 secs] 
44832.906: [GC [PSYoungGen: 110368K->1280K(112768K)] 3231610K->3122530K(3800960K), 0.0301880 secs] [Times: user=0.16 sys=0.01, real=0.03 secs] 
44839.377: [GC [PSYoungGen: 110784K->1248K(112512K)] 3232034K->3122506K(3800704K), 0.0441320 secs] [Times: user=0.17 sys=0.02, real=0.04 secs] 
44845.873: [GC [PSYoungGen: 111072K->768K(112704K)] 3232330K->3122042K(3800896K), 0.0315390 secs] [Times: user=0.16 sys=0.01, real=0.03 secs] 
44852.367: [GC [PSYoungGen: 110592K->352K(112960K)] 3231866K->3121650K(3801152K), 0.0277130 secs] [Times: user=0.12 sys=0.01, real=0.03 secs] 
44858.848: [GC [PSYoungGen: 110496K->1280K(112960K)] 3231794K->3122586K(3801152K), 0.0253480 secs] [Times: user=0.17 sys=0.01, real=0.03 secs] 
44865.311: [GC [PSYoungGen: 111424K->1472K(113152K)] 3232730K->3122794K(3801344K), 0.0299590 secs] [Times: user=0.17 sys=0.01, real=0.03 secs] 
44871.897: [GC [PSYoungGen: 111936K->416K(113152K)] 3233258K->3121746K(3801344K), 0.0298400 secs] [Times: user=0.16 sys=0.01, real=0.03 secs] 
44878.391: [GC [PSYoungGen: 110880K->1248K(113280K)] 3232210K->3122594K(3801472K), 0.0331120 secs] [Times: user=0.17 sys=0.02, real=0.04 secs] 
44884.927: [GC [PSYoungGen: 112032K->1408K(113344K)] 3233378K->3122762K(3801536K), 0.0308020 secs] [Times: user=0.21 sys=0.00, real=0.03 secs] 
44891.536: [GC [PSYoungGen: 112192K->384K(113536K)] 3233546K->3121754K(3801728K), 0.0326830 secs] [Times: user=0.16 sys=0.02, real=0.03 secs] 
44898.043: [GC [PSYoungGen: 111488K->1344K(113600K)] 3232858K->3122722K(3801792K), 0.0320050 secs] [Times: user=0.17 sys=0.00, real=0.04 secs] 
44904.571: [GC [PSYoungGen: 112448K->1376K(113920K)] 3233826K->3122770K(3802112K), 0.0485340 secs] [Times: user=0.21 sys=0.02, real=0.05 secs] 
44911.915: [GC [PSYoungGen: 112864K->2426K(113920K)] 3234258K->3133341K(3802112K), 0.0249360 secs] [Times: user=0.20 sys=0.00, real=0.03 secs] 
44920.744: [GC [PSYoungGen: 113914K->5850K(117184K)] 3244829K->3136781K(3805376K), 0.0255180 secs] [Times: user=0.16 sys=0.00, real=0.03 secs] 
44929.476: [GC [PSYoungGen: 116698K->7290K(118144K)] 3247629K->3138405K(3806336K), 0.0326230 secs] [Times: user=0.18 sys=0.00, real=0.03 secs] 
44938.117: [GC [PSYoungGen: 118138K->7098K(118848K)] 3249253K->3138229K(3807040K), 0.0379060 secs] [Times: user=0.22 sys=0.01, real=0.04 secs] 
44946.814: [GC [PSYoungGen: 117306K->6426K(119808K)] 3248437K->3137557K(3808000K), 0.0257280 secs] [Times: user=0.15 sys=0.01, real=0.02 secs] 
44955.234: [GC [PSYoungGen: 116634K->6810K(120000K)] 3247765K->3137957K(3808192K), 0.0252940 secs] [Times: user=0.18 sys=0.00, real=0.02 secs] 
44963.942: [GC [PSYoungGen: 116762K->5850K(120512K)] 3247909K->3137005K(3808704K), 0.0235220 secs] [Times: user=0.16 sys=0.00, real=0.03 secs] 
44972.603: [GC [PSYoungGen: 115802K->7578K(120128K)] 3246957K->3138749K(3808320K), 0.0256900 secs] [Times: user=0.16 sys=0.00, real=0.03 secs] 
44981.379: [GC [PSYoungGen: 117146K->6746K(120768K)] 3248317K->3137941K(3808960K), 0.0254910 secs] [Times: user=0.17 sys=0.00, real=0.02 secs] 
44990.121: [GC [PSYoungGen: 116314K->6522K(121024K)] 3247509K->3137741K(3809216K), 0.0228730 secs] [Times: user=0.18 sys=0.00, real=0.02 secs] 
44998.676: [GC [PSYoungGen: 116282K->6394K(121088K)] 3247501K->3137629K(3809280K), 0.0246290 secs] [Times: user=0.16 sys=0.00, real=0.02 secs] 
45007.375: [GC [PSYoungGen: 116154K->6906K(121088K)] 3247389K->3138157K(3809280K), 0.0307300 secs] [Times: user=0.16 sys=0.00, real=0.03 secs] 
45015.894: [GC [PSYoungGen: 116794K->6906K(121152K)] 3248045K->3138173K(3809344K), 0.0262800 secs] [Times: user=0.17 sys=0.01, real=0.02 secs] 
45024.666: [GC [PSYoungGen: 116794K->6842K(121216K)] 3248061K->3138117K(3809408K), 0.0279090 secs] [Times: user=0.16 sys=0.00, real=0.02 secs] 
45033.375: [GC [PSYoungGen: 116922K->5914K(116032K)] 3248197K->3137197K(3804224K), 0.0278030 secs] [Times: user=0.16 sys=0.00, real=0.03 secs] 
45042.134: [GC [PSYoungGen: 115994K->4096K(120640K)] 3247277K->3137245K(3808832K), 0.0285180 secs] [Times: user=0.14 sys=0.00, real=0.03 secs] 
45050.918: [GC [PSYoungGen: 114368K->4160K(114496K)] 3247517K->3137725K(3802688K), 0.0256800 secs] [Times: user=0.17 sys=0.00, real=0.03 secs] 
45059.649: [GC [PSYoungGen: 114432K->4192K(120192K)] 3247997K->3138029K(3808384K), 0.0270040 secs] [Times: user=0.16 sys=0.00, real=0.03 secs] 
45068.227: [GC [PSYoungGen: 114656K->5184K(115712K)] 3248493K->3139037K(3803904K), 0.0282360 secs] [Times: user=0.18 sys=0.01, real=0.03 secs] 
45077.021: [GC [PSYoungGen: 115648K->4256K(119616K)] 3249501K->3138133K(3807808K), 0.0267190 secs] [Times: user=0.15 sys=0.00, real=0.03 secs] 
45085.702: [GC [PSYoungGen: 114912K->5408K(119872K)] 3248789K->3139309K(3808064K), 0.0298590 secs] [Times: user=0.16 sys=0.01, real=0.03 secs] 
45094.339: [GC [PSYoungGen: 116064K->4704K(119232K)] 3249965K->3138613K(3807424K), 0.0304630 secs] [Times: user=0.16 sys=0.01, real=0.03 secs] 
45103.083: [GC [PSYoungGen: 115616K->4192K(119552K)] 3249525K->3138125K(3807744K), 0.0312140 secs] [Times: user=0.15 sys=0.00, real=0.03 secs] 
45111.707: [GC [PSYoungGen: 115104K->3840K(119360K)] 3249037K->3137789K(3807552K), 0.0355800 secs] [Times: user=0.16 sys=0.02, real=0.04 secs] 
45120.501: [GC [PSYoungGen: 115008K->3904K(119488K)] 3248957K->3137861K(3807680K), 0.0308260 secs] [Times: user=0.16 sys=0.01, real=0.03 secs] 
45129.181: [GC [PSYoungGen: 115072K->5024K(119040K)] 3249029K->3138997K(3807232K), 0.0299510 secs] [Times: user=0.21 sys=0.00, real=0.03 secs] 
45138.150: [GC [PSYoungGen: 116448K->4352K(119296K)] 3250421K->3138365K(3807488K), 0.0285420 secs] [Times: user=0.18 sys=0.01, real=0.03 secs] 
45147.097: [GC [PSYoungGen: 115776K->3392K(119232K)] 3249789K->3137437K(3807424K), 0.0262380 secs] [Times: user=0.17 sys=0.00, real=0.03 secs] 
45155.963: [GC [PSYoungGen: 115072K->3136K(119296K)] 3249117K->3137213K(3807488K), 0.0274650 secs] [Times: user=0.21 sys=0.00, real=0.03 secs] 
45164.983: [GC [PSYoungGen: 114816K->3456K(119104K)] 3248893K->3137549K(3807296K), 0.0229120 secs] [Times: user=0.16 sys=0.01, real=0.03 secs] 
45173.937: [GC [PSYoungGen: 115328K->5248K(119296K)] 3249421K->3139365K(3807488K), 0.0291430 secs] [Times: user=0.24 sys=0.00, real=0.02 secs] 
45182.913: [GC [PSYoungGen: 117120K->5120K(119552K)] 3251237K->3139261K(3807744K), 0.0297340 secs] [Times: user=0.16 sys=0.01, real=0.03 secs] 
45192.074: [GC [PSYoungGen: 117248K->5600K(119552K)] 3251389K->3139765K(3807744K), 0.0281150 secs] [Times: user=0.17 sys=0.01, real=0.03 secs] 
45201.110: [GC [PSYoungGen: 117728K->5440K(119808K)] 3251893K->3139613K(3808000K), 0.0250500 secs] [Times: user=0.16 sys=0.01, real=0.03 secs] 
45210.335: [GC [PSYoungGen: 117760K->2624K(113088K)] 3251933K->3136805K(3801280K), 0.0263360 secs] [Times: user=0.16 sys=0.01, real=0.02 secs] 
45219.019: [GC [PSYoungGen: 113024K->3296K(118080K)] 3247205K->3137501K(3806272K), 0.0281600 secs] [Times: user=0.19 sys=0.00, real=0.03 secs] 
45228.103: [GC [PSYoungGen: 113824K->3328K(112000K)] 3248029K->3137549K(3800192K), 0.0246810 secs] [Times: user=0.20 sys=0.01, real=0.03 secs] 
45236.896: [GC [PSYoungGen: 111936K->2912K(112128K)] 3246157K->3137149K(3800320K), 0.0233690 secs] [Times: user=0.19 sys=0.00, real=0.03 secs] 
45245.665: [GC [PSYoungGen: 109664K->3712K(108736K)] 3243901K->3137965K(3796928K), 0.0234980 secs] [Times: user=0.20 sys=0.00, real=0.03 secs] 
45254.046: [GC [PSYoungGen: 108672K->3872K(108032K)] 3242925K->3138133K(3796224K), 0.0258320 secs] [Times: user=0.20 sys=0.01, real=0.03 secs] 
45262.407: [GC [PSYoungGen: 107104K->4096K(107392K)] 3241365K->3138365K(3795584K), 0.0304730 secs] [Times: user=0.24 sys=0.00, real=0.03 secs] 
45270.991: [GC [PSYoungGen: 107328K->3616K(109696K)] 3241597K->3137893K(3797888K), 0.0249900 secs] [Times: user=0.19 sys=0.01, real=0.03 secs] 
45279.171: [GC [PSYoungGen: 107040K->3840K(105600K)] 3241317K->3138141K(3793792K), 0.0241740 secs] [Times: user=0.15 sys=0.00, real=0.03 secs] 
45287.387: [GC [PSYoungGen: 105536K->3200K(104320K)] 3239837K->3137525K(3792512K), 0.0256050 secs] [Times: user=0.20 sys=0.01, real=0.02 secs] 
45295.481: [GC [PSYoungGen: 103232K->3936K(106112K)] 3237557K->3138277K(3794304K), 0.0293260 secs] [Times: user=0.25 sys=0.00, real=0.03 secs] 
45303.515: [GC [PSYoungGen: 103968K->3392K(105984K)] 3238309K->3137749K(3794176K), 0.0266030 secs] [Times: user=0.17 sys=0.02, real=0.03 secs] 
45311.637: [GC [PSYoungGen: 103616K->4704K(106048K)] 3237973K->3139085K(3794240K), 0.0253410 secs] [Times: user=0.20 sys=0.00, real=0.03 secs] 
45319.683: [GC [PSYoungGen: 104928K->4192K(106176K)] 3239309K->3138589K(3794368K), 0.0300160 secs] [Times: user=0.26 sys=0.00, real=0.03 secs] 
45327.739: [GC [PSYoungGen: 104608K->4832K(106240K)] 3239005K->3139253K(3794432K), 0.0287430 secs] [Times: user=0.24 sys=0.01, real=0.03 secs] 
45335.995: [GC [PSYoungGen: 105248K->3104K(106432K)] 3239669K->3137541K(3794624K), 0.0252930 secs] [Times: user=0.19 sys=0.01, real=0.02 secs] 
45344.173: [GC [PSYoungGen: 103712K->3392K(106496K)] 3238149K->3137853K(3794688K), 0.0273350 secs] [Times: user=0.15 sys=0.01, real=0.02 secs] 
45352.321: [GC [PSYoungGen: 104000K->4288K(106496K)] 3238461K->3138781K(3794688K), 0.0220450 secs] [Times: user=0.19 sys=0.00, real=0.02 secs] 
45360.629: [GC [PSYoungGen: 105088K->4192K(106560K)] 3239581K->3138701K(3794752K), 0.0282630 secs] [Times: user=0.18 sys=0.00, real=0.03 secs] 
45368.710: [GC [PSYoungGen: 104992K->3392K(106560K)] 3239501K->3137917K(3794752K), 0.0271350 secs] [Times: user=0.20 sys=0.01, real=0.03 secs] 
45376.879: [GC [PSYoungGen: 104384K->3264K(106624K)] 3238909K->3137805K(3794816K), 0.0244830 secs] [Times: user=0.17 sys=0.01, real=0.02 secs] 
45385.066: [GC [PSYoungGen: 104256K->3872K(106368K)] 3238797K->3138421K(3794560K), 0.0259590 secs] [Times: user=0.21 sys=0.01, real=0.03 secs] 
45393.081: [GC [PSYoungGen: 105056K->3776K(106560K)] 3239605K->3138349K(3794752K), 0.0238120 secs] [Times: user=0.17 sys=0.01, real=0.02 secs] 
45401.063: [GC [PSYoungGen: 104960K->4192K(106624K)] 3239533K->3138773K(3794816K), 0.0257970 secs] [Times: user=0.18 sys=0.01, real=0.02 secs] 
45409.254: [GC [PSYoungGen: 105568K->2528K(106624K)] 3240149K->3137133K(3794816K), 0.0246200 secs] [Times: user=0.18 sys=0.02, real=0.02 secs] 
45417.234: [GC [PSYoungGen: 103904K->4960K(106688K)] 3238509K->3139573K(3794880K), 0.0229500 secs] [Times: user=0.22 sys=0.00, real=0.02 secs] 
45425.253: [GC [PSYoungGen: 106272K->4608K(106944K)] 3240885K->3139245K(3795136K), 0.0245850 secs] [Times: user=0.19 sys=0.01, real=0.03 secs] 
45433.299: [GC [PSYoungGen: 105920K->3584K(103296K)] 3240557K->3138237K(3791488K), 0.0235910 secs] [Times: user=0.20 sys=0.00, real=0.02 secs] 
45441.197: [GC [PSYoungGen: 103232K->3424K(105280K)] 3237885K->3138085K(3793472K), 0.0266840 secs] [Times: user=0.20 sys=0.02, real=0.03 secs] 
45449.252: [GC [PSYoungGen: 103072K->3680K(101760K)] 3237733K->3138373K(3789952K), 0.0214980 secs] [Times: user=0.20 sys=0.00, real=0.02 secs] 
45456.881: [GC [PSYoungGen: 101728K->4128K(100672K)] 3236421K->3138837K(3788864K), 0.0246820 secs] [Times: user=0.19 sys=0.01, real=0.02 secs] 
45464.567: [GC [PSYoungGen: 100640K->4704K(99712K)] 3235349K->3139797K(3787904K), 0.0235930 secs] [Times: user=0.20 sys=0.01, real=0.03 secs] 
45472.325: [GC [PSYoungGen: 99680K->2688K(96256K)] 3234773K->3137805K(3784448K), 0.0242610 secs] [Times: user=0.16 sys=0.01, real=0.02 secs] 
45479.727: [GC [PSYoungGen: 96192K->3968K(96128K)] 3231309K->3139085K(3784320K), 0.0224380 secs] [Times: user=0.15 sys=0.00, real=0.02 secs] 
45487.077: [GC [PSYoungGen: 96064K->3776K(97664K)] 3231181K->3138909K(3785856K), 0.0236820 secs] [Times: user=0.19 sys=0.00, real=0.02 secs] 
45494.415: [GC [PSYoungGen: 95872K->3680K(97472K)] 3231005K->3138837K(3785664K), 0.0226650 secs] [Times: user=0.18 sys=0.00, real=0.03 secs] 
45501.794: [GC [PSYoungGen: 95968K->4096K(95040K)] 3231125K->3139269K(3783232K), 0.0222090 secs] [Times: user=0.18 sys=0.00, real=0.02 secs] 
45509.046: [GC [PSYoungGen: 94976K->4384K(96000K)] 3230149K->3139581K(3784192K), 0.0306340 secs] [Times: user=0.29 sys=0.00, real=0.03 secs] 
45516.424: [GC [PSYoungGen: 95456K->4160K(96384K)] 3230653K->3139373K(3784576K), 0.0228390 secs] [Times: user=0.23 sys=0.00, real=0.02 secs] 
45523.785: [GC [PSYoungGen: 95232K->4512K(96448K)] 3230445K->3139757K(3784640K), 0.0218460 secs] [Times: user=0.24 sys=0.01, real=0.02 secs] 
45530.979: [GC [PSYoungGen: 95712K->4320K(96512K)] 3230957K->3139573K(3784704K), 0.0234510 secs] [Times: user=0.24 sys=0.00, real=0.03 secs] 
45538.261: [GC [PSYoungGen: 95520K->4928K(96512K)] 3230773K->3140189K(3784704K), 0.0285060 secs] [Times: user=0.27 sys=0.00, real=0.03 secs] 
45545.704: [GC [PSYoungGen: 96128K->3168K(96704K)] 3231389K->3138445K(3784896K), 0.0237920 secs] [Times: user=0.18 sys=0.01, real=0.02 secs] 
45552.931: [GC [PSYoungGen: 94368K->4512K(96960K)] 3229645K->3139805K(3785152K), 0.0275410 secs] [Times: user=0.31 sys=0.00, real=0.03 secs] 
45560.268: [GC [PSYoungGen: 95904K->4288K(96960K)] 3231197K->3139605K(3785152K), 0.0239630 secs] [Times: user=0.21 sys=0.01, real=0.02 secs] 
45567.652: [GC [PSYoungGen: 95680K->4064K(96832K)] 3230997K->3139397K(3785024K), 0.0201760 secs] [Times: user=0.22 sys=0.00, real=0.02 secs] 
45575.110: [GC [PSYoungGen: 95648K->2784K(96960K)] 3230981K->3138157K(3785152K), 0.0228680 secs] [Times: user=0.25 sys=0.00, real=0.02 secs] 
45582.407: [GC [PSYoungGen: 94368K->3968K(96896K)] 3229741K->3139349K(3785088K), 0.0255700 secs] [Times: user=0.24 sys=0.00, real=0.03 secs] 
45589.630: [GC [PSYoungGen: 95744K->5056K(97088K)] 3231125K->3140453K(3785280K), 0.0220230 secs] [Times: user=0.21 sys=0.00, real=0.03 secs] 
45597.123: [GC [PSYoungGen: 96832K->4608K(97600K)] 3232229K->3140021K(3785792K), 0.0250150 secs] [Times: user=0.25 sys=0.01, real=0.02 secs] 
45604.755: [GC [PSYoungGen: 96576K->4288K(97600K)] 3231989K->3139717K(3785792K), 0.0244500 secs] [Times: user=0.21 sys=0.00, real=0.02 secs] 
45612.104: [GC [PSYoungGen: 96256K->4320K(97600K)] 3231685K->3139773K(3785792K), 0.0209250 secs] [Times: user=0.23 sys=0.00, real=0.02 secs] 
45619.555: [GC [PSYoungGen: 96480K->4928K(97664K)] 3231933K->3140405K(3785856K), 0.0246020 secs] [Times: user=0.26 sys=0.00, real=0.02 secs] 
45627.043: [GC [PSYoungGen: 97088K->3456K(97984K)] 3232565K->3138941K(3786176K), 0.0211440 secs] [Times: user=0.18 sys=0.01, real=0.02 secs] 
45634.536: [GC [PSYoungGen: 95808K->3392K(94400K)] 3231293K->3138893K(3782592K), 0.0206510 secs] [Times: user=0.21 sys=0.00, real=0.03 secs] 
45641.866: [GC [PSYoungGen: 94336K->2848K(94016K)] 3229837K->3138365K(3782208K), 0.0227940 secs] [Times: user=0.19 sys=0.02, real=0.03 secs] 
45649.062: [GC [PSYoungGen: 92448K->3584K(95296K)] 3227965K->3139117K(3783488K), 0.0240200 secs] [Times: user=0.22 sys=0.01, real=0.02 secs] 
45656.475: [GC [PSYoungGen: 93184K->4992K(95104K)] 3228717K->3140549K(3783296K), 0.0231040 secs] [Times: user=0.23 sys=0.00, real=0.02 secs] 
45663.841: [GC [PSYoungGen: 94528K->4928K(95360K)] 3230085K->3140501K(3783552K), 0.0241830 secs] [Times: user=0.29 sys=0.00, real=0.03 secs] 
45671.147: [GC [PSYoungGen: 94330K->5792K(95232K)] 3229904K->3141381K(3783424K), 0.0241630 secs] [Times: user=0.24 sys=0.01, real=0.02 secs] 
45678.600: [GC [PSYoungGen: 95072K->2880K(95680K)] 3230661K->3138485K(3783872K), 0.0252200 secs] [Times: user=0.17 sys=0.02, real=0.03 secs] 
45685.801: [GC [PSYoungGen: 92160K->3616K(95552K)] 3227765K->3139229K(3783744K), 0.0246760 secs] [Times: user=0.30 sys=0.00, real=0.03 secs] 
45693.090: [GC [PSYoungGen: 93088K->4576K(95744K)] 3228701K->3140205K(3783936K), 0.0230050 secs] [Times: user=0.24 sys=0.00, real=0.02 secs] 
45700.440: [GC [PSYoungGen: 94048K->3360K(95808K)] 3229677K->3139005K(3784000K), 0.0237880 secs] [Times: user=0.19 sys=0.01, real=0.02 secs] 
45707.936: [GC [PSYoungGen: 93024K->3200K(95872K)] 3228669K->3138861K(3784064K), 0.0214620 secs] [Times: user=0.18 sys=0.01, real=0.03 secs] 
45715.300: [GC [PSYoungGen: 92864K->3200K(95744K)] 3228525K->3138901K(3783936K), 0.0279630 secs] [Times: user=0.33 sys=0.01, real=0.02 secs] 
45722.517: [GC [PSYoungGen: 93056K->3776K(95872K)] 3228757K->3139509K(3784064K), 0.0178910 secs] [Times: user=0.19 sys=0.00, real=0.02 secs] 
45729.725: [GC [PSYoungGen: 93632K->3808K(95616K)] 3229365K->3139557K(3783808K), 0.0238400 secs] [Times: user=0.29 sys=0.00, real=0.02 secs] 
45737.170: [GC [PSYoungGen: 93856K->4736K(93504K)] 3229605K->3140501K(3781696K), 0.0214210 secs] [Times: user=0.23 sys=0.00, real=0.02 secs] 
45744.443: [GC [PSYoungGen: 93440K->4064K(94464K)] 3229205K->3139837K(3782656K), 0.0534890 secs] [Times: user=0.21 sys=0.02, real=0.06 secs] 
45751.704: [GC [PSYoungGen: 92989K->4800K(94656K)] 3228763K->3140581K(3782848K), 0.0261860 secs] [Times: user=0.21 sys=0.01, real=0.03 secs] 
45758.877: [GC [PSYoungGen: 93760K->5120K(94848K)] 3229541K->3140925K(3783040K), 0.0250020 secs] [Times: user=0.29 sys=0.00, real=0.02 secs] 
45766.261: [GC [PSYoungGen: 94144K->3840K(95040K)] 3229949K->3139677K(3783232K), 0.0281140 secs] [Times: user=0.23 sys=0.00, real=0.03 secs] 
45773.624: [GC [PSYoungGen: 92864K->3616K(94976K)] 3228701K->3139469K(3783168K), 0.0253500 secs] [Times: user=0.21 sys=0.01, real=0.03 secs] 
45780.837: [GC [PSYoungGen: 92832K->4352K(95040K)] 3228685K->3140237K(3783232K), 0.0339110 secs] [Times: user=0.43 sys=0.00, real=0.04 secs] 
45788.121: [GC [PSYoungGen: 93568K->4576K(95104K)] 3229453K->3140469K(3783296K), 0.0246060 secs] [Times: user=0.28 sys=0.00, real=0.02 secs] 
45795.593: [GC [PSYoungGen: 93984K->4128K(95168K)] 3229877K->3140037K(3783360K), 0.0244970 secs] [Times: user=0.27 sys=0.00, real=0.02 secs] 
45803.038: [GC [PSYoungGen: 93536K->2944K(95168K)] 3229445K->3138869K(3783360K), 0.0247370 secs] [Times: user=0.29 sys=0.00, real=0.03 secs] 
45810.137: [GC [PSYoungGen: 92480K->5568K(95232K)] 3228405K->3141517K(3783424K), 0.0272330 secs] [Times: user=0.30 sys=0.00, real=0.03 secs] 
45817.534: [GC [PSYoungGen: 95104K->4320K(95552K)] 3231053K->3140293K(3783744K), 0.0234140 secs] [Times: user=0.27 sys=0.01, real=0.03 secs] 
45824.923: [GC [PSYoungGen: 94048K->4192K(95680K)] 3230021K->3140181K(3783872K), 0.0204340 secs] [Times: user=0.26 sys=0.00, real=0.02 secs] 
45832.096: [GC [PSYoungGen: 93920K->4256K(95424K)] 3229909K->3140253K(3783616K), 0.0240370 secs] [Times: user=0.28 sys=0.00, real=0.03 secs] 
45839.538: [GC [PSYoungGen: 94176K->5216K(95552K)] 3230173K->3141237K(3783744K), 0.0264760 secs] [Times: user=0.29 sys=0.00, real=0.02 secs] 
45846.925: [GC [PSYoungGen: 95136K->4128K(95744K)] 3231157K->3140181K(3783936K), 0.0247980 secs] [Times: user=0.27 sys=0.00, real=0.03 secs] 
45854.236: [GC [PSYoungGen: 94240K->4704K(95872K)] 3230293K->3140773K(3784064K), 0.0233110 secs] [Times: user=0.23 sys=0.00, real=0.02 secs] 
45861.596: [GC [PSYoungGen: 94816K->4384K(95808K)] 3230885K->3140469K(3784000K), 0.0236660 secs] [Times: user=0.31 sys=0.00, real=0.02 secs] 
45869.044: [GC [PSYoungGen: 94688K->3200K(95936K)] 3230773K->3139301K(3784128K), 0.0285460 secs] [Times: user=0.30 sys=0.01, real=0.02 secs] 
45876.095: [GC [PSYoungGen: 93504K->5664K(95808K)] 3229605K->3141781K(3784000K), 0.0266970 secs] [Times: user=0.33 sys=0.00, real=0.02 secs] 
45883.587: [GC [PSYoungGen: 95726K->3392K(96192K)] 3231844K->3139525K(3784384K), 0.0238660 secs] [Times: user=0.19 sys=0.01, real=0.02 secs] 
45890.931: [GC [PSYoungGen: 93504K->3520K(96256K)] 3229637K->3139677K(3784448K), 0.0266160 secs] [Times: user=0.37 sys=0.00, real=0.03 secs] 
45898.192: [GC [PSYoungGen: 93824K->4352K(96320K)] 3229981K->3140525K(3784512K), 0.0497710 secs] [Times: user=0.39 sys=0.00, real=0.05 secs] 
45905.352: [GC [PSYoungGen: 94656K->5408K(96128K)] 3230829K->3141605K(3784320K), 0.0289990 secs] [Times: user=0.34 sys=0.00, real=0.03 secs] 
45912.838: [GC [PSYoungGen: 95648K->3008K(96448K)] 3231845K->3139213K(3784640K), 0.0294130 secs] [Times: user=0.41 sys=0.00, real=0.03 secs] 
45920.059: [GC [PSYoungGen: 93248K->3744K(96448K)] 3229453K->3139957K(3784640K), 0.0254070 secs] [Times: user=0.34 sys=0.00, real=0.03 secs] 
45927.321: [GC [PSYoungGen: 94240K->4160K(96576K)] 3230453K->3140397K(3784768K), 0.0263300 secs] [Times: user=0.36 sys=0.00, real=0.03 secs] 
45934.655: [GC [PSYoungGen: 94656K->5408K(96448K)] 3230893K->3141653K(3784640K), 0.0230710 secs] [Times: user=0.24 sys=0.00, real=0.02 secs] 
45942.042: [GC [PSYoungGen: 95904K->4032K(96704K)] 3232149K->3140309K(3784896K), 0.0221030 secs] [Times: user=0.31 sys=0.00, real=0.03 secs] 
45949.550: [GC [PSYoungGen: 94528K->3168K(96768K)] 3230805K->3139461K(3784960K), 0.0208480 secs] [Times: user=0.21 sys=0.00, real=0.02 secs] 
45956.961: [GC [PSYoungGen: 93856K->3392K(96768K)] 3230149K->3139709K(3784960K), 0.0240030 secs] [Times: user=0.32 sys=0.01, real=0.02 secs] 
45964.283: [GC [PSYoungGen: 94080K->4960K(96768K)] 3230397K->3141285K(3784960K), 0.0215220 secs] [Times: user=0.24 sys=0.00, real=0.02 secs] 
45971.581: [GC [PSYoungGen: 95712K->4384K(96896K)] 3232037K->3140717K(3785088K), 0.0283480 secs] [Times: user=0.38 sys=0.00, real=0.03 secs] 
45978.934: [GC [PSYoungGen: 95136K->4064K(96704K)] 3231469K->3140413K(3784896K), 0.0262980 secs] [Times: user=0.33 sys=0.01, real=0.03 secs] 
45986.431: [GC [PSYoungGen: 95008K->2464K(96832K)] 3231357K->3138829K(3785024K), 0.0220680 secs] [Times: user=0.30 sys=0.00, real=0.03 secs] 
45993.970: [GC [PSYoungGen: 93408K->2080K(97024K)] 3229773K->3138453K(3785216K), 0.0203770 secs] [Times: user=0.29 sys=0.00, real=0.02 secs] 
46001.260: [GC [PSYoungGen: 93088K->3744K(94784K)] 3229461K->3140133K(3782976K), 0.0260870 secs] [Times: user=0.38 sys=0.00, real=0.03 secs] 
46008.648: [GC [PSYoungGen: 94752K->3648K(96704K)] 3231141K->3140061K(3784896K), 0.0256170 secs] [Times: user=0.34 sys=0.00, real=0.03 secs] 
46015.875: [GC [PSYoungGen: 94848K->3776K(96896K)] 3231261K->3140221K(3785088K), 0.0261550 secs] [Times: user=0.34 sys=0.01, real=0.03 secs] 
46023.368: [GC [PSYoungGen: 94976K->4160K(96832K)] 3231421K->3140629K(3785024K), 0.0213360 secs] [Times: user=0.29 sys=0.00, real=0.02 secs] 
46030.807: [GC [PSYoungGen: 95552K->3904K(96896K)] 3232021K->3140413K(3785088K), 0.0282880 secs] [Times: user=0.37 sys=0.01, real=0.03 secs] 
46038.066: [GC [PSYoungGen: 95296K->3488K(96704K)] 3231805K->3140005K(3784896K), 0.0274160 secs] [Times: user=0.38 sys=0.00, real=0.03 secs] 
46045.658: [GC [PSYoungGen: 95072K->2848K(96832K)] 3231589K->3139373K(3785024K), 0.0252000 secs] [Times: user=0.28 sys=0.00, real=0.03 secs] 
46053.091: [GC [PSYoungGen: 94432K->2720K(97088K)] 3230957K->3139253K(3785280K), 0.0450660 secs] [Times: user=0.28 sys=0.00, real=0.04 secs] 
46060.546: [GC [PSYoungGen: 94496K->3904K(97088K)] 3231029K->3140461K(3785280K), 0.0308540 secs] [Times: user=0.32 sys=0.01, real=0.03 secs] 
46068.109: [GC [PSYoungGen: 95680K->2400K(97216K)] 3232237K->3138973K(3785408K), 0.0191180 secs] [Times: user=0.22 sys=0.00, real=0.02 secs] 
46075.671: [GC [PSYoungGen: 94368K->3136K(97280K)] 3230941K->3139725K(3785472K), 0.0214790 secs] [Times: user=0.29 sys=0.00, real=0.02 secs] 
46083.033: [GC [PSYoungGen: 95104K->3904K(97344K)] 3231693K->3140501K(3785536K), 0.0243370 secs] [Times: user=0.32 sys=0.00, real=0.03 secs] 
46090.347: [GC [PSYoungGen: 96064K->4928K(97344K)] 3232661K->3141533K(3785536K), 0.0274230 secs] [Times: user=0.34 sys=0.00, real=0.02 secs] 
46097.715: [GC [PSYoungGen: 97088K->3328K(97664K)] 3233693K->3139949K(3785856K), 0.0214830 secs] [Times: user=0.29 sys=0.00, real=0.02 secs] 
46104.962: [GC [PSYoungGen: 95680K->4480K(97792K)] 3232301K->3141109K(3785984K), 0.0226510 secs] [Times: user=0.30 sys=0.01, real=0.02 secs] 
46112.358: [GC [PSYoungGen: 96832K->4384K(98048K)] 3233461K->3141029K(3786240K), 0.0263630 secs] [Times: user=0.33 sys=0.00, real=0.03 secs] 
46119.874: [GC [PSYoungGen: 96864K->3584K(98112K)] 3233509K->3140245K(3786304K), 0.0284800 secs] [Times: user=0.38 sys=0.01, real=0.03 secs] 
46127.486: [GC [PSYoungGen: 96064K->4064K(98112K)] 3232725K->3140733K(3786304K), 0.0275420 secs] [Times: user=0.35 sys=0.00, real=0.03 secs] 
46135.020: [GC [PSYoungGen: 96736K->3424K(98112K)] 3233405K->3140109K(3786304K), 0.0251430 secs] [Times: user=0.14 sys=0.00, real=0.03 secs] 
46142.597: [GC [PSYoungGen: 96096K->3968K(98048K)] 3232781K->3140661K(3786240K), 0.0306550 secs] [Times: user=0.21 sys=0.00, real=0.03 secs] 
46150.144: [GC [PSYoungGen: 96832K->3008K(98112K)] 3233525K->3139717K(3786304K), 0.0308670 secs] [Times: user=0.17 sys=0.01, real=0.03 secs] 
46157.503: [GC [PSYoungGen: 95872K->4512K(98176K)] 3232581K->3141245K(3786368K), 0.0311300 secs] [Times: user=0.20 sys=0.01, real=0.03 secs] 
46164.980: [GC [PSYoungGen: 97440K->4192K(98304K)] 3234173K->3140941K(3786496K), 0.0389470 secs] [Times: user=0.26 sys=0.00, real=0.04 secs] 
46172.520: [GC [PSYoungGen: 97120K->3808K(98304K)] 3233869K->3140581K(3786496K), 0.0223010 secs] [Times: user=0.20 sys=0.00, real=0.02 secs] 
46180.158: [GC [PSYoungGen: 96992K->4640K(98432K)] 3233765K->3141429K(3786624K), 0.0296910 secs] [Times: user=0.16 sys=0.01, real=0.03 secs] 
46187.623: [GC [PSYoungGen: 97824K->5120K(98496K)] 3234613K->3141925K(3786688K), 0.0349450 secs] [Times: user=0.16 sys=0.02, real=0.03 secs] 
46195.214: [GC [PSYoungGen: 98240K->4192K(98816K)] 3235045K->3141013K(3787008K), 0.0251990 secs] [Times: user=0.15 sys=0.00, real=0.02 secs] 
46202.807: [GC [PSYoungGen: 97312K->4224K(98816K)] 3234133K->3141069K(3787008K), 0.0285560 secs] [Times: user=0.20 sys=0.00, real=0.03 secs] 
46210.279: [GC [PSYoungGen: 97600K->4736K(98880K)] 3234445K->3141589K(3787072K), 0.0347900 secs] [Times: user=0.25 sys=0.00, real=0.03 secs] 
46217.800: [GC [PSYoungGen: 98112K->3392K(99136K)] 3234965K->3140253K(3787328K), 0.0343890 secs] [Times: user=0.17 sys=0.01, real=0.03 secs] 
46225.304: [GC [PSYoungGen: 97024K->4160K(99200K)] 3233885K->3141037K(3787392K), 0.0272390 secs] [Times: user=0.17 sys=0.00, real=0.03 secs] 
46232.932: [GC [PSYoungGen: 97792K->4160K(99136K)] 3234669K->3141053K(3787328K), 0.0299450 secs] [Times: user=0.16 sys=0.01, real=0.03 secs] 
46240.584: [GC [PSYoungGen: 98048K->4000K(99264K)] 3234941K->3140925K(3787456K), 0.0296380 secs] [Times: user=0.15 sys=0.00, real=0.03 secs] 
46248.131: [GC [PSYoungGen: 97888K->3712K(99264K)] 3234813K->3140653K(3787456K), 0.0248050 secs] [Times: user=0.15 sys=0.01, real=0.02 secs] 
46255.669: [GC [PSYoungGen: 97856K->3424K(99328K)] 3234797K->3140381K(3787520K), 0.0250210 secs] [Times: user=0.14 sys=0.00, real=0.03 secs] 
46263.231: [GC [PSYoungGen: 97568K->3744K(99392K)] 3234525K->3140725K(3787584K), 0.0283940 secs] [Times: user=0.15 sys=0.01, real=0.03 secs] 
46270.714: [GC [PSYoungGen: 98080K->4960K(99456K)] 3235061K->3141957K(3787648K), 0.0283010 secs] [Times: user=0.21 sys=0.00, real=0.02 secs] 
46278.531: [GC [PSYoungGen: 99296K->4832K(99712K)] 3236293K->3141845K(3787904K), 0.0247910 secs] [Times: user=0.16 sys=0.00, real=0.03 secs] 
46286.338: [GC [PSYoungGen: 99168K->5216K(99904K)] 3236181K->3142245K(3788096K), 0.0235960 secs] [Times: user=0.16 sys=0.01, real=0.02 secs] 
46293.967: [GC [PSYoungGen: 99552K->4032K(100096K)] 3236581K->3141077K(3788288K), 0.0226140 secs] [Times: user=0.17 sys=0.00, real=0.03 secs] 
46301.735: [GC [PSYoungGen: 98560K->3520K(100224K)] 3235605K->3140581K(3788416K), 0.0258570 secs] [Times: user=0.14 sys=0.00, real=0.03 secs] 
46309.469: [GC [PSYoungGen: 98048K->3552K(100352K)] 3235109K->3140621K(3788544K), 0.0252830 secs] [Times: user=0.16 sys=0.01, real=0.03 secs] 
46316.980: [GC [PSYoungGen: 98272K->3872K(100352K)] 3235341K->3140957K(3788544K), 0.0293220 secs] [Times: user=0.17 sys=0.00, real=0.03 secs] 
46324.607: [GC [PSYoungGen: 98592K->4640K(100352K)] 3235677K->3141749K(3788544K), 0.0323380 secs] [Times: user=0.17 sys=0.02, real=0.03 secs] 
46332.352: [GC [PSYoungGen: 99488K->2656K(100416K)] 3236597K->3139789K(3788608K), 0.0249530 secs] [Times: user=0.14 sys=0.00, real=0.03 secs] 
46340.066: [GC [PSYoungGen: 97504K->2784K(100736K)] 3234637K->3139941K(3788928K), 0.0244770 secs] [Times: user=0.15 sys=0.01, real=0.02 secs] 
46347.709: [GC [PSYoungGen: 97824K->2368K(100736K)] 3234981K->3139541K(3788928K), 0.0244920 secs] [Times: user=0.14 sys=0.02, real=0.02 secs] 
46355.313: [GC [PSYoungGen: 97408K->2912K(100864K)] 3234581K->3140109K(3789056K), 0.0267730 secs] [Times: user=0.15 sys=0.01, real=0.03 secs] 
46363.033: [GC [PSYoungGen: 98144K->3968K(100928K)] 3235341K->3141181K(3789120K), 0.0262340 secs] [Times: user=0.14 sys=0.01, real=0.03 secs] 
46370.705: [GC [PSYoungGen: 99200K->4512K(100928K)] 3236413K->3141741K(3789120K), 0.0344920 secs] [Times: user=0.16 sys=0.01, real=0.04 secs] 
46378.424: [GC [PSYoungGen: 99808K->3392K(101056K)] 3237037K->3140629K(3789248K), 0.0299850 secs] [Times: user=0.15 sys=0.01, real=0.03 secs] 
46386.178: [GC [PSYoungGen: 98605K->4512K(101120K)] 3235843K->3141765K(3789312K), 0.0247490 secs] [Times: user=0.18 sys=0.00, real=0.03 secs] 
46393.834: [GC [PSYoungGen: 100000K->3968K(101184K)] 3237253K->3141253K(3789376K), 0.0255410 secs] [Times: user=0.15 sys=0.01, real=0.02 secs] 
46401.552: [GC [PSYoungGen: 99456K->4544K(101248K)] 3236741K->3141837K(3789440K), 0.0274610 secs] [Times: user=0.16 sys=0.01, real=0.03 secs] 
46409.335: [GC [PSYoungGen: 100160K->4832K(101312K)] 3237453K->3142149K(3789504K), 0.0299440 secs] [Times: user=0.21 sys=0.00, real=0.03 secs] 
46416.957: [GC [PSYoungGen: 100448K->4448K(101696K)] 3237765K->3141789K(3789888K), 0.0283400 secs] [Times: user=0.15 sys=0.01, real=0.02 secs] 
46424.761: [GC [PSYoungGen: 100256K->3296K(101696K)] 3237597K->3140645K(3789888K), 0.0284400 secs] [Times: user=0.20 sys=0.00, real=0.03 secs] 
46432.156: [GC [PSYoungGen: 99104K->3296K(101696K)] 3236453K->3140661K(3789888K), 0.0238670 secs] [Times: user=0.15 sys=0.01, real=0.03 secs] 
46438.431: [GC [PSYoungGen: 99296K->2112K(101760K)] 3236661K->3139485K(3789952K), 0.0292630 secs] [Times: user=0.20 sys=0.00, real=0.03 secs] 
46444.568: [GC [PSYoungGen: 98112K->2304K(102016K)] 3235485K->3139685K(3790208K), 0.0300630 secs] [Times: user=0.19 sys=0.00, real=0.03 secs] 
46450.659: [GC [PSYoungGen: 98496K->2880K(102080K)] 3235877K->3140285K(3790272K), 0.0303430 secs] [Times: user=0.18 sys=0.00, real=0.03 secs] 
46456.927: [GC [PSYoungGen: 99072K->2656K(102080K)] 3236477K->3140069K(3790272K), 0.0348530 secs] [Times: user=0.18 sys=0.01, real=0.04 secs] 
46463.099: [GC [PSYoungGen: 99104K->1568K(102144K)] 3236517K->3139005K(3790336K), 0.0291030 secs] [Times: user=0.16 sys=0.01, real=0.03 secs] 
46469.186: [GC [PSYoungGen: 98016K->2144K(102336K)] 3235453K->3139589K(3790528K), 0.0280200 secs] [Times: user=0.20 sys=0.00, real=0.03 secs] 
46475.514: [GC [PSYoungGen: 98848K->1568K(102400K)] 3236293K->3139029K(3790592K), 0.0309250 secs] [Times: user=0.17 sys=0.01, real=0.04 secs] 
46481.682: [GC [PSYoungGen: 98272K->1824K(102656K)] 3235733K->3139293K(3790848K), 0.0339620 secs] [Times: user=0.16 sys=0.02, real=0.04 secs] 
46487.848: [GC [PSYoungGen: 98848K->2176K(102656K)] 3236317K->3139661K(3790848K), 0.0288100 secs] [Times: user=0.20 sys=0.00, real=0.03 secs] 
46493.942: [GC [PSYoungGen: 99200K->2720K(102208K)] 3236685K->3140213K(3790400K), 0.0290790 secs] [Times: user=0.21 sys=0.00, real=0.03 secs] 
46500.284: [GC [PSYoungGen: 100000K->832K(102528K)] 3237493K->3138333K(3790720K), 0.0300750 secs] [Times: user=0.18 sys=0.02, real=0.03 secs] 
46506.444: [GC [PSYoungGen: 98112K->1920K(102592K)] 3235613K->3139429K(3790784K), 0.0275420 secs] [Times: user=0.16 sys=0.00, real=0.03 secs] 
46512.650: [GC [PSYoungGen: 99456K->2528K(102720K)] 3236965K->3140045K(3790912K), 0.0305120 secs] [Times: user=0.19 sys=0.00, real=0.04 secs] 
46518.967: [GC [PSYoungGen: 100064K->1376K(102592K)] 3237581K->3138909K(3790784K), 0.0238280 secs] [Times: user=0.17 sys=0.01, real=0.02 secs] 
46525.108: [GC [PSYoungGen: 99168K->2464K(102656K)] 3236701K->3140013K(3790848K), 0.0340900 secs] [Times: user=0.17 sys=0.01, real=0.03 secs] 
46531.439: [GC [PSYoungGen: 100256K->3072K(102720K)] 3237805K->3140637K(3790912K), 0.0336650 secs] [Times: user=0.22 sys=0.02, real=0.03 secs] 
46537.705: [GC [PSYoungGen: 101120K->1888K(102720K)] 3238685K->3139461K(3790912K), 0.0243310 secs] [Times: user=0.16 sys=0.00, real=0.02 secs] 
46543.966: [GC [PSYoungGen: 99936K->2592K(102592K)] 3237509K->3140181K(3790784K), 0.0293350 secs] [Times: user=0.19 sys=0.01, real=0.03 secs] 
46550.260: [GC [PSYoungGen: 100896K->1696K(102720K)] 3238485K->3139301K(3790912K), 0.0264650 secs] [Times: user=0.17 sys=0.00, real=0.03 secs] 
46556.465: [GC [PSYoungGen: 100000K->2624K(102784K)] 3237605K->3140237K(3790976K), 0.0391360 secs] [Times: user=0.15 sys=0.02, real=0.04 secs] 
46562.779: [GC [PSYoungGen: 101248K->2240K(102848K)] 3238861K->3139861K(3791040K), 0.0295680 secs] [Times: user=0.16 sys=0.01, real=0.03 secs] 
46569.060: [GC [PSYoungGen: 100864K->1536K(102784K)] 3238485K->3139165K(3790976K), 0.0258990 secs] [Times: user=0.17 sys=0.01, real=0.02 secs] 
46575.341: [GC [PSYoungGen: 100416K->1568K(102912K)] 3238045K->3139221K(3791104K), 0.0331750 secs] [Times: user=0.15 sys=0.01, real=0.03 secs] 
46581.708: [GC [PSYoungGen: 100448K->2464K(102848K)] 3238101K->3140125K(3791040K), 0.0262380 secs] [Times: user=0.15 sys=0.00, real=0.03 secs] 
46588.156: [GC [PSYoungGen: 101600K->1408K(103040K)] 3239261K->3139101K(3791232K), 0.0308060 secs] [Times: user=0.16 sys=0.02, real=0.03 secs] 
46594.484: [GC [PSYoungGen: 100544K->2880K(103232K)] 3238237K->3140581K(3791424K), 0.0371350 secs] [Times: user=0.18 sys=0.00, real=0.03 secs] 
46600.825: [GC [PSYoungGen: 102118K->2208K(103296K)] 3239820K->3139933K(3791488K), 0.0309600 secs] [Times: user=0.14 sys=0.01, real=0.03 secs] 
46607.207: [GC [PSYoungGen: 101536K->2848K(103424K)] 3239261K->3140589K(3791616K), 0.0279340 secs] [Times: user=0.22 sys=0.00, real=0.03 secs] 
46613.538: [GC [PSYoungGen: 102432K->1984K(103488K)] 3240173K->3139741K(3791680K), 0.0333500 secs] [Times: user=0.16 sys=0.01, real=0.03 secs] 
46619.999: [GC [PSYoungGen: 101568K->1152K(103616K)] 3239325K->3138917K(3791808K), 0.0344710 secs] [Times: user=0.14 sys=0.01, real=0.03 secs] 
46626.233: [GC [PSYoungGen: 100992K->2432K(103680K)] 3238757K->3140205K(3791872K), 0.0340980 secs] [Times: user=0.15 sys=0.01, real=0.03 secs] 
46632.305: [GC [PSYoungGen: 102272K->864K(103872K)] 3240045K->3138645K(3792064K), 0.0335030 secs] [Times: user=0.16 sys=0.03, real=0.03 secs] 
46638.060: [GC [PSYoungGen: 100960K->1536K(103936K)] 3238741K->3139333K(3792128K), 0.0329940 secs] [Times: user=0.17 sys=0.01, real=0.03 secs] 
46643.827: [GC [PSYoungGen: 101632K->1344K(104064K)] 3239429K->3139149K(3792256K), 0.0326890 secs] [Times: user=0.17 sys=0.01, real=0.03 secs] 
46649.743: [GC [PSYoungGen: 101760K->96K(104128K)] 3239565K->3137909K(3792320K), 0.0352970 secs] [Times: user=0.15 sys=0.01, real=0.03 secs] 
46655.561: [GC [PSYoungGen: 100512K->1184K(104320K)] 3238325K->3139005K(3792512K), 0.0335450 secs] [Times: user=0.18 sys=0.01, real=0.04 secs] 
46664.440: [GC [PSYoungGen: 101920K->3706K(104448K)] 3239741K->3149351K(3792640K), 0.0299550 secs] [Times: user=0.19 sys=0.00, real=0.03 secs] 
46672.552: [GC [PSYoungGen: 104442K->6938K(107072K)] 3250087K->3152615K(3795264K), 0.0404080 secs] [Times: user=0.16 sys=0.01, real=0.04 secs] 
46680.566: [GC [PSYoungGen: 106842K->6554K(108224K)] 3252519K->3152231K(3796416K), 0.0229860 secs] [Times: user=0.16 sys=0.00, real=0.02 secs] 
46688.495: [GC [PSYoungGen: 106458K->6906K(108416K)] 3252135K->3152607K(3796608K), 0.0243760 secs] [Times: user=0.16 sys=0.01, real=0.03 secs] 
46696.582: [GC [PSYoungGen: 106298K->7002K(109184K)] 3251999K->3152719K(3797376K), 0.0294820 secs] [Times: user=0.15 sys=0.00, real=0.03 secs] 
46704.582: [GC [PSYoungGen: 106394K->4794K(109248K)] 3252111K->3150551K(3797440K), 0.0241970 secs] [Times: user=0.15 sys=0.00, real=0.02 secs] 
46712.340: [GC [PSYoungGen: 104442K->6746K(109632K)] 3250199K->3152527K(3797824K), 0.0226200 secs] [Times: user=0.17 sys=0.00, real=0.03 secs] 
46721.009: [GC [PSYoungGen: 106394K->6842K(109952K)] 3252175K->3152647K(3798144K), 0.0249380 secs] [Times: user=0.15 sys=0.00, real=0.03 secs] 
46731.108: [GC [PSYoungGen: 106426K->6714K(104704K)] 3252231K->3152559K(3792896K), 0.0275070 secs] [Times: user=0.16 sys=0.01, real=0.03 secs] 
46741.003: [GC [PSYoungGen: 104698K->5114K(104704K)] 3250543K->3150991K(3792896K), 0.0235350 secs] [Times: user=0.14 sys=0.01, real=0.03 secs] 
46750.639: [GC [PSYoungGen: 101562K->5146K(100096K)] 3247439K->3151039K(3788288K), 0.0230030 secs] [Times: user=0.15 sys=0.01, real=0.02 secs] 
46760.063: [GC [PSYoungGen: 100058K->7098K(102464K)] 3245951K->3153007K(3790656K), 0.0213880 secs] [Times: user=0.16 sys=0.00, real=0.02 secs] 
46769.422: [GC [PSYoungGen: 100538K->7226K(99264K)] 3246447K->3153159K(3787456K), 0.0297970 secs] [Times: user=0.16 sys=0.01, real=0.03 secs] 
46779.151: [GC [PSYoungGen: 99258K->5978K(99136K)] 3245191K->3151935K(3787328K), 0.0258280 secs] [Times: user=0.16 sys=0.01, real=0.02 secs] 
46788.100: [GC [PSYoungGen: 96602K->7162K(96448K)] 3242559K->3153151K(3784640K), 0.0242540 secs] [Times: user=0.16 sys=0.00, real=0.03 secs] 
46797.161: [GC [PSYoungGen: 96442K->3968K(96576K)] 3242431K->3152199K(3784768K), 0.0265410 secs] [Times: user=0.16 sys=0.00, real=0.03 secs] 
46805.934: [GC [PSYoungGen: 91904K->5504K(92224K)] 3240135K->3154023K(3780416K), 0.0286260 secs] [Times: user=0.18 sys=0.01, real=0.03 secs] 
46814.684: [GC [PSYoungGen: 92160K->5088K(93056K)] 3240679K->3153623K(3781248K), 0.0272590 secs] [Times: user=0.19 sys=0.00, real=0.03 secs] 
46823.401: [GC [PSYoungGen: 90464K->5472K(89664K)] 3238999K->3154023K(3777856K), 0.0319170 secs] [Times: user=0.16 sys=0.01, real=0.03 secs] 
46831.943: [GC [PSYoungGen: 89632K->4128K(93184K)] 3238183K->3152695K(3781376K), 0.0346210 secs] [Times: user=0.21 sys=0.01, real=0.03 secs] 
46840.383: [GC [PSYoungGen: 88416K->3584K(93120K)] 3236983K->3152167K(3781312K), 0.0263120 secs] [Times: user=0.17 sys=0.00, real=0.02 secs] 
46850.835: [GC [PSYoungGen: 87872K->4192K(90048K)] 3236455K->3152791K(3778240K), 0.0314060 secs] [Times: user=0.17 sys=0.01, real=0.03 secs] 
46861.317: [GC [PSYoungGen: 87264K->3008K(84992K)] 3235863K->3151631K(3773184K), 0.0241910 secs] [Times: user=0.14 sys=0.00, real=0.02 secs] 
46871.422: [GC [PSYoungGen: 84928K->3168K(87936K)] 3233551K->3151823K(3776128K), 0.0280470 secs] [Times: user=0.15 sys=0.01, real=0.03 secs] 
46881.302: [GC [PSYoungGen: 83936K->3872K(83584K)] 3232591K->3152559K(3771776K), 0.0258010 secs] [Times: user=0.15 sys=0.01, real=0.03 secs] 
46891.052: [GC [PSYoungGen: 83552K->4928K(85248K)] 3232239K->3153623K(3773440K), 0.0348330 secs] [Times: user=0.21 sys=0.01, real=0.03 secs] 
46900.523: [GC [PSYoungGen: 83520K->4256K(81856K)] 3232215K->3152959K(3770048K), 0.0261060 secs] [Times: user=0.19 sys=0.00, real=0.02 secs] 
46910.431: [GC [PSYoungGen: 81824K->3552K(82880K)] 3230527K->3152271K(3771072K), 0.0242470 secs] [Times: user=0.15 sys=0.00, real=0.02 secs] 
46919.858: [GC [PSYoungGen: 80096K->3488K(79040K)] 3228815K->3152215K(3767232K), 0.0277670 secs] [Times: user=0.19 sys=0.00, real=0.03 secs] 
46929.019: [GC [PSYoungGen: 79008K->5504K(81280K)] 3227735K->3154247K(3769472K), 0.0272890 secs] [Times: user=0.16 sys=0.01, real=0.03 secs] 
46938.150: [GC [PSYoungGen: 80064K->3456K(77120K)] 3228807K->3152215K(3765312K), 0.0224800 secs] [Times: user=0.16 sys=0.01, real=0.02 secs] 
46947.397: [GC [PSYoungGen: 77056K->3040K(78976K)] 3225815K->3151823K(3767168K), 0.0292350 secs] [Times: user=0.16 sys=0.01, real=0.03 secs] 
46955.950: [GC [PSYoungGen: 75680K->5632K(77440K)] 3224463K->3154439K(3765632K), 0.0243360 secs] [Times: user=0.15 sys=0.00, real=0.02 secs] 
46964.951: [GC [PSYoungGen: 77376K->2880K(77376K)] 3226183K->3151711K(3765568K), 0.0221380 secs] [Times: user=0.14 sys=0.01, real=0.02 secs] 
46973.264: [GC [PSYoungGen: 73728K->4992K(75008K)] 3222559K->3153839K(3763200K), 0.0304480 secs] [Times: user=0.14 sys=0.00, real=0.03 secs] 
46982.156: [GC [PSYoungGen: 74944K->4000K(75136K)] 3223791K->3152871K(3763328K), 0.0255540 secs] [Times: user=0.19 sys=0.01, real=0.02 secs] 
46990.520: [GC [PSYoungGen: 73120K->4096K(72448K)] 3221991K->3152975K(3760640K), 0.0301350 secs] [Times: user=0.16 sys=0.01, real=0.03 secs] 
46998.894: [GC [PSYoungGen: 72384K->4416K(73152K)] 3221263K->3153327K(3761344K), 0.0277060 secs] [Times: user=0.19 sys=0.00, real=0.03 secs] 
47007.457: [GC [PSYoungGen: 71734K->3040K(69696K)] 3220646K->3151959K(3757888K), 0.0272120 secs] [Times: user=0.16 sys=0.01, real=0.02 secs] 
47015.552: [GC [PSYoungGen: 69664K->4448K(71424K)] 3218583K->3153383K(3759616K), 0.0233360 secs] [Times: user=0.17 sys=0.01, real=0.02 secs] 
47023.780: [GC [PSYoungGen: 70304K->4416K(69568K)] 3219239K->3153359K(3757760K), 0.0285000 secs] [Times: user=0.18 sys=0.00, real=0.03 secs] 
47031.869: [GC [PSYoungGen: 69504K->3456K(69824K)] 3218447K->3152407K(3758016K), 0.0292560 secs] [Times: user=0.21 sys=0.00, real=0.03 secs] 
47039.799: [GC [PSYoungGen: 67776K->3552K(67200K)] 3216727K->3152511K(3755392K), 0.0250830 secs] [Times: user=0.16 sys=0.01, real=0.03 secs] 
47047.656: [GC [PSYoungGen: 67168K->3904K(68032K)] 3216127K->3152879K(3756224K), 0.0242240 secs] [Times: user=0.16 sys=0.00, real=0.02 secs] 
47055.272: [GC [PSYoungGen: 66816K->3584K(68928K)] 3215791K->3152575K(3757120K), 0.0277680 secs] [Times: user=0.17 sys=0.00, real=0.03 secs] 
47063.060: [GC [PSYoungGen: 66496K->3872K(67008K)] 3215487K->3152887K(3755200K), 0.0253560 secs] [Times: user=0.18 sys=0.00, real=0.03 secs] 
47070.731: [GC [PSYoungGen: 66080K->4704K(66240K)] 3215095K->3153743K(3754432K), 0.0245380 secs] [Times: user=0.17 sys=0.00, real=0.02 secs] 
47078.213: [GC [PSYoungGen: 66208K->4384K(67392K)] 3215247K->3153447K(3755584K), 0.0277710 secs] [Times: user=0.18 sys=0.01, real=0.03 secs] 
47085.908: [GC [PSYoungGen: 65952K->4192K(67328K)] 3215015K->3153263K(3755520K), 0.0267960 secs] [Times: user=0.17 sys=0.01, real=0.02 secs] 
47093.587: [GC [PSYoungGen: 65682K->3232K(65664K)] 3214754K->3152311K(3753856K), 0.0229130 secs] [Times: user=0.16 sys=0.00, real=0.03 secs] 
47101.026: [GC [PSYoungGen: 64096K->4160K(66496K)] 3213175K->3153255K(3754688K), 0.0263060 secs] [Times: user=0.18 sys=0.00, real=0.03 secs] 
47108.361: [GC [PSYoungGen: 65024K->4864K(66432K)] 3214119K->3153975K(3754624K), 0.0288570 secs] [Times: user=0.18 sys=0.00, real=0.02 secs] 
47115.889: [GC [PSYoungGen: 65728K->4832K(66560K)] 3214839K->3153951K(3754752K), 0.0345310 secs] [Times: user=0.20 sys=0.00, real=0.04 secs] 
47123.396: [GC [PSYoungGen: 65696K->4896K(66752K)] 3214815K->3154023K(3754944K), 0.0266620 secs] [Times: user=0.19 sys=0.00, real=0.02 secs] 
47130.898: [GC [PSYoungGen: 65824K->5088K(66816K)] 3214951K->3154223K(3755008K), 0.0272120 secs] [Times: user=0.18 sys=0.00, real=0.03 secs] 
47138.423: [GC [PSYoungGen: 66016K->3424K(67008K)] 3215151K->3152575K(3755200K), 0.0253530 secs] [Times: user=0.15 sys=0.00, real=0.03 secs] 
47146.023: [GC [PSYoungGen: 64480K->2592K(67072K)] 3213631K->3151759K(3755264K), 0.0296260 secs] [Times: user=0.14 sys=0.01, real=0.03 secs] 
47153.368: [GC [PSYoungGen: 63648K->3840K(67072K)] 3212815K->3153023K(3755264K), 0.0249530 secs] [Times: user=0.15 sys=0.00, real=0.02 secs] 
47160.757: [GC [PSYoungGen: 65024K->5600K(67200K)] 3214207K->3154807K(3755392K), 0.0308820 secs] [Times: user=0.18 sys=0.00, real=0.03 secs] 
47168.321: [GC [PSYoungGen: 66784K->4160K(67200K)] 3215991K->3153375K(3755392K), 0.0255390 secs] [Times: user=0.18 sys=0.00, real=0.02 secs] 
47176.234: [GC [PSYoungGen: 65472K->5632K(67456K)] 3214687K->3154855K(3755648K), 0.0461150 secs] [Times: user=0.20 sys=0.01, real=0.04 secs] 
47184.029: [GC [PSYoungGen: 66944K->3264K(67904K)] 3216167K->3152503K(3756096K), 0.0242750 secs] [Times: user=0.13 sys=0.00, real=0.03 secs] 
47191.559: [GC [PSYoungGen: 64768K->3552K(67968K)] 3214007K->3152807K(3756160K), 0.0365810 secs] [Times: user=0.19 sys=0.00, real=0.04 secs] 
47199.023: [GC [PSYoungGen: 65056K->3648K(67840K)] 3214311K->3152919K(3756032K), 0.0225470 secs] [Times: user=0.16 sys=0.00, real=0.03 secs] 
47206.626: [GC [PSYoungGen: 65344K->4864K(67968K)] 3214615K->3154151K(3756160K), 0.0259070 secs] [Times: user=0.17 sys=0.00, real=0.03 secs] 
47214.491: [GC [PSYoungGen: 66560K->4320K(67776K)] 3215847K->3153615K(3755968K), 0.0267470 secs] [Times: user=0.16 sys=0.00, real=0.03 secs] 
47222.361: [GC [PSYoungGen: 66144K->4992K(67968K)] 3215439K->3154295K(3756160K), 0.0264300 secs] [Times: user=0.17 sys=0.00, real=0.02 secs] 
47230.103: [GC [PSYoungGen: 66816K->2944K(68224K)] 3216119K->3152263K(3756416K), 0.0278820 secs] [Times: user=0.15 sys=0.02, real=0.03 secs] 
47237.519: [GC [PSYoungGen: 64896K->3744K(68224K)] 3214215K->3153071K(3756416K), 0.0269030 secs] [Times: user=0.15 sys=0.00, real=0.03 secs] 
47245.033: [GC [PSYoungGen: 65696K->4832K(68160K)] 3215023K->3154167K(3756352K), 0.0252890 secs] [Times: user=0.15 sys=0.01, real=0.02 secs] 
47252.703: [GC [PSYoungGen: 66848K->4288K(66368K)] 3216183K->3153639K(3754560K), 0.0277550 secs] [Times: user=0.18 sys=0.00, real=0.03 secs] 
47260.385: [GC [PSYoungGen: 66304K->4096K(67904K)] 3215655K->3153463K(3756096K), 0.0278710 secs] [Times: user=0.17 sys=0.00, real=0.02 secs] 
47268.096: [GC [PSYoungGen: 66240K->4480K(68032K)] 3215607K->3153863K(3756224K), 0.0271130 secs] [Times: user=0.16 sys=0.00, real=0.02 secs] 
47275.578: [GC [PSYoungGen: 66624K->4224K(67840K)] 3216007K->3153623K(3756032K), 0.0313960 secs] [Times: user=0.17 sys=0.00, real=0.03 secs] 
47283.265: [GC [PSYoungGen: 66496K->3840K(67968K)] 3215895K->3153263K(3756160K), 0.0243130 secs] [Times: user=0.16 sys=0.00, real=0.03 secs] 
47291.041: [GC [PSYoungGen: 66112K->4352K(67840K)] 3215535K->3153783K(3756032K), 0.0314090 secs] [Times: user=0.14 sys=0.01, real=0.03 secs] 
47298.843: [GC [PSYoungGen: 66752K->3968K(67904K)] 3216183K->3153423K(3756096K), 0.0299540 secs] [Times: user=0.18 sys=0.00, real=0.03 secs] 
47306.728: [GC [PSYoungGen: 66368K->3456K(67968K)] 3215823K->3152919K(3756160K), 0.0256240 secs] [Times: user=0.18 sys=0.00, real=0.03 secs] 
47314.329: [GC [PSYoungGen: 65984K->3936K(67968K)] 3215447K->3153415K(3756160K), 0.0222720 secs] [Times: user=0.15 sys=0.01, real=0.02 secs] 
47322.241: [GC [PSYoungGen: 66464K->3328K(66304K)] 3215943K->3152823K(3754496K), 0.0224620 secs] [Times: user=0.14 sys=0.00, real=0.03 secs] 
47329.921: [GC [PSYoungGen: 65152K->3776K(67136K)] 3214647K->3153279K(3755328K), 0.0271700 secs] [Times: user=0.19 sys=0.01, real=0.03 secs] 
47337.520: [GC [PSYoungGen: 65600K->3936K(66944K)] 3215103K->3153455K(3755136K), 0.0259540 secs] [Times: user=0.19 sys=0.00, real=0.03 secs] 
47344.976: [GC [PSYoungGen: 65888K->4928K(67072K)] 3215407K->3154463K(3755264K), 0.0275530 secs] [Times: user=0.17 sys=0.00, real=0.03 secs] 
47352.808: [GC [PSYoungGen: 66880K->5344K(67072K)] 3216415K->3155055K(3755264K), 0.0264690 secs] [Times: user=0.16 sys=0.00, real=0.02 secs] 
47360.550: [GC [PSYoungGen: 67040K->3424K(67456K)] 3216751K->3153151K(3755648K), 0.0295850 secs] [Times: user=0.15 sys=0.02, real=0.03 secs] 
47368.257: [GC [PSYoungGen: 65120K->4448K(67456K)] 3214847K->3154175K(3755648K), 0.0247350 secs] [Times: user=0.16 sys=0.00, real=0.03 secs] 
47375.706: [GC [PSYoungGen: 66272K->3648K(67520K)] 3215999K->3153391K(3755712K), 0.0223250 secs] [Times: user=0.15 sys=0.00, real=0.02 secs] 
47383.415: [GC [PSYoungGen: 65472K->4960K(67392K)] 3215215K->3154711K(3755584K), 0.0307990 secs] [Times: user=0.15 sys=0.01, real=0.03 secs] 
47391.024: [GC [PSYoungGen: 66720K->3680K(67584K)] 3216471K->3153447K(3755776K), 0.0244790 secs] [Times: user=0.18 sys=0.00, real=0.02 secs] 
47398.879: [GC [PSYoungGen: 65440K->4032K(67392K)] 3215207K->3153807K(3755584K), 0.0309810 secs] [Times: user=0.22 sys=0.01, real=0.03 secs] 
47406.378: [GC [PSYoungGen: 65920K->4832K(67520K)] 3215695K->3154623K(3755712K), 0.0252690 secs] [Times: user=0.15 sys=0.01, real=0.02 secs] 
47414.260: [GC [PSYoungGen: 66720K->3936K(67584K)] 3216511K->3153735K(3755776K), 0.0230300 secs] [Times: user=0.15 sys=0.00, real=0.02 secs] 
47421.722: [GC [PSYoungGen: 65952K->3616K(64960K)] 3215751K->3153431K(3753152K), 0.0233060 secs] [Times: user=0.15 sys=0.01, real=0.02 secs] 
47429.345: [GC [PSYoungGen: 64928K->3392K(65600K)] 3214743K->3153215K(3753792K), 0.0261630 secs] [Times: user=0.19 sys=0.00, real=0.03 secs] 
47436.639: [GC [PSYoungGen: 64064K->4480K(66240K)] 3213887K->3154319K(3754432K), 0.0304460 secs] [Times: user=0.18 sys=0.00, real=0.03 secs] 
47444.165: [GC [PSYoungGen: 65152K->5504K(65984K)] 3214991K->3155359K(3754176K), 0.0244090 secs] [Times: user=0.17 sys=0.00, real=0.02 secs] 
47451.779: [GC [PSYoungGen: 65920K->4768K(66368K)] 3215775K->3154639K(3754560K), 0.0255900 secs] [Times: user=0.17 sys=0.00, real=0.03 secs] 
47459.401: [GC [PSYoungGen: 65184K->3584K(66496K)] 3215055K->3153479K(3754688K), 0.0268250 secs] [Times: user=0.16 sys=0.01, real=0.03 secs] 
47466.876: [GC [PSYoungGen: 64128K->3104K(66496K)] 3214023K->3153071K(3754688K), 0.0232720 secs] [Times: user=0.16 sys=0.00, real=0.02 secs] 
47474.440: [GC [PSYoungGen: 63648K->3680K(66368K)] 3213615K->3153663K(3754560K), 0.0255110 secs] [Times: user=0.14 sys=0.00, real=0.02 secs] 
47481.872: [GC [PSYoungGen: 64352K->4480K(66496K)] 3214335K->3154471K(3754688K), 0.0307360 secs] [Times: user=0.16 sys=0.02, real=0.03 secs] 
47489.243: [GC [PSYoungGen: 65152K->5120K(66432K)] 3215143K->3155119K(3754624K), 0.0260940 secs] [Times: user=0.20 sys=0.00, real=0.03 secs] 
47496.782: [GC [PSYoungGen: 65728K->4736K(66624K)] 3215727K->3154759K(3754816K), 0.0263190 secs] [Times: user=0.17 sys=0.00, real=0.02 secs] 
47504.394: [GC [PSYoungGen: 65344K->3968K(66496K)] 3215367K->3154007K(3754688K), 0.0324790 secs] [Times: user=0.24 sys=0.00, real=0.03 secs] 
47511.930: [GC [PSYoungGen: 64704K->4576K(66624K)] 3214743K->3154631K(3754816K), 0.0255850 secs] [Times: user=0.18 sys=0.00, real=0.03 secs] 
47519.419: [GC [PSYoungGen: 65312K->3328K(66752K)] 3215367K->3153391K(3754944K), 0.0224870 secs] [Times: user=0.15 sys=0.01, real=0.02 secs] 
47527.029: [GC [PSYoungGen: 64192K->2848K(66752K)] 3214255K->3152927K(3754944K), 0.0247720 secs] [Times: user=0.16 sys=0.00, real=0.02 secs] 
47534.239: [GC [PSYoungGen: 63712K->4064K(66560K)] 3213791K->3154151K(3754752K), 0.0239010 secs] [Times: user=0.15 sys=0.00, real=0.02 secs] 
47541.861: [GC [PSYoungGen: 65056K->3936K(66752K)] 3215143K->3154031K(3754944K), 0.0278180 secs] [Times: user=0.16 sys=0.01, real=0.03 secs] 
47549.256: [GC [PSYoungGen: 64928K->3712K(64960K)] 3215023K->3153815K(3753152K), 0.0223570 secs] [Times: user=0.15 sys=0.00, real=0.03 secs] 
47556.786: [GC [PSYoungGen: 64064K->4192K(63936K)] 3214167K->3154303K(3752128K), 0.0234770 secs] [Times: user=0.18 sys=0.00, real=0.03 secs] 
47564.229: [GC [PSYoungGen: 63904K->3648K(63744K)] 3214015K->3153767K(3751936K), 0.0237530 secs] [Times: user=0.14 sys=0.01, real=0.03 secs] 
47571.346: [GC [PSYoungGen: 62720K->4192K(64448K)] 3212839K->3154319K(3752640K), 0.0381820 secs] [Times: user=0.20 sys=0.01, real=0.04 secs] 
47578.869: [GC [PSYoungGen: 63264K->3424K(64384K)] 3213391K->3153559K(3752576K), 0.0270740 secs] [Times: user=0.18 sys=0.00, real=0.03 secs] 
47586.068: [GC [PSYoungGen: 62624K->4736K(64448K)] 3212759K->3154903K(3752640K), 0.0289420 secs] [Times: user=0.17 sys=0.00, real=0.03 secs] 
47593.582: [GC [PSYoungGen: 63936K->4928K(64576K)] 3214103K->3155103K(3752768K), 0.0303070 secs] [Times: user=0.22 sys=0.01, real=0.03 secs] 
47600.946: [GC [PSYoungGen: 64064K->5568K(64768K)] 3214239K->3155751K(3752960K), 0.0262430 secs] [Times: user=0.19 sys=0.01, real=0.02 secs] 
47608.245: [GC [PSYoungGen: 64704K->4544K(65152K)] 3214887K->3154743K(3753344K), 0.0253960 secs] [Times: user=0.19 sys=0.00, real=0.03 secs] 
47615.586: [GC [PSYoungGen: 63808K->3712K(65216K)] 3214007K->3153927K(3753408K), 0.0263000 secs] [Times: user=0.14 sys=0.01, real=0.03 secs] 
47622.893: [GC [PSYoungGen: 62976K->4288K(65024K)] 3213191K->3154519K(3753216K), 0.0282320 secs] [Times: user=0.21 sys=0.00, real=0.03 secs] 
47630.256: [GC [PSYoungGen: 63680K->2464K(65152K)] 3213911K->3152711K(3753344K), 0.0247950 secs] [Times: user=0.13 sys=0.01, real=0.02 secs] 
47637.490: [GC [PSYoungGen: 61856K->3392K(65280K)] 3212103K->3153655K(3753472K), 0.0276010 secs] [Times: user=0.13 sys=0.00, real=0.03 secs] 
47644.871: [GC [PSYoungGen: 62912K->3008K(65344K)] 3213175K->3153279K(3753536K), 0.0243060 secs] [Times: user=0.14 sys=0.00, real=0.03 secs] 
47652.048: [GC [PSYoungGen: 62528K->4224K(65344K)] 3212799K->3154511K(3753536K), 0.0311500 secs] [Times: user=0.17 sys=0.00, real=0.03 secs] 
47659.368: [GC [PSYoungGen: 63872K->4000K(65408K)] 3214159K->3154303K(3753600K), 0.0356990 secs] [Times: user=0.16 sys=0.02, real=0.03 secs] 
47666.813: [GC [PSYoungGen: 63648K->5024K(65280K)] 3213951K->3155343K(3753472K), 0.0234580 secs] [Times: user=0.15 sys=0.00, real=0.03 secs] 
47674.181: [GC [PSYoungGen: 64672K->4992K(65472K)] 3214991K->3155327K(3753664K), 0.0256340 secs] [Times: user=0.15 sys=0.00, real=0.03 secs] 
47681.596: [GC [PSYoungGen: 64640K->4480K(65664K)] 3214975K->3154823K(3753856K), 0.0286870 secs] [Times: user=0.18 sys=0.00, real=0.03 secs] 
47688.933: [GC [PSYoungGen: 64256K->4928K(65728K)] 3214599K->3155287K(3753920K), 0.0262460 secs] [Times: user=0.18 sys=0.00, real=0.03 secs] 
47696.449: [GC [PSYoungGen: 64704K->3360K(65856K)] 3215063K->3153727K(3754048K), 0.0306150 secs] [Times: user=0.21 sys=0.01, real=0.03 secs] 
47703.963: [GC [PSYoungGen: 63264K->3936K(65920K)] 3213631K->3154319K(3754112K), 0.0277780 secs] [Times: user=0.16 sys=0.00, real=0.02 secs] 
47711.148: [GC [PSYoungGen: 63840K->3328K(65792K)] 3214223K->3153719K(3753984K), 0.0263580 secs] [Times: user=0.16 sys=0.00, real=0.03 secs] 
47718.778: [GC [PSYoungGen: 63360K->4192K(65856K)] 3213751K->3154599K(3754048K), 0.0228370 secs] [Times: user=0.15 sys=0.01, real=0.02 secs] 
47726.259: [GC [PSYoungGen: 64224K->4064K(65600K)] 3214631K->3154487K(3753792K), 0.0244610 secs] [Times: user=0.19 sys=0.00, real=0.02 secs] 
47733.477: [GC [PSYoungGen: 64224K->4352K(65728K)] 3214647K->3154783K(3753920K), 0.0316000 secs] [Times: user=0.20 sys=0.01, real=0.03 secs] 
47741.027: [GC [PSYoungGen: 64512K->3168K(65728K)] 3214943K->3153607K(3753920K), 0.0257510 secs] [Times: user=0.16 sys=0.00, real=0.02 secs] 
47748.517: [GC [PSYoungGen: 63392K->2976K(65792K)] 3213831K->3153431K(3753984K), 0.0286310 secs] [Times: user=0.17 sys=0.01, real=0.03 secs] 
47755.970: [GC [PSYoungGen: 63200K->4576K(65856K)] 3213655K->3155039K(3754048K), 0.0269770 secs] [Times: user=0.18 sys=0.00, real=0.03 secs] 
47763.370: [GC [PSYoungGen: 64864K->4992K(65920K)] 3215327K->3155471K(3754112K), 0.0360130 secs] [Times: user=0.22 sys=0.01, real=0.04 secs] 
47770.835: [GC [PSYoungGen: 65280K->4128K(65984K)] 3215759K->3154615K(3754176K), 0.0287880 secs] [Times: user=0.18 sys=0.01, real=0.03 secs] 
47777.152: [GC [PSYoungGen: 64608K->2784K(66176K)] 3215095K->3153279K(3754368K), 0.0268320 secs] [Times: user=0.16 sys=0.01, real=0.03 secs] 
47782.882: [GC [PSYoungGen: 63264K->5344K(66112K)] 3213759K->3155847K(3754304K), 0.0299870 secs] [Times: user=0.19 sys=0.00, real=0.03 secs] 
47789.217: [GC [PSYoungGen: 65696K->4096K(66432K)] 3216199K->3154615K(3754624K), 0.0279610 secs] [Times: user=0.16 sys=0.01, real=0.03 secs] 
47795.338: [GC [PSYoungGen: 64448K->3584K(66304K)] 3214967K->3154119K(3754496K), 0.0256610 secs] [Times: user=0.15 sys=0.00, real=0.02 secs] 
47801.416: [GC [PSYoungGen: 64128K->4768K(66368K)] 3214663K->3155311K(3754560K), 0.0356930 secs] [Times: user=0.22 sys=0.00, real=0.04 secs] 
47807.749: [GC [PSYoungGen: 65312K->3648K(66496K)] 3215855K->3154199K(3754688K), 0.0223350 secs] [Times: user=0.16 sys=0.00, real=0.02 secs] 
47813.963: [GC [PSYoungGen: 64384K->4224K(66560K)] 3214935K->3154783K(3754752K), 0.0223470 secs] [Times: user=0.17 sys=0.00, real=0.02 secs] 
47820.015: [GC [PSYoungGen: 64960K->4000K(66368K)] 3215519K->3154583K(3754560K), 0.0330370 secs] [Times: user=0.21 sys=0.01, real=0.03 secs] 
47826.332: [GC [PSYoungGen: 64928K->2464K(66496K)] 3215511K->3153055K(3754688K), 0.0224260 secs] [Times: user=0.15 sys=0.00, real=0.02 secs] 
47832.237: [GC [PSYoungGen: 63392K->2912K(66816K)] 3213983K->3153519K(3755008K), 0.0291060 secs] [Times: user=0.13 sys=0.00, real=0.03 secs] 
47838.468: [GC [PSYoungGen: 64032K->3296K(66816K)] 3214639K->3153919K(3755008K), 0.0279410 secs] [Times: user=0.18 sys=0.01, real=0.03 secs] 
47844.946: [GC [PSYoungGen: 64416K->2912K(66880K)] 3215039K->3153551K(3755072K), 0.0312050 secs] [Times: user=0.20 sys=0.01, real=0.03 secs] 
47850.983: [GC [PSYoungGen: 64224K->3040K(66880K)] 3214863K->3153687K(3755072K), 0.0227140 secs] [Times: user=0.16 sys=0.00, real=0.03 secs] 
47857.203: [GC [PSYoungGen: 64352K->3520K(66624K)] 3214999K->3154183K(3754816K), 0.0276140 secs] [Times: user=0.17 sys=0.00, real=0.03 secs] 
47863.609: [GC [PSYoungGen: 65024K->3072K(66816K)] 3215687K->3153743K(3755008K), 0.0273560 secs] [Times: user=0.17 sys=0.01, real=0.03 secs] 
47869.543: [GC [PSYoungGen: 64400K->4928K(66624K)] 3215072K->3155615K(3754816K), 0.0269520 secs] [Times: user=0.17 sys=0.00, real=0.03 secs] 
47875.825: [GC [PSYoungGen: 66304K->3808K(66944K)] 3216991K->3154503K(3755136K), 0.0277730 secs] [Times: user=0.18 sys=0.00, real=0.03 secs] 
47881.947: [GC [PSYoungGen: 65184K->5152K(66624K)] 3215879K->3155863K(3754816K), 0.0262960 secs] [Times: user=0.20 sys=0.00, real=0.03 secs] 
47888.248: [GC [PSYoungGen: 66336K->4352K(67008K)] 3217047K->3155087K(3755200K), 0.0230360 secs] [Times: user=0.16 sys=0.00, real=0.03 secs] 
47894.468: [GC [PSYoungGen: 65536K->3776K(66816K)] 3216271K->3154527K(3755008K), 0.0267370 secs] [Times: user=0.18 sys=0.00, real=0.03 secs] 
47900.532: [GC [PSYoungGen: 65152K->4960K(67008K)] 3215903K->3155719K(3755200K), 0.0249670 secs] [Times: user=0.18 sys=0.00, real=0.02 secs] 
47906.812: [GC [PSYoungGen: 66336K->4160K(67200K)] 3217095K->3154927K(3755392K), 0.0290320 secs] [Times: user=0.17 sys=0.02, real=0.03 secs] 
47912.925: [GC [PSYoungGen: 65728K->4416K(67328K)] 3216495K->3155199K(3755520K), 0.0269400 secs] [Times: user=0.20 sys=0.00, real=0.02 secs] 
47919.196: [GC [PSYoungGen: 65984K->3456K(67328K)] 3216767K->3154255K(3755520K), 0.0284370 secs] [Times: user=0.16 sys=0.01, real=0.02 secs] 
47925.441: [GC [PSYoungGen: 65216K->4960K(67392K)] 3216015K->3155767K(3755584K), 0.0311110 secs] [Times: user=0.17 sys=0.01, real=0.03 secs] 
47931.555: [GC [PSYoungGen: 66720K->3840K(67520K)] 3217527K->3154655K(3755712K), 0.0293530 secs] [Times: user=0.18 sys=0.01, real=0.03 secs] 
47937.746: [GC [PSYoungGen: 65792K->4160K(67648K)] 3216607K->3154983K(3755840K), 0.0281010 secs] [Times: user=0.17 sys=0.00, real=0.03 secs] 
47944.034: [GC [PSYoungGen: 66112K->3168K(67712K)] 3216935K->3154015K(3755904K), 0.0243430 secs] [Times: user=0.17 sys=0.01, real=0.03 secs] 
47950.286: [GC [PSYoungGen: 65312K->3744K(67712K)] 3216159K->3154599K(3755904K), 0.0322150 secs] [Times: user=0.20 sys=0.01, real=0.03 secs] 
47956.710: [GC [PSYoungGen: 65888K->3936K(67456K)] 3216743K->3154799K(3755648K), 0.0290610 secs] [Times: user=0.19 sys=0.00, real=0.03 secs] 
47962.946: [GC [PSYoungGen: 66272K->4352K(67648K)] 3217135K->3155231K(3755840K), 0.0253330 secs] [Times: user=0.18 sys=0.00, real=0.03 secs] 
47969.078: [GC [PSYoungGen: 66688K->4736K(67776K)] 3217567K->3155623K(3755968K), 0.0324500 secs] [Times: user=0.20 sys=0.01, real=0.03 secs] 
47975.628: [GC [PSYoungGen: 67136K->4224K(67904K)] 3218023K->3155127K(3756096K), 0.0262530 secs] [Times: user=0.17 sys=0.00, real=0.03 secs] 
47981.904: [GC [PSYoungGen: 66624K->4128K(67840K)] 3217527K->3155055K(3756032K), 0.0260890 secs] [Times: user=0.17 sys=0.00, real=0.02 secs] 
47988.207: [GC [PSYoungGen: 66720K->5280K(67904K)] 3217647K->3156231K(3756096K), 0.0321330 secs] [Times: user=0.19 sys=0.01, real=0.03 secs] 
47994.536: [GC [PSYoungGen: 67872K->4064K(68160K)] 3218823K->3155023K(3756352K), 0.0285140 secs] [Times: user=0.21 sys=0.00, real=0.02 secs] 
48000.813: [GC [PSYoungGen: 66848K->4544K(68288K)] 3217807K->3155503K(3756480K), 0.0245060 secs] [Times: user=0.15 sys=0.00, real=0.03 secs] 
48007.378: [GC [PSYoungGen: 67328K->3936K(68352K)] 3218287K->3154903K(3756544K), 0.0296990 secs] [Times: user=0.18 sys=0.01, real=0.03 secs] 
48013.813: [GC [PSYoungGen: 66851K->1856K(68416K)] 3217819K->3152839K(3756608K), 0.0265610 secs] [Times: user=0.12 sys=0.01, real=0.03 secs] 
48019.823: [GC [PSYoungGen: 64832K->4544K(68800K)] 3215815K->3155551K(3756992K), 0.0333030 secs] [Times: user=0.22 sys=0.00, real=0.03 secs] 
48026.341: [GC [PSYoungGen: 67648K->2912K(68864K)] 3218655K->3153927K(3757056K), 0.0300060 secs] [Times: user=0.17 sys=0.02, real=0.03 secs] 
48032.704: [GC [PSYoungGen: 66016K->3936K(68800K)] 3217031K->3154959K(3756992K), 0.0280300 secs] [Times: user=0.16 sys=0.02, real=0.03 secs] 
48039.020: [GC [PSYoungGen: 67232K->4864K(68928K)] 3218255K->3155895K(3757120K), 0.0259960 secs] [Times: user=0.17 sys=0.00, real=0.03 secs] 
48045.783: [GC [PSYoungGen: 68160K->3104K(69248K)] 3219191K->3154143K(3757440K), 0.0258660 secs] [Times: user=0.19 sys=0.00, real=0.03 secs] 
48051.779: [GC [PSYoungGen: 66592K->5152K(69248K)] 3217631K->3156199K(3757440K), 0.0280640 secs] [Times: user=0.16 sys=0.01, real=0.03 secs] 
48058.218: [GC [PSYoungGen: 68640K->4608K(69632K)] 3219687K->3155671K(3757824K), 0.0304930 secs] [Times: user=0.17 sys=0.01, real=0.03 secs] 
48064.795: [GC [PSYoungGen: 68224K->3744K(69696K)] 3219287K->3154815K(3757888K), 0.0244900 secs] [Times: user=0.15 sys=0.00, real=0.03 secs] 
48071.188: [GC [PSYoungGen: 67360K->3296K(69632K)] 3218431K->3154383K(3757824K), 0.0292370 secs] [Times: user=0.16 sys=0.00, real=0.02 secs] 
48077.611: [GC [PSYoungGen: 67104K->2688K(69696K)] 3218191K->3153799K(3757888K), 0.0230870 secs] [Times: user=0.16 sys=0.00, real=0.02 secs] 
48083.886: [GC [PSYoungGen: 66496K->4000K(69632K)] 3217607K->3155127K(3757824K), 0.0300810 secs] [Times: user=0.17 sys=0.00, real=0.03 secs] 
48090.267: [GC [PSYoungGen: 68000K->5344K(69760K)] 3219127K->3156487K(3757952K), 0.0290980 secs] [Times: user=0.19 sys=0.00, real=0.03 secs] 
48096.761: [GC [PSYoungGen: 69344K->4032K(69824K)] 3220487K->3155191K(3758016K), 0.0266290 secs] [Times: user=0.19 sys=0.00, real=0.03 secs] 
48103.204: [GC [PSYoungGen: 68224K->4576K(70080K)] 3219383K->3155751K(3758272K), 0.0309600 secs] [Times: user=0.24 sys=0.00, real=0.03 secs] 
48109.983: [GC [PSYoungGen: 68768K->2624K(70272K)] 3219943K->3153807K(3758464K), 0.0249150 secs] [Times: user=0.16 sys=0.00, real=0.03 secs] 
48116.398: [GC [PSYoungGen: 66944K->3392K(70336K)] 3218127K->3154591K(3758528K), 0.0251330 secs] [Times: user=0.15 sys=0.01, real=0.02 secs] 
48122.949: [GC [PSYoungGen: 67712K->3968K(70016K)] 3218911K->3155183K(3758208K), 0.0248400 secs] [Times: user=0.18 sys=0.00, real=0.02 secs] 
48129.462: [GC [PSYoungGen: 68480K->3968K(70208K)] 3219695K->3155207K(3758400K), 0.0283340 secs] [Times: user=0.18 sys=0.00, real=0.03 secs] 
48135.723: [GC [PSYoungGen: 68480K->5344K(69888K)] 3219719K->3156607K(3758080K), 0.0257800 secs] [Times: user=0.18 sys=0.00, real=0.03 secs] 
48142.498: [GC [PSYoungGen: 69664K->2560K(70272K)] 3220927K->3153855K(3758464K), 0.0283770 secs] [Times: user=0.16 sys=0.01, real=0.02 secs] 
48148.939: [GC [PSYoungGen: 66880K->4864K(70400K)] 3218175K->3156175K(3758592K), 0.0227630 secs] [Times: user=0.17 sys=0.00, real=0.02 secs] 
48155.533: [GC [PSYoungGen: 69248K->4704K(70528K)] 3220559K->3156023K(3758720K), 0.0255780 secs] [Times: user=0.19 sys=0.01, real=0.02 secs] 
48161.832: [GC [PSYoungGen: 69088K->3904K(70400K)] 3220407K->3155239K(3758592K), 0.0262750 secs] [Times: user=0.15 sys=0.01, real=0.02 secs] 
48168.424: [GC [PSYoungGen: 68480K->4736K(70592K)] 3219815K->3156087K(3758784K), 0.0274410 secs] [Times: user=0.19 sys=0.00, real=0.03 secs] 
48175.045: [GC [PSYoungGen: 69312K->3680K(70592K)] 3220663K->3155031K(3758784K), 0.0234010 secs] [Times: user=0.16 sys=0.00, real=0.02 secs] 
48181.513: [GC [PSYoungGen: 68448K->4672K(70720K)] 3219799K->3156031K(3758912K), 0.0232700 secs] [Times: user=0.18 sys=0.00, real=0.03 secs] 
48188.211: [GC [PSYoungGen: 69440K->4192K(70592K)] 3220799K->3155567K(3758784K), 0.0267660 secs] [Times: user=0.20 sys=0.00, real=0.03 secs] 
48194.787: [GC [PSYoungGen: 69152K->3200K(70784K)] 3220527K->3154591K(3758976K), 0.0283960 secs] [Times: user=0.17 sys=0.01, real=0.03 secs] 
48201.416: [GC [PSYoungGen: 68160K->3648K(70720K)] 3219551K->3155063K(3758912K), 0.0262630 secs] [Times: user=0.18 sys=0.00, real=0.03 secs] 
48207.952: [GC [PSYoungGen: 68800K->3616K(70848K)] 3220215K->3155047K(3759040K), 0.0226590 secs] [Times: user=0.15 sys=0.01, real=0.02 secs] 
48214.525: [GC [PSYoungGen: 68768K->3520K(70720K)] 3220199K->3154967K(3758912K), 0.0320280 secs] [Times: user=0.23 sys=0.00, real=0.03 secs] 
48221.310: [GC [PSYoungGen: 68864K->3456K(70848K)] 3220311K->3154919K(3759040K), 0.0399520 secs] [Times: user=0.24 sys=0.02, real=0.04 secs] 
48227.840: [GC [PSYoungGen: 68800K->3872K(70720K)] 3220263K->3155351K(3758912K), 0.0311410 secs] [Times: user=0.17 sys=0.00, real=0.04 secs] 
48234.438: [GC [PSYoungGen: 69408K->4096K(70848K)] 3220887K->3155591K(3759040K), 0.0308400 secs] [Times: user=0.16 sys=0.00, real=0.03 secs] 
48241.022: [GC [PSYoungGen: 69632K->4288K(70976K)] 3221127K->3155799K(3759168K), 0.0244690 secs] [Times: user=0.18 sys=0.00, real=0.03 secs] 
48247.582: [GC [PSYoungGen: 70016K->3456K(70976K)] 3221527K->3154983K(3759168K), 0.0324390 secs] [Times: user=0.18 sys=0.00, real=0.04 secs] 
48254.520: [GC [PSYoungGen: 69184K->1056K(70720K)] 3220711K->3152607K(3758912K), 0.0252450 secs] [Times: user=0.13 sys=0.01, real=0.03 secs] 
48261.050: [GC [PSYoungGen: 66592K->1504K(71104K)] 3218143K->3153071K(3759296K), 0.0238130 secs] [Times: user=0.15 sys=0.01, real=0.02 secs] 
48267.653: [GC [PSYoungGen: 66986K->1920K(71360K)] 3218554K->3153495K(3759552K), 0.0242890 secs] [Times: user=0.14 sys=0.01, real=0.03 secs] 
48274.238: [GC [PSYoungGen: 67584K->1984K(71424K)] 3219159K->3153567K(3759616K), 0.0262330 secs] [Times: user=0.15 sys=0.00, real=0.03 secs] 
48280.796: [GC [PSYoungGen: 67648K->2368K(71296K)] 3219231K->3153959K(3759488K), 0.0263970 secs] [Times: user=0.15 sys=0.01, real=0.03 secs] 
48287.320: [GC [PSYoungGen: 68224K->3328K(71424K)] 3219815K->3154927K(3759616K), 0.0277530 secs] [Times: user=0.19 sys=0.01, real=0.03 secs] 
48293.865: [GC [PSYoungGen: 69184K->3392K(71232K)] 3220783K->3155007K(3759424K), 0.0262100 secs] [Times: user=0.18 sys=0.01, real=0.03 secs] 
48300.485: [GC [PSYoungGen: 69440K->3200K(71360K)] 3221055K->3154831K(3759552K), 0.0357690 secs] [Times: user=0.21 sys=0.01, real=0.03 secs] 
48307.158: [GC [PSYoungGen: 69248K->3680K(71360K)] 3220879K->3155327K(3759552K), 0.0304240 secs] [Times: user=0.17 sys=0.01, real=0.03 secs] 
48313.765: [GC [PSYoungGen: 69920K->4480K(71360K)] 3221567K->3156151K(3759552K), 0.0317270 secs] [Times: user=0.21 sys=0.00, real=0.04 secs] 
48320.689: [GC [PSYoungGen: 70720K->3520K(71616K)] 3222391K->3155207K(3759808K), 0.0290620 secs] [Times: user=0.18 sys=0.01, real=0.03 secs] 
48327.319: [GC [PSYoungGen: 69952K->3712K(71744K)] 3221639K->3155407K(3759936K), 0.0316060 secs] [Times: user=0.14 sys=0.00, real=0.03 secs] 
48334.145: [GC [PSYoungGen: 70144K->2080K(71808K)] 3221839K->3153791K(3760000K), 0.0288490 secs] [Times: user=0.16 sys=0.01, real=0.03 secs] 
48340.845: [GC [PSYoungGen: 68640K->3232K(71872K)] 3220351K->3154959K(3760064K), 0.0272260 secs] [Times: user=0.16 sys=0.00, real=0.03 secs] 
48347.512: [GC [PSYoungGen: 69792K->2816K(71616K)] 3221519K->3154559K(3759808K), 0.0300520 secs] [Times: user=0.16 sys=0.00, real=0.03 secs] 
48354.266: [GC [PSYoungGen: 69568K->3360K(71744K)] 3221311K->3155119K(3759936K), 0.0299400 secs] [Times: user=0.14 sys=0.00, real=0.03 secs] 
48360.932: [GC [PSYoungGen: 70112K->3072K(71552K)] 3221871K->3154839K(3759744K), 0.0263250 secs] [Times: user=0.20 sys=0.00, real=0.03 secs] 
48367.665: [GC [PSYoungGen: 70016K->2496K(71680K)] 3221783K->3154279K(3759872K), 0.0290670 secs] [Times: user=0.17 sys=0.00, real=0.03 secs] 
48374.224: [GC [PSYoungGen: 69440K->2592K(71680K)] 3221223K->3154383K(3759872K), 0.0331920 secs] [Times: user=0.20 sys=0.02, real=0.03 secs] 
48380.791: [GC [PSYoungGen: 69728K->2976K(71744K)] 3221519K->3154775K(3759936K), 0.0339190 secs] [Times: user=0.21 sys=0.01, real=0.04 secs] 
48387.497: [GC [PSYoungGen: 70112K->3648K(71744K)] 3221911K->3155463K(3759936K), 0.0270960 secs] [Times: user=0.19 sys=0.00, real=0.02 secs] 
48394.502: [GC [PSYoungGen: 70912K->3616K(71808K)] 3222727K->3155439K(3760000K), 0.0297210 secs] [Times: user=0.17 sys=0.00, real=0.03 secs] 
48401.210: [GC [PSYoungGen: 70880K->1696K(71936K)] 3222703K->3153527K(3760128K), 0.0274540 secs] [Times: user=0.16 sys=0.01, real=0.03 secs] 
48407.992: [GC [PSYoungGen: 69024K->1632K(72064K)] 3220855K->3153471K(3760256K), 0.0272880 secs] [Times: user=0.14 sys=0.01, real=0.03 secs] 
48414.652: [GC [PSYoungGen: 68960K->2816K(71936K)] 3220799K->3154663K(3760128K), 0.0293910 secs] [Times: user=0.15 sys=0.01, real=0.03 secs] 
48421.315: [GC [PSYoungGen: 70336K->3904K(72128K)] 3222183K->3155767K(3760320K), 0.0283140 secs] [Times: user=0.16 sys=0.01, real=0.03 secs] 
48428.101: [GC [PSYoungGen: 71424K->3232K(72384K)] 3223287K->3155111K(3760576K), 0.0388040 secs] [Times: user=0.20 sys=0.01, real=0.04 secs] 
48434.990: [GC [PSYoungGen: 70944K->3712K(72448K)] 3222823K->3155599K(3760640K), 0.0271460 secs] [Times: user=0.20 sys=0.00, real=0.03 secs] 
48441.883: [GC [PSYoungGen: 71424K->2560K(72576K)] 3223311K->3154455K(3760768K), 0.0261720 secs] [Times: user=0.16 sys=0.00, real=0.03 secs] 
48448.703: [GC [PSYoungGen: 70464K->1664K(72640K)] 3222359K->3153575K(3760832K), 0.0271660 secs] [Times: user=0.13 sys=0.01, real=0.03 secs] 
48455.402: [GC [PSYoungGen: 69568K->2848K(72512K)] 3221479K->3154767K(3760704K), 0.0304150 secs] [Times: user=0.15 sys=0.01, real=0.03 secs] 
48462.138: [GC [PSYoungGen: 70944K->3456K(72704K)] 3222863K->3155383K(3760896K), 0.0304970 secs] [Times: user=0.22 sys=0.01, real=0.03 secs] 
48469.190: [GC [PSYoungGen: 71552K->2944K(72576K)] 3223479K->3154895K(3760768K), 0.0282320 secs] [Times: user=0.15 sys=0.00, real=0.03 secs] 
48476.073: [GC [PSYoungGen: 71232K->2016K(72768K)] 3223183K->3153975K(3760960K), 0.0308790 secs] [Times: user=0.17 sys=0.02, real=0.03 secs] 
48482.900: [GC [PSYoungGen: 70304K->3392K(72896K)] 3222263K->3155359K(3761088K), 0.0256470 secs] [Times: user=0.16 sys=0.00, real=0.02 secs] 
48489.775: [GC [PSYoungGen: 71808K->2432K(72960K)] 3223775K->3154415K(3761152K), 0.0241350 secs] [Times: user=0.16 sys=0.01, real=0.02 secs] 
48496.616: [GC [PSYoungGen: 70848K->3712K(72960K)] 3222831K->3155703K(3761152K), 0.0357950 secs] [Times: user=0.26 sys=0.01, real=0.03 secs] 
48503.318: [GC [PSYoungGen: 72192K->3296K(73088K)] 3224183K->3155295K(3761280K), 0.0291860 secs] [Times: user=0.15 sys=0.01, real=0.03 secs] 
48510.316: [GC [PSYoungGen: 71776K->4224K(73024K)] 3223775K->3156231K(3761216K), 0.0264970 secs] [Times: user=0.19 sys=0.00, real=0.02 secs] 
48517.200: [GC [PSYoungGen: 72640K->3008K(73280K)] 3224647K->3155023K(3761472K), 0.0240720 secs] [Times: user=0.16 sys=0.00, real=0.02 secs] 
48524.326: [GC [PSYoungGen: 71424K->2976K(73088K)] 3223439K->3155007K(3761280K), 0.0294520 secs] [Times: user=0.15 sys=0.00, real=0.03 secs] 
48531.056: [GC [PSYoungGen: 71584K->2528K(73216K)] 3223615K->3154575K(3761408K), 0.0264360 secs] [Times: user=0.18 sys=0.01, real=0.03 secs] 
48537.820: [GC [PSYoungGen: 71136K->3040K(73088K)] 3223183K->3155103K(3761280K), 0.0252120 secs] [Times: user=0.19 sys=0.00, real=0.02 secs] 
48544.627: [GC [PSYoungGen: 71840K->4032K(73216K)] 3223903K->3156103K(3761408K), 0.0309220 secs] [Times: user=0.22 sys=0.00, real=0.03 secs] 
48551.578: [GC [PSYoungGen: 72832K->3680K(73536K)] 3224903K->3155759K(3761728K), 0.0380350 secs] [Times: user=0.20 sys=0.01, real=0.04 secs] 
48558.816: [GC [PSYoungGen: 72608K->1632K(73600K)] 3224687K->3153727K(3761792K), 0.0276270 secs] [Times: user=0.14 sys=0.00, real=0.03 secs] 
48565.577: [GC [PSYoungGen: 70560K->3200K(73664K)] 3222655K->3155303K(3761856K), 0.0284010 secs] [Times: user=0.19 sys=0.00, real=0.03 secs] 
48572.433: [GC [PSYoungGen: 72320K->3328K(73792K)] 3224423K->3155439K(3761984K), 0.0322640 secs] [Times: user=0.22 sys=0.00, real=0.04 secs] 
48579.596: [GC [PSYoungGen: 72448K->4224K(73600K)] 3224559K->3156351K(3761792K), 0.0329500 secs] [Times: user=0.19 sys=0.00, real=0.03 secs] 
48586.717: [GC [PSYoungGen: 73216K->2240K(73920K)] 3225343K->3154383K(3762112K), 0.0279880 secs] [Times: user=0.18 sys=0.01, real=0.02 secs] 
48592.913: [GC [PSYoungGen: 71232K->2080K(74112K)] 3223375K->3154231K(3762304K), 0.0319500 secs] [Times: user=0.17 sys=0.01, real=0.03 secs] 
48598.043: [GC [PSYoungGen: 71264K->2592K(74112K)] 3223415K->3154751K(3762304K), 0.0273060 secs] [Times: user=0.17 sys=0.00, real=0.03 secs] 
48603.074: [GC [PSYoungGen: 71776K->1952K(74176K)] 3223935K->3154127K(3762368K), 0.0293340 secs] [Times: user=0.15 sys=0.01, real=0.03 secs] 
48608.047: [GC [PSYoungGen: 71328K->2880K(74176K)] 3223503K->3155063K(3762368K), 0.0310270 secs] [Times: user=0.18 sys=0.00, real=0.03 secs] 
48613.124: [GC [PSYoungGen: 72256K->1504K(74176K)] 3224439K->3153703K(3762368K), 0.0270530 secs] [Times: user=0.17 sys=0.00, real=0.03 secs] 
48618.116: [GC [PSYoungGen: 71072K->2464K(74240K)] 3223271K->3154671K(3762432K), 0.0311760 secs] [Times: user=0.15 sys=0.01, real=0.03 secs] 
48623.097: [GC [PSYoungGen: 72032K->2144K(74176K)] 3224239K->3154367K(3762368K), 0.0270380 secs] [Times: user=0.15 sys=0.00, real=0.03 secs] 
48628.192: [GC [PSYoungGen: 71968K->3136K(74240K)] 3224191K->3155367K(3762432K), 0.0305830 secs] [Times: user=0.19 sys=0.02, real=0.04 secs] 
48633.205: [GC [PSYoungGen: 72960K->2304K(74368K)] 3225191K->3154543K(3762560K), 0.0301610 secs] [Times: user=0.17 sys=0.00, real=0.03 secs] 
48638.320: [GC [PSYoungGen: 72384K->2272K(74432K)] 3224623K->3154535K(3762624K), 0.0311760 secs] [Times: user=0.21 sys=0.00, real=0.03 secs] 
48643.352: [GC [PSYoungGen: 72352K->2112K(74432K)] 3224615K->3154391K(3762624K), 0.0275510 secs] [Times: user=0.18 sys=0.01, real=0.03 secs] 
48648.454: [GC [PSYoungGen: 72448K->1920K(74496K)] 3224727K->3154207K(3762688K), 0.0259170 secs] [Times: user=0.15 sys=0.00, real=0.03 secs] 
48653.529: [GC [PSYoungGen: 72256K->3040K(74624K)] 3224543K->3155335K(3762816K), 0.0303720 secs] [Times: user=0.19 sys=0.01, real=0.03 secs] 
48658.833: [GC [PSYoungGen: 73568K->1792K(74688K)] 3225863K->3154095K(3762880K), 0.0258270 secs] [Times: user=0.16 sys=0.01, real=0.03 secs] 
48663.978: [GC [PSYoungGen: 72320K->1568K(74880K)] 3224623K->3153879K(3763072K), 0.0253570 secs] [Times: user=0.15 sys=0.00, real=0.02 secs] 
48669.042: [GC [PSYoungGen: 72352K->2944K(74880K)] 3224663K->3155271K(3763072K), 0.0395180 secs] [Times: user=0.16 sys=0.00, real=0.04 secs] 
48674.224: [GC [PSYoungGen: 73728K->1920K(75072K)] 3226055K->3154255K(3763264K), 0.0360650 secs] [Times: user=0.16 sys=0.01, real=0.04 secs] 
48679.324: [GC [PSYoungGen: 72960K->2528K(75136K)] 3225295K->3154887K(3763328K), 0.0370000 secs] [Times: user=0.20 sys=0.02, real=0.04 secs] 
48684.485: [GC [PSYoungGen: 73568K->1952K(75136K)] 3225927K->3154327K(3763328K), 0.0333120 secs] [Times: user=0.15 sys=0.01, real=0.03 secs] 
48689.620: [GC [PSYoungGen: 73248K->1440K(75200K)] 3225623K->3153831K(3763392K), 0.0288380 secs] [Times: user=0.16 sys=0.02, real=0.03 secs] 
48694.654: [GC [PSYoungGen: 72736K->2464K(75200K)] 3225127K->3154871K(3763392K), 0.0299760 secs] [Times: user=0.18 sys=0.01, real=0.03 secs] 
48699.907: [GC [PSYoungGen: 74016K->2080K(75328K)] 3226423K->3154495K(3763520K), 0.0325210 secs] [Times: user=0.18 sys=0.01, real=0.03 secs] 
48705.187: [GC [PSYoungGen: 73632K->2176K(75264K)] 3226047K->3154599K(3763456K), 0.0320270 secs] [Times: user=0.17 sys=0.01, real=0.03 secs] 
48710.395: [GC [PSYoungGen: 73956K->2240K(75392K)] 3226380K->3154671K(3763584K), 0.0335370 secs] [Times: user=0.19 sys=0.01, real=0.03 secs] 
48715.525: [GC [PSYoungGen: 74048K->1920K(75392K)] 3226479K->3154367K(3763584K), 0.0291720 secs] [Times: user=0.14 sys=0.01, real=0.03 secs] 
48720.826: [GC [PSYoungGen: 73984K->2304K(75456K)] 3226431K->3154767K(3763648K), 0.0339120 secs] [Times: user=0.19 sys=0.02, real=0.03 secs] 
48726.092: [GC [PSYoungGen: 74368K->2112K(75392K)] 3226831K->3154583K(3763584K), 0.0274310 secs] [Times: user=0.19 sys=0.00, real=0.03 secs] 
48731.250: [GC [PSYoungGen: 74432K->2752K(75520K)] 3226903K->3155239K(3763712K), 0.0399770 secs] [Times: user=0.20 sys=0.01, real=0.04 secs] 
48736.439: [GC [PSYoungGen: 75072K->2656K(75904K)] 3227559K->3155159K(3764096K), 0.0285080 secs] [Times: user=0.18 sys=0.00, real=0.02 secs] 
48741.708: [GC [PSYoungGen: 75232K->2336K(75904K)] 3227735K->3154855K(3764096K), 0.0308310 secs] [Times: user=0.17 sys=0.01, real=0.03 secs] 
48746.977: [GC [PSYoungGen: 74912K->2048K(75968K)] 3227431K->3154591K(3764160K), 0.0281670 secs] [Times: user=0.19 sys=0.01, real=0.03 secs] 
48752.239: [GC [PSYoungGen: 74656K->2208K(76032K)] 3227200K->3154759K(3764224K), 0.0337140 secs] [Times: user=0.16 sys=0.01, real=0.04 secs] 
48757.440: [GC [PSYoungGen: 75040K->2432K(76224K)] 3227591K->3154999K(3764416K), 0.0270550 secs] [Times: user=0.17 sys=0.00, real=0.03 secs] 
48762.698: [GC [PSYoungGen: 75520K->1920K(76224K)] 3228087K->3154495K(3764416K), 0.0311900 secs] [Times: user=0.18 sys=0.01, real=0.03 secs] 
48768.015: [GC [PSYoungGen: 75008K->2016K(76416K)] 3227583K->3154607K(3764608K), 0.0363570 secs] [Times: user=0.19 sys=0.01, real=0.03 secs] 
48773.370: [GC [PSYoungGen: 75360K->1504K(76416K)] 3227951K->3154103K(3764608K), 0.0399410 secs] [Times: user=0.15 sys=0.01, real=0.04 secs] 
48778.694: [GC [PSYoungGen: 74848K->1472K(76672K)] 3227447K->3154079K(3764864K), 0.0315530 secs] [Times: user=0.14 sys=0.01, real=0.04 secs] 
48784.055: [GC [PSYoungGen: 75072K->1280K(76736K)] 3227679K->3153903K(3764928K), 0.0224310 secs] [Times: user=0.14 sys=0.00, real=0.03 secs] 
48789.294: [GC [PSYoungGen: 74880K->1376K(76992K)] 3227503K->3154007K(3765184K), 0.0300200 secs] [Times: user=0.17 sys=0.01, real=0.03 secs] 
48794.681: [GC [PSYoungGen: 75232K->1504K(76992K)] 3227863K->3154143K(3765184K), 0.0328520 secs] [Times: user=0.15 sys=0.01, real=0.03 secs] 
48800.002: [GC [PSYoungGen: 75360K->2592K(77120K)] 3227999K->3155239K(3765312K), 0.0300810 secs] [Times: user=0.22 sys=0.00, real=0.03 secs] 
48805.262: [GC [PSYoungGen: 76576K->2336K(77248K)] 3229223K->3154991K(3765440K), 0.0391170 secs] [Times: user=0.20 sys=0.02, real=0.04 secs] 
48810.638: [GC [PSYoungGen: 76320K->2624K(77376K)] 3228975K->3155287K(3765568K), 0.0399320 secs] [Times: user=0.22 sys=0.02, real=0.04 secs] 
48815.961: [GC [PSYoungGen: 76736K->2560K(77504K)] 3229399K->3155231K(3765696K), 0.0299360 secs] [Times: user=0.17 sys=0.01, real=0.03 secs] 
48821.448: [GC [PSYoungGen: 76672K->2784K(77760K)] 3229343K->3155471K(3765952K), 0.0369230 secs] [Times: user=0.19 sys=0.01, real=0.04 secs] 
48826.834: [GC [PSYoungGen: 77088K->3264K(77824K)] 3229775K->3155959K(3766016K), 0.0289790 secs] [Times: user=0.22 sys=0.00, real=0.03 secs] 
48832.253: [GC [PSYoungGen: 77568K->2464K(78144K)] 3230263K->3155175K(3766336K), 0.0349020 secs] [Times: user=0.20 sys=0.02, real=0.04 secs] 
48837.726: [GC [PSYoungGen: 77024K->2240K(78272K)] 3229735K->3154959K(3766464K), 0.0354990 secs] [Times: user=0.21 sys=0.01, real=0.03 secs] 
48843.111: [GC [PSYoungGen: 76800K->3104K(78208K)] 3229519K->3155831K(3766400K), 0.0290810 secs] [Times: user=0.17 sys=0.01, real=0.03 secs] 
48848.492: [GC [PSYoungGen: 77728K->2752K(78400K)] 3230455K->3155487K(3766592K), 0.0247330 secs] [Times: user=0.19 sys=0.00, real=0.03 secs] 
48854.061: [GC [PSYoungGen: 77376K->2016K(78528K)] 3230111K->3154759K(3766720K), 0.0339340 secs] [Times: user=0.21 sys=0.02, real=0.03 secs] 
48859.521: [GC [PSYoungGen: 76896K->1536K(78592K)] 3229639K->3154295K(3766784K), 0.0273390 secs] [Times: user=0.18 sys=0.00, real=0.03 secs] 
48864.868: [GC [PSYoungGen: 76416K->1568K(78848K)] 3229175K->3154335K(3767040K), 0.0319110 secs] [Times: user=0.16 sys=0.02, real=0.03 secs] 
48870.259: [GC [PSYoungGen: 76704K->2208K(78848K)] 3229471K->3154983K(3767040K), 0.0321420 secs] [Times: user=0.17 sys=0.01, real=0.03 secs] 
48875.780: [GC [PSYoungGen: 77344K->1760K(78848K)] 3230119K->3154543K(3767040K), 0.0226760 secs] [Times: user=0.17 sys=0.00, real=0.03 secs] 
48881.257: [GC [PSYoungGen: 77152K->1632K(78912K)] 3229935K->3154423K(3767104K), 0.0337760 secs] [Times: user=0.16 sys=0.02, real=0.04 secs] 
48886.692: [GC [PSYoungGen: 77024K->2464K(79104K)] 3229815K->3155279K(3767296K), 0.0316160 secs] [Times: user=0.19 sys=0.00, real=0.03 secs] 
48892.127: [GC [PSYoungGen: 78112K->2752K(79104K)] 3230927K->3155583K(3767296K), 0.0356870 secs] [Times: user=0.21 sys=0.01, real=0.04 secs] 
48897.710: [GC [PSYoungGen: 78400K->1344K(79488K)] 3231231K->3154183K(3767680K), 0.0240730 secs] [Times: user=0.14 sys=0.01, real=0.03 secs] 
48903.244: [GC [PSYoungGen: 77248K->1984K(79488K)] 3230087K->3154839K(3767680K), 0.0378100 secs] [Times: user=0.20 sys=0.04, real=0.03 secs] 
48908.733: [GC [PSYoungGen: 77888K->2144K(79360K)] 3230743K->3155007K(3767552K), 0.0256570 secs] [Times: user=0.16 sys=0.01, real=0.03 secs] 
48914.155: [GC [PSYoungGen: 78304K->2080K(79488K)] 3231167K->3154959K(3767680K), 0.0272720 secs] [Times: user=0.18 sys=0.01, real=0.03 secs] 
48919.675: [GC [PSYoungGen: 78240K->2336K(79616K)] 3231119K->3155223K(3767808K), 0.0298320 secs] [Times: user=0.22 sys=0.00, real=0.03 secs] 
48925.203: [GC [PSYoungGen: 78752K->2976K(79616K)] 3231639K->3155871K(3767808K), 0.0378450 secs] [Times: user=0.20 sys=0.01, real=0.04 secs] 
48930.844: [GC [PSYoungGen: 79392K->1024K(79936K)] 3232287K->3153935K(3768128K), 0.0265370 secs] [Times: user=0.14 sys=0.01, real=0.03 secs] 
48936.220: [GC [PSYoungGen: 77568K->2112K(80064K)] 3230479K->3155023K(3768256K), 0.0301860 secs] [Times: user=0.14 sys=0.01, real=0.03 secs] 
48941.584: [GC [PSYoungGen: 78656K->2592K(80192K)] 3231567K->3155519K(3768384K), 0.0348640 secs] [Times: user=0.19 sys=0.01, real=0.03 secs] 
48947.197: [GC [PSYoungGen: 79392K->2912K(80192K)] 3232319K->3155855K(3768384K), 0.0380280 secs] [Times: user=0.23 sys=0.01, real=0.04 secs] 
48952.755: [GC [PSYoungGen: 79712K->1920K(80512K)] 3232655K->3154871K(3768704K), 0.0318730 secs] [Times: user=0.17 sys=0.02, real=0.03 secs] 
48958.410: [GC [PSYoungGen: 78976K->1120K(80576K)] 3231927K->3154087K(3768768K), 0.0281680 secs] [Times: user=0.15 sys=0.02, real=0.03 secs] 
48963.900: [GC [PSYoungGen: 78176K->2112K(80512K)] 3231143K->3155087K(3768704K), 0.0281700 secs] [Times: user=0.15 sys=0.01, real=0.03 secs] 
48968.874: [GC [PSYoungGen: 79424K->1248K(80704K)] 3232399K->3154231K(3768896K), 0.0312250 secs] [Times: user=0.15 sys=0.01, real=0.03 secs] 
48973.318: [GC [PSYoungGen: 78560K->640K(80960K)] 3231543K->3153639K(3769152K), 0.0324870 secs] [Times: user=0.15 sys=0.03, real=0.03 secs] 
48977.798: [GC [PSYoungGen: 78144K->608K(81024K)] 3231143K->3153615K(3769216K), 0.0314360 secs] [Times: user=0.15 sys=0.00, real=0.03 secs] 
48982.262: [GC [PSYoungGen: 78112K->736K(81408K)] 3231119K->3153751K(3769600K), 0.0303620 secs] [Times: user=0.16 sys=0.03, real=0.03 secs] 
48986.623: [GC [PSYoungGen: 78560K->3578K(81408K)] 3231575K->3163010K(3769600K), 0.0212950 secs] [Times: user=0.18 sys=0.00, real=0.02 secs] 
48992.695: [GC [PSYoungGen: 81402K->5882K(83712K)] 3240834K->3165322K(3771904K), 0.0251720 secs] [Times: user=0.15 sys=0.01, real=0.03 secs] 
49000.272: [GC [PSYoungGen: 83130K->5914K(84608K)] 3242570K->3165354K(3772800K), 0.0241940 secs] [Times: user=0.15 sys=0.01, real=0.02 secs] 
49007.713: [GC [PSYoungGen: 83162K->7450K(84352K)] 3242602K->3166898K(3772544K), 0.0264690 secs] [Times: user=0.17 sys=0.00, real=0.02 secs] 
49015.372: [GC [PSYoungGen: 83802K->7098K(85504K)] 3243250K->3166554K(3773696K), 0.0260290 secs] [Times: user=0.16 sys=0.00, real=0.02 secs] 
49022.856: [GC [PSYoungGen: 83450K->6362K(86144K)] 3242906K->3165834K(3774336K), 0.0237220 secs] [Times: user=0.16 sys=0.00, real=0.02 secs] 
49030.318: [GC [PSYoungGen: 82586K->6746K(86464K)] 3242058K->3166226K(3774656K), 0.0235820 secs] [Times: user=0.17 sys=0.00, real=0.02 secs] 
49037.728: [GC [PSYoungGen: 82970K->7066K(86592K)] 3242450K->3166562K(3774784K), 0.0248540 secs] [Times: user=0.17 sys=0.02, real=0.02 secs] 
49045.191: [GC [PSYoungGen: 83098K->6746K(86976K)] 3242594K->3166250K(3775168K), 0.0249750 secs] [Times: user=0.17 sys=0.00, real=0.03 secs] 
49052.681: [GC [PSYoungGen: 82778K->5786K(84352K)] 3242282K->3165298K(3772544K), 0.0237910 secs] [Times: user=0.15 sys=0.01, real=0.02 secs] 
49059.929: [GC [PSYoungGen: 80794K->6330K(80384K)] 3240306K->3165858K(3768576K), 0.0223860 secs] [Times: user=0.16 sys=0.00, real=0.02 secs] 
49067.183: [GC [PSYoungGen: 80378K->7258K(83328K)] 3239906K->3166802K(3771520K), 0.0249540 secs] [Times: user=0.16 sys=0.00, real=0.02 secs] 
49074.354: [GC [PSYoungGen: 80346K->6298K(78528K)] 3239890K->3165850K(3766720K), 0.0251570 secs] [Times: user=0.17 sys=0.00, real=0.03 secs] 
49081.496: [GC [PSYoungGen: 78490K->7002K(82880K)] 3238042K->3166570K(3771072K), 0.0287470 secs] [Times: user=0.14 sys=0.01, real=0.03 secs] 
49088.631: [GC [PSYoungGen: 79130K->5978K(78144K)] 3238698K->3165562K(3766336K), 0.0259390 secs] [Times: user=0.16 sys=0.00, real=0.03 secs] 
49095.603: [GC [PSYoungGen: 78106K->5088K(79808K)] 3237690K->3167074K(3768000K), 0.0247500 secs] [Times: user=0.17 sys=0.01, real=0.02 secs] 
49102.521: [GC [PSYoungGen: 76320K->4640K(75904K)] 3238306K->3166938K(3764096K), 0.0280700 secs] [Times: user=0.16 sys=0.00, real=0.03 secs] 
49109.451: [GC [PSYoungGen: 75872K->4576K(80640K)] 3238170K->3166882K(3768832K), 0.0328290 secs] [Times: user=0.17 sys=0.01, real=0.03 secs] 
49116.517: [GC [PSYoungGen: 75973K->3840K(80896K)] 3238279K->3166162K(3769088K), 0.0283170 secs] [Times: user=0.16 sys=0.00, real=0.03 secs] 
49123.702: [GC [PSYoungGen: 75264K->3584K(80704K)] 3237586K->3165922K(3768896K), 0.0255620 secs] [Times: user=0.16 sys=0.01, real=0.02 secs] 
49130.688: [GC [PSYoungGen: 75200K->3360K(80832K)] 3237538K->3165714K(3769024K), 0.0251590 secs] [Times: user=0.23 sys=0.00, real=0.03 secs] 
49137.582: [GC [PSYoungGen: 74976K->4448K(80256K)] 3237330K->3166810K(3768448K), 0.0333330 secs] [Times: user=0.23 sys=0.01, real=0.03 secs] 
49144.670: [GC [PSYoungGen: 76256K->4256K(76096K)] 3238618K->3166634K(3764288K), 0.0327900 secs] [Times: user=0.32 sys=0.00, real=0.04 secs] 
49151.732: [GC [PSYoungGen: 76064K->4416K(79936K)] 3238442K->3166810K(3768128K), 0.0179400 secs] [Times: user=0.24 sys=0.00, real=0.01 secs] 
49157.414: [GC [PSYoungGen: 76416K->4896K(76928K)] 3238810K->3167298K(3765120K), 0.0331870 secs] [Times: user=0.22 sys=0.01, real=0.03 secs] 
49164.363: [GC [PSYoungGen: 76896K->3392K(79936K)] 3239298K->3165810K(3768128K), 0.0272000 secs] [Times: user=0.18 sys=0.00, real=0.03 secs] 
49171.431: [GC [PSYoungGen: 75584K->3616K(80000K)] 3238002K->3166050K(3768192K), 0.0261120 secs] [Times: user=0.18 sys=0.00, real=0.03 secs] 
49178.436: [GC [PSYoungGen: 75808K->2720K(80064K)] 3238242K->3165170K(3768256K), 0.0316570 secs] [Times: user=0.17 sys=0.01, real=0.03 secs] 
49185.298: [GC [PSYoungGen: 75104K->4640K(77056K)] 3237554K->3167122K(3765248K), 0.0298640 secs] [Times: user=0.17 sys=0.00, real=0.03 secs] 
49192.191: [GC [PSYoungGen: 77024K->5536K(79872K)] 3239506K->3168050K(3768064K), 0.0298340 secs] [Times: user=0.16 sys=0.00, real=0.03 secs] 
49199.043: [GC [PSYoungGen: 77984K->4672K(80000K)] 3240498K->3167202K(3768192K), 0.0232960 secs] [Times: user=0.16 sys=0.01, real=0.02 secs] 
49206.263: [GC [PSYoungGen: 77120K->4160K(79488K)] 3239650K->3166698K(3767680K), 0.0316980 secs] [Times: user=0.18 sys=0.00, real=0.03 secs] 
49213.244: [GC [PSYoungGen: 76800K->4448K(77120K)] 3239338K->3166994K(3765312K), 0.0362350 secs] [Times: user=0.16 sys=0.02, real=0.03 secs] 
49220.046: [GC [PSYoungGen: 77088K->5408K(79552K)] 3239634K->3167970K(3767744K), 0.0308200 secs] [Times: user=0.21 sys=0.00, real=0.03 secs] 
49227.070: [GC [PSYoungGen: 78112K->4992K(79680K)] 3240674K->3167562K(3767872K), 0.0270530 secs] [Times: user=0.18 sys=0.01, real=0.03 secs] 
49234.152: [GC [PSYoungGen: 77696K->3392K(79680K)] 3240266K->3165994K(3767872K), 0.0233800 secs] [Times: user=0.14 sys=0.00, real=0.03 secs] 
49241.171: [GC [PSYoungGen: 76288K->3552K(79744K)] 3238890K->3166162K(3767936K), 0.0222460 secs] [Times: user=0.15 sys=0.00, real=0.02 secs] 
49248.111: [GC [PSYoungGen: 76448K->4704K(79616K)] 3239058K->3167330K(3767808K), 0.0323900 secs] [Times: user=0.22 sys=0.00, real=0.03 secs] 
49255.120: [GC [PSYoungGen: 77792K->3616K(79744K)] 3240418K->3166250K(3767936K), 0.0248480 secs] [Times: user=0.15 sys=0.01, real=0.02 secs] 
49262.222: [GC [PSYoungGen: 76704K->4096K(79488K)] 3239338K->3166746K(3767680K), 0.0301820 secs] [Times: user=0.18 sys=0.01, real=0.03 secs] 
49269.307: [GC [PSYoungGen: 77376K->4640K(79680K)] 3240026K->3167314K(3767872K), 0.0231090 secs] [Times: user=0.16 sys=0.00, real=0.03 secs] 
49276.373: [GC [PSYoungGen: 77920K->5280K(79680K)] 3240594K->3167970K(3767872K), 0.0282780 secs] [Times: user=0.18 sys=0.01, real=0.03 secs] 
49283.362: [GC [PSYoungGen: 78624K->5120K(79808K)] 3241314K->3167834K(3768000K), 0.0302720 secs] [Times: user=0.23 sys=0.00, real=0.03 secs] 
49290.548: [GC [PSYoungGen: 78464K->4416K(79680K)] 3241178K->3167146K(3767872K), 0.0311240 secs] [Times: user=0.18 sys=0.00, real=0.03 secs] 
49297.931: [GC [PSYoungGen: 77952K->4064K(79872K)] 3240682K->3166802K(3768064K), 0.0318840 secs] [Times: user=0.17 sys=0.01, real=0.03 secs] 
49304.941: [GC [PSYoungGen: 77600K->3712K(79936K)] 3240338K->3166474K(3768128K), 0.0280350 secs] [Times: user=0.13 sys=0.01, real=0.03 secs] 
49311.837: [GC [PSYoungGen: 77440K->5696K(79936K)] 3240202K->3168474K(3768128K), 0.0274190 secs] [Times: user=0.20 sys=0.00, real=0.02 secs] 
49318.935: [GC [PSYoungGen: 79424K->5248K(80256K)] 3242202K->3168042K(3768448K), 0.0248190 secs] [Times: user=0.15 sys=0.00, real=0.03 secs] 
49326.235: [GC [PSYoungGen: 79040K->2720K(80384K)] 3241834K->3165522K(3768576K), 0.0281000 secs] [Times: user=0.16 sys=0.01, real=0.03 secs] 
49333.487: [GC [PSYoungGen: 76512K->2336K(80576K)] 3239314K->3165146K(3768768K), 0.0271080 secs] [Times: user=0.15 sys=0.01, real=0.03 secs] 
49340.536: [GC [PSYoungGen: 76169K->4160K(78080K)] 3238979K->3166978K(3766272K), 0.0307760 secs] [Times: user=0.21 sys=0.00, real=0.03 secs] 
49347.535: [GC [PSYoungGen: 78016K->3872K(80256K)] 3240834K->3166698K(3768448K), 0.0314460 secs] [Times: user=0.20 sys=0.00, real=0.03 secs] 
49354.622: [GC [PSYoungGen: 77920K->3648K(80448K)] 3240746K->3166490K(3768640K), 0.0302580 secs] [Times: user=0.17 sys=0.01, real=0.03 secs] 
49361.903: [GC [PSYoungGen: 77636K->4032K(80128K)] 3240478K->3166898K(3768320K), 0.0273090 secs] [Times: user=0.20 sys=0.00, real=0.03 secs] 
49369.052: [GC [PSYoungGen: 78272K->4096K(80320K)] 3241138K->3166970K(3768512K), 0.0302190 secs] [Times: user=0.18 sys=0.01, real=0.03 secs] 
49376.174: [GC [PSYoungGen: 78336K->5344K(80064K)] 3241210K->3168226K(3768256K), 0.0313540 secs] [Times: user=0.21 sys=0.00, real=0.03 secs] 
49383.237: [GC [PSYoungGen: 79520K->5216K(80320K)] 3242402K->3168114K(3768512K), 0.0289960 secs] [Times: user=0.17 sys=0.00, real=0.02 secs] 
49390.380: [GC [PSYoungGen: 79392K->5056K(80640K)] 3242290K->3167970K(3768832K), 0.0237060 secs] [Times: user=0.16 sys=0.00, real=0.02 secs] 
49397.853: [GC [PSYoungGen: 79360K->4192K(80704K)] 3242274K->3167122K(3768896K), 0.0257180 secs] [Times: user=0.15 sys=0.02, real=0.03 secs] 
49405.200: [GC [PSYoungGen: 78496K->1952K(80448K)] 3241426K->3164890K(3768640K), 0.0261730 secs] [Times: user=0.12 sys=0.01, real=0.02 secs] 
49412.223: [GC [PSYoungGen: 76104K->2688K(80704K)] 3239042K->3165634K(3768896K), 0.0249250 secs] [Times: user=0.16 sys=0.01, real=0.02 secs] 
49419.304: [GC [PSYoungGen: 76928K->3872K(78208K)] 3239874K->3166842K(3766400K), 0.0229950 secs] [Times: user=0.16 sys=0.00, real=0.02 secs] 
49426.059: [GC [PSYoungGen: 77152K->4864K(79552K)] 3240122K->3167842K(3767744K), 0.0298590 secs] [Times: user=0.18 sys=0.01, real=0.03 secs] 
49433.379: [GC [PSYoungGen: 78144K->2976K(79808K)] 3241122K->3165962K(3768000K), 0.0265850 secs] [Times: user=0.19 sys=0.01, real=0.03 secs] 
49440.513: [GC [PSYoungGen: 76448K->3104K(79808K)] 3239434K->3166106K(3768000K), 0.0270080 secs] [Times: user=0.15 sys=0.00, real=0.03 secs] 
49447.422: [GC [PSYoungGen: 76576K->3968K(79488K)] 3239578K->3166978K(3767680K), 0.0253660 secs] [Times: user=0.15 sys=0.01, real=0.03 secs] 
49454.430: [GC [PSYoungGen: 77632K->4576K(79680K)] 3240642K->3167594K(3767872K), 0.0319450 secs] [Times: user=0.20 sys=0.01, real=0.03 secs] 
49461.587: [GC [PSYoungGen: 78240K->4832K(79808K)] 3241258K->3167866K(3768000K), 0.0221940 secs] [Times: user=0.15 sys=0.00, real=0.03 secs] 
49468.764: [GC [PSYoungGen: 78560K->3168K(79936K)] 3241594K->3166210K(3768128K), 0.0247760 secs] [Times: user=0.14 sys=0.00, real=0.02 secs] 
49475.805: [GC [PSYoungGen: 76896K->4128K(79680K)] 3239938K->3167178K(3767872K), 0.0253120 secs] [Times: user=0.17 sys=0.00, real=0.02 secs] 
49482.792: [GC [PSYoungGen: 78048K->5280K(79872K)] 3241098K->3168338K(3768064K), 0.0305640 secs] [Times: user=0.23 sys=0.01, real=0.03 secs] 
49489.940: [GC [PSYoungGen: 79200K->5280K(80192K)] 3242258K->3168354K(3768384K), 0.0233570 secs] [Times: user=0.16 sys=0.00, real=0.03 secs] 
49497.231: [GC [PSYoungGen: 79200K->4064K(80384K)] 3242274K->3167154K(3768576K), 0.0256200 secs] [Times: user=0.18 sys=0.00, real=0.03 secs] 
49504.437: [GC [PSYoungGen: 77984K->2896K(78208K)] 3241074K->3166002K(3766400K), 0.0253020 secs] [Times: user=0.14 sys=0.01, real=0.02 secs] 
49511.232: [GC [PSYoungGen: 75856K->4576K(76672K)] 3238962K->3167698K(3764864K), 0.0253350 secs] [Times: user=0.18 sys=0.00, real=0.03 secs] 
49518.210: [GC [PSYoungGen: 76640K->4512K(78400K)] 3239762K->3167642K(3766592K), 0.0259450 secs] [Times: user=0.17 sys=0.00, real=0.02 secs] 
49525.229: [GC [PSYoungGen: 76640K->4224K(78336K)] 3239770K->3167370K(3766528K), 0.0294810 secs] [Times: user=0.19 sys=0.00, real=0.03 secs] 
49532.305: [GC [PSYoungGen: 76352K->4608K(78336K)] 3239498K->3167770K(3766528K), 0.0246990 secs] [Times: user=0.17 sys=0.01, real=0.03 secs] 
49539.309: [GC [PSYoungGen: 76928K->3904K(78336K)] 3240090K->3167082K(3766528K), 0.0261030 secs] [Times: user=0.17 sys=0.00, real=0.03 secs] 
49546.172: [GC [PSYoungGen: 76224K->4384K(78272K)] 3239402K->3167570K(3766464K), 0.0266420 secs] [Times: user=0.17 sys=0.01, real=0.02 secs] 
49552.991: [GC [PSYoungGen: 76896K->4352K(78336K)] 3240082K->3167546K(3766528K), 0.0271150 secs] [Times: user=0.16 sys=0.00, real=0.03 secs] 
49560.089: [GC [PSYoungGen: 76864K->4800K(78336K)] 3240058K->3168010K(3766528K), 0.0225230 secs] [Times: user=0.15 sys=0.00, real=0.02 secs] 
49567.248: [GC [PSYoungGen: 77440K->4416K(78400K)] 3240650K->3167642K(3766592K), 0.0268180 secs] [Times: user=0.19 sys=0.01, real=0.03 secs] 
49573.976: [GC [PSYoungGen: 77056K->4480K(78400K)] 3240282K->3167714K(3766592K), 0.0312800 secs] [Times: user=0.20 sys=0.00, real=0.03 secs] 
49580.909: [GC [PSYoungGen: 77312K->5472K(78464K)] 3240546K->3168714K(3766656K), 0.0256740 secs] [Times: user=0.17 sys=0.00, real=0.02 secs] 
49587.886: [GC [PSYoungGen: 78304K->4704K(78912K)] 3241546K->3167978K(3767104K), 0.0297610 secs] [Times: user=0.20 sys=0.00, real=0.03 secs] 
49594.988: [GC [PSYoungGen: 77728K->4224K(78912K)] 3241002K->3167514K(3767104K), 0.0283310 secs] [Times: user=0.17 sys=0.01, real=0.03 secs] 
49602.048: [GC [PSYoungGen: 77073K->4992K(78912K)] 3240364K->3168298K(3767104K), 0.0302740 secs] [Times: user=0.22 sys=0.00, real=0.03 secs] 
49609.087: [GC [PSYoungGen: 78144K->5440K(78976K)] 3241450K->3168754K(3767168K), 0.0271010 secs] [Times: user=0.19 sys=0.01, real=0.03 secs] 
49616.055: [GC [PSYoungGen: 78592K->5056K(79424K)] 3241906K->3168378K(3767616K), 0.0296950 secs] [Times: user=0.19 sys=0.00, real=0.03 secs] 
49623.217: [GC [PSYoungGen: 78400K->4352K(79424K)] 3241722K->3167690K(3767616K), 0.0289290 secs] [Times: user=0.18 sys=0.02, real=0.03 secs] 
49630.494: [GC [PSYoungGen: 77696K->4032K(79424K)] 3241034K->3167378K(3767616K), 0.0263430 secs] [Times: user=0.25 sys=0.00, real=0.03 secs] 
49637.411: [GC [PSYoungGen: 77568K->5536K(79488K)] 3240914K->3168890K(3767680K), 0.0318770 secs] [Times: user=0.23 sys=0.01, real=0.03 secs] 
49644.413: [GC [PSYoungGen: 79072K->5024K(79936K)] 3242426K->3168394K(3768128K), 0.0282010 secs] [Times: user=0.20 sys=0.00, real=0.03 secs] 
49651.439: [GC [PSYoungGen: 78752K->5120K(79936K)] 3242122K->3168498K(3768128K), 0.0236180 secs] [Times: user=0.15 sys=0.01, real=0.02 secs] 
49658.722: [GC [PSYoungGen: 78848K->4480K(79872K)] 3242226K->3167874K(3768064K), 0.0306400 secs] [Times: user=0.18 sys=0.00, real=0.03 secs] 
49665.976: [GC [PSYoungGen: 78400K->3840K(80000K)] 3241794K->3167250K(3768192K), 0.0260570 secs] [Times: user=0.19 sys=0.01, real=0.03 secs] 
49672.873: [GC [PSYoungGen: 77760K->5664K(79936K)] 3241170K->3169090K(3768128K), 0.0244340 secs] [Times: user=0.17 sys=0.00, real=0.02 secs] 
49679.819: [GC [PSYoungGen: 79520K->5280K(80192K)] 3242946K->3168722K(3768384K), 0.0283620 secs] [Times: user=0.18 sys=0.00, real=0.03 secs] 
49687.013: [GC [PSYoungGen: 79136K->5248K(80448K)] 3242578K->3168706K(3768640K), 0.0275890 secs] [Times: user=0.19 sys=0.01, real=0.02 secs] 
49694.401: [GC [PSYoungGen: 79296K->3104K(80448K)] 3242754K->3166578K(3768640K), 0.0267440 secs] [Times: user=0.16 sys=0.01, real=0.03 secs] 
49701.663: [GC [PSYoungGen: 77152K->1280K(79232K)] 3240626K->3164770K(3767424K), 0.0220320 secs] [Times: user=0.13 sys=0.00, real=0.03 secs] 
49708.651: [GC [PSYoungGen: 74368K->3744K(75968K)] 3237858K->3167242K(3764160K), 0.0232750 secs] [Times: user=0.16 sys=0.00, real=0.02 secs] 
49715.477: [GC [PSYoungGen: 75936K->4096K(78848K)] 3239434K->3167610K(3767040K), 0.0352500 secs] [Times: user=0.20 sys=0.02, real=0.04 secs] 
49722.599: [GC [PSYoungGen: 76480K->4224K(78912K)] 3239994K->3167762K(3767104K), 0.0269250 secs] [Times: user=0.17 sys=0.00, real=0.02 secs] 
49729.690: [GC [PSYoungGen: 76608K->2176K(78784K)] 3240146K->3165746K(3766976K), 0.0359320 secs] [Times: user=0.13 sys=0.02, real=0.03 secs] 
49736.670: [GC [PSYoungGen: 74624K->3360K(78912K)] 3238194K->3166938K(3767104K), 0.0311930 secs] [Times: user=0.21 sys=0.00, real=0.04 secs] 
49743.551: [GC [PSYoungGen: 75808K->4160K(78720K)] 3239386K->3167746K(3766912K), 0.0252320 secs] [Times: user=0.16 sys=0.01, real=0.03 secs] 
49750.408: [GC [PSYoungGen: 76800K->5824K(78848K)] 3240386K->3169426K(3767040K), 0.0265490 secs] [Times: user=0.16 sys=0.00, real=0.03 secs] 
49757.531: [GC [PSYoungGen: 78464K->4192K(78976K)] 3242066K->3167802K(3767168K), 0.0297600 secs] [Times: user=0.14 sys=0.01, real=0.03 secs] 
49764.850: [GC [PSYoungGen: 77024K->2016K(79232K)] 3240634K->3165642K(3767424K), 0.0236780 secs] [Times: user=0.16 sys=0.00, real=0.02 secs] 
49771.743: [GC [PSYoungGen: 74848K->3936K(79040K)] 3238474K->3167578K(3767232K), 0.0277720 secs] [Times: user=0.15 sys=0.00, real=0.03 secs] 
49778.621: [GC [PSYoungGen: 76960K->4736K(79296K)] 3240602K->3168394K(3767488K), 0.0271560 secs] [Times: user=0.19 sys=0.00, real=0.03 secs] 
49785.713: [GC [PSYoungGen: 77760K->4768K(79488K)] 3241418K->3168442K(3767680K), 0.0265780 secs] [Times: user=0.16 sys=0.01, real=0.03 secs] 
49792.901: [GC [PSYoungGen: 77920K->2976K(79552K)] 3241594K->3166674K(3767744K), 0.0261520 secs] [Times: user=0.18 sys=0.01, real=0.02 secs] 
49800.082: [GC [PSYoungGen: 76075K->2528K(79744K)] 3239773K->3166234K(3767936K), 0.0256590 secs] [Times: user=0.13 sys=0.00, real=0.02 secs] 
49807.041: [GC [PSYoungGen: 75872K->4800K(79744K)] 3239578K->3168514K(3767936K), 0.0285740 secs] [Times: user=0.18 sys=0.00, real=0.02 secs] 
49813.826: [GC [PSYoungGen: 78144K->4896K(79872K)] 3241858K->3168626K(3768064K), 0.0283150 secs] [Times: user=0.18 sys=0.00, real=0.03 secs] 
49821.061: [GC [PSYoungGen: 78206K->4672K(80000K)] 3241936K->3168426K(3768192K), 0.0228150 secs] [Times: user=0.14 sys=0.00, real=0.03 secs] 
49828.282: [GC [PSYoungGen: 78080K->3072K(77760K)] 3241834K->3166834K(3765952K), 0.0249960 secs] [Times: user=0.16 sys=0.01, real=0.03 secs] 
49835.051: [GC [PSYoungGen: 75520K->5504K(78976K)] 3239282K->3169274K(3767168K), 0.0309890 secs] [Times: user=0.17 sys=0.00, real=0.03 secs] 
49841.861: [GC [PSYoungGen: 77952K->5504K(79168K)] 3241722K->3169298K(3767360K), 0.0306270 secs] [Times: user=0.17 sys=0.00, real=0.03 secs] 
49848.834: [GC [PSYoungGen: 77888K->4448K(79424K)] 3241682K->3168258K(3767616K), 0.0257240 secs] [Times: user=0.15 sys=0.00, real=0.03 secs] 
49855.957: [GC [PSYoungGen: 76832K->4160K(78912K)] 3240642K->3167986K(3767104K), 0.0226960 secs] [Times: user=0.14 sys=0.00, real=0.03 secs] 
49862.935: [GC [PSYoungGen: 76736K->3616K(79168K)] 3240562K->3167450K(3767360K), 0.0265510 secs] [Times: user=0.16 sys=0.01, real=0.03 secs] 
49869.997: [GC [PSYoungGen: 76192K->4448K(78976K)] 3240026K->3168290K(3767168K), 0.0282190 secs] [Times: user=0.16 sys=0.00, real=0.03 secs] 
49876.855: [GC [PSYoungGen: 77216K->4096K(79104K)] 3241058K->3167954K(3767296K), 0.0248460 secs] [Times: user=0.17 sys=0.00, real=0.02 secs] 
49883.951: [GC [PSYoungGen: 76864K->4256K(78848K)] 3240722K->3168122K(3767040K), 0.0271310 secs] [Times: user=0.15 sys=0.01, real=0.03 secs] 
49891.031: [GC [PSYoungGen: 77216K->2816K(78976K)] 3241082K->3166698K(3767168K), 0.0240390 secs] [Times: user=0.15 sys=0.02, real=0.03 secs] 
49898.024: [GC [PSYoungGen: 75776K->4192K(76672K)] 3239658K->3168090K(3764864K), 0.0252040 secs] [Times: user=0.16 sys=0.00, real=0.03 secs] 
49904.807: [GC [PSYoungGen: 76256K->4640K(77952K)] 3240154K->3168546K(3766144K), 0.0340730 secs] [Times: user=0.19 sys=0.01, real=0.03 secs] 
49911.772: [GC [PSYoungGen: 76704K->4448K(78080K)] 3240610K->3168370K(3766272K), 0.0243800 secs] [Times: user=0.15 sys=0.01, real=0.02 secs] 
49918.894: [GC [PSYoungGen: 76704K->3840K(78144K)] 3240626K->3167770K(3766336K), 0.0259370 secs] [Times: user=0.16 sys=0.01, real=0.03 secs] 
49925.766: [GC [PSYoungGen: 76096K->4896K(78080K)] 3240026K->3168842K(3766272K), 0.0252530 secs] [Times: user=0.19 sys=0.00, real=0.03 secs] 
49932.670: [GC [PSYoungGen: 77216K->4672K(78208K)] 3241162K->3168626K(3766400K), 0.0279850 secs] [Times: user=0.19 sys=0.00, real=0.03 secs] 
49939.511: [GC [PSYoungGen: 76992K->4608K(78272K)] 3240946K->3168586K(3766464K), 0.0303610 secs] [Times: user=0.19 sys=0.01, real=0.03 secs] 
49946.603: [GC [PSYoungGen: 77120K->4384K(78336K)] 3241098K->3168378K(3766528K), 0.0251520 secs] [Times: user=0.16 sys=0.00, real=0.02 secs] 
49953.587: [GC [PSYoungGen: 76896K->4448K(78272K)] 3240890K->3168458K(3766464K), 0.0281860 secs] [Times: user=0.15 sys=0.02, real=0.03 secs] 
49960.504: [GC [PSYoungGen: 77152K->4736K(78336K)] 3241162K->3168770K(3766528K), 0.0320960 secs] [Times: user=0.21 sys=0.00, real=0.04 secs] 
49967.492: [GC [PSYoungGen: 77440K->4192K(78400K)] 3241474K->3168250K(3766592K), 0.0298620 secs] [Times: user=0.22 sys=0.01, real=0.03 secs] 
49974.745: [GC [PSYoungGen: 77088K->4416K(78464K)] 3241146K->3168482K(3766656K), 0.0233590 secs] [Times: user=0.14 sys=0.01, real=0.03 secs] 
49981.865: [GC [PSYoungGen: 77312K->4192K(78400K)] 3241378K->3168282K(3766592K), 0.0271160 secs] [Times: user=0.16 sys=0.01, real=0.03 secs] 
49988.792: [GC [PSYoungGen: 77280K->5344K(78464K)] 3241370K->3169538K(3766656K), 0.0260120 secs] [Times: user=0.16 sys=0.00, real=0.02 secs] 
49995.681: [GC [PSYoungGen: 78432K->4512K(78848K)] 3242626K->3168722K(3767040K), 0.0318300 secs] [Times: user=0.23 sys=0.00, real=0.03 secs] 
50002.726: [GC [PSYoungGen: 77792K->5024K(78912K)] 3242002K->3169234K(3767104K), 0.0255550 secs] [Times: user=0.17 sys=0.00, real=0.03 secs] 
50009.797: [GC [PSYoungGen: 78304K->3168K(79040K)] 3242514K->3167402K(3767232K), 0.0241490 secs] [Times: user=0.14 sys=0.01, real=0.02 secs] 
50016.811: [GC [PSYoungGen: 76512K->5024K(79168K)] 3240746K->3169266K(3767360K), 0.0262250 secs] [Times: user=0.17 sys=0.00, real=0.03 secs] 
50023.820: [GC [PSYoungGen: 78368K->4768K(79424K)] 3242610K->3169010K(3767616K), 0.0293660 secs] [Times: user=0.19 sys=0.00, real=0.03 secs] 
50030.758: [GC [PSYoungGen: 78304K->5024K(79424K)] 3242546K->3169274K(3767616K), 0.0282190 secs] [Times: user=0.16 sys=0.00, real=0.03 secs] 
50038.053: [GC [PSYoungGen: 78560K->4480K(79424K)] 3242810K->3168746K(3767616K), 0.0279470 secs] [Times: user=0.17 sys=0.00, real=0.03 secs] 
50045.232: [GC [PSYoungGen: 78208K->4608K(79552K)] 3242474K->3168882K(3767744K), 0.0303370 secs] [Times: user=0.18 sys=0.00, real=0.03 secs] 
50051.958: [GC [PSYoungGen: 78336K->5536K(79360K)] 3242610K->3169826K(3767552K), 0.0297260 secs] [Times: user=0.17 sys=0.01, real=0.03 secs] 
50058.920: [GC [PSYoungGen: 79148K->5088K(79616K)] 3243439K->3169386K(3767808K), 0.0358430 secs] [Times: user=0.20 sys=0.00, real=0.03 secs] 
50066.094: [GC [PSYoungGen: 78752K->4320K(79744K)] 3243050K->3168634K(3767936K), 0.0265090 secs] [Times: user=0.14 sys=0.01, real=0.02 secs] 
50073.323: [GC [PSYoungGen: 78176K->3584K(79808K)] 3242490K->3167914K(3768000K), 0.0246090 secs] [Times: user=0.14 sys=0.01, real=0.02 secs] 
50080.167: [GC [PSYoungGen: 77440K->5568K(79872K)] 3241770K->3169906K(3768064K), 0.0267760 secs] [Times: user=0.17 sys=0.00, real=0.03 secs] 
50087.168: [GC [PSYoungGen: 79424K->5056K(80064K)] 3243762K->3169402K(3768256K), 0.0307370 secs] [Times: user=0.16 sys=0.00, real=0.03 secs] 
50094.369: [GC [PSYoungGen: 78826K->5376K(80128K)] 3243172K->3169746K(3768320K), 0.0281970 secs] [Times: user=0.20 sys=0.02, real=0.03 secs] 
50101.611: [GC [PSYoungGen: 79296K->4032K(80256K)] 3243666K->3168410K(3768448K), 0.0238800 secs] [Times: user=0.16 sys=0.00, real=0.02 secs] 
50108.785: [GC [PSYoungGen: 77952K->3456K(80448K)] 3242330K->3167850K(3768640K), 0.0267130 secs] [Times: user=0.14 sys=0.02, real=0.03 secs] 
50115.828: [GC [PSYoungGen: 77568K->4736K(80448K)] 3241962K->3169138K(3768640K), 0.0278000 secs] [Times: user=0.16 sys=0.00, real=0.02 secs] 
50122.778: [GC [PSYoungGen: 78848K->4672K(80320K)] 3243250K->3169082K(3768512K), 0.0311430 secs] [Times: user=0.22 sys=0.01, real=0.04 secs] 
50129.937: [GC [PSYoungGen: 78856K->4704K(80448K)] 3243266K->3169130K(3768640K), 0.0284800 secs] [Times: user=0.17 sys=0.01, real=0.03 secs] 
50137.190: [GC [PSYoungGen: 79008K->3584K(80512K)] 3243434K->3168026K(3768704K), 0.0272800 secs] [Times: user=0.13 sys=0.00, real=0.03 secs] 
50144.437: [GC [PSYoungGen: 78080K->3136K(80512K)] 3242522K->3167594K(3768704K), 0.0328090 secs] [Times: user=0.16 sys=0.01, real=0.03 secs] 
50151.558: [GC [PSYoungGen: 77632K->3872K(80576K)] 3242090K->3168346K(3768768K), 0.0252380 secs] [Times: user=0.16 sys=0.00, real=0.02 secs] 
50158.608: [GC [PSYoungGen: 78560K->4448K(80704K)] 3243034K->3168938K(3768896K), 0.0389890 secs] [Times: user=0.17 sys=0.01, real=0.04 secs] 
50165.626: [GC [PSYoungGen: 79136K->4512K(80640K)] 3243626K->3169018K(3768832K), 0.0294530 secs] [Times: user=0.18 sys=0.00, real=0.03 secs] 
50172.886: [GC [PSYoungGen: 79187K->4800K(80704K)] 3243693K->3169322K(3768896K), 0.0294970 secs] [Times: user=0.16 sys=0.01, real=0.03 secs] 
50180.215: [GC [PSYoungGen: 79680K->3808K(80896K)] 3244202K->3168346K(3769088K), 0.0240160 secs] [Times: user=0.15 sys=0.00, real=0.03 secs] 
50187.498: [GC [PSYoungGen: 78880K->3040K(80896K)] 3243418K->3167586K(3769088K), 0.0254860 secs] [Times: user=0.15 sys=0.01, real=0.03 secs] 
50194.706: [GC [PSYoungGen: 78112K->3040K(81152K)] 3242658K->3167594K(3769344K), 0.0242900 secs] [Times: user=0.14 sys=0.00, real=0.03 secs] 
50201.835: [GC [PSYoungGen: 78304K->5088K(79424K)] 3242858K->3169650K(3767616K), 0.0251380 secs] [Times: user=0.19 sys=0.01, real=0.02 secs] 
50208.883: [GC [PSYoungGen: 79392K->4544K(80384K)] 3243954K->3169114K(3768576K), 0.0319700 secs] [Times: user=0.23 sys=0.01, real=0.04 secs] 
50216.260: [GC [PSYoungGen: 78848K->4736K(80384K)] 3243418K->3169314K(3768576K), 0.0287330 secs] [Times: user=0.19 sys=0.00, real=0.03 secs] 
50223.449: [GC [PSYoungGen: 79040K->3104K(80576K)] 3243618K->3167690K(3768768K), 0.0277340 secs] [Times: user=0.19 sys=0.01, real=0.03 secs] 
50230.427: [GC [PSYoungGen: 77600K->5088K(80576K)] 3242186K->3169682K(3768768K), 0.0240350 secs] [Times: user=0.17 sys=0.00, real=0.02 secs] 
50237.497: [GC [PSYoungGen: 79584K->5632K(80576K)] 3244178K->3170242K(3768768K), 0.0306310 secs] [Times: user=0.17 sys=0.00, real=0.03 secs] 
50244.734: [GC [PSYoungGen: 80000K->4672K(80896K)] 3244610K->3169290K(3769088K), 0.0320160 secs] [Times: user=0.16 sys=0.01, real=0.03 secs] 
50251.990: [GC [PSYoungGen: 79040K->4864K(80896K)] 3243658K->3169498K(3769088K), 0.0279000 secs] [Times: user=0.20 sys=0.01, real=0.02 secs] 
50259.239: [GC [PSYoungGen: 79424K->3584K(80960K)] 3244058K->3168226K(3769152K), 0.0276190 secs] [Times: user=0.19 sys=0.01, real=0.03 secs] 
50266.656: [GC [PSYoungGen: 78144K->2464K(79104K)] 3242786K->3167138K(3767296K), 0.0209110 secs] [Times: user=0.16 sys=0.01, real=0.02 secs] 
50273.771: [GC [PSYoungGen: 76064K->2848K(75520K)] 3240738K->3167530K(3763712K), 0.0263560 secs] [Times: user=0.19 sys=0.00, real=0.03 secs] 
50280.590: [GC [PSYoungGen: 75488K->5568K(78016K)] 3240170K->3170258K(3766208K), 0.0258350 secs] [Times: user=0.19 sys=0.00, real=0.03 secs] 
50287.380: [GC [PSYoungGen: 77312K->5216K(78592K)] 3242002K->3169914K(3766784K), 0.0329520 secs] [Times: user=0.23 sys=0.02, real=0.03 secs] 
50294.641: [GC [PSYoungGen: 76960K->4064K(78464K)] 3241658K->3168778K(3766656K), 0.0280520 secs] [Times: user=0.19 sys=0.00, real=0.03 secs] 
50301.351: [GC [PSYoungGen: 76000K->3840K(78656K)] 3240714K->3168562K(3766848K), 0.0276180 secs] [Times: user=0.21 sys=0.00, real=0.03 secs] 
50308.306: [GC [PSYoungGen: 75776K->5408K(78400K)] 3240498K->3170154K(3766592K), 0.0305980 secs] [Times: user=0.24 sys=0.01, real=0.03 secs] 
50315.264: [GC [PSYoungGen: 77280K->4352K(76288K)] 3242026K->3169106K(3764480K), 0.0308570 secs] [Times: user=0.22 sys=0.01, real=0.03 secs] 
50322.276: [GC [PSYoungGen: 76224K->2912K(78592K)] 3240978K->3167674K(3766784K), 0.0310300 secs] [Times: user=0.20 sys=0.02, real=0.03 secs] 
50329.374: [GC [PSYoungGen: 74976K->2912K(78592K)] 3239738K->3167690K(3766784K), 0.0239590 secs] [Times: user=0.16 sys=0.00, real=0.02 secs] 
50336.427: [GC [PSYoungGen: 74976K->3008K(78656K)] 3239754K->3167794K(3766848K), 0.0284090 secs] [Times: user=0.18 sys=0.01, real=0.03 secs] 
50343.205: [GC [PSYoungGen: 75264K->4960K(78720K)] 3240050K->3169762K(3766912K), 0.0252990 secs] [Times: user=0.18 sys=0.00, real=0.02 secs] 
50350.100: [GC [PSYoungGen: 77216K->5056K(78912K)] 3242018K->3169866K(3767104K), 0.0316240 secs] [Times: user=0.24 sys=0.00, real=0.03 secs] 
50357.298: [GC [PSYoungGen: 77376K->4224K(76608K)] 3242186K->3169042K(3764800K), 0.0278240 secs] [Times: user=0.19 sys=0.00, real=0.03 secs] 
50364.249: [GC [PSYoungGen: 76544K->4160K(78592K)] 3241362K->3168994K(3766784K), 0.0257260 secs] [Times: user=0.16 sys=0.01, real=0.02 secs] 
50371.095: [GC [PSYoungGen: 76672K->4800K(78784K)] 3241506K->3169642K(3766976K), 0.0260580 secs] [Times: user=0.16 sys=0.01, real=0.03 secs] 
50378.136: [GC [PSYoungGen: 77312K->5024K(78848K)] 3242154K->3169874K(3767040K), 0.0307980 secs] [Times: user=0.15 sys=0.00, real=0.03 secs] 
50385.210: [GC [PSYoungGen: 77600K->3552K(78976K)] 3242450K->3168410K(3767168K), 0.0311600 secs] [Times: user=0.23 sys=0.01, real=0.03 secs] 
50392.244: [GC [PSYoungGen: 76128K->4288K(78784K)] 3240986K->3169154K(3766976K), 0.0257090 secs] [Times: user=0.18 sys=0.00, real=0.03 secs] 
50399.311: [GC [PSYoungGen: 77056K->4928K(78912K)] 3241922K->3169818K(3767104K), 0.0235890 secs] [Times: user=0.18 sys=0.00, real=0.03 secs] 
50406.308: [GC [PSYoungGen: 77696K->4832K(79168K)] 3242586K->3169738K(3767360K), 0.0253100 secs] [Times: user=0.20 sys=0.00, real=0.03 secs] 
50413.335: [GC [PSYoungGen: 77792K->4032K(76160K)] 3242698K->3168954K(3764352K), 0.0255690 secs] [Times: user=0.19 sys=0.00, real=0.02 secs] 
50420.453: [GC [PSYoungGen: 76096K->3488K(76224K)] 3241018K->3168426K(3764416K), 0.0254450 secs] [Times: user=0.16 sys=0.01, real=0.03 secs] 
50427.323: [GC [PSYoungGen: 74656K->2912K(73216K)] 3239594K->3167866K(3761408K), 0.0234460 secs] [Times: user=0.17 sys=0.02, real=0.03 secs] 
50433.710: [GC [PSYoungGen: 73184K->4672K(74688K)] 3238138K->3169634K(3762880K), 0.0259990 secs] [Times: user=0.19 sys=0.00, real=0.02 secs] 
50440.134: [GC [PSYoungGen: 74112K->3424K(72064K)] 3239074K->3168394K(3760256K), 0.0208850 secs] [Times: user=0.14 sys=0.00, real=0.02 secs] 
50445.283: [GC [PSYoungGen: 72032K->4800K(74560K)] 3237002K->3169778K(3762752K), 0.0355940 secs] [Times: user=0.25 sys=0.01, real=0.04 secs] 
50450.715: [GC [PSYoungGen: 73344K->2784K(74624K)] 3238322K->3167770K(3762816K), 0.0274840 secs] [Times: user=0.19 sys=0.02, real=0.03 secs] 
50455.863: [GC [PSYoungGen: 71328K->4544K(74880K)] 3236314K->3169538K(3763072K), 0.0317040 secs] [Times: user=0.24 sys=0.01, real=0.03 secs] 
50461.093: [GC [PSYoungGen: 73280K->4832K(74880K)] 3238274K->3169834K(3763072K), 0.0258160 secs] [Times: user=0.16 sys=0.00, real=0.02 secs] 
50465.947: [GC [PSYoungGen: 73568K->2112K(75008K)] 3238570K->3167122K(3763200K), 0.0322380 secs] [Times: user=0.22 sys=0.00, real=0.03 secs] 
50470.214: [GC [PSYoungGen: 70912K->2016K(75136K)] 3235922K->3167034K(3763328K), 0.0295510 secs] [Times: user=0.18 sys=0.02, real=0.03 secs] 
50474.520: [GC [PSYoungGen: 70816K->1472K(75392K)] 3235834K->3166498K(3763584K), 0.0274960 secs] [Times: user=0.18 sys=0.00, real=0.03 secs] 
50478.814: [GC [PSYoungGen: 70400K->2272K(75520K)] 3235426K->3167314K(3763712K), 0.0243650 secs] [Times: user=0.17 sys=0.01, real=0.02 secs] 
50483.235: [GC [PSYoungGen: 71200K->2304K(75392K)] 3236242K->3167370K(3763584K), 0.0351470 secs] [Times: user=0.22 sys=0.00, real=0.03 secs] 
50487.528: [GC [PSYoungGen: 71488K->2976K(75520K)] 3236554K->3168050K(3763712K), 0.0366960 secs] [Times: user=0.26 sys=0.01, real=0.04 secs] 
50491.934: [GC [PSYoungGen: 72160K->1632K(75392K)] 3237234K->3166714K(3763584K), 0.0259770 secs] [Times: user=0.18 sys=0.02, real=0.03 secs] 
50496.352: [GC [PSYoungGen: 71072K->2112K(75520K)] 3236154K->3167202K(3763712K), 0.0274730 secs] [Times: user=0.22 sys=0.00, real=0.03 secs] 
50500.746: [GC [PSYoungGen: 71552K->2176K(75392K)] 3236642K->3167274K(3763584K), 0.0250140 secs] [Times: user=0.17 sys=0.01, real=0.03 secs] 
50505.072: [GC [PSYoungGen: 71872K->3072K(75520K)] 3236970K->3168178K(3763712K), 0.0346100 secs] [Times: user=0.28 sys=0.01, real=0.03 secs] 
50509.664: [GC [PSYoungGen: 72768K->480K(75328K)] 3237874K->3165594K(3763520K), 0.0261390 secs] [Times: user=0.16 sys=0.01, real=0.03 secs] 
50514.009: [GC [PSYoungGen: 70240K->2944K(75520K)] 3235354K->3168074K(3763712K), 0.0288480 secs] [Times: user=0.29 sys=0.01, real=0.02 secs] 
50518.552: [GC [PSYoungGen: 72704K->2848K(75072K)] 3237834K->3167986K(3763264K), 0.0316920 secs] [Times: user=0.28 sys=0.01, real=0.03 secs] 
50522.988: [GC [PSYoungGen: 72864K->2400K(75328K)] 3238002K->3167554K(3763520K), 0.0229590 secs] [Times: user=0.20 sys=0.01, real=0.03 secs] 
50527.403: [GC [PSYoungGen: 72416K->2624K(74880K)] 3237570K->3167786K(3763072K), 0.0267930 secs] [Times: user=0.18 sys=0.02, real=0.02 secs] 
50531.904: [GC [PSYoungGen: 72896K->2304K(75136K)] 3238058K->3167474K(3763328K), 0.0301080 secs] [Times: user=0.28 sys=0.02, real=0.03 secs] 
50536.375: [GC [PSYoungGen: 72576K->1888K(75136K)] 3237746K->3167074K(3763328K), 0.0246580 secs] [Times: user=0.17 sys=0.01, real=0.02 secs] 
50540.784: [GC [PSYoungGen: 72416K->1600K(75200K)] 3237602K->3166794K(3763392K), 0.0315800 secs] [Times: user=0.26 sys=0.02, real=0.03 secs] 
50545.129: [GC [PSYoungGen: 72128K->2784K(75264K)] 3237322K->3167994K(3763456K), 0.0324510 secs] [Times: user=0.27 sys=0.00, real=0.03 secs] 
50549.686: [GC [PSYoungGen: 73568K->1472K(75328K)] 3238778K->3166690K(3763520K), 0.0233080 secs] [Times: user=0.18 sys=0.02, real=0.02 secs] 
50554.095: [GC [PSYoungGen: 72256K->2240K(75136K)] 3237474K->3167466K(3763328K), 0.0281050 secs] [Times: user=0.21 sys=0.02, real=0.02 secs] 
50558.540: [GC [PSYoungGen: 73280K->2912K(75328K)] 3238506K->3168146K(3763520K), 0.0319900 secs] [Times: user=0.28 sys=0.01, real=0.03 secs] 
50563.169: [GC [PSYoungGen: 73952K->2208K(75264K)] 3239186K->3167450K(3763456K), 0.0234580 secs] [Times: user=0.20 sys=0.01, real=0.02 secs] 
50567.611: [GC [PSYoungGen: 73504K->2304K(75456K)] 3238746K->3167554K(3763648K), 0.0238130 secs] [Times: user=0.20 sys=0.01, real=0.02 secs] 
50572.075: [GC [PSYoungGen: 73600K->2752K(75456K)] 3238850K->3168018K(3763648K), 0.0330870 secs] [Times: user=0.26 sys=0.01, real=0.04 secs] 
50576.636: [GC [PSYoungGen: 74304K->2400K(75520K)] 3239570K->3167674K(3763712K), 0.0259140 secs] [Times: user=0.20 sys=0.00, real=0.03 secs] 
50581.300: [GC [PSYoungGen: 73952K->1312K(75584K)] 3239226K->3166602K(3763776K), 0.0292880 secs] [Times: user=0.20 sys=0.02, real=0.03 secs] 
50585.844: [GC [PSYoungGen: 73056K->2272K(75648K)] 3238346K->3167562K(3763840K), 0.0282350 secs] [Times: user=0.18 sys=0.01, real=0.03 secs] 
50590.422: [GC [PSYoungGen: 74016K->3040K(75648K)] 3239306K->3168346K(3763840K), 0.0278820 secs] [Times: user=0.26 sys=0.00, real=0.02 secs] 
50594.974: [GC [PSYoungGen: 74912K->2336K(75776K)] 3240218K->3167650K(3763968K), 0.0256650 secs] [Times: user=0.25 sys=0.00, real=0.02 secs] 
50599.506: [GC [PSYoungGen: 74208K->2592K(75776K)] 3239522K->3167914K(3763968K), 0.0262360 secs] [Times: user=0.22 sys=0.01, real=0.03 secs] 
50604.155: [GC [PSYoungGen: 74720K->2208K(75840K)] 3240042K->3167538K(3764032K), 0.0273480 secs] [Times: user=0.22 sys=0.02, real=0.03 secs] 
50608.710: [GC [PSYoungGen: 74336K->2144K(75840K)] 3239666K->3167490K(3764032K), 0.0296400 secs] [Times: user=0.25 sys=0.02, real=0.03 secs] 
50613.297: [GC [PSYoungGen: 74528K->1984K(75904K)] 3239874K->3167338K(3764096K), 0.0226600 secs] [Times: user=0.21 sys=0.00, real=0.02 secs] 
50617.739: [GC [PSYoungGen: 74368K->2752K(76032K)] 3239722K->3168114K(3764224K), 0.0307690 secs] [Times: user=0.29 sys=0.02, real=0.03 secs] 
50622.381: [GC [PSYoungGen: 75328K->1664K(76096K)] 3240690K->3167034K(3764288K), 0.0293270 secs] [Times: user=0.19 sys=0.01, real=0.03 secs] 
50627.031: [GC [PSYoungGen: 74240K->1216K(76288K)] 3239610K->3166602K(3764480K), 0.0291620 secs] [Times: user=0.21 sys=0.01, real=0.03 secs] 
50631.599: [GC [PSYoungGen: 73984K->2048K(76352K)] 3239370K->3167450K(3764544K), 0.0313820 secs] [Times: user=0.26 sys=0.01, real=0.03 secs] 
50636.240: [GC [PSYoungGen: 74816K->2336K(76352K)] 3240218K->3167754K(3764544K), 0.0221330 secs] [Times: user=0.20 sys=0.00, real=0.02 secs] 
50640.864: [GC [PSYoungGen: 75360K->2272K(76416K)] 3240778K->3167706K(3764608K), 0.0273460 secs] [Times: user=0.24 sys=0.01, real=0.03 secs] 
50645.502: [GC [PSYoungGen: 75296K->2784K(76480K)] 3240730K->3168242K(3764672K), 0.0295490 secs] [Times: user=0.26 sys=0.00, real=0.03 secs] 
50650.092: [GC [PSYoungGen: 75936K->2496K(76608K)] 3241394K->3167962K(3764800K), 0.0326370 secs] [Times: user=0.30 sys=0.01, real=0.03 secs] 
50654.771: [GC [PSYoungGen: 75648K->1888K(76800K)] 3241114K->3167362K(3764992K), 0.0288030 secs] [Times: user=0.23 sys=0.01, real=0.02 secs] 
50659.461: [GC [PSYoungGen: 75296K->1472K(76800K)] 3240770K->3166954K(3764992K), 0.0275510 secs] [Times: user=0.22 sys=0.02, real=0.02 secs] 
50664.042: [GC [PSYoungGen: 74880K->2336K(76928K)] 3240362K->3167818K(3765120K), 0.0225210 secs] [Times: user=0.20 sys=0.00, real=0.02 secs] 
50668.670: [GC [PSYoungGen: 76000K->2624K(76992K)] 3241482K->3168114K(3765184K), 0.0330580 secs] [Times: user=0.32 sys=0.01, real=0.04 secs] 
50673.401: [GC [PSYoungGen: 76288K->2304K(77184K)] 3241778K->3167818K(3765376K), 0.0241710 secs] [Times: user=0.20 sys=0.03, real=0.03 secs] 
50678.069: [GC [PSYoungGen: 76224K->2432K(77248K)] 3241738K->3167962K(3765440K), 0.0248330 secs] [Times: user=0.24 sys=0.01, real=0.03 secs] 
50682.700: [GC [PSYoungGen: 76352K->2240K(77312K)] 3241882K->3167778K(3765504K), 0.0298540 secs] [Times: user=0.28 sys=0.02, real=0.03 secs] 
50687.366: [GC [PSYoungGen: 76416K->3168K(77376K)] 3241954K->3168746K(3765568K), 0.0267360 secs] [Times: user=0.28 sys=0.00, real=0.02 secs] 
50692.043: [GC [PSYoungGen: 77344K->2528K(77760K)] 3242922K->3168130K(3765952K), 0.0268800 secs] [Times: user=0.27 sys=0.00, real=0.03 secs] 
50696.796: [GC [PSYoungGen: 76960K->2816K(77824K)] 3242562K->3168418K(3766016K), 0.0291280 secs] [Times: user=0.24 sys=0.02, real=0.03 secs] 
50701.491: [GC [PSYoungGen: 77248K->2496K(78016K)] 3242850K->3168106K(3766208K), 0.0279580 secs] [Times: user=0.27 sys=0.00, real=0.03 secs] 
50706.222: [GC [PSYoungGen: 77184K->1984K(78080K)] 3242794K->3167610K(3766272K), 0.0275700 secs] [Times: user=0.28 sys=0.01, real=0.03 secs] 
50710.992: [GC [PSYoungGen: 76672K->2112K(78208K)] 3242298K->3167746K(3766400K), 0.0281680 secs] [Times: user=0.25 sys=0.01, real=0.03 secs] 
50715.723: [GC [PSYoungGen: 77056K->2272K(78272K)] 3242690K->3167914K(3766464K), 0.0277790 secs] [Times: user=0.24 sys=0.01, real=0.03 secs] 
50720.455: [GC [PSYoungGen: 77216K->2304K(78208K)] 3242858K->3167970K(3766400K), 0.0256870 secs] [Times: user=0.27 sys=0.01, real=0.03 secs] 
50725.136: [GC [PSYoungGen: 77504K->2400K(78336K)] 3243170K->3168074K(3766528K), 0.0276330 secs] [Times: user=0.22 sys=0.02, real=0.03 secs] 
50729.870: [GC [PSYoungGen: 77600K->2176K(78464K)] 3243274K->3167858K(3766656K), 0.0300770 secs] [Times: user=0.30 sys=0.02, real=0.03 secs] 
50734.768: [GC [PSYoungGen: 77632K->2240K(78528K)] 3243314K->3167930K(3766720K), 0.0307810 secs] [Times: user=0.31 sys=0.02, real=0.03 secs] 
50739.511: [GC [PSYoungGen: 77696K->2272K(78592K)] 3243386K->3167986K(3766784K), 0.0325510 secs] [Times: user=0.29 sys=0.01, real=0.04 secs] 
50744.343: [GC [PSYoungGen: 77984K->1088K(78656K)] 3243698K->3166810K(3766848K), 0.0274810 secs] [Times: user=0.16 sys=0.02, real=0.03 secs] 
50749.059: [GC [PSYoungGen: 76800K->1440K(78976K)] 3242522K->3167178K(3767168K), 0.0237680 secs] [Times: user=0.18 sys=0.01, real=0.02 secs] 
50753.809: [GC [PSYoungGen: 77344K->1888K(79040K)] 3243082K->3167650K(3767232K), 0.0254270 secs] [Times: user=0.22 sys=0.01, real=0.03 secs] 
50758.583: [GC [PSYoungGen: 77792K->2912K(79040K)] 3243554K->3168714K(3767232K), 0.0281180 secs] [Times: user=0.26 sys=0.01, real=0.03 secs] 
50763.429: [GC [PSYoungGen: 78880K->2336K(79232K)] 3244682K->3168154K(3767424K), 0.0315620 secs] [Times: user=0.29 sys=0.02, real=0.03 secs] 
50768.362: [GC [PSYoungGen: 78304K->960K(79424K)] 3244122K->3166786K(3767616K), 0.0319560 secs] [Times: user=0.17 sys=0.02, real=0.03 secs] 
50773.155: [GC [PSYoungGen: 77120K->1248K(79488K)] 3242946K->3167090K(3767680K), 0.0260290 secs] [Times: user=0.16 sys=0.03, real=0.03 secs] 
50777.955: [GC [PSYoungGen: 77408K->2080K(79616K)] 3243250K->3167938K(3767808K), 0.0247590 secs] [Times: user=0.28 sys=0.00, real=0.03 secs] 
50782.713: [GC [PSYoungGen: 78496K->2688K(79680K)] 3244354K->3168554K(3767872K), 0.0325410 secs] [Times: user=0.34 sys=0.01, real=0.03 secs] 
50787.559: [GC [PSYoungGen: 79104K->2880K(79872K)] 3244970K->3168762K(3768064K), 0.0334660 secs] [Times: user=0.32 sys=0.01, real=0.04 secs] 
50792.577: [GC [PSYoungGen: 79360K->960K(80064K)] 3245242K->3166850K(3768256K), 0.0239250 secs] [Times: user=0.17 sys=0.02, real=0.03 secs] 
50797.382: [GC [PSYoungGen: 77440K->1984K(80000K)] 3243330K->3167882K(3768192K), 0.0269700 secs] [Times: user=0.23 sys=0.01, real=0.02 secs] 
50802.245: [GC [PSYoungGen: 78720K->1856K(80192K)] 3244618K->3167770K(3768384K), 0.0291680 secs] [Times: user=0.25 sys=0.01, real=0.03 secs] 
50807.054: [GC [PSYoungGen: 78592K->1856K(80128K)] 3244506K->3167786K(3768320K), 0.0332780 secs] [Times: user=0.34 sys=0.02, real=0.03 secs] 
50811.952: [GC [PSYoungGen: 78848K->2240K(80256K)] 3244778K->3168186K(3768448K), 0.0277720 secs] [Times: user=0.27 sys=0.02, real=0.03 secs] 
50816.828: [GC [PSYoungGen: 79232K->2784K(80256K)] 3245178K->3168746K(3768448K), 0.0259590 secs] [Times: user=0.32 sys=0.00, real=0.02 secs] 
50821.688: [GC [PSYoungGen: 79840K->2848K(80448K)] 3245802K->3168818K(3768640K), 0.0327220 secs] [Times: user=0.41 sys=0.00, real=0.03 secs] 
50826.692: [GC [PSYoungGen: 79904K->1824K(80704K)] 3245874K->3167810K(3768896K), 0.0234320 secs] [Times: user=0.18 sys=0.02, real=0.02 secs] 
50831.515: [GC [PSYoungGen: 79136K->2624K(80768K)] 3245122K->3168618K(3768960K), 0.0281080 secs] [Times: user=0.31 sys=0.01, real=0.03 secs] 
50836.403: [GC [PSYoungGen: 79936K->2048K(80832K)] 3245930K->3168058K(3769024K), 0.0235460 secs] [Times: user=0.21 sys=0.02, real=0.02 secs] 
50841.372: [GC [PSYoungGen: 79616K->2112K(80960K)] 3245626K->3168138K(3769152K), 0.0272590 secs] [Times: user=0.31 sys=0.01, real=0.03 secs] 
50846.261: [GC [PSYoungGen: 79680K->2272K(80896K)] 3245706K->3168306K(3769088K), 0.0290280 secs] [Times: user=0.31 sys=0.02, real=0.03 secs] 
50851.111: [GC [PSYoungGen: 80096K->2208K(81024K)] 3246130K->3168250K(3769216K), 0.0253120 secs] [Times: user=0.32 sys=0.01, real=0.02 secs] 
50856.062: [GC [PSYoungGen: 80032K->2912K(81024K)] 3246074K->3168970K(3769216K), 0.0260440 secs] [Times: user=0.33 sys=0.00, real=0.02 secs] 
50861.100: [GC [PSYoungGen: 80800K->1216K(81216K)] 3246858K->3167290K(3769408K), 0.0202070 secs] [Times: user=0.26 sys=0.01, real=0.02 secs] 
50866.003: [GC [PSYoungGen: 79104K->2272K(81408K)] 3245178K->3168370K(3769600K), 0.0212180 secs] [Times: user=0.29 sys=0.01, real=0.02 secs] 
50870.874: [GC [PSYoungGen: 80416K->2624K(81472K)] 3246514K->3168738K(3769664K), 0.0240170 secs] [Times: user=0.26 sys=0.00, real=0.02 secs] 
50875.905: [GC [PSYoungGen: 80768K->2400K(81664K)] 3246882K->3168522K(3769856K), 0.0367750 secs] [Times: user=0.22 sys=0.02, real=0.03 secs] 
50880.851: [GC [PSYoungGen: 80800K->2144K(81728K)] 3246922K->3168274K(3769920K), 0.0346540 secs] [Times: user=0.19 sys=0.02, real=0.04 secs] 
50885.793: [GC [PSYoungGen: 80544K->2400K(81792K)] 3246674K->3168546K(3769984K), 0.0285000 secs] [Times: user=0.20 sys=0.01, real=0.03 secs] 
50890.629: [GC [PSYoungGen: 81056K->2784K(81856K)] 3247202K->3168946K(3770048K), 0.0374480 secs] [Times: user=0.21 sys=0.01, real=0.04 secs] 
50895.689: [GC [PSYoungGen: 81440K->1664K(82304K)] 3247602K->3167834K(3770496K), 0.0295200 secs] [Times: user=0.17 sys=0.01, real=0.03 secs] 
50900.626: [GC [PSYoungGen: 80640K->1888K(82304K)] 3246810K->3168082K(3770496K), 0.0279520 secs] [Times: user=0.16 sys=0.01, real=0.03 secs] 
50905.590: [GC [PSYoungGen: 80864K->2944K(82368K)] 3247058K->3169154K(3770560K), 0.0276140 secs] [Times: user=0.18 sys=0.00, real=0.03 secs] 
50910.588: [GC [PSYoungGen: 82048K->2880K(82560K)] 3248258K->3169098K(3770752K), 0.0386220 secs] [Times: user=0.22 sys=0.01, real=0.04 secs] 
50915.617: [GC [PSYoungGen: 81984K->1024K(82944K)] 3248202K->3167250K(3771136K), 0.0283470 secs] [Times: user=0.16 sys=0.02, real=0.03 secs] 
50920.337: [GC [PSYoungGen: 80384K->1504K(83008K)] 3246610K->3167738K(3771200K), 0.0337890 secs] [Times: user=0.17 sys=0.01, real=0.04 secs] 
50924.892: [GC [PSYoungGen: 80864K->1472K(83200K)] 3247098K->3167714K(3771392K), 0.0307400 secs] [Times: user=0.18 sys=0.02, real=0.03 secs] 
50929.486: [GC [PSYoungGen: 81152K->928K(83264K)] 3247394K->3167178K(3771456K), 0.0254270 secs] [Times: user=0.16 sys=0.01, real=0.03 secs] 
50934.008: [GC [PSYoungGen: 80608K->384K(83520K)] 3246858K->3166650K(3771712K), 0.0351080 secs] [Times: user=0.16 sys=0.02, real=0.04 secs] 
50938.535: [GC [PSYoungGen: 80256K->800K(83648K)] 3246522K->3167090K(3771840K), 0.0394690 secs] [Times: user=0.16 sys=0.01, real=0.04 secs] 
50943.090: [GC [PSYoungGen: 80672K->704K(83904K)] 3246962K->3167002K(3772096K), 0.0374380 secs] [Times: user=0.16 sys=0.02, real=0.04 secs] 
50947.612: [GC [PSYoungGen: 80896K->896K(83904K)] 3247194K->3167202K(3772096K), 0.0324840 secs] [Times: user=0.16 sys=0.01, real=0.03 secs] 
50952.146: [GC [PSYoungGen: 81088K->1472K(83712K)] 3247394K->3167794K(3771904K), 0.0281250 secs] [Times: user=0.17 sys=0.01, real=0.02 secs] 
50956.697: [GC [PSYoungGen: 81984K->1568K(83904K)] 3248306K->3167906K(3772096K), 0.0293410 secs] [Times: user=0.17 sys=0.01, real=0.03 secs] 
50961.302: [GC [PSYoungGen: 82080K->1280K(83840K)] 3248418K->3167634K(3772032K), 0.0364650 secs] [Times: user=0.17 sys=0.02, real=0.04 secs] 
50965.876: [GC [PSYoungGen: 82112K->1728K(83968K)] 3248466K->3168090K(3772160K), 0.0345590 secs] [Times: user=0.19 sys=0.02, real=0.04 secs] 
50970.436: [GC [PSYoungGen: 82560K->864K(84160K)] 3248922K->3167234K(3772352K), 0.0279250 secs] [Times: user=0.17 sys=0.01, real=0.03 secs] 
50975.655: [GC [PSYoungGen: 82016K->3002K(84160K)] 3248386K->3178420K(3772352K), 0.0327170 secs] [Times: user=0.17 sys=0.00, real=0.03 secs] 
50981.944: [GC [PSYoungGen: 84154K->5690K(87488K)] 3259572K->3181116K(3775680K), 0.0249650 secs] [Times: user=0.16 sys=0.01, real=0.02 secs] 
50988.380: [GC [PSYoungGen: 86394K->6522K(88256K)] 3261820K->3181948K(3776448K), 0.0282590 secs] [Times: user=0.16 sys=0.01, real=0.03 secs] 
50994.690: [GC [PSYoungGen: 87226K->6394K(88768K)] 3262652K->3181836K(3776960K), 0.0288300 secs] [Times: user=0.16 sys=0.00, real=0.03 secs] 
51001.107: [GC [PSYoungGen: 86714K->5658K(89408K)] 3262156K->3181108K(3777600K), 0.0249530 secs] [Times: user=0.19 sys=0.00, real=0.02 secs] 
51007.445: [GC [PSYoungGen: 85978K->4890K(89664K)] 3261428K->3180348K(3777856K), 0.0254030 secs] [Times: user=0.15 sys=0.01, real=0.02 secs] 
51013.920: [GC [PSYoungGen: 85466K->5338K(89792K)] 3260924K->3180812K(3777984K), 0.0288800 secs] [Times: user=0.21 sys=0.00, real=0.03 secs] 
51019.948: [GC [PSYoungGen: 85663K->7674K(89216K)] 3261137K->3183156K(3777408K), 0.0331740 secs] [Times: user=0.19 sys=0.01, real=0.03 secs] 
51026.364: [GC [PSYoungGen: 87674K->6330K(90048K)] 3263156K->3181828K(3778240K), 0.0281650 secs] [Times: user=0.18 sys=0.00, real=0.03 secs] 
51032.691: [GC [PSYoungGen: 86330K->5722K(90240K)] 3261828K->3181228K(3778432K), 0.0264930 secs] [Times: user=0.14 sys=0.00, real=0.02 secs] 
51038.944: [GC [PSYoungGen: 85978K->8026K(90368K)] 3261484K->3183540K(3778560K), 0.0275940 secs] [Times: user=0.17 sys=0.00, real=0.03 secs] 
51045.122: [GC [PSYoungGen: 88282K->6394K(91264K)] 3263796K->3181924K(3779456K), 0.0318940 secs] [Times: user=0.18 sys=0.01, real=0.03 secs] 
51051.544: [GC [PSYoungGen: 86906K->6586K(91264K)] 3262436K->3182140K(3779456K), 0.0261830 secs] [Times: user=0.19 sys=0.00, real=0.02 secs] 
51057.925: [GC [PSYoungGen: 87098K->5594K(90432K)] 3262652K->3181156K(3778624K), 0.0238160 secs] [Times: user=0.15 sys=0.00, real=0.02 secs] 
51064.231: [GC [PSYoungGen: 86298K->7514K(90944K)] 3261860K->3183084K(3779136K), 0.0343950 secs] [Times: user=0.21 sys=0.00, real=0.04 secs] 
51070.391: [GC [PSYoungGen: 88218K->4288K(91008K)] 3263788K->3181988K(3779200K), 0.0288590 secs] [Times: user=0.20 sys=0.00, real=0.03 secs] 
51076.714: [GC [PSYoungGen: 85248K->4512K(85504K)] 3262948K->3182236K(3773696K), 0.0317930 secs] [Times: user=0.20 sys=0.01, real=0.03 secs] 
51083.163: [GC [PSYoungGen: 85472K->3936K(90688K)] 3263196K->3181684K(3778880K), 0.0248880 secs] [Times: user=0.18 sys=0.00, real=0.03 secs] 
51089.608: [GC [PSYoungGen: 85152K->3424K(90944K)] 3262900K->3181188K(3779136K), 0.0269350 secs] [Times: user=0.17 sys=0.01, real=0.02 secs] 
51095.859: [GC [PSYoungGen: 84640K->4544K(90304K)] 3262404K->3182324K(3778496K), 0.0369460 secs] [Times: user=0.18 sys=0.02, real=0.03 secs] 
51102.458: [GC [PSYoungGen: 86016K->3488K(90688K)] 3263796K->3181276K(3778880K), 0.0285470 secs] [Times: user=0.15 sys=0.01, real=0.02 secs] 
51108.830: [GC [PSYoungGen: 84960K->4608K(89984K)] 3262748K->3182412K(3778176K), 0.0368900 secs] [Times: user=0.22 sys=0.01, real=0.03 secs] 
51115.277: [GC [PSYoungGen: 86336K->4064K(90368K)] 3264140K->3181884K(3778560K), 0.0334560 secs] [Times: user=0.16 sys=0.02, real=0.04 secs] 
51121.549: [GC [PSYoungGen: 85792K->5632K(90368K)] 3263612K->3183468K(3778560K), 0.0323200 secs] [Times: user=0.25 sys=0.00, real=0.04 secs] 
51127.992: [GC [PSYoungGen: 87616K->4736K(86784K)] 3265452K->3182588K(3774976K), 0.0262010 secs] [Times: user=0.18 sys=0.00, real=0.03 secs] 
51134.389: [GC [PSYoungGen: 86720K->4736K(89664K)] 3264572K->3182596K(3777856K), 0.0295660 secs] [Times: user=0.18 sys=0.00, real=0.03 secs] 
51140.958: [GC [PSYoungGen: 86976K->3104K(89984K)] 3264836K->3180972K(3778176K), 0.0309110 secs] [Times: user=0.16 sys=0.00, real=0.03 secs] 
51147.401: [GC [PSYoungGen: 85344K->4064K(89728K)] 3263212K->3181964K(3777920K), 0.0303790 secs] [Times: user=0.19 sys=0.00, real=0.03 secs] 
51153.843: [GC [PSYoungGen: 86560K->4032K(89984K)] 3264460K->3181956K(3778176K), 0.0257880 secs] [Times: user=0.15 sys=0.00, real=0.03 secs] 
51160.220: [GC [PSYoungGen: 86528K->5088K(89920K)] 3264452K->3183020K(3778112K), 0.0357420 secs] [Times: user=0.23 sys=0.00, real=0.03 secs] 
51166.746: [GC [PSYoungGen: 87840K->4352K(89984K)] 3265772K->3182300K(3778176K), 0.0302140 secs] [Times: user=0.20 sys=0.00, real=0.03 secs] 
51173.453: [GC [PSYoungGen: 87104K->3520K(89920K)] 3265052K->3181484K(3778112K), 0.0256630 secs] [Times: user=0.16 sys=0.00, real=0.03 secs] 
51180.002: [GC [PSYoungGen: 86528K->3776K(89984K)] 3264492K->3181764K(3778176K), 0.0311050 secs] [Times: user=0.19 sys=0.01, real=0.03 secs] 
51186.466: [GC [PSYoungGen: 86784K->4864K(89984K)] 3264772K->3182868K(3778176K), 0.0313420 secs] [Times: user=0.20 sys=0.01, real=0.03 secs] 
51192.937: [GC [PSYoungGen: 88128K->5504K(90048K)] 3266132K->3183524K(3778240K), 0.0298000 secs] [Times: user=0.21 sys=0.00, real=0.03 secs] 
51199.390: [GC [PSYoungGen: 88768K->4640K(90048K)] 3266788K->3182668K(3778240K), 0.0294930 secs] [Times: user=0.19 sys=0.00, real=0.03 secs] 
51205.983: [GC [PSYoungGen: 88160K->4992K(90240K)] 3266188K->3183036K(3778432K), 0.0276770 secs] [Times: user=0.18 sys=0.00, real=0.03 secs] 
51212.471: [GC [PSYoungGen: 88512K->4480K(90048K)] 3266556K->3182532K(3778240K), 0.0305070 secs] [Times: user=0.20 sys=0.00, real=0.03 secs] 
51219.036: [GC [PSYoungGen: 88256K->4736K(90240K)] 3266308K->3182804K(3778432K), 0.0260090 secs] [Times: user=0.18 sys=0.00, real=0.02 secs] 
51225.619: [GC [PSYoungGen: 88512K->4544K(90112K)] 3266580K->3182620K(3778304K), 0.0308190 secs] [Times: user=0.20 sys=0.00, real=0.03 secs] 
51232.157: [GC [PSYoungGen: 88576K->5568K(90240K)] 3266652K->3183652K(3778432K), 0.0281480 secs] [Times: user=0.18 sys=0.01, real=0.03 secs] 
51238.678: [GC [PSYoungGen: 89600K->5152K(90688K)] 3267684K->3183244K(3778880K), 0.0276650 secs] [Times: user=0.18 sys=0.00, real=0.03 secs] 
51245.360: [GC [PSYoungGen: 89440K->4480K(90688K)] 3267532K->3182580K(3778880K), 0.0278850 secs] [Times: user=0.17 sys=0.00, real=0.02 secs] 
51251.907: [GC [PSYoungGen: 88768K->3520K(90752K)] 3266868K->3181644K(3778944K), 0.0296740 secs] [Times: user=0.19 sys=0.01, real=0.03 secs] 
51258.619: [GC [PSYoungGen: 88000K->4256K(90816K)] 3266124K->3182396K(3779008K), 0.0283920 secs] [Times: user=0.20 sys=0.00, real=0.03 secs] 
51265.284: [GC [PSYoungGen: 88736K->3776K(90816K)] 3266876K->3181924K(3779008K), 0.0233530 secs] [Times: user=0.17 sys=0.00, real=0.02 secs] 
51271.730: [GC [PSYoungGen: 88448K->4768K(90880K)] 3266596K->3182924K(3779072K), 0.0288500 secs] [Times: user=0.20 sys=0.00, real=0.03 secs] 
51278.431: [GC [PSYoungGen: 89440K->5184K(91008K)] 3267596K->3183356K(3779200K), 0.0309680 secs] [Times: user=0.21 sys=0.00, real=0.03 secs] 
51285.109: [GC [PSYoungGen: 90048K->5664K(91072K)] 3268220K->3183844K(3779264K), 0.0286550 secs] [Times: user=0.17 sys=0.01, real=0.03 secs] 
51291.997: [GC [PSYoungGen: 90528K->4640K(91200K)] 3268708K->3182844K(3779392K), 0.0257220 secs] [Times: user=0.18 sys=0.00, real=0.02 secs] 
51298.713: [GC [PSYoungGen: 89760K->2752K(91392K)] 3267964K->3180964K(3779584K), 0.0294440 secs] [Times: user=0.16 sys=0.01, real=0.03 secs] 
51305.313: [GC [PSYoungGen: 87872K->3840K(91712K)] 3266084K->3182060K(3779904K), 0.0333210 secs] [Times: user=0.19 sys=0.00, real=0.03 secs] 
51311.912: [GC [PSYoungGen: 89216K->4416K(91776K)] 3267436K->3182644K(3779968K), 0.0282450 secs] [Times: user=0.20 sys=0.00, real=0.03 secs] 
51318.585: [GC [PSYoungGen: 89792K->4160K(91584K)] 3268020K->3182404K(3779776K), 0.0319920 secs] [Times: user=0.19 sys=0.01, real=0.03 secs] 
51325.239: [GC [PSYoungGen: 89792K->4768K(91712K)] 3268036K->3183020K(3779904K), 0.0335240 secs] [Times: user=0.21 sys=0.01, real=0.04 secs] 
51331.964: [GC [PSYoungGen: 90400K->5536K(91648K)] 3268652K->3183812K(3779840K), 0.0303740 secs] [Times: user=0.20 sys=0.00, real=0.03 secs] 
51338.774: [GC [PSYoungGen: 91168K->5088K(91904K)] 3269444K->3183372K(3780096K), 0.0315010 secs] [Times: user=0.20 sys=0.00, real=0.03 secs] 
51345.526: [GC [PSYoungGen: 90720K->2912K(92096K)] 3269004K->3181212K(3780288K), 0.0328020 secs] [Times: user=0.21 sys=0.01, real=0.03 secs] 
51352.324: [GC [PSYoungGen: 88672K->2976K(92224K)] 3266972K->3181284K(3780416K), 0.0271830 secs] [Times: user=0.18 sys=0.00, real=0.03 secs] 
51358.989: [GC [PSYoungGen: 88736K->3360K(92352K)] 3267044K->3181684K(3780544K), 0.0323540 secs] [Times: user=0.18 sys=0.02, real=0.03 secs] 
51365.546: [GC [PSYoungGen: 89376K->4512K(92416K)] 3267700K->3182844K(3780608K), 0.0320560 secs] [Times: user=0.21 sys=0.00, real=0.04 secs] 
51372.130: [GC [PSYoungGen: 90528K->5024K(92544K)] 3268860K->3183372K(3780736K), 0.0281950 secs] [Times: user=0.19 sys=0.00, real=0.02 secs] 
51378.935: [GC [PSYoungGen: 91232K->5056K(92608K)] 3269580K->3183412K(3780800K), 0.0265980 secs] [Times: user=0.18 sys=0.00, real=0.03 secs] 
51385.801: [GC [PSYoungGen: 91264K->4608K(92672K)] 3269620K->3182980K(3780864K), 0.0317620 secs] [Times: user=0.18 sys=0.01, real=0.03 secs] 
51392.585: [GC [PSYoungGen: 91072K->3840K(92800K)] 3269444K->3182220K(3780992K), 0.0289240 secs] [Times: user=0.16 sys=0.01, real=0.03 secs] 
51399.315: [GC [PSYoungGen: 90255K->4448K(92736K)] 3268635K->3182844K(3780928K), 0.0312260 secs] [Times: user=0.20 sys=0.00, real=0.03 secs] 
51405.965: [GC [PSYoungGen: 91168K->4864K(92864K)] 3269564K->3183268K(3781056K), 0.0268480 secs] [Times: user=0.20 sys=0.00, real=0.02 secs] 
51412.765: [GC [PSYoungGen: 91584K->4704K(92992K)] 3269988K->3183116K(3781184K), 0.0299680 secs] [Times: user=0.22 sys=0.00, real=0.03 secs] 
51419.642: [GC [PSYoungGen: 91680K->4448K(93056K)] 3270092K->3182876K(3781248K), 0.0327980 secs] [Times: user=0.17 sys=0.01, real=0.03 secs] 
51426.558: [GC [PSYoungGen: 91424K->5024K(92992K)] 3269852K->3183468K(3781184K), 0.0312000 secs] [Times: user=0.21 sys=0.00, real=0.03 secs] 
51433.408: [GC [PSYoungGen: 92128K->5024K(93120K)] 3270572K->3183476K(3781312K), 0.0303420 secs] [Times: user=0.21 sys=0.00, real=0.03 secs] 
51440.297: [GC [PSYoungGen: 92128K->3456K(93312K)] 3270580K->3181932K(3781504K), 0.0315110 secs] [Times: user=0.16 sys=0.01, real=0.03 secs] 
51447.117: [GC [PSYoungGen: 90752K->4576K(93376K)] 3269228K->3183068K(3781568K), 0.0242490 secs] [Times: user=0.17 sys=0.00, real=0.03 secs] 
51453.856: [GC [PSYoungGen: 91872K->4672K(93376K)] 3270364K->3183172K(3781568K), 0.0287230 secs] [Times: user=0.21 sys=0.01, real=0.03 secs] 
51460.872: [GC [PSYoungGen: 92224K->4544K(93440K)] 3270724K->3183060K(3781632K), 0.0321770 secs] [Times: user=0.22 sys=0.00, real=0.04 secs] 
51467.820: [GC [PSYoungGen: 92096K->3072K(93440K)] 3270612K->3181596K(3781632K), 0.0353630 secs] [Times: user=0.22 sys=0.01, real=0.04 secs] 
51474.524: [GC [PSYoungGen: 90752K->3904K(93568K)] 3269276K->3182436K(3781760K), 0.0258630 secs] [Times: user=0.20 sys=0.00, real=0.03 secs] 
51481.247: [GC [PSYoungGen: 91584K->4992K(93632K)] 3270116K->3183532K(3781824K), 0.0286510 secs] [Times: user=0.16 sys=0.01, real=0.03 secs] 
51488.198: [GC [PSYoungGen: 92800K->4992K(93760K)] 3271340K->3183556K(3781952K), 0.0293690 secs] [Times: user=0.21 sys=0.01, real=0.03 secs] 
51495.156: [GC [PSYoungGen: 92800K->4704K(93952K)] 3271364K->3183276K(3782144K), 0.0271980 secs] [Times: user=0.20 sys=0.00, real=0.03 secs] 
51502.044: [GC [PSYoungGen: 92768K->4544K(94016K)] 3271340K->3183132K(3782208K), 0.0319860 secs] [Times: user=0.19 sys=0.01, real=0.03 secs] 
51508.954: [GC [PSYoungGen: 92608K->4608K(94016K)] 3271196K->3183212K(3782208K), 0.0330960 secs] [Times: user=0.15 sys=0.01, real=0.03 secs] 
51515.966: [GC [PSYoungGen: 92928K->3872K(94080K)] 3271532K->3182484K(3782272K), 0.0309950 secs] [Times: user=0.17 sys=0.01, real=0.03 secs] 
51522.839: [GC [PSYoungGen: 92192K->3520K(94336K)] 3270804K->3182148K(3782528K), 0.0340790 secs] [Times: user=0.17 sys=0.02, real=0.04 secs] 
51529.719: [GC [PSYoungGen: 92096K->4128K(94336K)] 3270724K->3182764K(3782528K), 0.0284360 secs] [Times: user=0.17 sys=0.01, real=0.03 secs] 
51536.745: [GC [PSYoungGen: 92704K->3680K(94464K)] 3271340K->3182324K(3782656K), 0.0290530 secs] [Times: user=0.15 sys=0.01, real=0.03 secs] 
51543.688: [GC [PSYoungGen: 92512K->5120K(94464K)] 3271156K->3183780K(3782656K), 0.0294000 secs] [Times: user=0.19 sys=0.01, real=0.03 secs] 
51550.678: [GC [PSYoungGen: 93952K->4032K(94656K)] 3272612K->3182716K(3782848K), 0.0317360 secs] [Times: user=0.18 sys=0.00, real=0.03 secs] 
51557.614: [GC [PSYoungGen: 93120K->3456K(94784K)] 3271804K->3182156K(3782976K), 0.0283970 secs] [Times: user=0.20 sys=0.00, real=0.03 secs] 
51564.523: [GC [PSYoungGen: 92544K->4000K(94848K)] 3271244K->3182708K(3783040K), 0.0313320 secs] [Times: user=0.21 sys=0.01, real=0.03 secs] 
51571.588: [GC [PSYoungGen: 93344K->2624K(94976K)] 3272052K->3181340K(3783168K), 0.0289450 secs] [Times: user=0.19 sys=0.00, real=0.03 secs] 
51578.529: [GC [PSYoungGen: 91968K->4608K(95360K)] 3270684K->3183340K(3783552K), 0.0297120 secs] [Times: user=0.20 sys=0.01, real=0.03 secs] 
51585.476: [GC [PSYoungGen: 94208K->4864K(95360K)] 3272940K->3183604K(3783552K), 0.0300470 secs] [Times: user=0.22 sys=0.00, real=0.03 secs] 
51592.557: [GC [PSYoungGen: 94464K->3296K(95744K)] 3273204K->3182044K(3783936K), 0.0346940 secs] [Times: user=0.18 sys=0.01, real=0.03 secs] 
51599.426: [GC [PSYoungGen: 93152K->4576K(95744K)] 3271900K->3183332K(3783936K), 0.0301010 secs] [Times: user=0.18 sys=0.01, real=0.03 secs] 
51606.521: [GC [PSYoungGen: 94432K->5856K(95488K)] 3273188K->3184732K(3783680K), 0.0311120 secs] [Times: user=0.23 sys=0.00, real=0.03 secs] 
51613.641: [GC [PSYoungGen: 95456K->4448K(96000K)] 3274332K->3183340K(3784192K), 0.0293740 secs] [Times: user=0.19 sys=0.00, real=0.03 secs] 
51620.525: [GC [PSYoungGen: 94048K->5920K(95744K)] 3272940K->3184812K(3783936K), 0.0402710 secs] [Times: user=0.21 sys=0.01, real=0.04 secs] 
51627.675: [GC [PSYoungGen: 95392K->5248K(96128K)] 3274284K->3184172K(3784320K), 0.0321400 secs] [Times: user=0.21 sys=0.02, real=0.03 secs] 
51634.683: [GC [PSYoungGen: 94682K->4928K(96320K)] 3273606K->3183860K(3784512K), 0.0326450 secs] [Times: user=0.21 sys=0.00, real=0.03 secs] 
51641.621: [GC [PSYoungGen: 94656K->4992K(96384K)] 3273588K->3183948K(3784576K), 0.0306390 secs] [Times: user=0.17 sys=0.01, real=0.03 secs] 
51648.777: [GC [PSYoungGen: 94720K->3616K(96576K)] 3273676K->3182580K(3784768K), 0.0298360 secs] [Times: user=0.22 sys=0.01, real=0.03 secs] 
51655.786: [GC [PSYoungGen: 93600K->4576K(96576K)] 3272564K->3183548K(3784768K), 0.0256260 secs] [Times: user=0.18 sys=0.00, real=0.02 secs] 
51662.856: [GC [PSYoungGen: 94560K->4256K(96384K)] 3273532K->3183244K(3784576K), 0.0311180 secs] [Times: user=0.18 sys=0.00, real=0.03 secs] 
51670.048: [GC [PSYoungGen: 94496K->4496K(96512K)] 3273484K->3183500K(3784704K), 0.0245500 secs] [Times: user=0.18 sys=0.00, real=0.02 secs] 
51677.102: [GC [PSYoungGen: 94736K->4288K(96320K)] 3273740K->3183300K(3784512K), 0.0313540 secs] [Times: user=0.19 sys=0.00, real=0.03 secs] 
51684.284: [GC [PSYoungGen: 94784K->5024K(96448K)] 3273796K->3184044K(3784640K), 0.0287430 secs] [Times: user=0.21 sys=0.00, real=0.03 secs] 
51691.317: [GC [PSYoungGen: 95520K->5152K(96704K)] 3274540K->3184180K(3784896K), 0.0260700 secs] [Times: user=0.19 sys=0.00, real=0.03 secs] 
51698.715: [GC [PSYoungGen: 95840K->3136K(96768K)] 3274868K->3182180K(3784960K), 0.0276850 secs] [Times: user=0.15 sys=0.01, real=0.03 secs] 
51705.646: [GC [PSYoungGen: 93824K->3936K(97024K)] 3272868K->3182996K(3785216K), 0.0346270 secs] [Times: user=0.22 sys=0.01, real=0.04 secs] 
51712.820: [GC [PSYoungGen: 94880K->4832K(97088K)] 3273940K->3183908K(3785280K), 0.0306060 secs] [Times: user=0.15 sys=0.00, real=0.04 secs] 
51719.945: [GC [PSYoungGen: 95776K->5024K(97216K)] 3274852K->3184116K(3785408K), 0.0283690 secs] [Times: user=0.19 sys=0.00, real=0.03 secs] 
51727.182: [GC [PSYoungGen: 96160K->5664K(97280K)] 3275252K->3184764K(3785472K), 0.0371770 secs] [Times: user=0.26 sys=0.00, real=0.04 secs] 
51734.367: [GC [PSYoungGen: 96800K->4000K(97664K)] 3275900K->3183116K(3785856K), 0.0292270 secs] [Times: user=0.17 sys=0.00, real=0.03 secs] 
51741.636: [GC [PSYoungGen: 95392K->4288K(97728K)] 3274508K->3183412K(3785920K), 0.0239390 secs] [Times: user=0.17 sys=0.00, real=0.02 secs] 
51748.713: [GC [PSYoungGen: 95680K->4128K(97728K)] 3274804K->3183260K(3785920K), 0.0272500 secs] [Times: user=0.20 sys=0.00, real=0.03 secs] 
51755.945: [GC [PSYoungGen: 95776K->4928K(97792K)] 3274908K->3184076K(3785984K), 0.0302720 secs] [Times: user=0.19 sys=0.00, real=0.03 secs] 
51763.156: [GC [PSYoungGen: 96576K->4448K(97792K)] 3275724K->3183612K(3785984K), 0.0371420 secs] [Times: user=0.21 sys=0.02, real=0.04 secs] 
51770.405: [GC [PSYoungGen: 96352K->5472K(97920K)] 3275516K->3184652K(3786112K), 0.0339100 secs] [Times: user=0.19 sys=0.00, real=0.03 secs] 
51777.691: [GC [PSYoungGen: 97376K->4320K(98112K)] 3276556K->3183508K(3786304K), 0.0288340 secs] [Times: user=0.17 sys=0.01, real=0.02 secs] 
51784.819: [GC [PSYoungGen: 96480K->5568K(98240K)] 3275668K->3184764K(3786432K), 0.0308650 secs] [Times: user=0.18 sys=0.00, real=0.03 secs] 
51792.192: [GC [PSYoungGen: 97728K->3968K(98624K)] 3276924K->3183180K(3786816K), 0.0390000 secs] [Times: user=0.21 sys=0.02, real=0.04 secs] 
51799.268: [GC [PSYoungGen: 96384K->5312K(98688K)] 3275596K->3184540K(3786880K), 0.0305300 secs] [Times: user=0.18 sys=0.01, real=0.03 secs] 
51806.732: [GC [PSYoungGen: 97728K->3456K(98944K)] 3276956K->3182692K(3787136K), 0.0270440 secs] [Times: user=0.16 sys=0.00, real=0.03 secs] 
51813.951: [GC [PSYoungGen: 96064K->5664K(99008K)] 3275300K->3184908K(3787200K), 0.0351020 secs] [Times: user=0.24 sys=0.01, real=0.03 secs] 
51821.205: [GC [PSYoungGen: 98272K->4384K(99136K)] 3277516K->3183644K(3787328K), 0.0263210 secs] [Times: user=0.18 sys=0.00, real=0.03 secs] 
51828.531: [GC [PSYoungGen: 97248K->4384K(99328K)] 3276508K->3183676K(3787520K), 0.0276290 secs] [Times: user=0.17 sys=0.01, real=0.03 secs] 
51835.661: [GC [PSYoungGen: 97248K->3904K(99456K)] 3276540K->3183212K(3787648K), 0.0257190 secs] [Times: user=0.17 sys=0.00, real=0.02 secs] 
51842.954: [GC [PSYoungGen: 97024K->3872K(99456K)] 3276332K->3183188K(3787648K), 0.0306600 secs] [Times: user=0.20 sys=0.00, real=0.03 secs] 
51850.150: [GC [PSYoungGen: 96992K->3616K(99520K)] 3276308K->3182940K(3787712K), 0.0267430 secs] [Times: user=0.18 sys=0.00, real=0.03 secs] 
51857.441: [GC [PSYoungGen: 96992K->3616K(99584K)] 3276316K->3182948K(3787776K), 0.0325190 secs] [Times: user=0.21 sys=0.01, real=0.04 secs] 
51864.813: [GC [PSYoungGen: 96992K->3616K(99648K)] 3276324K->3182964K(3787840K), 0.0322840 secs] [Times: user=0.19 sys=0.01, real=0.04 secs] 
51872.281: [GC [PSYoungGen: 97248K->3552K(99712K)] 3276596K->3182916K(3787904K), 0.0303720 secs] [Times: user=0.17 sys=0.01, real=0.03 secs] 
51879.554: [GC [PSYoungGen: 97184K->3424K(99904K)] 3276548K->3182804K(3788096K), 0.0297500 secs] [Times: user=0.20 sys=0.00, real=0.03 secs] 
51886.917: [GC [PSYoungGen: 97312K->3424K(99904K)] 3276692K->3182828K(3788096K), 0.0275730 secs] [Times: user=0.18 sys=0.01, real=0.03 secs] 
51894.121: [GC [PSYoungGen: 97312K->5280K(99712K)] 3276716K->3184692K(3787904K), 0.0358560 secs] [Times: user=0.23 sys=0.01, real=0.03 secs] 
51901.621: [GC [PSYoungGen: 99104K->3936K(100032K)] 3278516K->3183356K(3788224K), 0.0282970 secs] [Times: user=0.19 sys=0.01, real=0.02 secs] 
51908.934: [GC [PSYoungGen: 97760K->4896K(99968K)] 3277180K->3184324K(3788160K), 0.0277690 secs] [Times: user=0.17 sys=0.01, real=0.03 secs] 
51916.195: [GC [PSYoungGen: 98848K->5312K(100096K)] 3278276K->3184764K(3788288K), 0.0390030 secs] [Times: user=0.24 sys=0.01, real=0.04 secs] 
51923.708: [GC [PSYoungGen: 99264K->2720K(100480K)] 3278716K->3182188K(3788672K), 0.0248940 secs] [Times: user=0.16 sys=0.01, real=0.03 secs] 
51930.935: [GC [PSYoungGen: 96864K->5440K(100544K)] 3276332K->3184916K(3788736K), 0.0367700 secs] [Times: user=0.21 sys=0.02, real=0.03 secs] 
51938.344: [GC [PSYoungGen: 99584K->5696K(100736K)] 3279060K->3185180K(3788928K), 0.0287930 secs] [Times: user=0.20 sys=0.00, real=0.03 secs] 
51945.834: [GC [PSYoungGen: 99776K->3808K(101056K)] 3279260K->3183308K(3789248K), 0.0241940 secs] [Times: user=0.17 sys=0.00, real=0.03 secs] 
51952.960: [GC [PSYoungGen: 97888K->5472K(100928K)] 3277388K->3184980K(3789120K), 0.0282360 secs] [Times: user=0.18 sys=0.01, real=0.03 secs] 
51960.403: [GC [PSYoungGen: 99616K->4960K(97664K)] 3279124K->3184484K(3785856K), 0.0258570 secs] [Times: user=0.20 sys=0.00, real=0.03 secs] 
51967.805: [GC [PSYoungGen: 97632K->4512K(99584K)] 3277156K->3184052K(3787776K), 0.0318070 secs] [Times: user=0.18 sys=0.02, real=0.03 secs] 
51974.979: [GC [PSYoungGen: 97440K->4992K(96576K)] 3276980K->3184540K(3784768K), 0.0256450 secs] [Times: user=0.17 sys=0.00, real=0.03 secs] 
51982.063: [GC [PSYoungGen: 96512K->4992K(95232K)] 3276060K->3184548K(3783424K), 0.0297450 secs] [Times: user=0.20 sys=0.00, real=0.03 secs] 
51989.235: [GC [PSYoungGen: 95104K->4512K(96704K)] 3274660K->3184084K(3784896K), 0.0362270 secs] [Times: user=0.19 sys=0.00, real=0.03 secs] 
51996.218: [GC [PSYoungGen: 94564K->4672K(96512K)] 3274137K->3184260K(3784704K), 0.0344880 secs] [Times: user=0.22 sys=0.01, real=0.03 secs] 
52003.300: [GC [PSYoungGen: 95040K->5216K(96640K)] 3274628K->3184828K(3784832K), 0.0324360 secs] [Times: user=0.20 sys=0.00, real=0.03 secs] 
52010.458: [GC [PSYoungGen: 95584K->3904K(96832K)] 3275196K->3183532K(3785024K), 0.0293590 secs] [Times: user=0.22 sys=0.01, real=0.03 secs] 
52017.526: [GC [PSYoungGen: 94528K->4736K(96896K)] 3274156K->3184380K(3785088K), 0.0230410 secs] [Times: user=0.15 sys=0.00, real=0.03 secs] 
52024.717: [GC [PSYoungGen: 95360K->3936K(96960K)] 3275004K->3183588K(3785152K), 0.0291220 secs] [Times: user=0.16 sys=0.01, real=0.03 secs] 
52031.661: [GC [PSYoungGen: 94816K->5120K(97024K)] 3274468K->3184780K(3785216K), 0.0252410 secs] [Times: user=0.18 sys=0.00, real=0.02 secs] 
52038.955: [GC [PSYoungGen: 96000K->4416K(97088K)] 3275660K->3184084K(3785280K), 0.0296560 secs] [Times: user=0.21 sys=0.00, real=0.03 secs] 
52046.006: [GC [PSYoungGen: 95552K->4256K(94080K)] 3275220K->3183932K(3782272K), 0.0271050 secs] [Times: user=0.17 sys=0.00, real=0.03 secs] 
52053.238: [GC [PSYoungGen: 94048K->3696K(95680K)] 3273724K->3183388K(3783872K), 0.0287040 secs] [Times: user=0.15 sys=0.00, real=0.03 secs] 
52060.188: [GC [PSYoungGen: 93424K->4416K(92864K)] 3273116K->3184132K(3781056K), 0.0278240 secs] [Times: user=0.18 sys=0.00, real=0.03 secs] 
52067.068: [GC [PSYoungGen: 92800K->3808K(91648K)] 3272516K->3183532K(3779840K), 0.0275710 secs] [Times: user=0.18 sys=0.01, real=0.03 secs] 
52073.798: [GC [PSYoungGen: 90912K->4032K(92928K)] 3270636K->3183764K(3781120K), 0.0307580 secs] [Times: user=0.20 sys=0.00, real=0.03 secs] 
52080.599: [GC [PSYoungGen: 91136K->4640K(92992K)] 3270868K->3184380K(3781184K), 0.0273400 secs] [Times: user=0.19 sys=0.00, real=0.03 secs] 
52087.393: [GC [PSYoungGen: 92000K->5056K(93056K)] 3271740K->3184812K(3781248K), 0.0301960 secs] [Times: user=0.21 sys=0.00, real=0.03 secs] 
52094.251: [GC [PSYoungGen: 92416K->4544K(93312K)] 3272172K->3184308K(3781504K), 0.0318070 secs] [Times: user=0.19 sys=0.00, real=0.03 secs] 
52101.197: [GC [PSYoungGen: 92160K->3584K(93376K)] 3271924K->3183364K(3781568K), 0.0369860 secs] [Times: user=0.19 sys=0.02, real=0.04 secs] 
52108.006: [GC [PSYoungGen: 91200K->3200K(93568K)] 3270980K->3182988K(3781760K), 0.0345520 secs] [Times: user=0.19 sys=0.01, real=0.04 secs] 
52114.759: [GC [PSYoungGen: 91008K->4576K(93632K)] 3270796K->3184372K(3781824K), 0.0284230 secs] [Times: user=0.17 sys=0.00, real=0.03 secs] 
52121.625: [GC [PSYoungGen: 92384K->5696K(93440K)] 3272180K->3185508K(3781632K), 0.0263780 secs] [Times: user=0.17 sys=0.00, real=0.02 secs] 
52128.627: [GC [PSYoungGen: 93376K->3872K(93824K)] 3273188K->3183700K(3782016K), 0.0283910 secs] [Times: user=0.21 sys=0.00, real=0.03 secs] 
52135.425: [GC [PSYoungGen: 91552K->3872K(93888K)] 3271380K->3183708K(3782080K), 0.0293370 secs] [Times: user=0.18 sys=0.00, real=0.02 secs] 
52142.278: [GC [PSYoungGen: 91808K->5440K(93952K)] 3271644K->3185284K(3782144K), 0.0311600 secs] [Times: user=0.17 sys=0.01, real=0.03 secs] 
52149.138: [GC [PSYoungGen: 93153K->4864K(94336K)] 3272997K->3184716K(3782528K), 0.0326800 secs] [Times: user=0.21 sys=0.00, real=0.03 secs] 
52156.006: [GC [PSYoungGen: 93056K->4832K(94400K)] 3272908K->3184700K(3782592K), 0.0297780 secs] [Times: user=0.22 sys=0.01, real=0.03 secs] 
52163.012: [GC [PSYoungGen: 93024K->4576K(94272K)] 3272892K->3184468K(3782464K), 0.0315180 secs] [Times: user=0.20 sys=0.01, real=0.03 secs] 
52169.913: [GC [PSYoungGen: 92948K->4320K(94464K)] 3272840K->3184228K(3782656K), 0.0246390 secs] [Times: user=0.18 sys=0.00, real=0.02 secs] 
52176.852: [GC [PSYoungGen: 92768K->4448K(94400K)] 3272676K->3184372K(3782592K), 0.0290840 secs] [Times: user=0.17 sys=0.01, real=0.02 secs] 
52183.758: [GC [PSYoungGen: 93152K->4672K(94528K)] 3273076K->3184612K(3782720K), 0.0256950 secs] [Times: user=0.19 sys=0.00, real=0.03 secs] 
52190.792: [GC [PSYoungGen: 93376K->3904K(94592K)] 3273316K->3183852K(3782784K), 0.0351870 secs] [Times: user=0.21 sys=0.01, real=0.04 secs] 
52197.680: [GC [PSYoungGen: 92864K->4832K(94656K)] 3272812K->3184796K(3782848K), 0.0289130 secs] [Times: user=0.17 sys=0.00, real=0.03 secs] 
52204.614: [GC [PSYoungGen: 93792K->5728K(94528K)] 3273756K->3186068K(3782720K), 0.0316220 secs] [Times: user=0.18 sys=0.01, real=0.04 secs] 
52211.619: [GC [PSYoungGen: 94496K->4064K(94976K)] 3274836K->3184436K(3783168K), 0.0308510 secs] [Times: user=0.19 sys=0.00, real=0.03 secs] 
52218.447: [GC [PSYoungGen: 92832K->5472K(94976K)] 3273204K->3185844K(3783168K), 0.0308800 secs] [Times: user=0.18 sys=0.01, real=0.04 secs] 
52225.426: [GC [PSYoungGen: 94304K->6080K(95168K)] 3274676K->3186460K(3783360K), 0.0321660 secs] [Times: user=0.22 sys=0.01, real=0.03 secs] 
52232.405: [GC [PSYoungGen: 94912K->4288K(95552K)] 3275292K->3184676K(3783744K), 0.0286730 secs] [Times: user=0.22 sys=0.00, real=0.03 secs] 
52239.333: [GC [PSYoungGen: 93376K->5344K(95680K)] 3273764K->3185748K(3783872K), 0.0282770 secs] [Times: user=0.19 sys=0.00, real=0.03 secs] 
52246.319: [GC [PSYoungGen: 94432K->4992K(95744K)] 3274836K->3185404K(3783936K), 0.0299020 secs] [Times: user=0.17 sys=0.00, real=0.03 secs] 
52253.335: [GC [PSYoungGen: 94336K->4320K(95872K)] 3274748K->3184740K(3784064K), 0.0264440 secs] [Times: user=0.19 sys=0.00, real=0.02 secs] 
52260.316: [GC [PSYoungGen: 93664K->5536K(96000K)] 3274084K->3185964K(3784192K), 0.0368020 secs] [Times: user=0.22 sys=0.02, real=0.03 secs] 
52267.487: [GC [PSYoungGen: 95072K->4704K(96064K)] 3275500K->3185140K(3784256K), 0.0282800 secs] [Times: user=0.20 sys=0.00, real=0.03 secs] 
52274.517: [GC [PSYoungGen: 94240K->4064K(96192K)] 3274676K->3184516K(3784384K), 0.0301220 secs] [Times: user=0.19 sys=0.00, real=0.03 secs] 
52281.556: [GC [PSYoungGen: 93856K->4160K(96192K)] 3274308K->3184636K(3784384K), 0.0357530 secs] [Times: user=0.19 sys=0.02, real=0.04 secs] 
52288.661: [GC [PSYoungGen: 93952K->4128K(96256K)] 3274428K->3184620K(3784448K), 0.0249040 secs] [Times: user=0.18 sys=0.01, real=0.02 secs] 
52295.715: [GC [PSYoungGen: 94176K->4160K(96320K)] 3274668K->3184660K(3784512K), 0.0285980 secs] [Times: user=0.17 sys=0.00, real=0.03 secs] 
52302.663: [GC [PSYoungGen: 94208K->5248K(96448K)] 3274708K->3185764K(3784640K), 0.0323090 secs] [Times: user=0.21 sys=0.00, real=0.03 secs] 
52309.990: [GC [PSYoungGen: 95488K->3392K(96512K)] 3276004K->3183932K(3784704K), 0.0336450 secs] [Times: user=0.22 sys=0.01, real=0.04 secs] 
52316.888: [GC [PSYoungGen: 93632K->5216K(96768K)] 3274172K->3185764K(3784960K), 0.0317410 secs] [Times: user=0.20 sys=0.00, real=0.03 secs] 
52324.163: [GC [PSYoungGen: 95648K->3648K(96832K)] 3276196K->3184228K(3785024K), 0.0285030 secs] [Times: user=0.22 sys=0.01, real=0.03 secs] 
52331.158: [GC [PSYoungGen: 94080K->3168K(97024K)] 3274660K->3183772K(3785216K), 0.0281830 secs] [Times: user=0.19 sys=0.01, real=0.03 secs] 
52338.285: [GC [PSYoungGen: 93792K->3776K(97088K)] 3274396K->3184404K(3785280K), 0.0291520 secs] [Times: user=0.21 sys=0.01, real=0.03 secs] 
52345.375: [GC [PSYoungGen: 94400K->4032K(96960K)] 3275028K->3184668K(3785152K), 0.0270970 secs] [Times: user=0.17 sys=0.00, real=0.03 secs] 
52352.452: [GC [PSYoungGen: 94912K->4640K(97088K)] 3275548K->3185284K(3785280K), 0.0305340 secs] [Times: user=0.18 sys=0.00, real=0.03 secs] 
52359.565: [GC [PSYoungGen: 95520K->5184K(97152K)] 3276164K->3185852K(3785344K), 0.0322890 secs] [Times: user=0.20 sys=0.01, real=0.03 secs] 
52366.758: [GC [PSYoungGen: 96192K->4992K(97280K)] 3276860K->3185668K(3785472K), 0.0289480 secs] [Times: user=0.22 sys=0.00, real=0.03 secs] 
52373.866: [GC [PSYoungGen: 96000K->4288K(97216K)] 3276676K->3184980K(3785408K), 0.0329380 secs] [Times: user=0.18 sys=0.01, real=0.03 secs] 
52381.076: [GC [PSYoungGen: 95552K->3328K(93312K)] 3276244K->3184028K(3781504K), 0.0215110 secs] [Times: user=0.15 sys=0.00, real=0.02 secs] 
52388.074: [GC [PSYoungGen: 93248K->3232K(93440K)] 3273948K->3183948K(3781632K), 0.0277190 secs] [Times: user=0.16 sys=0.01, real=0.02 secs] 
52394.987: [GC [PSYoungGen: 91808K->4064K(94784K)] 3272524K->3184788K(3782976K), 0.0312500 secs] [Times: user=0.20 sys=0.00, real=0.03 secs] 
52402.015: [GC [PSYoungGen: 92640K->3424K(94720K)] 3273364K->3184164K(3782912K), 0.0275060 secs] [Times: user=0.17 sys=0.01, real=0.03 secs] 
52408.937: [GC [PSYoungGen: 92256K->3552K(91136K)] 3272996K->3184300K(3779328K), 0.0259490 secs] [Times: user=0.15 sys=0.00, real=0.02 secs] 
52415.775: [GC [PSYoungGen: 91104K->4000K(93568K)] 3271852K->3184772K(3781760K), 0.0337580 secs] [Times: user=0.20 sys=0.02, real=0.04 secs] 
52422.440: [GC [PSYoungGen: 91680K->2368K(93440K)] 3272452K->3183148K(3781632K), 0.0306980 secs] [Times: user=0.17 sys=0.01, real=0.03 secs] 
52429.029: [GC [PSYoungGen: 90048K->3360K(93632K)] 3270828K->3184164K(3781824K), 0.0292520 secs] [Times: user=0.18 sys=0.01, real=0.03 secs] 
52435.479: [GC [PSYoungGen: 91296K->3424K(93696K)] 3272100K->3184244K(3781888K), 0.0303130 secs] [Times: user=0.18 sys=0.01, real=0.03 secs] 
52441.969: [GC [PSYoungGen: 91360K->4032K(93696K)] 3272180K->3184876K(3781888K), 0.0261470 secs] [Times: user=0.18 sys=0.01, real=0.03 secs] 
52448.491: [GC [PSYoungGen: 92224K->4064K(93760K)] 3273068K->3184916K(3781952K), 0.0252030 secs] [Times: user=0.20 sys=0.00, real=0.03 secs] 
52455.125: [GC [PSYoungGen: 92256K->3424K(93760K)] 3273108K->3184308K(3781952K), 0.0349910 secs] [Times: user=0.15 sys=0.01, real=0.03 secs] 
52461.596: [GC [PSYoungGen: 91872K->3008K(93824K)] 3272756K->3183900K(3782016K), 0.0280580 secs] [Times: user=0.18 sys=0.00, real=0.02 secs] 
52468.016: [GC [PSYoungGen: 91456K->3328K(93824K)] 3272348K->3184228K(3782016K), 0.0306030 secs] [Times: user=0.22 sys=0.01, real=0.03 secs] 
52474.568: [GC [PSYoungGen: 92032K->3424K(93952K)] 3272932K->3184348K(3782144K), 0.0360650 secs] [Times: user=0.18 sys=0.02, real=0.03 secs] 
52481.138: [GC [PSYoungGen: 92128K->4320K(94080K)] 3273052K->3185252K(3782272K), 0.0310460 secs] [Times: user=0.17 sys=0.01, real=0.03 secs] 
52487.837: [GC [PSYoungGen: 93216K->4288K(94144K)] 3274148K->3185236K(3782336K), 0.0308520 secs] [Times: user=0.21 sys=0.00, real=0.03 secs] 
52494.446: [GC [PSYoungGen: 93184K->2432K(94400K)] 3274132K->3183388K(3782592K), 0.0240920 secs] [Times: user=0.16 sys=0.00, real=0.03 secs] 
52501.136: [GC [PSYoungGen: 91520K->2464K(94464K)] 3272476K->3183428K(3782656K), 0.0294490 secs] [Times: user=0.16 sys=0.01, real=0.03 secs] 
52507.609: [GC [PSYoungGen: 91552K->3552K(94400K)] 3272516K->3184524K(3782592K), 0.0253180 secs] [Times: user=0.16 sys=0.00, real=0.03 secs] 
52514.179: [GC [PSYoungGen: 92896K->3072K(94592K)] 3273868K->3184060K(3782784K), 0.0279280 secs] [Times: user=0.16 sys=0.01, real=0.03 secs] 
52520.824: [GC [PSYoungGen: 92416K->2592K(94656K)] 3273404K->3183596K(3782848K), 0.0300810 secs] [Times: user=0.14 sys=0.01, real=0.03 secs] 
52527.402: [GC [PSYoungGen: 92192K->3936K(94720K)] 3273196K->3184948K(3782912K), 0.0292680 secs] [Times: user=0.18 sys=0.00, real=0.03 secs] 
52534.095: [GC [PSYoungGen: 93536K->3968K(95040K)] 3274548K->3184988K(3783232K), 0.0367990 secs] [Times: user=0.26 sys=0.01, real=0.04 secs] 
52540.847: [GC [PSYoungGen: 93824K->1856K(95040K)] 3274844K->3182884K(3783232K), 0.0331180 secs] [Times: user=0.18 sys=0.00, real=0.03 secs] 
52546.432: [GC [PSYoungGen: 91712K->2048K(95424K)] 3272740K->3183092K(3783616K), 0.0312790 secs] [Times: user=0.17 sys=0.01, real=0.03 secs] 
52551.892: [GC [PSYoungGen: 92160K->32K(95424K)] 3273204K->3181084K(3783616K), 0.0318970 secs] [Times: user=0.16 sys=0.02, real=0.03 secs] 
52556.877: [GC [PSYoungGen: 90144K->1536K(96000K)] 3271196K->3182596K(3784192K), 0.0277240 secs] [Times: user=0.17 sys=0.00, real=0.03 secs] 
52562.063: [GC [PSYoungGen: 91904K->128K(96000K)] 3272964K->3181196K(3784192K), 0.0264910 secs] [Times: user=0.17 sys=0.01, real=0.03 secs] 
52567.144: [GC [PSYoungGen: 90496K->928K(96320K)] 3271564K->3182020K(3784512K), 0.0476460 secs] [Times: user=0.17 sys=0.03, real=0.05 secs] 
52572.174: [GC [PSYoungGen: 91616K->1568K(96384K)] 3272708K->3182668K(3784576K), 0.0359310 secs] [Times: user=0.15 sys=0.01, real=0.03 secs] 
52577.254: [GC [PSYoungGen: 92256K->896K(96384K)] 3273356K->3182012K(3784576K), 0.0321940 secs] [Times: user=0.16 sys=0.01, real=0.03 secs] 
52582.237: [GC [PSYoungGen: 91904K->864K(96448K)] 3273020K->3181988K(3784640K), 0.0269270 secs] [Times: user=0.14 sys=0.01, real=0.03 secs] 
52587.270: [GC [PSYoungGen: 91872K->448K(96512K)] 3272996K->3181580K(3784704K), 0.0358700 secs] [Times: user=0.15 sys=0.01, real=0.04 secs] 
52592.307: [GC [PSYoungGen: 91776K->1504K(96576K)] 3272908K->3182652K(3784768K), 0.0354190 secs] [Times: user=0.16 sys=0.02, real=0.03 secs] 
52597.308: [GC [PSYoungGen: 92832K->1408K(96192K)] 3273980K->3182564K(3784384K), 0.0348230 secs] [Times: user=0.17 sys=0.01, real=0.03 secs] 
52602.405: [GC [PSYoungGen: 93120K->1536K(96448K)] 3274276K->3182700K(3784640K), 0.0382250 secs] [Times: user=0.20 sys=0.01, real=0.04 secs] 
52607.511: [GC [PSYoungGen: 93248K->704K(96320K)] 3274412K->3181892K(3784512K), 0.0264420 secs] [Times: user=0.14 sys=0.01, real=0.03 secs] 
52612.608: [GC [PSYoungGen: 92800K->1088K(96448K)] 3273988K->3182284K(3784640K), 0.0407730 secs] [Times: user=0.18 sys=0.01, real=0.04 secs] 
52617.753: [GC [PSYoungGen: 93184K->768K(96448K)] 3274380K->3181988K(3784640K), 0.0294550 secs] [Times: user=0.16 sys=0.02, real=0.03 secs] 
52622.919: [GC [PSYoungGen: 93248K->1376K(96576K)] 3274468K->3182604K(3784768K), 0.0297970 secs] [Times: user=0.17 sys=0.02, real=0.03 secs] 
52628.076: [GC [PSYoungGen: 93856K->1024K(96384K)] 3275084K->3182260K(3784576K), 0.0309380 secs] [Times: user=0.15 sys=0.01, real=0.03 secs] 
52633.265: [GC [PSYoungGen: 93824K->640K(96512K)] 3275060K->3181892K(3784704K), 0.0265230 secs] [Times: user=0.17 sys=0.01, real=0.03 secs] 
52638.350: [GC [PSYoungGen: 93440K->1504K(96448K)] 3274692K->3182764K(3784640K), 0.0351990 secs] [Times: user=0.17 sys=0.02, real=0.04 secs] 
52643.496: [GC [PSYoungGen: 94624K->832K(96576K)] 3275884K->3182108K(3784768K), 0.0349310 secs] [Times: user=0.16 sys=0.03, real=0.03 secs] 
52648.685: [GC [PSYoungGen: 93952K->672K(96704K)] 3275228K->3181964K(3784896K), 0.0342200 secs] [Times: user=0.16 sys=0.02, real=0.03 secs] 
52653.866: [GC [PSYoungGen: 94176K->960K(96768K)] 3275468K->3182260K(3784960K), 0.0301120 secs] [Times: user=0.17 sys=0.01, real=0.03 secs] 
52658.995: [GC [PSYoungGen: 94464K->1056K(96640K)] 3275764K->3182380K(3784832K), 0.0307310 secs] [Times: user=0.18 sys=0.02, real=0.03 secs] 
52664.236: [GC [PSYoungGen: 94880K->1472K(96768K)] 3276204K->3182812K(3784960K), 0.0329940 secs] [Times: user=0.16 sys=0.01, real=0.03 secs] 
52669.427: [GC [PSYoungGen: 95296K->704K(96896K)] 3276636K->3182060K(3785088K), 0.0321830 secs] [Times: user=0.16 sys=0.02, real=0.03 secs] 
52674.587: [GC [PSYoungGen: 94848K->1632K(96960K)] 3276204K->3182996K(3785152K), 0.0344970 secs] [Times: user=0.18 sys=0.02, real=0.04 secs] 
52679.812: [GC [PSYoungGen: 95776K->1536K(97216K)] 3277140K->3182908K(3785408K), 0.0324580 secs] [Times: user=0.16 sys=0.01, real=0.03 secs] 
52684.950: [GC [PSYoungGen: 96064K->1728K(97280K)] 3277436K->3183116K(3785472K), 0.0346770 secs] [Times: user=0.18 sys=0.01, real=0.03 secs] 
52690.273: [GC [PSYoungGen: 96256K->864K(97472K)] 3277644K->3182268K(3785664K), 0.0268280 secs] [Times: user=0.16 sys=0.01, real=0.03 secs] 
52695.568: [GC [PSYoungGen: 95712K->736K(97600K)] 3277116K->3182148K(3785792K), 0.0331850 secs] [Times: user=0.16 sys=0.02, real=0.04 secs] 
52700.797: [GC [PSYoungGen: 95584K->544K(97728K)] 3276996K->3181964K(3785920K), 0.0248010 secs] [Times: user=0.17 sys=0.02, real=0.03 secs] 
52706.028: [GC [PSYoungGen: 95712K->736K(97792K)] 3277132K->3182180K(3785984K), 0.0335410 secs] [Times: user=0.16 sys=0.01, real=0.03 secs] 
52711.265: [GC [PSYoungGen: 95904K->544K(97920K)] 3277348K->3181996K(3786112K), 0.0343380 secs] [Times: user=0.16 sys=0.02, real=0.03 secs] 
52716.554: [GC [PSYoungGen: 96032K->832K(97984K)] 3277484K->3182300K(3786176K), 0.0298540 secs] [Times: user=0.17 sys=0.02, real=0.03 secs] 
52721.817: [GC [PSYoungGen: 96320K->1248K(98112K)] 3277788K->3182732K(3786304K), 0.0317540 secs] [Times: user=0.17 sys=0.01, real=0.03 secs] 
52727.162: [GC [PSYoungGen: 97056K->1056K(98176K)] 3278540K->3182548K(3786368K), 0.0264090 secs] [Times: user=0.17 sys=0.01, real=0.03 secs] 
52732.473: [GC [PSYoungGen: 96864K->800K(98240K)] 3278356K->3182300K(3786432K), 0.0270330 secs] [Times: user=0.17 sys=0.01, real=0.03 secs] 
52737.768: [GC [PSYoungGen: 96928K->1568K(98304K)] 3278428K->3183084K(3786496K), 0.0317930 secs] [Times: user=0.18 sys=0.02, real=0.03 secs] 
52743.158: [GC [PSYoungGen: 97696K->736K(98560K)] 3279212K->3182260K(3786752K), 0.0366270 secs] [Times: user=0.16 sys=0.02, real=0.03 secs] 
52748.385: [GC [PSYoungGen: 97184K->2170K(98624K)] 3278708K->3194407K(3786816K), 0.0297930 secs] [Times: user=0.20 sys=0.00, real=0.03 secs] 
52755.865: [GC [PSYoungGen: 98618K->6458K(102016K)] 3290855K->3198831K(3790208K), 0.0289910 secs] [Times: user=0.18 sys=0.01, real=0.03 secs] 
52763.452: [GC [PSYoungGen: 102010K->5930K(103232K)] 3294383K->3198319K(3791424K), 0.0327240 secs] [Times: user=0.18 sys=0.02, real=0.03 secs] 
52770.684: [GC [PSYoungGen: 101482K->7194K(103232K)] 3293871K->3199583K(3791424K), 0.0299090 secs] [Times: user=0.22 sys=0.00, real=0.03 secs] 
52778.004: [GC [PSYoungGen: 102042K->7130K(104256K)] 3294431K->3199519K(3792448K), 0.0326570 secs] [Times: user=0.19 sys=0.01, real=0.03 secs] 
52785.234: [GC [PSYoungGen: 101978K->8186K(104320K)] 3294367K->3200591K(3792512K), 0.0377820 secs] [Times: user=0.23 sys=0.00, real=0.03 secs] 
52792.665: [GC [PSYoungGen: 102330K->6778K(105280K)] 3294735K->3199199K(3793472K), 0.0300910 secs] [Times: user=0.20 sys=0.02, real=0.04 secs] 
52800.015: [GC [PSYoungGen: 100922K->5306K(105024K)] 3293343K->3197735K(3793216K), 0.0266840 secs] [Times: user=0.16 sys=0.00, real=0.03 secs] 
52807.166: [GC [PSYoungGen: 99706K->6970K(105408K)] 3292135K->3199415K(3793600K), 0.0387270 secs] [Times: user=0.25 sys=0.01, real=0.04 secs] 
52814.568: [GC [PSYoungGen: 101370K->6458K(105920K)] 3293815K->3198919K(3794112K), 0.0297970 secs] [Times: user=0.18 sys=0.02, real=0.03 secs] 
52821.960: [GC [PSYoungGen: 101114K->5626K(100288K)] 3293575K->3198111K(3788480K), 0.0333370 secs] [Times: user=0.22 sys=0.01, real=0.03 secs] 
52829.186: [GC [PSYoungGen: 100282K->6778K(105728K)] 3292767K->3199303K(3793920K), 0.0260640 secs] [Times: user=0.17 sys=0.00, real=0.03 secs] 
52836.650: [GC [PSYoungGen: 101626K->6746K(105792K)] 3294151K->3199279K(3793984K), 0.0278470 secs] [Times: user=0.20 sys=0.01, real=0.03 secs] 
52844.059: [GC [PSYoungGen: 101594K->6042K(105408K)] 3294127K->3198607K(3793600K), 0.0310600 secs] [Times: user=0.20 sys=0.00, real=0.03 secs] 
52851.391: [GC [PSYoungGen: 101146K->6490K(105728K)] 3293711K->3199087K(3793920K), 0.0291950 secs] [Times: user=0.16 sys=0.00, real=0.03 secs] 
52858.757: [GC [PSYoungGen: 101594K->5824K(105088K)] 3294191K->3200055K(3793280K), 0.0287000 secs] [Times: user=0.19 sys=0.00, real=0.03 secs] 
52866.275: [GC [PSYoungGen: 101184K->4000K(97920K)] 3295415K->3198831K(3786112K), 0.0293770 secs] [Times: user=0.18 sys=0.00, real=0.03 secs] 
52873.455: [GC [PSYoungGen: 97888K->3968K(103872K)] 3292719K->3198815K(3792064K), 0.0334370 secs] [Times: user=0.18 sys=0.02, real=0.04 secs] 
52880.845: [GC [PSYoungGen: 98048K->4192K(103808K)] 3292895K->3199063K(3792000K), 0.0270220 secs] [Times: user=0.21 sys=0.00, real=0.03 secs] 
52888.291: [GC [PSYoungGen: 98272K->4000K(99840K)] 3293143K->3198895K(3788032K), 0.0244790 secs] [Times: user=0.19 sys=0.00, real=0.02 secs] 
52895.421: [GC [PSYoungGen: 96608K->4160K(95424K)] 3291503K->3199063K(3783616K), 0.0306730 secs] [Times: user=0.18 sys=0.01, real=0.03 secs] 
52902.545: [GC [PSYoungGen: 95360K->3456K(97216K)] 3290263K->3198367K(3785408K), 0.0273510 secs] [Times: user=0.19 sys=0.00, real=0.03 secs] 
52909.472: [GC [PSYoungGen: 93312K->4128K(94016K)] 3288223K->3199055K(3782208K), 0.0326710 secs] [Times: user=0.20 sys=0.01, real=0.04 secs] 
52916.388: [GC [PSYoungGen: 93984K->5056K(98112K)] 3288911K->3199999K(3786304K), 0.0344210 secs] [Times: user=0.22 sys=0.01, real=0.03 secs] 
52923.201: [GC [PSYoungGen: 95168K->3936K(98368K)] 3290111K->3198895K(3786560K), 0.0366200 secs] [Times: user=0.26 sys=0.00, real=0.04 secs] 
52930.265: [GC [PSYoungGen: 94048K->4384K(97920K)] 3289007K->3199359K(3786112K), 0.0246080 secs] [Times: user=0.17 sys=0.01, real=0.03 secs] 
52937.347: [GC [PSYoungGen: 94752K->4768K(98176K)] 3289727K->3199751K(3786368K), 0.0285200 secs] [Times: user=0.21 sys=0.00, real=0.02 secs] 
52944.427: [GC [PSYoungGen: 95136K->3104K(98048K)] 3290119K->3198111K(3786240K), 0.0273410 secs] [Times: user=0.16 sys=0.01, real=0.03 secs] 
52951.430: [GC [PSYoungGen: 93728K->2912K(98112K)] 3288735K->3197927K(3786304K), 0.0298430 secs] [Times: user=0.20 sys=0.00, real=0.03 secs] 
52958.491: [GC [PSYoungGen: 93536K->3104K(98112K)] 3288551K->3198127K(3786304K), 0.0297560 secs] [Times: user=0.17 sys=0.00, real=0.02 secs] 
52965.539: [GC [PSYoungGen: 93984K->3776K(98240K)] 3289007K->3198807K(3786432K), 0.0262640 secs] [Times: user=0.16 sys=0.01, real=0.03 secs] 
52972.426: [GC [PSYoungGen: 94656K->4704K(98048K)] 3289687K->3199751K(3786240K), 0.0323180 secs] [Times: user=0.20 sys=0.00, real=0.03 secs] 
52979.557: [GC [PSYoungGen: 95840K->4448K(98176K)] 3290887K->3199503K(3786368K), 0.0288530 secs] [Times: user=0.19 sys=0.01, real=0.03 secs] 
52986.575: [GC [PSYoungGen: 95584K->4480K(97856K)] 3290639K->3199551K(3786048K), 0.0358480 secs] [Times: user=0.16 sys=0.01, real=0.03 secs] 
52993.772: [GC [PSYoungGen: 95872K->4064K(98048K)] 3290943K->3199143K(3786240K), 0.0314160 secs] [Times: user=0.20 sys=0.01, real=0.03 secs] 
53000.801: [GC [PSYoungGen: 95456K->3040K(98112K)] 3290535K->3198127K(3786304K), 0.0298230 secs] [Times: user=0.18 sys=0.00, real=0.03 secs] 
53007.810: [GC [PSYoungGen: 94688K->4352K(98112K)] 3289775K->3199447K(3786304K), 0.0310740 secs] [Times: user=0.21 sys=0.00, real=0.03 secs] 
53014.981: [GC [PSYoungGen: 96000K->3072K(98112K)] 3291095K->3198175K(3786304K), 0.0229550 secs] [Times: user=0.15 sys=0.00, real=0.02 secs] 
53021.859: [GC [PSYoungGen: 94976K->4992K(98176K)] 3290079K->3200111K(3786368K), 0.0310380 secs] [Times: user=0.22 sys=0.00, real=0.04 secs] 
53029.058: [GC [PSYoungGen: 96896K->4992K(98432K)] 3292015K->3200127K(3786624K), 0.0361230 secs] [Times: user=0.19 sys=0.02, real=0.04 secs] 
53036.111: [GC [PSYoungGen: 97024K->5024K(98560K)] 3292159K->3200175K(3786752K), 0.0300370 secs] [Times: user=0.18 sys=0.00, real=0.03 secs] 
53043.214: [GC [PSYoungGen: 97056K->5440K(98688K)] 3292207K->3200599K(3786880K), 0.0336460 secs] [Times: user=0.20 sys=0.02, real=0.03 secs] 
53050.347: [GC [PSYoungGen: 97536K->4448K(98880K)] 3292695K->3199623K(3787072K), 0.0299600 secs] [Times: user=0.18 sys=0.00, real=0.03 secs] 
53057.389: [GC [PSYoungGen: 96544K->5888K(98496K)] 3291719K->3201079K(3786688K), 0.0325220 secs] [Times: user=0.22 sys=0.01, real=0.03 secs] 
53064.579: [GC [PSYoungGen: 97856K->4320K(98880K)] 3293047K->3199527K(3787072K), 0.0281770 secs] [Times: user=0.17 sys=0.00, real=0.03 secs] 
53071.655: [GC [PSYoungGen: 96288K->4096K(98688K)] 3291495K->3199311K(3786880K), 0.0357480 secs] [Times: user=0.22 sys=0.01, real=0.04 secs] 
53078.815: [GC [PSYoungGen: 96320K->4224K(98816K)] 3291535K->3199447K(3787008K), 0.0317630 secs] [Times: user=0.18 sys=0.01, real=0.03 secs] 
53085.940: [GC [PSYoungGen: 96448K->3840K(98752K)] 3291671K->3199079K(3786944K), 0.0324630 secs] [Times: user=0.22 sys=0.01, real=0.03 secs] 
53093.216: [GC [PSYoungGen: 96320K->4480K(98816K)] 3291559K->3199727K(3787008K), 0.0273230 secs] [Times: user=0.18 sys=0.00, real=0.03 secs] 
53100.404: [GC [PSYoungGen: 96960K->5088K(98816K)] 3292207K->3200351K(3787008K), 0.0320730 secs] [Times: user=0.19 sys=0.00, real=0.03 secs] 
53107.640: [GC [PSYoungGen: 97760K->3392K(98880K)] 3293023K->3198671K(3787072K), 0.0258520 secs] [Times: user=0.18 sys=0.00, real=0.03 secs] 
53114.707: [GC [PSYoungGen: 96064K->4384K(98816K)] 3291343K->3199671K(3787008K), 0.0320630 secs] [Times: user=0.19 sys=0.01, real=0.03 secs] 
53121.981: [GC [PSYoungGen: 97312K->4416K(99008K)] 3292599K->3199711K(3787200K), 0.0305580 secs] [Times: user=0.19 sys=0.01, real=0.03 secs] 
53129.001: [GC [PSYoungGen: 97344K->5856K(98624K)] 3292639K->3201167K(3786816K), 0.0324120 secs] [Times: user=0.19 sys=0.00, real=0.03 secs] 
53136.332: [GC [PSYoungGen: 98592K->4800K(99072K)] 3293903K->3200135K(3787264K), 0.0293350 secs] [Times: user=0.17 sys=0.00, real=0.03 secs] 
53143.310: [GC [PSYoungGen: 97536K->5344K(99200K)] 3292871K->3200687K(3787392K), 0.0281980 secs] [Times: user=0.21 sys=0.01, real=0.02 secs] 
53150.681: [GC [PSYoungGen: 98272K->4352K(99264K)] 3293615K->3199711K(3787456K), 0.0317960 secs] [Times: user=0.23 sys=0.00, real=0.03 secs] 
53157.778: [GC [PSYoungGen: 97280K->5760K(99200K)] 3292639K->3201127K(3787392K), 0.0375800 secs] [Times: user=0.25 sys=0.00, real=0.04 secs] 
53165.052: [GC [PSYoungGen: 98688K->3296K(99456K)] 3294055K->3198679K(3787648K), 0.0279540 secs] [Times: user=0.16 sys=0.01, real=0.02 secs] 
53172.120: [GC [PSYoungGen: 96224K->5056K(99648K)] 3291607K->3200455K(3787840K), 0.0269650 secs] [Times: user=0.20 sys=0.01, real=0.03 secs] 
53179.407: [GC [PSYoungGen: 98240K->4256K(99712K)] 3293639K->3199671K(3787904K), 0.0359000 secs] [Times: user=0.18 sys=0.01, real=0.03 secs] 
53186.679: [GC [PSYoungGen: 97440K->5888K(99520K)] 3292855K->3201319K(3787712K), 0.0287740 secs] [Times: user=0.19 sys=0.01, real=0.03 secs] 
53193.886: [GC [PSYoungGen: 99008K->4864K(99840K)] 3294439K->3200303K(3788032K), 0.0284360 secs] [Times: user=0.19 sys=0.00, real=0.02 secs] 
53201.266: [GC [PSYoungGen: 97984K->3520K(96640K)] 3293423K->3198983K(3784832K), 0.0277590 secs] [Times: user=0.19 sys=0.01, real=0.03 secs] 
53208.330: [GC [PSYoungGen: 95232K->2080K(92416K)] 3290695K->3197551K(3780608K), 0.0258470 secs] [Times: user=0.15 sys=0.01, real=0.02 secs] 
53215.311: [GC [PSYoungGen: 92384K->4032K(94080K)] 3287855K->3199511K(3782272K), 0.0299340 secs] [Times: user=0.20 sys=0.00, real=0.03 secs] 
53222.330: [GC [PSYoungGen: 92992K->3296K(95616K)] 3288471K->3198791K(3783808K), 0.0316580 secs] [Times: user=0.16 sys=0.01, real=0.04 secs] 
53229.121: [GC [PSYoungGen: 92256K->3680K(95552K)] 3287751K->3199183K(3783744K), 0.0328220 secs] [Times: user=0.23 sys=0.00, real=0.04 secs] 
53235.912: [GC [PSYoungGen: 92896K->5504K(95680K)] 3288399K->3201023K(3783872K), 0.0276050 secs] [Times: user=0.17 sys=0.01, real=0.03 secs] 
53242.877: [GC [PSYoungGen: 94720K->6112K(95744K)] 3290239K->3201647K(3783936K), 0.0300840 secs] [Times: user=0.19 sys=0.00, real=0.03 secs] 
53249.885: [GC [PSYoungGen: 95136K->4192K(96192K)] 3290671K->3199735K(3784384K), 0.0302210 secs] [Times: user=0.17 sys=0.01, real=0.03 secs] 
53256.821: [GC [PSYoungGen: 93216K->3520K(96064K)] 3288759K->3199079K(3784256K), 0.0267230 secs] [Times: user=0.15 sys=0.01, real=0.03 secs] 
53263.658: [GC [PSYoungGen: 92800K->5088K(96128K)] 3288359K->3200655K(3784320K), 0.0280000 secs] [Times: user=0.20 sys=0.00, real=0.02 secs] 
53270.568: [GC [PSYoungGen: 94368K->4736K(96128K)] 3289935K->3200311K(3784320K), 0.0285250 secs] [Times: user=0.19 sys=0.00, real=0.03 secs] 
53277.451: [GC [PSYoungGen: 94272K->4608K(96256K)] 3289847K->3200191K(3784448K), 0.0301650 secs] [Times: user=0.19 sys=0.00, real=0.03 secs] 
53284.470: [GC [PSYoungGen: 94144K->5504K(96256K)] 3289727K->3201103K(3784448K), 0.0443370 secs] [Times: user=0.21 sys=0.01, real=0.05 secs] 
53291.435: [GC [PSYoungGen: 95168K->3808K(96384K)] 3290767K->3199423K(3784576K), 0.0304880 secs] [Times: user=0.20 sys=0.01, real=0.03 secs] 
53298.339: [GC [PSYoungGen: 93472K->4096K(96320K)] 3289087K->3199719K(3784512K), 0.0303500 secs] [Times: user=0.18 sys=0.00, real=0.03 secs] 
53305.389: [GC [PSYoungGen: 93922K->4672K(96448K)] 3289545K->3200303K(3784640K), 0.0307850 secs] [Times: user=0.16 sys=0.00, real=0.03 secs] 
53312.249: [GC [PSYoungGen: 94592K->4096K(96320K)] 3290223K->3199735K(3784512K), 0.0265350 secs] [Times: user=0.18 sys=0.00, real=0.03 secs] 
53319.248: [GC [PSYoungGen: 94272K->3520K(96448K)] 3289911K->3199167K(3784640K), 0.0244140 secs] [Times: user=0.17 sys=0.01, real=0.02 secs] 
53326.270: [GC [PSYoungGen: 93696K->3296K(96704K)] 3289343K->3198959K(3784896K), 0.0292580 secs] [Times: user=0.18 sys=0.01, real=0.03 secs] 
53333.140: [GC [PSYoungGen: 93728K->4160K(96704K)] 3289391K->3199831K(3784896K), 0.0283380 secs] [Times: user=0.19 sys=0.00, real=0.03 secs] 
53340.159: [GC [PSYoungGen: 94592K->5632K(96448K)] 3290263K->3201319K(3784640K), 0.0322420 secs] [Times: user=0.23 sys=0.01, real=0.03 secs] 
53347.232: [GC [PSYoungGen: 96000K->5024K(96768K)] 3291687K->3200727K(3784960K), 0.0381240 secs] [Times: user=0.22 sys=0.01, real=0.04 secs] 
53354.023: [GC [PSYoungGen: 95392K->5568K(96896K)] 3291095K->3201295K(3785088K), 0.0339770 secs] [Times: user=0.22 sys=0.00, real=0.03 secs] 
53361.141: [GC [PSYoungGen: 96000K->5120K(97088K)] 3291727K->3200855K(3785280K), 0.0282240 secs] [Times: user=0.17 sys=0.01, real=0.03 secs] 
53368.161: [GC [PSYoungGen: 95552K->4864K(97088K)] 3291287K->3200607K(3785280K), 0.0258370 secs] [Times: user=0.19 sys=0.00, real=0.03 secs] 
53375.302: [GC [PSYoungGen: 95552K->5440K(97216K)] 3291295K->3201207K(3785408K), 0.0338500 secs] [Times: user=0.21 sys=0.01, real=0.04 secs] 
53382.534: [GC [PSYoungGen: 96128K->3552K(97600K)] 3291895K->3199343K(3785792K), 0.0302940 secs] [Times: user=0.17 sys=0.01, real=0.03 secs] 
53389.586: [GC [PSYoungGen: 94496K->3840K(97600K)] 3290287K->3199647K(3785792K), 0.0331480 secs] [Times: user=0.19 sys=0.01, real=0.03 secs] 
53396.765: [GC [PSYoungGen: 94784K->3136K(97728K)] 3290591K->3198951K(3785920K), 0.0280140 secs] [Times: user=0.16 sys=0.02, real=0.03 secs] 
53403.756: [GC [PSYoungGen: 94229K->3392K(97792K)] 3290044K->3199223K(3785984K), 0.0308970 secs] [Times: user=0.19 sys=0.00, real=0.03 secs] 
53410.926: [GC [PSYoungGen: 94528K->4224K(97472K)] 3290359K->3200071K(3785664K), 0.0323330 secs] [Times: user=0.16 sys=0.00, real=0.03 secs] 
53417.974: [GC [PSYoungGen: 95616K->5504K(97728K)] 3291463K->3201375K(3785920K), 0.0266430 secs] [Times: user=0.19 sys=0.00, real=0.03 secs] 
53425.182: [GC [PSYoungGen: 96896K->4960K(98240K)] 3292767K->3200839K(3786432K), 0.0389630 secs] [Times: user=0.25 sys=0.01, real=0.04 secs] 
53433.040: [GC [PSYoungGen: 96608K->5184K(98240K)] 3292487K->3201079K(3786432K), 0.0317740 secs] [Times: user=0.20 sys=0.00, real=0.03 secs] 
53442.080: [GC [PSYoungGen: 96832K->4160K(94976K)] 3292727K->3200063K(3783168K), 0.0225290 secs] [Times: user=0.18 sys=0.00, real=0.02 secs] 
53451.060: [GC [PSYoungGen: 94400K->4896K(93824K)] 3290303K->3200807K(3782016K), 0.0351730 secs] [Times: user=0.22 sys=0.01, real=0.04 secs] 
53459.689: [GC [PSYoungGen: 93792K->4128K(92544K)] 3289703K->3200055K(3780736K), 0.0313990 secs] [Times: user=0.20 sys=0.00, real=0.03 secs] 
53468.367: [GC [PSYoungGen: 91744K->4928K(91328K)] 3287671K->3200863K(3779520K), 0.0309490 secs] [Times: user=0.15 sys=0.01, real=0.04 secs] 
53476.904: [GC [PSYoungGen: 91264K->4256K(89984K)] 3287199K->3200207K(3778176K), 0.0273840 secs] [Times: user=0.17 sys=0.00, real=0.03 secs] 
53485.190: [GC [PSYoungGen: 89376K->3296K(87232K)] 3285327K->3199255K(3775424K), 0.0238590 secs] [Times: user=0.14 sys=0.00, real=0.03 secs] 
53493.401: [GC [PSYoungGen: 87200K->5312K(88192K)] 3283159K->3201287K(3776384K), 0.0307190 secs] [Times: user=0.19 sys=0.00, real=0.03 secs] 
53501.798: [GC [PSYoungGen: 88064K->2944K(84608K)] 3284039K->3198927K(3772800K), 0.0295940 secs] [Times: user=0.16 sys=0.01, real=0.03 secs] 
53509.697: [GC [PSYoungGen: 84544K->4288K(85376K)] 3280527K->3200287K(3773568K), 0.0248580 secs] [Times: user=0.15 sys=0.01, real=0.02 secs] 
53517.604: [GC [PSYoungGen: 84736K->4096K(83520K)] 3280735K->3200111K(3771712K), 0.0283140 secs] [Times: user=0.19 sys=0.00, real=0.03 secs] 
53525.449: [GC [PSYoungGen: 83456K->5376K(83776K)] 3279471K->3201423K(3771968K), 0.0366130 secs] [Times: user=0.26 sys=0.00, real=0.03 secs] 
53533.105: [GC [PSYoungGen: 83648K->4128K(81408K)] 3279695K->3200191K(3769600K), 0.0277040 secs] [Times: user=0.16 sys=0.00, real=0.03 secs] 
53540.823: [GC [PSYoungGen: 81376K->4512K(81152K)] 3277439K->3200583K(3769344K), 0.0301850 secs] [Times: user=0.17 sys=0.00, real=0.03 secs] 
53548.574: [GC [PSYoungGen: 80736K->4224K(79488K)] 3276807K->3200303K(3767680K), 0.0343450 secs] [Times: user=0.20 sys=0.01, real=0.03 secs] 
53556.210: [GC [PSYoungGen: 79424K->3872K(79104K)] 3275503K->3199975K(3767296K), 0.0291900 secs] [Times: user=0.20 sys=0.00, real=0.03 secs] 
53563.511: [GC [PSYoungGen: 78112K->4192K(77504K)] 3274215K->3200311K(3765696K), 0.0263460 secs] [Times: user=0.18 sys=0.01, real=0.03 secs] 
53570.902: [GC [PSYoungGen: 77472K->5728K(78080K)] 3273591K->3202167K(3766272K), 0.0289310 secs] [Times: user=0.19 sys=0.00, real=0.03 secs] 
53578.256: [GC [PSYoungGen: 78048K->4320K(75776K)] 3274487K->3200767K(3763968K), 0.0294730 secs] [Times: user=0.24 sys=0.00, real=0.03 secs] 
53585.494: [GC [PSYoungGen: 75744K->3776K(75712K)] 3272191K->3200223K(3763904K), 0.0280960 secs] [Times: user=0.20 sys=0.01, real=0.03 secs] 
53592.276: [GC [PSYoungGen: 74304K->4512K(74176K)] 3270751K->3200967K(3762368K), 0.0304810 secs] [Times: user=0.19 sys=0.00, real=0.03 secs] 
53599.392: [GC [PSYoungGen: 74144K->5664K(75264K)] 3270599K->3202127K(3763456K), 0.0337660 secs] [Times: user=0.19 sys=0.01, real=0.03 secs] 
53606.526: [GC [PSYoungGen: 74915K->5152K(75584K)] 3271378K->3201631K(3763776K), 0.0292200 secs] [Times: user=0.20 sys=0.01, real=0.03 secs] 
53613.607: [GC [PSYoungGen: 74464K->4096K(75584K)] 3270943K->3200599K(3763776K), 0.0299070 secs] [Times: user=0.16 sys=0.00, real=0.03 secs] 
53621.780: [GC [PSYoungGen: 73600K->4352K(73088K)] 3270103K->3200871K(3761280K), 0.0262860 secs] [Times: user=0.20 sys=0.01, real=0.03 secs] 
53628.856: [GC [PSYoungGen: 73024K->3584K(73088K)] 3269543K->3200119K(3761280K), 0.0292020 secs] [Times: user=0.16 sys=0.01, real=0.03 secs] 
53635.558: [GC [PSYoungGen: 71424K->5792K(73920K)] 3267959K->3202335K(3762112K), 0.0313300 secs] [Times: user=0.20 sys=0.00, real=0.03 secs] 
53642.322: [GC [PSYoungGen: 73632K->5088K(74496K)] 3270175K->3201639K(3762688K), 0.0363060 secs] [Times: user=0.18 sys=0.01, real=0.04 secs] 
53649.312: [GC [PSYoungGen: 73120K->3040K(74496K)] 3269671K->3199607K(3762688K), 0.0320470 secs] [Times: user=0.20 sys=0.01, real=0.03 secs] 
53656.117: [GC [PSYoungGen: 71072K->6080K(74368K)] 3267639K->3202655K(3762560K), 0.0285830 secs] [Times: user=0.21 sys=0.01, real=0.02 secs] 
53662.809: [GC [PSYoungGen: 73920K->5216K(74752K)] 3270495K->3201799K(3762944K), 0.0247210 secs] [Times: user=0.21 sys=0.00, real=0.02 secs] 
53669.745: [GC [PSYoungGen: 73056K->2976K(74880K)] 3269639K->3199575K(3763072K), 0.0300250 secs] [Times: user=0.19 sys=0.00, real=0.03 secs] 
53676.610: [GC [PSYoungGen: 70944K->4960K(74944K)] 3267543K->3201599K(3763136K), 0.0266480 secs] [Times: user=0.19 sys=0.01, real=0.03 secs] 
53683.281: [GC [PSYoungGen: 72928K->4416K(74688K)] 3269567K->3201063K(3762880K), 0.0270900 secs] [Times: user=0.16 sys=0.01, real=0.02 secs] 
53690.280: [GC [PSYoungGen: 72576K->3520K(74880K)] 3269223K->3200175K(3763072K), 0.0292870 secs] [Times: user=0.19 sys=0.00, real=0.03 secs] 
53697.168: [GC [PSYoungGen: 71680K->4000K(74752K)] 3268335K->3200663K(3762944K), 0.0289930 secs] [Times: user=0.19 sys=0.01, real=0.03 secs] 
53703.825: [GC [PSYoungGen: 72352K->4384K(74880K)] 3269015K->3201063K(3763072K), 0.0272970 secs] [Times: user=0.17 sys=0.00, real=0.02 secs] 
53710.730: [GC [PSYoungGen: 72736K->4960K(74880K)] 3269415K->3201647K(3763072K), 0.0378290 secs] [Times: user=0.20 sys=0.01, real=0.04 secs] 
53717.901: [GC [PSYoungGen: 73504K->2048K(74880K)] 3270191K->3198751K(3763072K), 0.0252710 secs] [Times: user=0.14 sys=0.01, real=0.03 secs] 
53723.728: [GC [PSYoungGen: 70592K->4256K(74880K)] 3267295K->3200975K(3763072K), 0.0294110 secs] [Times: user=0.17 sys=0.00, real=0.03 secs] 
53729.028: [GC [PSYoungGen: 72992K->4512K(75072K)] 3269711K->3201255K(3763264K), 0.0349050 secs] [Times: user=0.19 sys=0.02, real=0.03 secs] 
53734.427: [GC [PSYoungGen: 73248K->5664K(74880K)] 3269991K->3202415K(3763072K), 0.0384580 secs] [Times: user=0.19 sys=0.01, real=0.04 secs] 
53739.866: [GC [PSYoungGen: 74272K->4160K(75200K)] 3271023K->3200919K(3763392K), 0.0267100 secs] [Times: user=0.19 sys=0.00, real=0.03 secs] 
53745.097: [GC [PSYoungGen: 72768K->4864K(75136K)] 3269527K->3201631K(3763328K), 0.0226590 secs] [Times: user=0.16 sys=0.00, real=0.02 secs] 
53750.508: [GC [PSYoungGen: 73664K->4096K(75200K)] 3270431K->3200879K(3763392K), 0.0330190 secs] [Times: user=0.19 sys=0.02, real=0.04 secs] 
53755.746: [GC [PSYoungGen: 72896K->5504K(75136K)] 3269679K->3202295K(3763328K), 0.0312310 secs] [Times: user=0.17 sys=0.01, real=0.03 secs] 
53761.146: [GC [PSYoungGen: 74368K->5472K(75328K)] 3271159K->3202279K(3763520K), 0.0318170 secs] [Times: user=0.21 sys=0.00, real=0.03 secs] 
53766.476: [GC [PSYoungGen: 74336K->4480K(75392K)] 3271143K->3201295K(3763584K), 0.0268380 secs] [Times: user=0.19 sys=0.00, real=0.03 secs] 
53771.743: [GC [PSYoungGen: 73600K->5632K(75584K)] 3270415K->3202463K(3763776K), 0.0367380 secs] [Times: user=0.18 sys=0.02, real=0.04 secs] 
53777.332: [GC [PSYoungGen: 74752K->2912K(75904K)] 3271583K->3199759K(3764096K), 0.0261440 secs] [Times: user=0.15 sys=0.01, real=0.03 secs] 
53782.374: [GC [PSYoungGen: 72160K->5504K(76032K)] 3269007K->3202375K(3764224K), 0.0304570 secs]